┏━━━━━━━━━━━━━━━━━━━━━━┳━━━━━━━━━━┳━━━━━━━━━━┳━━━━━━━━━━┳━━━━━━━━━━┳━━━━━━━━━━━┳━━━━━━━━━━┳━━━━━━━━━━━┳━━━━━━━━━━┳━━━━━━━━━━━┳━━━━━━━━━━┳━━━━━━━━━━━┳━━━━━━━━━━┓
┃                      ┃ Hold     ┃ Reg to   ┃          ┃          ┃ of which  ┃ Setup    ┃           ┃          ┃           ┃ of which ┃           ┃          ┃
┃                      ┃ Worst    ┃ Reg      ┃          ┃ Hold Vio ┃ reg to    ┃ Worst    ┃ Reg to    ┃ Setup    ┃ Setup Vio ┃ reg to   ┃ Max Cap   ┃ Max Slew ┃
┃ Corner/Group         ┃ Slack    ┃ Paths    ┃ Hold TNS ┃ Count    ┃ reg       ┃ Slack    ┃ Reg Paths ┃ TNS      ┃ Count     ┃ reg      ┃ Violatio… ┃ Violati… ┃
┡━━━━━━━━━━━━━━━━━━━━━━╇━━━━━━━━━━╇━━━━━━━━━━╇━━━━━━━━━━╇━━━━━━━━━━╇━━━━━━━━━━━╇━━━━━━━━━━╇━━━━━━━━━━━╇━━━━━━━━━━╇━━━━━━━━━━━╇━━━━━━━━━━╇━━━━━━━━━━━╇━━━━━━━━━━┩
│ Overall              │ 0.3625   │ 0.3625   │ 0.0000   │ 0        │ 0         │ -62.8009 │ -62.8009  │ -12017.… │ 480       │ 480      │ 60        │ 12458    │
│ nom_tt_025C_3v30     │ 0.3911   │ 0.7266   │ 0.0000   │ 0        │ 0         │ 14.8581  │ 14.8581   │ 0.0000   │ 0         │ 0        │ 54        │ 6950     │
│ min_ff_n40C_3v60     │ 0.3625   │ 0.3625   │ 0.0000   │ 0        │ 0         │ 47.5765  │ 47.5765   │ 0.0000   │ 0         │ 0        │ 52        │ 4930     │
│ max_ss_125C_3v00     │ 0.4275   │ 1.6079   │ 0.0000   │ 0        │ 0         │ -62.8009 │ -62.8009  │ -12017.… │ 480       │ 480      │ 60        │ 12458    │
└──────────────────────┴──────────┴──────────┴──────────┴──────────┴───────────┴──────────┴───────────┴──────────┴───────────┴──────────┴───────────┴──────────┘
