Reading timing models for corner nom_tt_025C_3v30…
Reading timing library for the 'nom_tt_025C_3v30' corner at '/foss/pdks/gf180mcuD/libs.ref/gf180mcu_fd_sc_mcu7t5v0/lib/gf180mcu_fd_sc_mcu7t5v0__tt_025C_3v30.lib'…
Reading technology LEF file at '/foss/pdks/gf180mcuD/libs.ref/gf180mcu_fd_sc_mcu7t5v0/techlef/gf180mcu_fd_sc_mcu7t5v0__nom.tlef'…
[INFO ODB-0388] unsupported LEF58_EOLENCLOSURE property for layer Via1 :"
  	EOLENCLOSURE 0.34 0.06 ;"
[INFO ODB-0388] unsupported LEF58_EOLENCLOSURE property for layer Via2 :" EOLENCLOSURE 0.34 0.06 ; "
[INFO ODB-0388] unsupported LEF58_EOLENCLOSURE property for layer Via3 :" EOLENCLOSURE 0.34 0.06 ; "
[INFO ODB-0388] unsupported LEF58_EOLENCLOSURE property for layer Via4 :" EOLENCLOSURE 0.34 0.06 ; "
[INFO ODB-0227] LEF file: /foss/pdks/gf180mcuD/libs.ref/gf180mcu_fd_sc_mcu7t5v0/techlef/gf180mcu_fd_sc_mcu7t5v0__nom.tlef, created 15 layers, 56 vias
Reading cell LEF file at '/foss/pdks/gf180mcuD/libs.ref/gf180mcu_fd_sc_mcu7t5v0/lef/gf180mcu_fd_sc_mcu7t5v0.lef'…
[WARNING ODB-0220] WARNING (LEFPARS-2008): NOWIREEXTENSIONATPIN statement is obsolete in version 5.6 or later.
The NOWIREEXTENSIONATPIN statement will be ignored. See file /foss/pdks/gf180mcuD/libs.ref/gf180mcu_fd_sc_mcu7t5v0/lef/gf180mcu_fd_sc_mcu7t5v0.lef at line 2.

[INFO ODB-0227] LEF file: /foss/pdks/gf180mcuD/libs.ref/gf180mcu_fd_sc_mcu7t5v0/lef/gf180mcu_fd_sc_mcu7t5v0.lef, created 229 library cells
Reading top-level netlist at '/foss/designs/integration_final/runs/RUN_2026-08-30_15-35-49/06-yosys-synthesis/A37_A.nl.v'…
Linking design 'A37_A' from netlist…
Reading design constraints file at '/foss/designs/integration_final/constraints_core.sdc'…
[INFO] No information on clock propagation in input SDC file-- propagating all clocks.
Using site height: 3.92 and site width: 0.56…
[INFO] Using absolute sizing for the floorplan.
[INFO] Using the set CORE_AREA; ignoring core margin parameters
+ initialize_floorplan -site GF018hv5v_mcu_sc7 -die_area 0 0 1110 1110 -core_area 30 30 1080 1080
[WARNING IFP-0028] Core area lower left (30.000, 30.000) snapped to (30.240, 31.360).
[INFO IFP-0001] Added 267 rows of 1874 site GF018hv5v_mcu_sc7.
[INFO IFP-0100] Die BBox:  (  0.000  0.000 ) ( 1110.000 1110.000 ) um
[INFO IFP-0101] Core BBox: ( 30.240 31.360 ) ( 1079.680 1078.000 ) um
[INFO IFP-0102] Core area:                      1098385.882 um^2
[INFO IFP-0103] Total instances area:            414469.126 um^2
[INFO IFP-0104] Effective utilization:                0.377
[INFO IFP-0105] Number of instances:                  18942
[INFO IFP-0030] Inserted 0 tiecells using gf180mcu_fd_sc_mcu7t5v0__tiel/ZN.
[INFO IFP-0030] Inserted 0 tiecells using gf180mcu_fd_sc_mcu7t5v0__tieh/Z.
[INFO] Extracting DIE_AREA and CORE_AREA from the floorplan
[INFO] Floorplanned on a die area of 0.0 0.0 1110.0 1110.0 (µm).
[INFO] Floorplanned on a core area of 30.24 31.36 1079.68 1078.0 (µm).
Writing metric design__die__bbox: 0.0 0.0 1110.0 1110.0
Writing metric design__core__bbox: 30.24 31.36 1079.68 1078.0
Setting global connections for newly added cells…
[INFO] Setting global connections...
[INFO ODB-0403] 0 connections made, 0 conflicts skipped.
Updating metrics…
Cell type report:                       Count       Area
  Tie cell                                 13     114.15
  Inverter                               1078    9465.70
  Sequential cell                        1291   95956.58
  Multi-Input combinational cell        16560  308932.69
  Total                                 18942  414469.13
Writing OpenROAD database to '/foss/designs/integration_final/runs/RUN_2026-08-30_15-35-49/13-openroad-floorplan/A37_A.odb'…
Writing netlist to '/foss/designs/integration_final/runs/RUN_2026-08-30_15-35-49/13-openroad-floorplan/A37_A.nl.v'…
Writing powered netlist to '/foss/designs/integration_final/runs/RUN_2026-08-30_15-35-49/13-openroad-floorplan/A37_A.pnl.v'…
Writing layout to '/foss/designs/integration_final/runs/RUN_2026-08-30_15-35-49/13-openroad-floorplan/A37_A.def'…
Writing timing constraints to '/foss/designs/integration_final/runs/RUN_2026-08-30_15-35-49/13-openroad-floorplan/A37_A.sdc'…
