
===========================================================================
report_checks -unconstrained
===========================================================================
======================= min_ff_n40C_3v60 Corner ===================================

Startpoint: _36341_ (rising edge-triggered flip-flop clocked by i_clk)
Endpoint: _35763_ (recovery check against rising-edge clock i_clk)
Path Group: asynchronous
Path Type: max

Fanout         Cap        Slew       Delay        Time   Description
---------------------------------------------------------------------------------------------
                                  0.000000    0.000000   clock i_clk (rise edge)
                                  0.000000    0.000000   clock source latency
     1    0.129466    0.000000    0.000000    0.000000 ^ i_clk (in)
                                                         i_clk (net)
                      0.040510    0.016570    0.016570 ^ clkbuf_0_i_clk/I (gf180mcu_fd_sc_mcu7t5v0__clkbuf_16)
     4    0.182401    0.195323    0.257328    0.273898 ^ clkbuf_0_i_clk/Z (gf180mcu_fd_sc_mcu7t5v0__clkbuf_16)
                                                         clknet_0_i_clk (net)
                      0.196313    0.011373    0.285272 ^ clkbuf_2_0_0_i_clk/I (gf180mcu_fd_sc_mcu7t5v0__clkbuf_8)
     2    0.085224    0.186134    0.282681    0.567953 ^ clkbuf_2_0_0_i_clk/Z (gf180mcu_fd_sc_mcu7t5v0__clkbuf_8)
                                                         clknet_2_0_0_i_clk (net)
                      0.186233    0.003024    0.570976 ^ clkbuf_3_1__f_i_clk/I (gf180mcu_fd_sc_mcu7t5v0__clkbuf_16)
    12    0.263572    0.264649    0.331284    0.902260 ^ clkbuf_3_1__f_i_clk/Z (gf180mcu_fd_sc_mcu7t5v0__clkbuf_16)
                                                         clknet_3_1__leaf_i_clk (net)
                      0.265944    0.011108    0.913368 ^ clkbuf_leaf_80_i_clk/I (gf180mcu_fd_sc_mcu7t5v0__clkbuf_8)
    18    0.095389    0.204625    0.307148    1.220517 ^ clkbuf_leaf_80_i_clk/Z (gf180mcu_fd_sc_mcu7t5v0__clkbuf_8)
                                                         clknet_leaf_80_i_clk (net)
                      0.204631    0.001770    1.222287 ^ _36341_/CLK (gf180mcu_fd_sc_mcu7t5v0__dffrnq_4)
     4    0.042087    0.157637    0.746536    1.968823 v _36341_/Q (gf180mcu_fd_sc_mcu7t5v0__dffrnq_4)
                                                         u_integration_final.integration_inst.quant_ip_reset (net)
                      0.157638    0.000286    1.969108 v max_length2518/I (gf180mcu_fd_sc_mcu7t5v0__buf_2)
     3    0.035522    0.170547    0.277186    2.246294 v max_length2518/Z (gf180mcu_fd_sc_mcu7t5v0__buf_2)
                                                         net2518 (net)
                      0.170602    0.001708    2.248003 v wire2517/I (gf180mcu_fd_sc_mcu7t5v0__buf_2)
     4    0.056973    0.245319    0.334751    2.582754 v wire2517/Z (gf180mcu_fd_sc_mcu7t5v0__buf_2)
                                                         net2517 (net)
                      0.245433    0.002971    2.585725 v wire2516/I (gf180mcu_fd_sc_mcu7t5v0__clkbuf_8)
    13    0.151286    0.282324    0.386370    2.972095 v wire2516/Z (gf180mcu_fd_sc_mcu7t5v0__clkbuf_8)
                                                         net2516 (net)
                      0.282532    0.004132    2.976226 v _17686_/I (gf180mcu_fd_sc_mcu7t5v0__inv_4)
     1    0.008837    0.099935    0.114537    3.090764 ^ _17686_/ZN (gf180mcu_fd_sc_mcu7t5v0__inv_4)
                                                         _10856_ (net)
                      0.099935    0.000139    3.090903 ^ wire2388/I (gf180mcu_fd_sc_mcu7t5v0__buf_2)
     3    0.047945    0.367729    0.324228    3.415131 ^ wire2388/Z (gf180mcu_fd_sc_mcu7t5v0__buf_2)
                                                         net2388 (net)
                      0.367758    0.001832    3.416963 ^ wire2382/I (gf180mcu_fd_sc_mcu7t5v0__buf_2)
     1    0.006161    0.085968    0.186121    3.603084 ^ wire2382/Z (gf180mcu_fd_sc_mcu7t5v0__buf_2)
                                                         net2382 (net)
                      0.085968    0.000068    3.603152 ^ wire4282/I (gf180mcu_fd_sc_mcu7t5v0__buf_2)
     3    0.061287    0.461318    0.376860    3.980011 ^ wire4282/Z (gf180mcu_fd_sc_mcu7t5v0__buf_2)
                                                         net4282 (net)
                      0.461365    0.002619    3.982631 ^ max_length2381/I (gf180mcu_fd_sc_mcu7t5v0__clkbuf_1)
     2    0.037008    0.557585    0.489889    4.472520 ^ max_length2381/Z (gf180mcu_fd_sc_mcu7t5v0__clkbuf_1)
                                                         net2381 (net)
                      0.557588    0.000753    4.473273 ^ max_length2380/I (gf180mcu_fd_sc_mcu7t5v0__buf_2)
     3    0.056448    0.427697    0.404038    4.877311 ^ max_length2380/Z (gf180mcu_fd_sc_mcu7t5v0__buf_2)
                                                         net2380 (net)
                      0.427709    0.001259    4.878571 ^ _17911_/A1 (gf180mcu_fd_sc_mcu7t5v0__nand2_4)
     3    0.029502    0.194119    0.143372    5.021943 v _17911_/ZN (gf180mcu_fd_sc_mcu7t5v0__nand2_4)
                                                         _11081_ (net)
                      0.194119    0.000182    5.022125 v max_length1948/I (gf180mcu_fd_sc_mcu7t5v0__clkbuf_1)
     1    0.021123    0.281969    0.323168    5.345293 v max_length1948/Z (gf180mcu_fd_sc_mcu7t5v0__clkbuf_1)
                                                         net1948 (net)
                      0.281977    0.000831    5.346124 v wire1947/I (gf180mcu_fd_sc_mcu7t5v0__buf_1)
     2    0.037538    0.322887    0.438662    5.784786 v wire1947/Z (gf180mcu_fd_sc_mcu7t5v0__buf_1)
                                                         net1947 (net)
                      0.322911    0.001565    5.786351 v wire1946/I (gf180mcu_fd_sc_mcu7t5v0__buf_3)
    13    0.091820    0.272923    0.435203    6.221553 v wire1946/Z (gf180mcu_fd_sc_mcu7t5v0__buf_3)
                                                         net1946 (net)
                      0.273091    0.003751    6.225305 v wire1935/I (gf180mcu_fd_sc_mcu7t5v0__buf_3)
     3    0.016566    0.102677    0.281649    6.506954 v wire1935/Z (gf180mcu_fd_sc_mcu7t5v0__buf_3)
                                                         net1935 (net)
                      0.102677    0.000132    6.507086 v wire4140/I (gf180mcu_fd_sc_mcu7t5v0__buf_3)
    14    0.096750    0.282621    0.374111    6.881197 v wire4140/Z (gf180mcu_fd_sc_mcu7t5v0__buf_3)
                                                         net4140 (net)
                      0.282983    0.005660    6.886858 v max_length1934/I (gf180mcu_fd_sc_mcu7t5v0__buf_2)
     8    0.056619    0.244973    0.367557    7.254414 v max_length1934/Z (gf180mcu_fd_sc_mcu7t5v0__buf_2)
                                                         net1934 (net)
                      0.245071    0.002748    7.257162 v wire1932/I (gf180mcu_fd_sc_mcu7t5v0__buf_2)
    10    0.079818    0.332003    0.411467    7.668630 v wire1932/Z (gf180mcu_fd_sc_mcu7t5v0__buf_2)
                                                         net1932 (net)
                      0.332052    0.002292    7.670921 v max_length1931/I (gf180mcu_fd_sc_mcu7t5v0__clkbuf_4)
    11    0.092241    0.322344    0.437968    8.108889 v max_length1931/Z (gf180mcu_fd_sc_mcu7t5v0__clkbuf_4)
                                                         net1931 (net)
                      0.322504    0.004055    8.112945 v wire1927/I (gf180mcu_fd_sc_mcu7t5v0__buf_3)
    13    0.096078    0.283029    0.441594    8.554539 v wire1927/Z (gf180mcu_fd_sc_mcu7t5v0__buf_3)
                                                         net1927 (net)
                      0.283121    0.002817    8.557356 v max_length1926/I (gf180mcu_fd_sc_mcu7t5v0__buf_4)
    15    0.103304    0.224858    0.340249    8.897605 v max_length1926/Z (gf180mcu_fd_sc_mcu7t5v0__buf_4)
                                                         net1926 (net)
                      0.224889    0.001516    8.899120 v max_length1925/I (gf180mcu_fd_sc_mcu7t5v0__buf_4)
     7    0.050391    0.132177    0.259329    9.158450 v max_length1925/Z (gf180mcu_fd_sc_mcu7t5v0__buf_4)
                                                         net1925 (net)
                      0.132178    0.000941    9.159391 v max_length1924/I (gf180mcu_fd_sc_mcu7t5v0__buf_2)
    10    0.065851    0.278449    0.344441    9.503833 v max_length1924/Z (gf180mcu_fd_sc_mcu7t5v0__buf_2)
                                                         net1924 (net)
                      0.278523    0.002570    9.506403 v max_length1923/I (gf180mcu_fd_sc_mcu7t5v0__buf_2)
     9    0.063853    0.271770    0.383541    9.889944 v max_length1923/Z (gf180mcu_fd_sc_mcu7t5v0__buf_2)
                                                         net1923 (net)
                      0.271861    0.002800    9.892745 v _35265_/I (gf180mcu_fd_sc_mcu7t5v0__clkinv_1)
     1    0.007857    0.177511    0.164581   10.057326 ^ _35265_/ZN (gf180mcu_fd_sc_mcu7t5v0__clkinv_1)
                                                         _00524_ (net)
                      0.177511    0.000082   10.057407 ^ _35763_/RN (gf180mcu_fd_sc_mcu7t5v0__dffrnq_1)
                                             10.057407   data arrival time

                                100.000000  100.000000   clock i_clk (rise edge)
                                  0.000000  100.000000   clock source latency
     1    0.129466    0.000000    0.000000  100.000000 ^ i_clk (in)
                                                         i_clk (net)
                      0.040510    0.016570  100.016563 ^ clkbuf_0_i_clk/I (gf180mcu_fd_sc_mcu7t5v0__clkbuf_16)
     4    0.182401    0.195323    0.257330  100.273895 ^ clkbuf_0_i_clk/Z (gf180mcu_fd_sc_mcu7t5v0__clkbuf_16)
                                                         clknet_0_i_clk (net)
                      0.195889    0.009031  100.282928 ^ clkbuf_2_3_0_i_clk/I (gf180mcu_fd_sc_mcu7t5v0__clkbuf_8)
     2    0.082257    0.181319    0.279073  100.562004 ^ clkbuf_2_3_0_i_clk/Z (gf180mcu_fd_sc_mcu7t5v0__clkbuf_8)
                                                         clknet_2_3_0_i_clk (net)
                      0.181389    0.002998  100.565002 ^ clkbuf_3_6__f_i_clk/I (gf180mcu_fd_sc_mcu7t5v0__clkbuf_16)
    17    0.358457    0.347345    0.380702  100.945702 ^ clkbuf_3_6__f_i_clk/Z (gf180mcu_fd_sc_mcu7t5v0__clkbuf_16)
                                                         clknet_3_6__leaf_i_clk (net)
                      0.347852    0.007425  100.953125 ^ clkbuf_leaf_32_i_clk/I (gf180mcu_fd_sc_mcu7t5v0__clkbuf_8)
    15    0.088258    0.193636    0.314721  101.267845 ^ clkbuf_leaf_32_i_clk/Z (gf180mcu_fd_sc_mcu7t5v0__clkbuf_8)
                                                         clknet_leaf_32_i_clk (net)
                      0.193660    0.002018  101.269867 ^ _35763_/CLK (gf180mcu_fd_sc_mcu7t5v0__dffrnq_1)
                                 -0.500000  100.769859   clock uncertainty
                                  0.000000  100.769859   clock reconvergence pessimism
                                  0.213895  100.983757   library recovery time
                                            100.983757   data required time
---------------------------------------------------------------------------------------------
                                            100.983757   data required time
                                            -10.057407   data arrival time
---------------------------------------------------------------------------------------------
                                             90.926353   slack (MET)


Startpoint: _35274_ (rising edge-triggered flip-flop clocked by i_clk)
Endpoint: _36498_ (rising edge-triggered flip-flop clocked by i_clk)
Path Group: i_clk
Path Type: max

Fanout         Cap        Slew       Delay        Time   Description
---------------------------------------------------------------------------------------------
                                  0.000000    0.000000   clock i_clk (rise edge)
                                  0.000000    0.000000   clock source latency
     1    0.129466    0.000000    0.000000    0.000000 ^ i_clk (in)
                                                         i_clk (net)
                      0.040510    0.016570    0.016570 ^ clkbuf_0_i_clk/I (gf180mcu_fd_sc_mcu7t5v0__clkbuf_16)
     4    0.182401    0.195323    0.257328    0.273898 ^ clkbuf_0_i_clk/Z (gf180mcu_fd_sc_mcu7t5v0__clkbuf_16)
                                                         clknet_0_i_clk (net)
                      0.195687    0.007667    0.281566 ^ clkbuf_2_2_0_i_clk/I (gf180mcu_fd_sc_mcu7t5v0__clkbuf_8)
     2    0.081142    0.179794    0.278119    0.559685 ^ clkbuf_2_2_0_i_clk/Z (gf180mcu_fd_sc_mcu7t5v0__clkbuf_8)
                                                         clknet_2_2_0_i_clk (net)
                      0.179839    0.002898    0.562583 ^ clkbuf_3_4__f_i_clk/I (gf180mcu_fd_sc_mcu7t5v0__clkbuf_16)
    11    0.285078    0.284405    0.343817    0.906400 ^ clkbuf_3_4__f_i_clk/Z (gf180mcu_fd_sc_mcu7t5v0__clkbuf_16)
                                                         clknet_3_4__leaf_i_clk (net)
                      0.284477    0.002165    0.908565 ^ clkbuf_leaf_60_i_clk/I (gf180mcu_fd_sc_mcu7t5v0__clkbuf_8)
    11    0.099376    0.211386    0.314440    1.223005 ^ clkbuf_leaf_60_i_clk/Z (gf180mcu_fd_sc_mcu7t5v0__clkbuf_8)
                                                         clknet_leaf_60_i_clk (net)
                      0.211397    0.002368    1.225374 ^ _35274_/CLK (gf180mcu_fd_sc_mcu7t5v0__dffrnq_2)
     2    0.024496    0.238420    0.836495    2.061868 ^ _35274_/Q (gf180mcu_fd_sc_mcu7t5v0__dffrnq_2)
                                                         u_integration_final.integration_inst.reg_bank_inst.cols_a[0] (net)
                      0.238420    0.000390    2.062258 ^ max_length3912/I (gf180mcu_fd_sc_mcu7t5v0__buf_2)
     4    0.059152    0.445697    0.391460    2.453719 ^ max_length3912/Z (gf180mcu_fd_sc_mcu7t5v0__buf_2)
                                                         net3912 (net)
                      0.445702    0.000869    2.454588 ^ max_length3911/I (gf180mcu_fd_sc_mcu7t5v0__buf_4)
     7    0.107984    0.407257    0.374753    2.829341 ^ max_length3911/Z (gf180mcu_fd_sc_mcu7t5v0__buf_4)
                                                         net3911 (net)
                      0.407398    0.004204    2.833545 ^ _17930_/A2 (gf180mcu_fd_sc_mcu7t5v0__or2_2)
     6    0.107518    0.784189    0.631298    3.464844 ^ _17930_/Z (gf180mcu_fd_sc_mcu7t5v0__or2_2)
                                                         _11097_ (net)
                      0.784197    0.001499    3.466343 ^ _25087_/A3 (gf180mcu_fd_sc_mcu7t5v0__nor3_4)
     1    0.011026    0.315093    0.178132    3.644475 v _25087_/ZN (gf180mcu_fd_sc_mcu7t5v0__nor3_4)
                                                         _01889_ (net)
                      0.315093    0.000304    3.644779 v wire1707/I (gf180mcu_fd_sc_mcu7t5v0__buf_1)
     3    0.040218    0.342859    0.462028    4.106807 v wire1707/Z (gf180mcu_fd_sc_mcu7t5v0__buf_1)
                                                         net1707 (net)
                      0.342885    0.001695    4.108501 v wire1705/I (gf180mcu_fd_sc_mcu7t5v0__clkbuf_1)
     1    0.004674    0.103295    0.232136    4.340638 v wire1705/Z (gf180mcu_fd_sc_mcu7t5v0__clkbuf_1)
                                                         net1705 (net)
                      0.103295    0.000053    4.340691 v wire4292/I (gf180mcu_fd_sc_mcu7t5v0__buf_1)
     2    0.034777    0.301771    0.369016    4.709706 v wire4292/Z (gf180mcu_fd_sc_mcu7t5v0__buf_1)
                                                         net4292 (net)
                      0.301804    0.001777    4.711484 v wire1704/I (gf180mcu_fd_sc_mcu7t5v0__clkbuf_1)
     2    0.027888    0.360786    0.396963    5.108447 v wire1704/Z (gf180mcu_fd_sc_mcu7t5v0__clkbuf_1)
                                                         net1704 (net)
                      0.360798    0.001202    5.109649 v wire1703/I (gf180mcu_fd_sc_mcu7t5v0__buf_2)
     7    0.064000    0.272529    0.407826    5.517475 v wire1703/Z (gf180mcu_fd_sc_mcu7t5v0__buf_2)
                                                         net1703 (net)
                      0.272534    0.000696    5.518170 v _26542_/A2 (gf180mcu_fd_sc_mcu7t5v0__aoi221_1)
     1    0.007433    0.620237    0.400673    5.918844 ^ _26542_/ZN (gf180mcu_fd_sc_mcu7t5v0__aoi221_1)
                                                         _03301_ (net)
                      0.620237    0.000099    5.918943 ^ _26543_/A2 (gf180mcu_fd_sc_mcu7t5v0__nand2_1)
     1    0.014829    0.287638    0.200513    6.119456 v _26543_/ZN (gf180mcu_fd_sc_mcu7t5v0__nand2_1)
                                                         _03302_ (net)
                      0.287639    0.000592    6.120049 v wire991/I (gf180mcu_fd_sc_mcu7t5v0__dlyb_1)
     1    0.018419    0.265857    0.979969    7.100017 v wire991/Z (gf180mcu_fd_sc_mcu7t5v0__dlyb_1)
                                                         net991 (net)
                      0.265857    0.000695    7.100712 v _26544_/B2 (gf180mcu_fd_sc_mcu7t5v0__oai22_1)
     1    0.017899    0.779057    0.516935    7.617647 ^ _26544_/ZN (gf180mcu_fd_sc_mcu7t5v0__oai22_1)
                                                         _03303_ (net)
                      0.779057    0.000180    7.617827 ^ _26546_/B1 (gf180mcu_fd_sc_mcu7t5v0__aoi221_4)
     1    0.017600    0.384920    0.249553    7.867381 v _26546_/ZN (gf180mcu_fd_sc_mcu7t5v0__aoi221_4)
                                                         _03305_ (net)
                      0.384920    0.000675    7.868056 v wire805/I (gf180mcu_fd_sc_mcu7t5v0__clkbuf_1)
     1    0.016612    0.232625    0.333302    8.201358 v wire805/Z (gf180mcu_fd_sc_mcu7t5v0__clkbuf_1)
                                                         net805 (net)
                      0.232630    0.000595    8.201953 v wire804/I (gf180mcu_fd_sc_mcu7t5v0__clkbuf_1)
     1    0.020598    0.276233    0.327881    8.529834 v wire804/Z (gf180mcu_fd_sc_mcu7t5v0__clkbuf_1)
                                                         net804 (net)
                      0.276243    0.000943    8.530777 v wire4119/I (gf180mcu_fd_sc_mcu7t5v0__dlyb_1)
     1    0.019886    0.276187    0.985678    9.516456 v wire4119/Z (gf180mcu_fd_sc_mcu7t5v0__dlyb_1)
                                                         net4119 (net)
                      0.276187    0.000851    9.517306 v wire803/I (gf180mcu_fd_sc_mcu7t5v0__buf_2)
     4    0.045471    0.206653    0.336985    9.854291 v wire803/Z (gf180mcu_fd_sc_mcu7t5v0__buf_2)
                                                         net803 (net)
                      0.206757    0.002613    9.856904 v wire801/I (gf180mcu_fd_sc_mcu7t5v0__buf_2)
     1    0.006688    0.072233    0.210134   10.067039 v wire801/Z (gf180mcu_fd_sc_mcu7t5v0__buf_2)
                                                         net801 (net)
                      0.072233    0.000073   10.067111 v wire4089/I (gf180mcu_fd_sc_mcu7t5v0__clkbuf_4)
    10    0.076302    0.272510    0.333362   10.400473 v wire4089/Z (gf180mcu_fd_sc_mcu7t5v0__clkbuf_4)
                                                         net4089 (net)
                      0.272671    0.003707   10.404180 v _26666_/A4 (gf180mcu_fd_sc_mcu7t5v0__nand4_1)
     2    0.010202    0.415418    0.337610   10.741790 ^ _26666_/ZN (gf180mcu_fd_sc_mcu7t5v0__nand4_1)
                                                         _03423_ (net)
                      0.415418    0.000146   10.741936 ^ _26667_/I (gf180mcu_fd_sc_mcu7t5v0__clkinv_1)
     4    0.024800    0.358759    0.308540   11.050475 v _26667_/ZN (gf180mcu_fd_sc_mcu7t5v0__clkinv_1)
                                                         _03424_ (net)
                      0.358759    0.000354   11.050830 v _26669_/A1 (gf180mcu_fd_sc_mcu7t5v0__nor2_1)
     1    0.008417    0.323186    0.280243   11.331074 ^ _26669_/ZN (gf180mcu_fd_sc_mcu7t5v0__nor2_1)
                                                         _03426_ (net)
                      0.323186    0.000187   11.331260 ^ _26679_/A1 (gf180mcu_fd_sc_mcu7t5v0__xor3_1)
     2    0.012569    0.490753    0.888344   12.219604 ^ _26679_/Z (gf180mcu_fd_sc_mcu7t5v0__xor3_1)
                                                         _03436_ (net)
                      0.490753    0.000238   12.219842 ^ _26698_/A1 (gf180mcu_fd_sc_mcu7t5v0__xnor2_1)
     2    0.011929    0.489998    0.394009   12.613851 ^ _26698_/ZN (gf180mcu_fd_sc_mcu7t5v0__xnor2_1)
                                                         _03455_ (net)
                      0.489998    0.000075   12.613926 ^ _26699_/A2 (gf180mcu_fd_sc_mcu7t5v0__nor2_1)
     2    0.013187    0.273111    0.225207   12.839133 v _26699_/ZN (gf180mcu_fd_sc_mcu7t5v0__nor2_1)
                                                         _03456_ (net)
                      0.273111    0.000187   12.839320 v _26714_/A1 (gf180mcu_fd_sc_mcu7t5v0__xor2_1)
     3    0.014665    0.325452    0.478262   13.317582 v _26714_/Z (gf180mcu_fd_sc_mcu7t5v0__xor2_1)
                                                         _03470_ (net)
                      0.325452    0.000204   13.317786 v _26754_/A2 (gf180mcu_fd_sc_mcu7t5v0__xor3_1)
     2    0.015097    0.304585    0.978693   14.296479 v _26754_/Z (gf180mcu_fd_sc_mcu7t5v0__xor3_1)
                                                         _03510_ (net)
                      0.304585    0.000294   14.296773 v _26755_/A2 (gf180mcu_fd_sc_mcu7t5v0__xor2_1)
     2    0.012542    0.258184    0.475350   14.772123 v _26755_/Z (gf180mcu_fd_sc_mcu7t5v0__xor2_1)
                                                         _03511_ (net)
                      0.258184    0.000107   14.772231 v _26757_/A2 (gf180mcu_fd_sc_mcu7t5v0__xnor2_1)
     2    0.012027    0.491840    0.365072   15.137303 ^ _26757_/ZN (gf180mcu_fd_sc_mcu7t5v0__xnor2_1)
                                                         _03513_ (net)
                      0.491840    0.000105   15.137408 ^ _26759_/A2 (gf180mcu_fd_sc_mcu7t5v0__xor2_1)
     2    0.013383    0.504737    0.434722   15.572131 ^ _26759_/Z (gf180mcu_fd_sc_mcu7t5v0__xor2_1)
                                                         _03515_ (net)
                      0.504737    0.000243   15.572374 ^ _26761_/A2 (gf180mcu_fd_sc_mcu7t5v0__aoi21_1)
     2    0.013121    0.275880    0.184732   15.757106 v _26761_/ZN (gf180mcu_fd_sc_mcu7t5v0__aoi21_1)
                                                         _03516_ (net)
                      0.275880    0.000103   15.757210 v _26821_/A1 (gf180mcu_fd_sc_mcu7t5v0__oai21_1)
     3    0.019682    0.607316    0.437865   16.195074 ^ _26821_/ZN (gf180mcu_fd_sc_mcu7t5v0__oai21_1)
                                                         _03575_ (net)
                      0.607316    0.000245   16.195320 ^ _27025_/A1 (gf180mcu_fd_sc_mcu7t5v0__aoi221_1)
     2    0.010988    0.405847    0.236003   16.431322 v _27025_/ZN (gf180mcu_fd_sc_mcu7t5v0__aoi221_1)
                                                         _03777_ (net)
                      0.405847    0.000211   16.431534 v _27028_/A3 (gf180mcu_fd_sc_mcu7t5v0__oai31_1)
     2    0.014776    0.875285    0.622112   17.053646 ^ _27028_/ZN (gf180mcu_fd_sc_mcu7t5v0__oai31_1)
                                                         _03779_ (net)
                      0.875285    0.000206   17.053852 ^ _27105_/A1 (gf180mcu_fd_sc_mcu7t5v0__aoi21_1)
     2    0.013852    0.358280    0.233671   17.287523 v _27105_/ZN (gf180mcu_fd_sc_mcu7t5v0__aoi21_1)
                                                         _03855_ (net)
                      0.358280    0.000137   17.287661 v _27190_/A1 (gf180mcu_fd_sc_mcu7t5v0__oai21_1)
     2    0.013517    0.470397    0.372168   17.659828 ^ _27190_/ZN (gf180mcu_fd_sc_mcu7t5v0__oai21_1)
                                                         _03939_ (net)
                      0.470397    0.000115   17.659943 ^ _27283_/A1 (gf180mcu_fd_sc_mcu7t5v0__aoi21_1)
     3    0.026043    0.408995    0.314545   17.974487 v _27283_/ZN (gf180mcu_fd_sc_mcu7t5v0__aoi21_1)
                                                         _04031_ (net)
                      0.408995    0.000409   17.974897 v _27484_/A1 (gf180mcu_fd_sc_mcu7t5v0__oai31_2)
     3    0.028757    0.819659    0.579689   18.554586 ^ _27484_/ZN (gf180mcu_fd_sc_mcu7t5v0__oai31_2)
                                                         _04230_ (net)
                      0.819659    0.000778   18.555365 ^ _27699_/A1 (gf180mcu_fd_sc_mcu7t5v0__nand3_1)
     2    0.013408    0.408327    0.291969   18.847334 v _27699_/ZN (gf180mcu_fd_sc_mcu7t5v0__nand3_1)
                                                         _04443_ (net)
                      0.408327    0.000336   18.847670 v _27943_/A1 (gf180mcu_fd_sc_mcu7t5v0__aoi211_1)
     2    0.018599    0.947471    0.594344   19.442013 ^ _27943_/ZN (gf180mcu_fd_sc_mcu7t5v0__aoi211_1)
                                                         _04685_ (net)
                      0.947471    0.000455   19.442469 ^ _28199_/A1 (gf180mcu_fd_sc_mcu7t5v0__oai211_1)
     2    0.028115    0.651983    0.484985   19.927452 v _28199_/ZN (gf180mcu_fd_sc_mcu7t5v0__oai211_1)
                                                         _04939_ (net)
                      0.651984    0.001377   19.928829 v _28314_/A1 (gf180mcu_fd_sc_mcu7t5v0__aoi21_1)
     3    0.027864    0.856230    0.658973   20.587803 ^ _28314_/ZN (gf180mcu_fd_sc_mcu7t5v0__aoi21_1)
                                                         _05054_ (net)
                      0.856230    0.000529   20.588331 ^ _28536_/B3 (gf180mcu_fd_sc_mcu7t5v0__oai33_4)
     3    0.027390    0.408828    0.264722   20.853054 v _28536_/ZN (gf180mcu_fd_sc_mcu7t5v0__oai33_4)
                                                         _05274_ (net)
                      0.408828    0.000620   20.853674 v _28741_/A2 (gf180mcu_fd_sc_mcu7t5v0__oai211_1)
     2    0.011762    0.471501    0.366537   21.220211 ^ _28741_/ZN (gf180mcu_fd_sc_mcu7t5v0__oai211_1)
                                                         _05477_ (net)
                      0.471501    0.000213   21.220423 ^ _28743_/A3 (gf180mcu_fd_sc_mcu7t5v0__nand3_1)
     2    0.016450    0.382847    0.258925   21.479349 v _28743_/ZN (gf180mcu_fd_sc_mcu7t5v0__nand3_1)
                                                         _05479_ (net)
                      0.382847    0.000453   21.479801 v _28839_/A2 (gf180mcu_fd_sc_mcu7t5v0__aoi21_1)
     3    0.018603    0.625360    0.473598   21.953400 ^ _28839_/ZN (gf180mcu_fd_sc_mcu7t5v0__aoi21_1)
                                                         _05574_ (net)
                      0.625360    0.000320   21.953720 ^ _28924_/A2 (gf180mcu_fd_sc_mcu7t5v0__oai21_1)
     2    0.011185    0.308790    0.225986   22.179707 v _28924_/ZN (gf180mcu_fd_sc_mcu7t5v0__oai21_1)
                                                         _05658_ (net)
                      0.308790    0.000188   22.179893 v _29010_/A2 (gf180mcu_fd_sc_mcu7t5v0__aoi21_1)
     3    0.030009    0.909099    0.616804   22.796698 ^ _29010_/ZN (gf180mcu_fd_sc_mcu7t5v0__aoi21_1)
                                                         _05743_ (net)
                      0.909100    0.001039   22.797737 ^ _29092_/A2 (gf180mcu_fd_sc_mcu7t5v0__oai21_1)
     4    0.021900    0.479435    0.351958   23.149696 v _29092_/ZN (gf180mcu_fd_sc_mcu7t5v0__oai21_1)
                                                         _05824_ (net)
                      0.479435    0.000432   23.150127 v _29301_/A1 (gf180mcu_fd_sc_mcu7t5v0__aoi211_1)
     2    0.015941    0.851337    0.561244   23.711370 ^ _29301_/ZN (gf180mcu_fd_sc_mcu7t5v0__aoi211_1)
                                                         _06030_ (net)
                      0.851337    0.000396   23.711767 ^ _29419_/A1 (gf180mcu_fd_sc_mcu7t5v0__oai21_1)
     2    0.013751    0.357751    0.235151   23.946918 v _29419_/ZN (gf180mcu_fd_sc_mcu7t5v0__oai21_1)
                                                         _06145_ (net)
                      0.357751    0.000275   23.947193 v _29510_/A1 (gf180mcu_fd_sc_mcu7t5v0__aoi21_1)
     1    0.005806    0.318225    0.250910   24.198103 ^ _29510_/ZN (gf180mcu_fd_sc_mcu7t5v0__aoi21_1)
                                                         _06234_ (net)
                      0.318225    0.000114   24.198217 ^ _29511_/B1 (gf180mcu_fd_sc_mcu7t5v0__aoi221_1)
     2    0.017785    0.481499    0.337975   24.536192 v _29511_/ZN (gf180mcu_fd_sc_mcu7t5v0__aoi221_1)
                                                         _06235_ (net)
                      0.481499    0.000172   24.536366 v _29551_/B2 (gf180mcu_fd_sc_mcu7t5v0__oai32_2)
     3    0.018814    0.908099    0.369470   24.905834 ^ _29551_/ZN (gf180mcu_fd_sc_mcu7t5v0__oai32_2)
                                                         _06274_ (net)
                      0.908099    0.000252   24.906086 ^ _29613_/B2 (gf180mcu_fd_sc_mcu7t5v0__oai221_1)
     2    0.012052    0.441846    0.337032   25.243118 v _29613_/ZN (gf180mcu_fd_sc_mcu7t5v0__oai221_1)
                                                         _06335_ (net)
                      0.441846    0.000121   25.243238 v _29656_/A1 (gf180mcu_fd_sc_mcu7t5v0__aoi211_1)
     2    0.008785    0.606869    0.403828   25.647068 ^ _29656_/ZN (gf180mcu_fd_sc_mcu7t5v0__aoi211_1)
                                                         _06376_ (net)
                      0.606869    0.000076   25.647144 ^ _29661_/A2 (gf180mcu_fd_sc_mcu7t5v0__oai21_1)
     3    0.021415    0.406765    0.316454   25.963598 v _29661_/ZN (gf180mcu_fd_sc_mcu7t5v0__oai21_1)
                                                         _06380_ (net)
                      0.406765    0.000544   25.964142 v _29665_/A2 (gf180mcu_fd_sc_mcu7t5v0__xor2_1)
     1    0.003785    0.188288    0.451355   26.415497 v _29665_/Z (gf180mcu_fd_sc_mcu7t5v0__xor2_1)
                                                         _00146_ (net)
                      0.188288    0.000071   26.415567 v _36498_/D (gf180mcu_fd_sc_mcu7t5v0__dffrnq_1)
                                             26.415567   data arrival time

                                100.000000  100.000000   clock i_clk (rise edge)
                                  0.000000  100.000000   clock source latency
     1    0.129466    0.000000    0.000000  100.000000 ^ i_clk (in)
                                                         i_clk (net)
                      0.040510    0.016570  100.016563 ^ clkbuf_0_i_clk/I (gf180mcu_fd_sc_mcu7t5v0__clkbuf_16)
     4    0.182401    0.195323    0.257330  100.273895 ^ clkbuf_0_i_clk/Z (gf180mcu_fd_sc_mcu7t5v0__clkbuf_16)
                                                         clknet_0_i_clk (net)
                      0.195687    0.007667  100.281563 ^ clkbuf_2_2_0_i_clk/I (gf180mcu_fd_sc_mcu7t5v0__clkbuf_8)
     2    0.081142    0.179794    0.278121  100.559685 ^ clkbuf_2_2_0_i_clk/Z (gf180mcu_fd_sc_mcu7t5v0__clkbuf_8)
                                                         clknet_2_2_0_i_clk (net)
                      0.179831    0.002714  100.562401 ^ clkbuf_3_5__f_i_clk/I (gf180mcu_fd_sc_mcu7t5v0__clkbuf_16)
    14    0.303162    0.298161    0.349878  100.912277 ^ clkbuf_3_5__f_i_clk/Z (gf180mcu_fd_sc_mcu7t5v0__clkbuf_16)
                                                         clknet_3_5__leaf_i_clk (net)
                      0.298680    0.006281  100.918556 ^ clkbuf_leaf_63_i_clk/I (gf180mcu_fd_sc_mcu7t5v0__clkbuf_8)
    16    0.073717    0.171072    0.290235  101.208794 ^ clkbuf_leaf_63_i_clk/Z (gf180mcu_fd_sc_mcu7t5v0__clkbuf_8)
                                                         clknet_leaf_63_i_clk (net)
                      0.171073    0.000718  101.209511 ^ _36498_/CLK (gf180mcu_fd_sc_mcu7t5v0__dffrnq_1)
                                 -0.500000  100.709511   clock uncertainty
                                  0.000000  100.709511   clock reconvergence pessimism
                                 -0.132901  100.576607   library setup time
                                            100.576607   data required time
---------------------------------------------------------------------------------------------
                                            100.576607   data required time
                                            -26.415567   data arrival time
---------------------------------------------------------------------------------------------
                                             74.161041   slack (MET)




===========================================================================
report_checks --slack_max -0.01
============================================================================
======================= min_ff_n40C_3v60 Corner ===================================

No paths found.


===========================================================================
 report_check_types -max_slew -max_cap -max_fanout -violators
============================================================================
======================= min_ff_n40C_3v60 Corner ===================================



===========================================================================
report_parasitic_annotation -report_unannotated
============================================================================
Found 90 unannotated drivers.
 clkload0/ZN
 clkload1/ZN
 clkload10/ZN
 clkload11/ZN
 clkload12/ZN
 clkload13/ZN
 clkload14/ZN
 clkload15/ZN
 clkload16/Z
 clkload17/Z
 clkload18/Z
 clkload19/ZN
 clkload2/Z
 clkload20/ZN
 clkload21/ZN
 clkload22/ZN
 clkload23/Z
 clkload24/ZN
 clkload25/ZN
 clkload26/ZN
 clkload27/ZN
 clkload28/ZN
 clkload29/ZN
 clkload3/ZN
 clkload30/ZN
 clkload31/ZN
 clkload32/ZN
 clkload33/ZN
 clkload34/Z
 clkload35/ZN
 clkload36/ZN
 clkload37/ZN
 clkload38/Z
 clkload39/ZN
 clkload4/Z
 clkload40/Z
 clkload41/ZN
 clkload42/ZN
 clkload43/ZN
 clkload44/Z
 clkload45/ZN
 clkload46/ZN
 clkload47/Z
 clkload48/Z
 clkload49/ZN
 clkload5/Z
 clkload50/ZN
 clkload51/Z
 clkload52/Z
 clkload53/ZN
 clkload54/Z
 clkload55/ZN
 clkload56/ZN
 clkload57/ZN
 clkload58/ZN
 clkload59/ZN
 clkload6/Z
 clkload60/ZN
 clkload61/ZN
 clkload62/ZN
 clkload63/ZN
 clkload64/Z
 clkload65/Z
 clkload66/Z
 clkload67/Z
 clkload68/ZN
 clkload69/Z
 clkload7/ZN
 clkload70/Z
 clkload71/Z
 clkload72/ZN
 clkload73/ZN
 clkload74/ZN
 clkload75/Z
 clkload76/ZN
 clkload77/ZN
 clkload78/Z
 clkload79/Z
 clkload8/Z
 clkload80/Z
 clkload81/Z
 clkload82/ZN
 clkload83/Z
 clkload84/Z
 clkload85/ZN
 clkload86/Z
 clkload87/Z
 clkload88/ZN
 clkload89/Z
 clkload9/Z
Found 0 partially unannotated drivers.

===========================================================================
max slew violation count 0
max fanout violation count 0
max cap violation count 0
============================================================================

===========================================================================
check_setup -verbose -unconstrained_endpoints -multiple_clock -no_clock -no_input_delay -loops -generated_clocks
===========================================================================
Warning: There is 1 input port missing set_input_delay.
  o_uart_tx_IN
Warning: There are 2 unconstrained endpoints.
  o_uart_tx_CS
  _36343_/D
