Clock: i_clk
Sources: i_clk 
Generated: no
Virtual: yes
Propagated: no
Period: 100.000000

===========================================================================
report_clock_properties
============================================================================
Clock                   Period          Waveform
----------------------------------------------------
i_clk               100.000000    0.000000 50.000000

===========================================================================
report_clock_latency
============================================================================
Clock i_clk
rise -> rise
    min     max
0.000000 0.000000 source latency
1.169203         network latency _35475_/CLK
        1.289316 network latency _36234_/CLK
---------------
1.169203 1.289316 latency
        0.120113 skew

fall -> fall
    min     max
0.000000 0.000000 source latency
1.223913         network latency _35475_/CLK
        1.345555 network latency _36234_/CLK
---------------
1.223913 1.345555 latency
        0.121641 skew



===========================================================================
report_clock_min_period
============================================================================
i_clk period_min = 26.31 fmax = 38.01
