Reading timing models for corner nom_tt_025C_3v30…
Reading timing library for the 'nom_tt_025C_3v30' corner at '/foss/pdks/gf180mcuD/libs.ref/gf180mcu_fd_sc_mcu7t5v0/lib/gf180mcu_fd_sc_mcu7t5v0__tt_025C_3v30.lib'…
Reading OpenROAD database at '/foss/designs/integration_final/runs/RUN_2026-09-03_14-22-02/32-openroad-repairdesignpostgpl/A37_A.odb'…
Reading design constraints file at '/foss/designs/integration_final/constraints_core.sdc'…
[INFO] No information on clock propagation in input SDC file-- propagating all clocks.
+ detailed_placement -max_displacement  500 100 
Placement Analysis
---------------------------------
total displacement          0.0 u
average displacement        0.0 u
max displacement            0.0 u
original HPWL         1130314.1 u
legalized HPWL        1147071.8 u
delta HPWL                    1 %

[INFO DPL-0020] Mirrored 8299 instances
[INFO DPL-0021] HPWL before          1147071.8 u
[INFO DPL-0022] HPWL after           1130314.1 u
[INFO DPL-0023] HPWL delta               -1.5 %
Setting global connections for newly added cells…
[INFO] Setting global connections...
[INFO ODB-0403] 0 connections made, 0 conflicts skipped.
Updating metrics…
Cell type report:                       Count       Area
  Endcap cell                             534    2344.47
  Tap cell                               7132   31312.33
  Tie cell                                 13     114.15
  Timing Repair Buffer                   3967   72454.77
  Inverter                               1078    9702.78
  Sequential cell                        1291   96878.57
  Multi-Input combinational cell        16560  319019.64
  Total                                 30575  531826.71
Writing OpenROAD database to '/foss/designs/integration_final/runs/RUN_2026-09-03_14-22-02/34-openroad-detailedplacement/A37_A.odb'…
Writing netlist to '/foss/designs/integration_final/runs/RUN_2026-09-03_14-22-02/34-openroad-detailedplacement/A37_A.nl.v'…
Writing powered netlist to '/foss/designs/integration_final/runs/RUN_2026-09-03_14-22-02/34-openroad-detailedplacement/A37_A.pnl.v'…
Writing layout to '/foss/designs/integration_final/runs/RUN_2026-09-03_14-22-02/34-openroad-detailedplacement/A37_A.def'…
Writing timing constraints to '/foss/designs/integration_final/runs/RUN_2026-09-03_14-22-02/34-openroad-detailedplacement/A37_A.sdc'…
