VCD info: dumpfile simulation_waves.vcd opened for output.
 Time:             81435000 | Sent Byte: 0x24 | Received byte: 0x24
 Time:            165288000 | Sent Byte: 0x09 | Received byte: 0x09
 Time:            252979000 | Sent Byte: 0x0d | Received byte: 0x0d
 Time:            340669000 | Sent Byte: 0x65 | Received byte: 0x65
 Time:            428907000 | Sent Byte: 0x01 | Received byte: 0x01
 Time:            517694000 | Sent Byte: 0x76 | Received byte: 0x76
 Time:            607028000 | Sent Byte: 0xed | Received byte: 0xed
 Time:            693622000 | Sent Byte: 0xf9 | Received byte: 0xf9
 Time:            780764000 | Sent Byte: 0xc5 | Received byte: 0xc5
 Time:            868454000 | Sent Byte: 0xe5 | Received byte: 0xe5
 Time:            956693000 | Sent Byte: 0x12 | Received byte: 0x12
 Time:           1045479000 | Sent Byte: 0xf2 | Received byte: 0xf2
 Time:           1134814000 | Sent Byte: 0xe8 | Received byte: 0xe8
 Time:           1221408000 | Sent Byte: 0xc5 | Received byte: 0xc5
 Time:           1308550000 | Sent Byte: 0xbd | Received byte: 0xbd
 Time:           1396240000 | Sent Byte: 0x65 | Received byte: 0x65
 Time:           1484478000 | Sent Byte: 0x0a | Received byte: 0x0a
 Time:           1573265000 | Sent Byte: 0x20 | Received byte: 0x20
 Time:           1662599000 | Sent Byte: 0x9d | Received byte: 0x9d
 Time:           1749193000 | Sent Byte: 0x13 | Received byte: 0x13
 Time:           1836335000 | Sent Byte: 0x53 | Received byte: 0x53
 Time:           1924026000 | Sent Byte: 0xd5 | Received byte: 0xd5
 Time:           2012264000 | Sent Byte: 0xae | Received byte: 0xae
 Time:           2101050000 | Sent Byte: 0xcf | Received byte: 0xcf
 Time:           2190385000 | Sent Byte: 0x0a | Received byte: 0x0a
 Time:           2276979000 | Sent Byte: 0x3c | Received byte: 0x3c
 Time:           2364121000 | Sent Byte: 0xf2 | Received byte: 0xf2
 Time:           2451811000 | Sent Byte: 0x41 | Received byte: 0x41
 Time:           2540050000 | Sent Byte: 0x78 | Received byte: 0x78
 Time:           2628836000 | Sent Byte: 0xeb | Received byte: 0xeb
 Time:           2718170000 | Sent Byte: 0xc6 | Received byte: 0xc6
 Time:           2804765000 | Sent Byte: 0xbc | Received byte: 0xbc
 Time:           2891907000 | Sent Byte: 0x0b | Received byte: 0x0b
 Time:           2979597000 | Sent Byte: 0x85 | Received byte: 0x85
 Time:           3067835000 | Sent Byte: 0x3b | Received byte: 0x3b
 Time:           3156622000 | Sent Byte: 0x7e | Received byte: 0x7e
 Time:           3245956000 | Sent Byte: 0xf1 | Received byte: 0xf1
 Time:           3332550000 | Sent Byte: 0x62 | Received byte: 0x62
 Time:           3419692000 | Sent Byte: 0x4c | Received byte: 0x4c
 Time:           3507383000 | Sent Byte: 0x8f | Received byte: 0x8f
 Time:           3595621000 | Sent Byte: 0xb7 | Received byte: 0xb7
 Time:           3684407000 | Sent Byte: 0x5c | Received byte: 0x5c
 Time:           3773742000 | Sent Byte: 0x89 | Received byte: 0x89
 Time:           3860336000 | Sent Byte: 0xd0 | Received byte: 0xd0
 Time:           3947478000 | Sent Byte: 0x51 | Received byte: 0x51
 Time:           4035168000 | Sent Byte: 0x0c | Received byte: 0x0c
 Time:           4123407000 | Sent Byte: 0xc8 | Received byte: 0xc8
 Time:           4212193000 | Sent Byte: 0x3d | Received byte: 0x3d
 Time:           4301527000 | Sent Byte: 0x7e | Received byte: 0x7e
 Time:           4388121000 | Sent Byte: 0x39 | Received byte: 0x39
 Time:           4475264000 | Sent Byte: 0xd3 | Received byte: 0xd3
 Time:           4562954000 | Sent Byte: 0x85 | Received byte: 0x85
 Time:           4651192000 | Sent Byte: 0x5b | Received byte: 0x5b
 Time:           4739979000 | Sent Byte: 0x3f | Received byte: 0x3f
 Time:           4829313000 | Sent Byte: 0x58 | Received byte: 0x58
 Time:           4915907000 | Sent Byte: 0x8e | Received byte: 0x8e
 Time:           5003049000 | Sent Byte: 0xfa | Received byte: 0xfa
 Time:           5090740000 | Sent Byte: 0x73 | Received byte: 0x73
 Time:           5178978000 | Sent Byte: 0x2f | Received byte: 0x2f
 Time:           5267764000 | Sent Byte: 0x5f | Received byte: 0x5f
 Time:           5357099000 | Sent Byte: 0xf7 | Received byte: 0xf7
 Time:           5443693000 | Sent Byte: 0xe6 | Received byte: 0xe6
 Time:           5530835000 | Sent Byte: 0x29 | Received byte: 0x29
 Time:           5618525000 | Sent Byte: 0xda | Received byte: 0xda
 Time:           5706763000 | Sent Byte: 0x65 | Received byte: 0x65
 Time:           5795550000 | Sent Byte: 0xdf | Received byte: 0xdf
 Time:           5884884000 | Sent Byte: 0x44 | Received byte: 0x44
 Time:           5971478000 | Sent Byte: 0x2a | Received byte: 0x2a
 Time:           6058621000 | Sent Byte: 0x0e | Received byte: 0x0e
 Time:           6146311000 | Sent Byte: 0x9a | Received byte: 0x9a
 Time:           6234549000 | Sent Byte: 0xc3 | Received byte: 0xc3
 Time:           6323335000 | Sent Byte: 0x4e | Received byte: 0x4e
 Time:           6412670000 | Sent Byte: 0x0a | Received byte: 0x0a
 Time:           6499264000 | Sent Byte: 0x38 | Received byte: 0x38
 Time:           6586406000 | Sent Byte: 0xb8 | Received byte: 0xb8
 Time:           6674096000 | Sent Byte: 0x93 | Received byte: 0x93
 Time:           6762335000 | Sent Byte: 0x04 | Received byte: 0x04
 Time:           6851121000 | Sent Byte: 0xdb | Received byte: 0xdb
 Time:           6940456000 | Sent Byte: 0xd9 | Received byte: 0xd9
 Time:           7027050000 | Sent Byte: 0x76 | Received byte: 0x76
 Time:           7114192000 | Sent Byte: 0xb6 | Received byte: 0xb6
 Time:           7201882000 | Sent Byte: 0x46 | Received byte: 0x46
 Time:           7290120000 | Sent Byte: 0xf7 | Received byte: 0xf7
 Time:           7378907000 | Sent Byte: 0xb4 | Received byte: 0xb4
 Time:           7468241000 | Sent Byte: 0x28 | Received byte: 0x28
 Time:           7554835000 | Sent Byte: 0xc7 | Received byte: 0xc7
 Time:           7641977000 | Sent Byte: 0x08 | Received byte: 0x08
 Time:           7729668000 | Sent Byte: 0xfd | Received byte: 0xfd
 Time:           7817906000 | Sent Byte: 0x1c | Received byte: 0x1c
 Time:           7906692000 | Sent Byte: 0x86 | Received byte: 0x86
 Time:           7996027000 | Sent Byte: 0x3d | Received byte: 0x3d
 Time:           8082621000 | Sent Byte: 0x70 | Received byte: 0x70
 Time:           8169763000 | Sent Byte: 0xba | Received byte: 0xba
 Time:           8257453000 | Sent Byte: 0xfa | Received byte: 0xfa
 Time:           8345692000 | Sent Byte: 0x1a | Received byte: 0x1a
 Time:           8434478000 | Sent Byte: 0x37 | Received byte: 0x37
 Time:           8523812000 | Sent Byte: 0xc0 | Received byte: 0xc0
 Time:           8610407000 | Sent Byte: 0xb6 | Received byte: 0xb6
 Time:           8697549000 | Sent Byte: 0xdc | Received byte: 0xdc
 Time:           8785239000 | Sent Byte: 0x78 | Received byte: 0x78
 Time:           8873477000 | Sent Byte: 0xdb | Received byte: 0xdb
 Time:           8962264000 | Sent Byte: 0x79 | Received byte: 0x79
 Time:           9051598000 | Sent Byte: 0xfa | Received byte: 0xfa
 Time:           9138192000 | Sent Byte: 0x17 | Received byte: 0x17
 Time:           9225334000 | Sent Byte: 0x86 | Received byte: 0x86
 Time:           9313025000 | Sent Byte: 0xf5 | Received byte: 0xf5
 Time:           9401263000 | Sent Byte: 0x29 | Received byte: 0x29
 Time:           9490049000 | Sent Byte: 0xc5 | Received byte: 0xc5
UART/uart_test.sv:88: $finish called at 9557292156 (1ps)
