Clock: i_clk
Sources: i_clk 
Generated: no
Virtual: yes
Propagated: no
Period: 100.000000

===========================================================================
report_clock_properties
============================================================================
Clock                   Period          Waveform
----------------------------------------------------
i_clk               100.000000    0.000000 50.000000

===========================================================================
report_clock_latency
============================================================================
Clock i_clk
rise -> rise
    min     max
0.000000 0.000000 source latency
0.028775         network latency _36345_/CLK
        0.515984 network latency _35708_/CLK
---------------
0.028775 0.515984 latency
        0.487209 skew

fall -> fall
    min     max
0.000000 0.000000 source latency
0.028773         network latency _36345_/CLK
        0.515985 network latency _35708_/CLK
---------------
0.028773 0.515985 latency
        0.487212 skew



===========================================================================
report_clock_min_period
============================================================================
i_clk period_min = 124.63 fmax = 8.02
