
===========================================================================
 report_power
============================================================================
======================= nom_tt_025C_3v30 Corner ===================================

Group                    Internal    Switching      Leakage        Total
                            Power        Power        Power        Power (Watts)
------------------------------------------------------------------------
Sequential           3.298094e-03 2.022431e-05 2.497165e-07 3.318568e-03  95.8%
Combinational        9.599679e-05 4.761132e-05 9.137682e-07 1.445219e-04   4.2%
Clock                0.000000e+00 0.000000e+00 1.669765e-07 1.669765e-07   0.0%
Macro                0.000000e+00 0.000000e+00 0.000000e+00 0.000000e+00   0.0%
Pad                  0.000000e+00 0.000000e+00 0.000000e+00 0.000000e+00   0.0%
------------------------------------------------------------------------
Total                3.394091e-03 6.783563e-05 1.330815e-06 3.463258e-03 100.0%
                            98.0%         2.0%         0.0%
Writing metric power__internal__total: 0.0033940912690013647
Writing metric power__switching__total: 6.783563003409654e-5
Writing metric power__leakage__total: 1.3308152801982942e-6
Writing metric power__total: 0.0034632578026503325

