
===========================================================================
Violator List
============================================================================
[setup reg-reg] _36341_/Q -> _35560_/D : -24.688107
[setup reg-reg] _36341_/Q -> _35561_/D : -24.265795
[setup reg-reg] _36341_/Q -> _35770_/D : -24.236898
[setup reg-reg] _36341_/Q -> _35771_/D : -24.233110
[setup reg-reg] _36341_/Q -> _35645_/D : -24.165886
[setup reg-reg] _36341_/Q -> _35644_/D : -24.150331
[setup reg-reg] _36341_/Q -> _35518_/D : -23.995256
[setup reg-reg] _36341_/Q -> _35519_/D : -23.976234
[setup reg-reg] _36341_/Q -> _35603_/D : -23.798479
[setup reg-reg] _36341_/Q -> _35602_/D : -23.797470
[setup reg-reg] _36341_/Q -> _35477_/D : -23.526150
[setup reg-reg] _36341_/Q -> _35476_/D : -23.492916
[setup reg-reg] _36341_/Q -> _35629_/D : -23.475033
[setup reg-reg] _36341_/Q -> _35758_/D : -23.419788
[setup reg-reg] _36341_/Q -> _35638_/D : -23.405975
[setup reg-reg] _36341_/Q -> _35600_/D : -23.395025
[setup reg-reg] _36341_/Q -> _35640_/D : -23.345699
[setup reg-reg] _36341_/Q -> _35550_/D : -23.345486
[setup reg-reg] _36341_/Q -> _35593_/D : -23.302498
[setup reg-reg] _36341_/Q -> _35592_/D : -23.297909
[setup reg-reg] _36341_/Q -> _35764_/D : -23.294945
[setup reg-reg] _36341_/Q -> _35766_/D : -23.282227
[setup reg-reg] _36341_/Q -> _35728_/D : -23.257059
[setup reg-reg] _36341_/Q -> _35729_/D : -23.231956
[setup reg-reg] _36341_/Q -> _35468_/D : -23.076225
[setup reg-reg] _36341_/Q -> _35687_/D : -23.022999
[setup reg-reg] _36341_/Q -> _35686_/D : -23.018517
[setup reg-reg] _36341_/Q -> _35675_/D : -23.014259
[setup reg-reg] _36341_/Q -> _35759_/D : -23.001093
[setup reg-reg] _36341_/Q -> _35469_/D : -22.981916
[setup reg-reg] _36341_/Q -> _35467_/D : -22.965189
[setup reg-reg] _36341_/Q -> _35769_/D : -22.958866
[setup reg-reg] _36341_/Q -> _35601_/D : -22.893198
[setup reg-reg] _36341_/Q -> _35727_/D : -22.822512
[setup reg-reg] _36341_/Q -> _35544_/D : -22.812544
[setup reg-reg] _36341_/Q -> _35722_/D : -22.757256
[setup reg-reg] _36341_/Q -> _35635_/D : -22.722816
[setup reg-reg] _36341_/Q -> _35555_/D : -22.712521
[setup reg-reg] _36341_/Q -> _35598_/D : -22.712002
[setup reg-reg] _36341_/Q -> _35595_/D : -22.704073
[setup reg-reg] _36341_/Q -> _35470_/D : -22.680332
[setup reg-reg] _36341_/Q -> _35724_/D : -22.669043
[setup reg-reg] _36341_/Q -> _35553_/D : -22.666569
[setup reg-reg] _36341_/Q -> _35723_/D : -22.665583
[setup reg-reg] _36341_/Q -> _35596_/D : -22.663351
[setup reg-reg] _36341_/Q -> _35551_/D : -22.658178
[setup reg-reg] _36341_/Q -> _35643_/D : -22.651300
[setup reg-reg] _36341_/Q -> _35765_/D : -22.646255
[setup reg-reg] _36341_/Q -> _35475_/D : -22.644373
[setup reg-reg] _36341_/Q -> _35559_/D : -22.643356
[setup reg-reg] _36341_/Q -> _35762_/D : -22.643023
[setup reg-reg] _36341_/Q -> _35719_/D : -22.625237
[setup reg-reg] _36341_/Q -> _35512_/D : -22.616035
[setup reg-reg] _36341_/Q -> _35718_/D : -22.539511
[setup reg-reg] _36341_/Q -> _35685_/D : -22.472656
[setup reg-reg] _36341_/Q -> _35508_/D : -22.433092
[setup reg-reg] _36341_/Q -> _35466_/D : -22.334625
[setup reg-reg] _36341_/Q -> _35472_/D : -22.295076
[setup reg-reg] _36341_/Q -> _35514_/D : -22.275053
[setup reg-reg] _36341_/Q -> _35510_/D : -22.268118
[setup reg-reg] _36341_/Q -> _35677_/D : -22.247896
[setup reg-reg] _36341_/Q -> _35682_/D : -22.232477
[setup reg-reg] _36341_/Q -> _35680_/D : -22.232237
[setup reg-reg] _36341_/Q -> _35517_/D : -22.217066
[setup reg-reg] _36341_/Q -> _36377_/D : -22.145075
[setup reg-reg] _36341_/Q -> _35634_/D : -4.169628
[setup reg-reg] _36341_/Q -> _35642_/D : -4.140986
[setup reg-reg] _36341_/Q -> _35631_/D : -4.123422
[setup reg-reg] _36341_/Q -> _35639_/D : -4.119123
[setup reg-reg] _36341_/Q -> _35589_/D : -4.116792
[setup reg-reg] _36341_/Q -> _35628_/D : -4.114369
[setup reg-reg] _36341_/Q -> _35594_/D : -4.090253
[setup reg-reg] _36341_/Q -> _35636_/D : -4.075680
[setup reg-reg] _36341_/Q -> _35637_/D : -4.075069
[setup reg-reg] _36341_/Q -> _35547_/D : -4.061498
[setup reg-reg] _36341_/Q -> _35597_/D : -4.061462
[setup reg-reg] _36341_/Q -> _35760_/D : -4.050669
[setup reg-reg] _36341_/Q -> _35761_/D : -4.048203
[setup reg-reg] _36341_/Q -> _35556_/D : -4.043699
[setup reg-reg] _36341_/Q -> _35552_/D : -4.043429
[setup reg-reg] _36341_/Q -> _35546_/D : -4.040608
[setup reg-reg] _36341_/Q -> _35554_/D : -4.039464
[setup reg-reg] _36341_/Q -> _35763_/D : -4.030191
[setup reg-reg] _36341_/Q -> _35721_/D : -4.006736
[setup reg-reg] _36341_/Q -> _35720_/D : -3.997386
[setup reg-reg] _36341_/Q -> _35717_/D : -3.992575
[setup reg-reg] _36341_/Q -> _35755_/D : -3.981818
[setup reg-reg] _36341_/Q -> _35633_/D : -3.979224
[setup reg-reg] _36341_/Q -> _35548_/D : -3.978492
[setup reg-reg] _36341_/Q -> _35756_/D : -3.975494
[setup reg-reg] _36341_/Q -> _35630_/D : -3.972232
[setup reg-reg] _36341_/Q -> _35641_/D : -3.969653
[setup reg-reg] _36341_/Q -> _35632_/D : -3.965582
[setup reg-reg] _36341_/Q -> _35757_/D : -3.963372
[setup reg-reg] _36341_/Q -> _35754_/D : -3.959229
[setup reg-reg] _36341_/Q -> _35591_/D : -3.957588
[setup reg-reg] _36341_/Q -> _35590_/D : -3.943171
[setup reg-reg] _36341_/Q -> _35545_/D : -3.938922
[setup reg-reg] _36341_/Q -> _35588_/D : -3.938588
[setup reg-reg] _36341_/Q -> _35557_/D : -3.934773
[setup reg-reg] _36341_/Q -> _35716_/D : -3.925557
[setup reg-reg] _36341_/Q -> _35549_/D : -3.924086
[setup reg-reg] _36341_/Q -> _35587_/D : -3.922850
[setup reg-reg] _36341_/Q -> _35599_/D : -3.922821
[setup reg-reg] _36341_/Q -> _35558_/D : -3.916370
[setup reg-reg] _36341_/Q -> _35586_/D : -3.912135
[setup reg-reg] _36341_/Q -> _35768_/D : -3.890342
[setup reg-reg] _36341_/Q -> _35767_/D : -3.888580
[setup reg-reg] _36341_/Q -> _35715_/D : -3.795321
[setup reg-reg] _36341_/Q -> _35712_/D : -3.793026
[setup reg-reg] _36341_/Q -> _35507_/D : -3.755368
[setup reg-reg] _36341_/Q -> _35504_/D : -3.738762
[setup reg-reg] _36341_/Q -> _35502_/D : -3.730619
[setup reg-reg] _36341_/Q -> _35506_/D : -3.727657
[setup reg-reg] _36341_/Q -> _35714_/D : -3.699761
[setup reg-reg] _36341_/Q -> _35503_/D : -3.684455
[setup reg-reg] _36341_/Q -> _35713_/D : -3.677286
[setup reg-reg] _36341_/Q -> _35460_/D : -3.665917
[setup reg-reg] _36341_/Q -> _35505_/D : -3.659288
[setup reg-reg] _36341_/Q -> _35511_/D : -3.654087
[setup reg-reg] _36341_/Q -> _35474_/D : -3.649767
[setup reg-reg] _36341_/Q -> _35471_/D : -3.638817
[setup reg-reg] _36341_/Q -> _35684_/D : -3.629730
[setup reg-reg] _36341_/Q -> _35463_/D : -3.628451
[setup reg-reg] _36341_/Q -> _35513_/D : -3.622219
[setup reg-reg] _36341_/Q -> _35515_/D : -3.609877
[setup reg-reg] _36341_/Q -> _35674_/D : -3.600441
[setup reg-reg] _36341_/Q -> _35681_/D : -3.597322
[setup reg-reg] _36341_/Q -> _35679_/D : -3.576751
[setup reg-reg] _36341_/Q -> _35671_/D : -3.576581
[setup reg-reg] _36341_/Q -> _35676_/D : -3.575906
[setup reg-reg] _36341_/Q -> _35670_/D : -3.573128
[setup reg-reg] _36341_/Q -> _35673_/D : -3.566988
[setup reg-reg] _36341_/Q -> _35678_/D : -3.560388
[setup reg-reg] _36341_/Q -> _35464_/D : -3.553978
[setup reg-reg] _36341_/Q -> _35465_/D : -3.546006
[setup reg-reg] _36341_/Q -> _35462_/D : -3.534503
[setup reg-reg] _36341_/Q -> _35473_/D : -3.522828
[setup reg-reg] _36341_/Q -> _35461_/D : -3.510735
[setup reg-reg] _36341_/Q -> _35516_/D : -3.505200
[setup reg-reg] _36341_/Q -> _35672_/D : -3.498705
[setup reg-reg] _36341_/Q -> _35726_/D : -3.497675
[setup reg-reg] _36341_/Q -> _35725_/D : -3.492680
[setup reg-reg] _36341_/Q -> _35683_/D : -3.487379
[setup reg-reg] _36341_/Q -> _35509_/D : -3.356029
Writing metric timing__hold_vio__count__corner:nom_tt_025C_3v30: 0
Writing metric timing__hold_r2r__ws__corner:nom_tt_025C_3v30: 0.738098
Writing metric timing__hold_r2r_vio__count__corner:nom_tt_025C_3v30: 0
Writing metric timing__setup_vio__count__corner:nom_tt_025C_3v30: 145
Writing metric timing__setup_r2r__ws__corner:nom_tt_025C_3v30: -24.688107
Writing metric timing__setup_r2r_vio__count__corner:nom_tt_025C_3v30: 145
