
===========================================================================
report_checks -unconstrained
===========================================================================
======================= nom_tt_025C_3v30 Corner ===================================

Startpoint: _36341_ (rising edge-triggered flip-flop clocked by i_clk)
Endpoint: _35636_ (recovery check against rising-edge clock i_clk)
Path Group: asynchronous
Path Type: max

Fanout         Cap        Slew       Delay        Time   Description
---------------------------------------------------------------------------------------------
                                  0.000000    0.000000   clock i_clk (rise edge)
                                  0.000000    0.000000   clock source latency
     1    0.129004    0.000000    0.000000    0.000000 ^ i_clk (in)
                                                         i_clk (net)
                      0.044093    0.018036    0.018036 ^ clkbuf_0_i_clk/I (gf180mcu_fd_sc_mcu7t5v0__clkbuf_16)
     4    0.185278    0.331183    0.431939    0.449975 ^ clkbuf_0_i_clk/Z (gf180mcu_fd_sc_mcu7t5v0__clkbuf_16)
                                                         clknet_0_i_clk (net)
                      0.331377    0.011133    0.461108 ^ clkbuf_2_0_0_i_clk/I (gf180mcu_fd_sc_mcu7t5v0__clkbuf_8)
     2    0.102581    0.356608    0.508065    0.969173 ^ clkbuf_2_0_0_i_clk/Z (gf180mcu_fd_sc_mcu7t5v0__clkbuf_8)
                                                         clknet_2_0_0_i_clk (net)
                      0.356632    0.004331    0.973505 ^ clkbuf_3_1__f_i_clk/I (gf180mcu_fd_sc_mcu7t5v0__clkbuf_16)
    12    0.285133    0.471647    0.589801    1.563306 ^ clkbuf_3_1__f_i_clk/Z (gf180mcu_fd_sc_mcu7t5v0__clkbuf_16)
                                                         clknet_3_1__leaf_i_clk (net)
                      0.472022    0.008858    1.572164 ^ clkbuf_leaf_82_i_clk/I (gf180mcu_fd_sc_mcu7t5v0__clkbuf_8)
    17    0.090501    0.327146    0.517774    2.089938 ^ clkbuf_leaf_82_i_clk/Z (gf180mcu_fd_sc_mcu7t5v0__clkbuf_8)
                                                         clknet_leaf_82_i_clk (net)
                      0.327149    0.001418    2.091355 ^ _36341_/CLK (gf180mcu_fd_sc_mcu7t5v0__dffrnq_4)
     2    0.020194    0.191492    1.217054    3.308409 v _36341_/Q (gf180mcu_fd_sc_mcu7t5v0__dffrnq_4)
                                                         u_integration_final.integration_inst.quant_ip_reset (net)
                      0.191493    0.000547    3.308957 v wire2600/I (gf180mcu_fd_sc_mcu7t5v0__buf_2)
     5    0.059710    0.407320    0.536226    3.845182 v wire2600/Z (gf180mcu_fd_sc_mcu7t5v0__buf_2)
                                                         net2600 (net)
                      0.407372    0.002565    3.847748 v max_length2599/I (gf180mcu_fd_sc_mcu7t5v0__buf_4)
     6    0.103329    0.358018    0.546584    4.394331 v max_length2599/Z (gf180mcu_fd_sc_mcu7t5v0__buf_4)
                                                         net2599 (net)
                      0.358305    0.005761    4.400093 v _17686_/I (gf180mcu_fd_sc_mcu7t5v0__inv_4)
     2    0.023896    0.224266    0.227919    4.628011 ^ _17686_/ZN (gf180mcu_fd_sc_mcu7t5v0__inv_4)
                                                         _10856_ (net)
                      0.224266    0.000239    4.628250 ^ max_length2476/I (gf180mcu_fd_sc_mcu7t5v0__buf_2)
     2    0.045712    0.577020    0.531588    5.159838 ^ max_length2476/Z (gf180mcu_fd_sc_mcu7t5v0__buf_2)
                                                         net2476 (net)
                      0.577045    0.002098    5.161936 ^ wire2475/I (gf180mcu_fd_sc_mcu7t5v0__buf_2)
     1    0.005020    0.130986    0.304697    5.466633 ^ wire2475/Z (gf180mcu_fd_sc_mcu7t5v0__buf_2)
                                                         net2475 (net)
                      0.130986    0.000048    5.466681 ^ wire4369/I (gf180mcu_fd_sc_mcu7t5v0__buf_2)
     3    0.066095    0.810875    0.648747    6.115427 ^ wire4369/Z (gf180mcu_fd_sc_mcu7t5v0__buf_2)
                                                         net4369 (net)
                      0.810903    0.002683    6.118110 ^ wire2474/I (gf180mcu_fd_sc_mcu7t5v0__buf_1)
     3    0.035300    0.885540    0.786477    6.904587 ^ wire2474/Z (gf180mcu_fd_sc_mcu7t5v0__buf_1)
                                                         net2474 (net)
                      0.885544    0.000960    6.905547 ^ wire2473/I (gf180mcu_fd_sc_mcu7t5v0__clkbuf_2)
     3    0.059966    0.740250    0.814033    7.719580 ^ wire2473/Z (gf180mcu_fd_sc_mcu7t5v0__clkbuf_2)
                                                         net2473 (net)
                      0.740256    0.001220    7.720800 ^ _17911_/A1 (gf180mcu_fd_sc_mcu7t5v0__nand2_4)
     3    0.033346    0.346094    0.268403    7.989203 v _17911_/ZN (gf180mcu_fd_sc_mcu7t5v0__nand2_4)
                                                         _11081_ (net)
                      0.346094    0.000046    7.989250 v max_length2041/I (gf180mcu_fd_sc_mcu7t5v0__clkbuf_1)
     1    0.023237    0.498617    0.571608    8.560857 v max_length2041/Z (gf180mcu_fd_sc_mcu7t5v0__clkbuf_1)
                                                         net2041 (net)
                      0.498625    0.001171    8.562028 v wire2040/I (gf180mcu_fd_sc_mcu7t5v0__buf_1)
     2    0.043991    0.590279    0.796235    9.358263 v wire2040/Z (gf180mcu_fd_sc_mcu7t5v0__buf_1)
                                                         net2040 (net)
                      0.590307    0.002304    9.360567 v wire2039/I (gf180mcu_fd_sc_mcu7t5v0__buf_2)
     2    0.010642    0.147439    0.449424    9.809991 v wire2039/Z (gf180mcu_fd_sc_mcu7t5v0__buf_2)
                                                         net2039 (net)
                      0.147439    0.000087    9.810078 v wire4216/I (gf180mcu_fd_sc_mcu7t5v0__buf_2)
     9    0.069757    0.466017    0.559408   10.369485 v wire4216/Z (gf180mcu_fd_sc_mcu7t5v0__buf_2)
                                                         net4216 (net)
                      0.466049    0.002204   10.371690 v max_length2038/I (gf180mcu_fd_sc_mcu7t5v0__buf_4)
    12    0.084424    0.307457    0.528928   10.900618 v max_length2038/Z (gf180mcu_fd_sc_mcu7t5v0__buf_4)
                                                         net2038 (net)
                      0.307526    0.002570   10.903188 v max_length2037/I (gf180mcu_fd_sc_mcu7t5v0__buf_4)
    15    0.107190    0.368118    0.525729   11.428917 v max_length2037/Z (gf180mcu_fd_sc_mcu7t5v0__buf_4)
                                                         net2037 (net)
                      0.368368    0.005442   11.434359 v max_length2018/I (gf180mcu_fd_sc_mcu7t5v0__buf_2)
    10    0.076309    0.502956    0.652483   12.086842 v max_length2018/Z (gf180mcu_fd_sc_mcu7t5v0__buf_2)
                                                         net2018 (net)
                      0.503169    0.005838   12.092679 v max_length2017/I (gf180mcu_fd_sc_mcu7t5v0__buf_2)
    10    0.082240    0.540182    0.717196   12.809875 v max_length2017/Z (gf180mcu_fd_sc_mcu7t5v0__buf_2)
                                                         net2017 (net)
                      0.540199    0.001727   12.811602 v max_length2016/I (gf180mcu_fd_sc_mcu7t5v0__buf_2)
     6    0.052010    0.368573    0.614825   13.426427 v max_length2016/Z (gf180mcu_fd_sc_mcu7t5v0__buf_2)
                                                         net2016 (net)
                      0.368620    0.002377   13.428803 v max_length2015/I (gf180mcu_fd_sc_mcu7t5v0__clkbuf_4)
    11    0.093520    0.534536    0.692515   14.121318 v max_length2015/Z (gf180mcu_fd_sc_mcu7t5v0__clkbuf_4)
                                                         net2015 (net)
                      0.534618    0.003727   14.125045 v wire2010/I (gf180mcu_fd_sc_mcu7t5v0__buf_3)
     1    0.005281    0.125265    0.456935   14.581980 v wire2010/Z (gf180mcu_fd_sc_mcu7t5v0__buf_3)
                                                         net2010 (net)
                      0.125265    0.000052   14.582032 v wire4142/I (gf180mcu_fd_sc_mcu7t5v0__buf_3)
    14    0.097587    0.456980    0.607564   15.189596 v wire4142/Z (gf180mcu_fd_sc_mcu7t5v0__buf_3)
                                                         net4142 (net)
                      0.457123    0.004480   15.194076 v wire2009/I (gf180mcu_fd_sc_mcu7t5v0__buf_2)
    11    0.077606    0.512984    0.685903   15.879979 v wire2009/Z (gf180mcu_fd_sc_mcu7t5v0__buf_2)
                                                         net2009 (net)
                      0.513037    0.002959   15.882938 v max_length2008/I (gf180mcu_fd_sc_mcu7t5v0__buf_2)
     3    0.029860    0.248532    0.517622   16.400560 v max_length2008/Z (gf180mcu_fd_sc_mcu7t5v0__buf_2)
                                                         net2008 (net)
                      0.248532    0.001204   16.401764 v wire2007/I (gf180mcu_fd_sc_mcu7t5v0__buf_2)
     6    0.057155    0.392503    0.545025   16.946789 v wire2007/Z (gf180mcu_fd_sc_mcu7t5v0__buf_2)
                                                         net2007 (net)
                      0.392548    0.002341   16.949131 v max_length2006/I (gf180mcu_fd_sc_mcu7t5v0__clkbuf_2)
     5    0.037868    0.425242    0.610102   17.559233 v max_length2006/Z (gf180mcu_fd_sc_mcu7t5v0__clkbuf_2)
                                                         net2006 (net)
                      0.425245    0.000629   17.559862 v _35138_/I (gf180mcu_fd_sc_mcu7t5v0__clkinv_1)
     1    0.008382    0.299341    0.282929   17.842791 ^ _35138_/ZN (gf180mcu_fd_sc_mcu7t5v0__clkinv_1)
                                                         _00397_ (net)
                      0.299341    0.000167   17.842958 ^ _35636_/RN (gf180mcu_fd_sc_mcu7t5v0__dffrnq_1)
                                             17.842958   data arrival time

                                100.000000  100.000000   clock i_clk (rise edge)
                                  0.000000  100.000000   clock source latency
     1    0.129004    0.000000    0.000000  100.000000 ^ i_clk (in)
                                                         i_clk (net)
                      0.044093    0.018034  100.018028 ^ clkbuf_0_i_clk/I (gf180mcu_fd_sc_mcu7t5v0__clkbuf_16)
     4    0.185278    0.331183    0.431939  100.449966 ^ clkbuf_0_i_clk/Z (gf180mcu_fd_sc_mcu7t5v0__clkbuf_16)
                                                         clknet_0_i_clk (net)
                      0.331277    0.008264  100.458237 ^ clkbuf_2_1_0_i_clk/I (gf180mcu_fd_sc_mcu7t5v0__clkbuf_8)
     2    0.085326    0.309668    0.478650  100.936882 ^ clkbuf_2_1_0_i_clk/Z (gf180mcu_fd_sc_mcu7t5v0__clkbuf_8)
                                                         clknet_2_1_0_i_clk (net)
                      0.309744    0.003844  100.940727 ^ clkbuf_3_3__f_i_clk/I (gf180mcu_fd_sc_mcu7t5v0__clkbuf_16)
     8    0.265129    0.438003    0.556071  101.496796 ^ clkbuf_3_3__f_i_clk/Z (gf180mcu_fd_sc_mcu7t5v0__clkbuf_16)
                                                         clknet_3_3__leaf_i_clk (net)
                      0.439923    0.016058  101.512856 ^ clkbuf_leaf_14_i_clk/I (gf180mcu_fd_sc_mcu7t5v0__clkbuf_8)
     8    0.110867    0.382592    0.545406  102.058258 ^ clkbuf_leaf_14_i_clk/Z (gf180mcu_fd_sc_mcu7t5v0__clkbuf_8)
                                                         clknet_leaf_14_i_clk (net)
                      0.382596    0.001982  102.060242 ^ _35636_/CLK (gf180mcu_fd_sc_mcu7t5v0__dffrnq_1)
                                 -0.500000  101.560242   clock uncertainty
                                  0.000000  101.560242   clock reconvergence pessimism
                                  0.409365  101.969604   library recovery time
                                            101.969604   data required time
---------------------------------------------------------------------------------------------
                                            101.969604   data required time
                                            -17.842958   data arrival time
---------------------------------------------------------------------------------------------
                                             84.126648   slack (MET)


Startpoint: _36275_ (rising edge-triggered flip-flop clocked by i_clk)
Endpoint: _36498_ (rising edge-triggered flip-flop clocked by i_clk)
Path Group: i_clk
Path Type: max

Fanout         Cap        Slew       Delay        Time   Description
---------------------------------------------------------------------------------------------
                                  0.000000    0.000000   clock i_clk (rise edge)
                                  0.000000    0.000000   clock source latency
     1    0.129004    0.000000    0.000000    0.000000 ^ i_clk (in)
                                                         i_clk (net)
                      0.044093    0.018036    0.018036 ^ clkbuf_0_i_clk/I (gf180mcu_fd_sc_mcu7t5v0__clkbuf_16)
     4    0.185278    0.331183    0.431939    0.449975 ^ clkbuf_0_i_clk/Z (gf180mcu_fd_sc_mcu7t5v0__clkbuf_16)
                                                         clknet_0_i_clk (net)
                      0.331247    0.006831    0.456806 ^ clkbuf_2_2_0_i_clk/I (gf180mcu_fd_sc_mcu7t5v0__clkbuf_8)
     2    0.078906    0.293080    0.466466    0.923272 ^ clkbuf_2_2_0_i_clk/Z (gf180mcu_fd_sc_mcu7t5v0__clkbuf_8)
                                                         clknet_2_2_0_i_clk (net)
                      0.293100    0.003632    0.926904 ^ clkbuf_3_4__f_i_clk/I (gf180mcu_fd_sc_mcu7t5v0__clkbuf_16)
    11    0.274301    0.456234    0.567921    1.494824 ^ clkbuf_3_4__f_i_clk/Z (gf180mcu_fd_sc_mcu7t5v0__clkbuf_16)
                                                         clknet_3_4__leaf_i_clk (net)
                      0.456379    0.005796    1.500621 ^ clkbuf_leaf_62_i_clk/I (gf180mcu_fd_sc_mcu7t5v0__clkbuf_8)
    11    0.086694    0.316459    0.507550    2.008170 ^ clkbuf_leaf_62_i_clk/Z (gf180mcu_fd_sc_mcu7t5v0__clkbuf_8)
                                                         clknet_leaf_62_i_clk (net)
                      0.316462    0.001537    2.009707 ^ _36275_/CLK (gf180mcu_fd_sc_mcu7t5v0__dffrnq_2)
     9    0.142891    1.710107    2.299361    4.309069 ^ _36275_/Q (gf180mcu_fd_sc_mcu7t5v0__dffrnq_2)
                                                         u_integration_final.integration_inst.reg_bank_inst.rows_a[0] (net)
                      1.710152    0.004966    4.314034 ^ _17689_/I (gf180mcu_fd_sc_mcu7t5v0__inv_2)
     7    0.107060    0.963194    0.778798    5.092832 v _17689_/ZN (gf180mcu_fd_sc_mcu7t5v0__inv_2)
                                                         _10859_ (net)
                      0.963196    0.001812    5.094645 v _25120_/A3 (gf180mcu_fd_sc_mcu7t5v0__nor4_4)
     2    0.041761    1.427010    1.155081    6.249725 ^ _25120_/ZN (gf180mcu_fd_sc_mcu7t5v0__nor4_4)
                                                         _01922_ (net)
                      1.427010    0.000225    6.249950 ^ max_length1736/I (gf180mcu_fd_sc_mcu7t5v0__clkbuf_1)
     1    0.027343    0.696363    0.732893    6.982844 ^ max_length1736/Z (gf180mcu_fd_sc_mcu7t5v0__clkbuf_1)
                                                         net1736 (net)
                      0.696373    0.001418    6.984262 ^ wire4441/I (gf180mcu_fd_sc_mcu7t5v0__dlyb_1)
     1    0.021974    0.600528    1.628615    8.612877 ^ wire4441/Z (gf180mcu_fd_sc_mcu7t5v0__dlyb_1)
                                                         net4441 (net)
                      0.600528    0.001043    8.613919 ^ wire1735/I (gf180mcu_fd_sc_mcu7t5v0__clkbuf_1)
     1    0.031490    0.788242    0.723049    9.336968 ^ wire1735/Z (gf180mcu_fd_sc_mcu7t5v0__clkbuf_1)
                                                         net1735 (net)
                      0.788259    0.002055    9.339024 ^ wire1734/I (gf180mcu_fd_sc_mcu7t5v0__buf_2)
     8    0.083921    1.015860    0.853316   10.192340 ^ wire1734/Z (gf180mcu_fd_sc_mcu7t5v0__buf_2)
                                                         net1734 (net)
                      1.015943    0.005175   10.197515 ^ max_length1733/I (gf180mcu_fd_sc_mcu7t5v0__buf_2)
     8    0.071978    0.879675    0.785551   10.983067 ^ max_length1733/Z (gf180mcu_fd_sc_mcu7t5v0__buf_2)
                                                         net1733 (net)
                      0.879717    0.003408   10.986474 ^ _26617_/B1 (gf180mcu_fd_sc_mcu7t5v0__aoi221_1)
     1    0.022510    0.858215    0.715090   11.701565 v _26617_/ZN (gf180mcu_fd_sc_mcu7t5v0__aoi221_1)
                                                         _03375_ (net)
                      0.858215    0.001029   11.702594 v _26618_/B (gf180mcu_fd_sc_mcu7t5v0__oai21_1)
     1    0.006542    0.530286    0.534561   12.237155 ^ _26618_/ZN (gf180mcu_fd_sc_mcu7t5v0__oai21_1)
                                                         _03376_ (net)
                      0.530286    0.000136   12.237290 ^ _26620_/B1 (gf180mcu_fd_sc_mcu7t5v0__aoi22_1)
     1    0.018382    0.594004    0.487683   12.724974 v _26620_/ZN (gf180mcu_fd_sc_mcu7t5v0__aoi22_1)
                                                         _03378_ (net)
                      0.594004    0.000194   12.725167 v _26622_/B1 (gf180mcu_fd_sc_mcu7t5v0__aoi221_4)
     1    0.031750    1.250499    0.965514   13.690681 ^ _26622_/ZN (gf180mcu_fd_sc_mcu7t5v0__aoi221_4)
                                                         _03380_ (net)
                      1.250500    0.001847   13.692528 ^ wire828/I (gf180mcu_fd_sc_mcu7t5v0__clkbuf_1)
     1    0.024540    0.632912    0.685462   14.377990 ^ wire828/Z (gf180mcu_fd_sc_mcu7t5v0__clkbuf_1)
                                                         net828 (net)
                      0.632920    0.001263   14.379252 ^ wire827/I (gf180mcu_fd_sc_mcu7t5v0__buf_2)
     1    0.023804    0.330527    0.440633   14.819886 ^ wire827/Z (gf180mcu_fd_sc_mcu7t5v0__buf_2)
                                                         net827 (net)
                      0.330529    0.001153   14.821039 ^ wire4180/I (gf180mcu_fd_sc_mcu7t5v0__dlyb_1)
     1    0.023764    0.639208    1.620522   16.441561 ^ wire4180/Z (gf180mcu_fd_sc_mcu7t5v0__dlyb_1)
                                                         net4180 (net)
                      0.639208    0.001089   16.442650 ^ wire826/I (gf180mcu_fd_sc_mcu7t5v0__buf_2)
     3    0.038704    0.499766    0.541062   16.983713 ^ wire826/Z (gf180mcu_fd_sc_mcu7t5v0__buf_2)
                                                         net826 (net)
                      0.499800    0.002290   16.986002 ^ wire823/I (gf180mcu_fd_sc_mcu7t5v0__buf_2)
     9    0.068215    0.835706    0.721935   17.707937 ^ wire823/Z (gf180mcu_fd_sc_mcu7t5v0__buf_2)
                                                         net823 (net)
                      0.835786    0.004569   17.712505 ^ wire822/I (gf180mcu_fd_sc_mcu7t5v0__clkbuf_2)
     6    0.051314    0.643353    0.751001   18.463507 ^ wire822/Z (gf180mcu_fd_sc_mcu7t5v0__clkbuf_2)
                                                         net822 (net)
                      0.643353    0.000558   18.464064 ^ _26976_/A2 (gf180mcu_fd_sc_mcu7t5v0__nand2_1)
     3    0.020824    0.553341    0.405469   18.869534 v _26976_/ZN (gf180mcu_fd_sc_mcu7t5v0__nand2_1)
                                                         _03728_ (net)
                      0.553341    0.000494   18.870028 v _26978_/A3 (gf180mcu_fd_sc_mcu7t5v0__xnor3_1)
     2    0.013205    0.589124    0.740091   19.610119 v _26978_/ZN (gf180mcu_fd_sc_mcu7t5v0__xnor3_1)
                                                         _03730_ (net)
                      0.589124    0.000142   19.610260 v _26980_/A2 (gf180mcu_fd_sc_mcu7t5v0__xor2_1)
     2    0.013145    0.659587    0.876048   20.486309 v _26980_/Z (gf180mcu_fd_sc_mcu7t5v0__xor2_1)
                                                         _03732_ (net)
                      0.659587    0.000121   20.486429 v _26982_/A2 (gf180mcu_fd_sc_mcu7t5v0__xor2_1)
     2    0.015284    0.564038    0.922197   21.408627 v _26982_/Z (gf180mcu_fd_sc_mcu7t5v0__xor2_1)
                                                         _03734_ (net)
                      0.564038    0.000197   21.408823 v _26984_/A2 (gf180mcu_fd_sc_mcu7t5v0__xor2_1)
     2    0.013713    0.472848    0.873600   22.282423 v _26984_/Z (gf180mcu_fd_sc_mcu7t5v0__xor2_1)
                                                         _03736_ (net)
                      0.472848    0.000258   22.282681 v _26986_/A2 (gf180mcu_fd_sc_mcu7t5v0__xor2_1)
     2    0.016422    0.549744    0.869688   23.152370 v _26986_/Z (gf180mcu_fd_sc_mcu7t5v0__xor2_1)
                                                         _03738_ (net)
                      0.549744    0.000385   23.152756 v _26988_/A2 (gf180mcu_fd_sc_mcu7t5v0__xor2_1)
     2    0.019637    0.568924    0.925301   24.078056 v _26988_/Z (gf180mcu_fd_sc_mcu7t5v0__xor2_1)
                                                         _03740_ (net)
                      0.568924    0.000615   24.078671 v _27012_/A1 (gf180mcu_fd_sc_mcu7t5v0__xnor2_1)
     3    0.020215    0.657951    0.836016   24.914686 v _27012_/ZN (gf180mcu_fd_sc_mcu7t5v0__xnor2_1)
                                                         _03764_ (net)
                      0.657951    0.000309   24.914995 v _27019_/A2 (gf180mcu_fd_sc_mcu7t5v0__xnor3_1)
     2    0.015082    0.616323    1.572563   26.487558 v _27019_/ZN (gf180mcu_fd_sc_mcu7t5v0__xnor3_1)
                                                         _03771_ (net)
                      0.616323    0.000188   26.487745 v _27020_/A2 (gf180mcu_fd_sc_mcu7t5v0__xor2_1)
     2    0.013193    0.504422    0.885718   27.373465 v _27020_/Z (gf180mcu_fd_sc_mcu7t5v0__xor2_1)
                                                         _03772_ (net)
                      0.504422    0.000105   27.373569 v _27022_/A2 (gf180mcu_fd_sc_mcu7t5v0__xor2_1)
     2    0.015190    0.655381    0.868974   28.242544 v _27022_/Z (gf180mcu_fd_sc_mcu7t5v0__xor2_1)
                                                         _03774_ (net)
                      0.655381    0.000332   28.242876 v _27024_/A2 (gf180mcu_fd_sc_mcu7t5v0__xnor2_1)
     2    0.012561    0.536183    0.712808   28.955683 v _27024_/ZN (gf180mcu_fd_sc_mcu7t5v0__xnor2_1)
                                                         _03776_ (net)
                      0.536183    0.000108   28.955791 v _27028_/A2 (gf180mcu_fd_sc_mcu7t5v0__oai31_1)
     2    0.016605    1.714763    1.182071   30.137863 ^ _27028_/ZN (gf180mcu_fd_sc_mcu7t5v0__oai31_1)
                                                         _03779_ (net)
                      1.714763    0.000451   30.138313 ^ _27105_/A1 (gf180mcu_fd_sc_mcu7t5v0__aoi21_1)
     2    0.013705    0.654838    0.418211   30.556526 v _27105_/ZN (gf180mcu_fd_sc_mcu7t5v0__aoi21_1)
                                                         _03855_ (net)
                      0.654838    0.000163   30.556688 v _27190_/A1 (gf180mcu_fd_sc_mcu7t5v0__oai21_1)
     2    0.015331    0.899468    0.716547   31.273235 ^ _27190_/ZN (gf180mcu_fd_sc_mcu7t5v0__oai21_1)
                                                         _03939_ (net)
                      0.899468    0.000171   31.273407 ^ _27283_/A1 (gf180mcu_fd_sc_mcu7t5v0__aoi21_1)
     3    0.027665    0.701852    0.577501   31.850906 v _27283_/ZN (gf180mcu_fd_sc_mcu7t5v0__aoi21_1)
                                                         _04031_ (net)
                      0.701852    0.000444   31.851351 v _27484_/A1 (gf180mcu_fd_sc_mcu7t5v0__oai31_2)
     3    0.027091    1.422454    1.016982   32.868332 ^ _27484_/ZN (gf180mcu_fd_sc_mcu7t5v0__oai31_2)
                                                         _04230_ (net)
                      1.422454    0.000874   32.869205 ^ _27699_/A1 (gf180mcu_fd_sc_mcu7t5v0__nand3_1)
     2    0.012180    0.669483    0.487848   33.357056 v _27699_/ZN (gf180mcu_fd_sc_mcu7t5v0__nand3_1)
                                                         _04443_ (net)
                      0.669483    0.000249   33.357304 v _27943_/A1 (gf180mcu_fd_sc_mcu7t5v0__aoi211_1)
     2    0.018719    1.689404    1.065828   34.423134 ^ _27943_/ZN (gf180mcu_fd_sc_mcu7t5v0__aoi211_1)
                                                         _04685_ (net)
                      1.689404    0.000558   34.423691 ^ _28199_/A1 (gf180mcu_fd_sc_mcu7t5v0__oai211_1)
     1    0.013629    0.782411    0.561055   34.984745 v _28199_/ZN (gf180mcu_fd_sc_mcu7t5v0__oai211_1)
                                                         _04939_ (net)
                      0.782411    0.000458   34.985203 v wire4050/I (gf180mcu_fd_sc_mcu7t5v0__dlyb_1)
     2    0.019447    0.468121    1.887653   36.872856 v wire4050/Z (gf180mcu_fd_sc_mcu7t5v0__dlyb_1)
                                                         net4050 (net)
                      0.468121    0.000618   36.873474 v _28314_/A1 (gf180mcu_fd_sc_mcu7t5v0__aoi21_1)
     3    0.028702    1.566535    0.985743   37.859219 ^ _28314_/ZN (gf180mcu_fd_sc_mcu7t5v0__aoi21_1)
                                                         _05054_ (net)
                      1.566535    0.000330   37.859547 ^ _28536_/B3 (gf180mcu_fd_sc_mcu7t5v0__oai33_4)
     3    0.029785    0.655943    0.489379   38.348927 v _28536_/ZN (gf180mcu_fd_sc_mcu7t5v0__oai33_4)
                                                         _05274_ (net)
                      0.655943    0.001094   38.350021 v _28741_/A2 (gf180mcu_fd_sc_mcu7t5v0__oai211_1)
     2    0.013350    0.882015    0.688463   39.038483 ^ _28741_/ZN (gf180mcu_fd_sc_mcu7t5v0__oai211_1)
                                                         _05477_ (net)
                      0.882015    0.000206   39.038689 ^ _28743_/A3 (gf180mcu_fd_sc_mcu7t5v0__nand3_1)
     2    0.014751    0.632113    0.430205   39.468895 v _28743_/ZN (gf180mcu_fd_sc_mcu7t5v0__nand3_1)
                                                         _05479_ (net)
                      0.632113    0.000409   39.469303 v _28839_/A2 (gf180mcu_fd_sc_mcu7t5v0__aoi21_1)
     3    0.016310    1.009715    0.769891   40.239193 ^ _28839_/ZN (gf180mcu_fd_sc_mcu7t5v0__aoi21_1)
                                                         _05574_ (net)
                      1.009715    0.000259   40.239452 ^ _28924_/A2 (gf180mcu_fd_sc_mcu7t5v0__oai21_1)
     2    0.009688    0.472295    0.366448   40.605904 v _28924_/ZN (gf180mcu_fd_sc_mcu7t5v0__oai21_1)
                                                         _05658_ (net)
                      0.472295    0.000103   40.606007 v _29010_/A2 (gf180mcu_fd_sc_mcu7t5v0__aoi21_1)
     3    0.019876    1.138349    0.812172   41.418179 ^ _29010_/ZN (gf180mcu_fd_sc_mcu7t5v0__aoi21_1)
                                                         _05743_ (net)
                      1.138349    0.000544   41.418720 ^ _29092_/A2 (gf180mcu_fd_sc_mcu7t5v0__oai21_1)
     4    0.031943    0.868230    0.709544   42.128265 v _29092_/ZN (gf180mcu_fd_sc_mcu7t5v0__oai21_1)
                                                         _05824_ (net)
                      0.868230    0.001187   42.129452 v _29301_/A1 (gf180mcu_fd_sc_mcu7t5v0__aoi211_1)
     2    0.020287    1.789133    1.184173   43.313625 ^ _29301_/ZN (gf180mcu_fd_sc_mcu7t5v0__aoi211_1)
                                                         _06030_ (net)
                      1.789133    0.000718   43.314342 ^ _29419_/A1 (gf180mcu_fd_sc_mcu7t5v0__oai21_1)
     2    0.015165    0.692424    0.458325   43.772667 v _29419_/ZN (gf180mcu_fd_sc_mcu7t5v0__oai21_1)
                                                         _06145_ (net)
                      0.692424    0.000320   43.772987 v _29510_/A1 (gf180mcu_fd_sc_mcu7t5v0__aoi21_1)
     1    0.005621    0.540614    0.462766   44.235752 ^ _29510_/ZN (gf180mcu_fd_sc_mcu7t5v0__aoi21_1)
                                                         _06234_ (net)
                      0.540614    0.000110   44.235863 ^ _29511_/B1 (gf180mcu_fd_sc_mcu7t5v0__aoi221_1)
     2    0.018809    0.817749    0.591267   44.827129 v _29511_/ZN (gf180mcu_fd_sc_mcu7t5v0__aoi221_1)
                                                         _06235_ (net)
                      0.817749    0.000377   44.827507 v _29551_/B2 (gf180mcu_fd_sc_mcu7t5v0__oai32_2)
     3    0.019853    1.658974    0.663945   45.491451 ^ _29551_/ZN (gf180mcu_fd_sc_mcu7t5v0__oai32_2)
                                                         _06274_ (net)
                      1.658974    0.000281   45.491734 ^ _29613_/B2 (gf180mcu_fd_sc_mcu7t5v0__oai221_1)
     2    0.011905    0.749127    0.609653   46.101387 v _29613_/ZN (gf180mcu_fd_sc_mcu7t5v0__oai221_1)
                                                         _06335_ (net)
                      0.749127    0.000142   46.101528 v _29656_/A1 (gf180mcu_fd_sc_mcu7t5v0__aoi211_1)
     2    0.009435    1.117756    0.744748   46.846275 ^ _29656_/ZN (gf180mcu_fd_sc_mcu7t5v0__aoi211_1)
                                                         _06376_ (net)
                      1.117756    0.000089   46.846363 ^ _29661_/A2 (gf180mcu_fd_sc_mcu7t5v0__oai21_1)
     3    0.020885    0.683791    0.552049   47.398415 v _29661_/ZN (gf180mcu_fd_sc_mcu7t5v0__oai21_1)
                                                         _06380_ (net)
                      0.683791    0.000540   47.398952 v _29665_/A2 (gf180mcu_fd_sc_mcu7t5v0__xor2_1)
     1    0.003909    0.320763    0.804736   48.203690 v _29665_/Z (gf180mcu_fd_sc_mcu7t5v0__xor2_1)
                                                         _00146_ (net)
                      0.320763    0.000075   48.203766 v _36498_/D (gf180mcu_fd_sc_mcu7t5v0__dffrnq_1)
                                             48.203766   data arrival time

                                100.000000  100.000000   clock i_clk (rise edge)
                                  0.000000  100.000000   clock source latency
     1    0.129004    0.000000    0.000000  100.000000 ^ i_clk (in)
                                                         i_clk (net)
                      0.044093    0.018034  100.018028 ^ clkbuf_0_i_clk/I (gf180mcu_fd_sc_mcu7t5v0__clkbuf_16)
     4    0.185278    0.331183    0.431939  100.449966 ^ clkbuf_0_i_clk/Z (gf180mcu_fd_sc_mcu7t5v0__clkbuf_16)
                                                         clknet_0_i_clk (net)
                      0.331247    0.006835  100.456802 ^ clkbuf_2_2_0_i_clk/I (gf180mcu_fd_sc_mcu7t5v0__clkbuf_8)
     2    0.078906    0.293080    0.466464  100.923271 ^ clkbuf_2_2_0_i_clk/Z (gf180mcu_fd_sc_mcu7t5v0__clkbuf_8)
                                                         clknet_2_2_0_i_clk (net)
                      0.293100    0.003624  100.926895 ^ clkbuf_3_5__f_i_clk/I (gf180mcu_fd_sc_mcu7t5v0__clkbuf_16)
    14    0.329150    0.532267    0.611912  101.538803 ^ clkbuf_3_5__f_i_clk/Z (gf180mcu_fd_sc_mcu7t5v0__clkbuf_16)
                                                         clknet_3_5__leaf_i_clk (net)
                      0.532372    0.003411  101.542213 ^ clkbuf_leaf_64_i_clk/I (gf180mcu_fd_sc_mcu7t5v0__clkbuf_8)
    14    0.088439    0.322042    0.525894  102.068108 ^ clkbuf_leaf_64_i_clk/Z (gf180mcu_fd_sc_mcu7t5v0__clkbuf_8)
                                                         clknet_leaf_64_i_clk (net)
                      0.322047    0.001180  102.069290 ^ _36498_/CLK (gf180mcu_fd_sc_mcu7t5v0__dffrnq_1)
                                 -0.500000  101.569290   clock uncertainty
                                  0.000000  101.569290   clock reconvergence pessimism
                                 -0.225212  101.344070   library setup time
                                            101.344070   data required time
---------------------------------------------------------------------------------------------
                                            101.344070   data required time
                                            -48.203766   data arrival time
---------------------------------------------------------------------------------------------
                                             53.140308   slack (MET)




===========================================================================
report_checks --slack_max -0.01
============================================================================
======================= nom_tt_025C_3v30 Corner ===================================

No paths found.


===========================================================================
 report_check_types -max_slew -max_cap -max_fanout -violators
============================================================================
======================= nom_tt_025C_3v30 Corner ===================================



===========================================================================
report_parasitic_annotation -report_unannotated
============================================================================
Found 91 unannotated drivers.
 clkload0/ZN
 clkload1/ZN
 clkload10/ZN
 clkload11/Z
 clkload12/ZN
 clkload13/Z
 clkload14/ZN
 clkload15/ZN
 clkload16/ZN
 clkload17/Z
 clkload18/ZN
 clkload19/Z
 clkload2/Z
 clkload20/ZN
 clkload21/ZN
 clkload22/ZN
 clkload23/ZN
 clkload24/ZN
 clkload25/Z
 clkload26/ZN
 clkload27/ZN
 clkload28/Z
 clkload29/ZN
 clkload3/ZN
 clkload30/ZN
 clkload31/ZN
 clkload32/Z
 clkload33/ZN
 clkload34/ZN
 clkload35/ZN
 clkload36/ZN
 clkload37/ZN
 clkload38/ZN
 clkload39/ZN
 clkload4/Z
 clkload40/ZN
 clkload41/ZN
 clkload42/ZN
 clkload43/ZN
 clkload44/Z
 clkload45/Z
 clkload46/ZN
 clkload47/ZN
 clkload48/Z
 clkload49/Z
 clkload5/Z
 clkload50/ZN
 clkload51/ZN
 clkload52/ZN
 clkload53/Z
 clkload54/ZN
 clkload55/Z
 clkload56/Z
 clkload57/ZN
 clkload58/ZN
 clkload59/ZN
 clkload6/Z
 clkload60/ZN
 clkload61/ZN
 clkload62/Z
 clkload63/Z
 clkload64/Z
 clkload65/ZN
 clkload66/Z
 clkload67/ZN
 clkload68/ZN
 clkload69/Z
 clkload7/ZN
 clkload70/Z
 clkload71/ZN
 clkload72/ZN
 clkload73/ZN
 clkload74/ZN
 clkload75/Z
 clkload76/ZN
 clkload77/Z
 clkload78/Z
 clkload79/Z
 clkload8/ZN
 clkload80/Z
 clkload81/Z
 clkload82/Z
 clkload83/Z
 clkload84/Z
 clkload85/Z
 clkload86/Z
 clkload87/ZN
 clkload88/ZN
 clkload89/ZN
 clkload9/ZN
 clkload90/ZN
Found 0 partially unannotated drivers.

===========================================================================
max slew violation count 0
max fanout violation count 0
max cap violation count 0
============================================================================

===========================================================================
check_setup -verbose -unconstrained_endpoints -multiple_clock -no_clock -no_input_delay -loops -generated_clocks
===========================================================================
Warning: There is 1 input port missing set_input_delay.
  o_uart_tx_IN
Warning: There are 2 unconstrained endpoints.
  o_uart_tx_CS
  _36343_/D
