Clock: i_clk
Sources: i_clk 
Generated: no
Virtual: yes
Propagated: no
Period: 100.000000

===========================================================================
report_clock_properties
============================================================================
Clock                   Period          Waveform
----------------------------------------------------
i_clk               100.000000    0.000000 50.000000

===========================================================================
report_clock_latency
============================================================================
Clock i_clk
rise -> rise
    min     max
0.000000 0.000000 source latency
2.021080         network latency _35425_/CLK
        2.237808 network latency _35769_/CLK
---------------
2.021080 2.237808 latency
        0.216728 skew

fall -> fall
    min     max
0.000000 0.000000 source latency
2.130335         network latency _35425_/CLK
        2.344770 network latency _35769_/CLK
---------------
2.130335 2.344770 latency
        0.214435 skew



===========================================================================
report_clock_min_period
============================================================================
i_clk period_min = 45.99 fmax = 21.74
