[WARNING ORD-0039] .openroad ignored with -python
Unannotated report:
['report_parasitic_annotation -report_unannotated\n',
 '============================================================================\n',
 'Found 90 unannotated drivers.\n',
 ' clkload0/ZN\n',
 ' clkload1/ZN\n',
 ' clkload10/ZN\n',
 ' clkload11/ZN\n',
 ' clkload12/ZN\n',
 ' clkload13/ZN\n',
 ' clkload14/ZN\n',
 ' clkload15/ZN\n',
 ' clkload16/Z\n',
 ' clkload17/Z\n',
 ' clkload18/Z\n',
 ' clkload19/ZN\n',
 ' clkload2/Z\n',
 ' clkload20/ZN\n',
 ' clkload21/ZN\n',
 ' clkload22/ZN\n',
 ' clkload23/Z\n',
 ' clkload24/ZN\n',
 ' clkload25/ZN\n',
 ' clkload26/ZN\n',
 ' clkload27/ZN\n',
 ' clkload28/ZN\n',
 ' clkload29/ZN\n',
 ' clkload3/ZN\n',
 ' clkload30/ZN\n',
 ' clkload31/ZN\n',
 ' clkload32/ZN\n',
 ' clkload33/ZN\n',
 ' clkload34/Z\n',
 ' clkload35/ZN\n',
 ' clkload36/ZN\n',
 ' clkload37/ZN\n',
 ' clkload38/Z\n',
 ' clkload39/ZN\n',
 ' clkload4/Z\n',
 ' clkload40/Z\n',
 ' clkload41/ZN\n',
 ' clkload42/ZN\n',
 ' clkload43/ZN\n',
 ' clkload44/Z\n',
 ' clkload45/ZN\n',
 ' clkload46/ZN\n',
 ' clkload47/Z\n',
 ' clkload48/Z\n',
 ' clkload49/ZN\n',
 ' clkload5/Z\n',
 ' clkload50/ZN\n',
 ' clkload51/Z\n',
 ' clkload52/Z\n',
 ' clkload53/ZN\n',
 ' clkload54/Z\n',
 ' clkload55/ZN\n',
 ' clkload56/ZN\n',
 ' clkload57/ZN\n',
 ' clkload58/ZN\n',
 ' clkload59/ZN\n',
 ' clkload6/Z\n',
 ' clkload60/ZN\n',
 ' clkload61/ZN\n',
 ' clkload62/ZN\n',
 ' clkload63/ZN\n',
 ' clkload64/Z\n',
 ' clkload65/Z\n',
 ' clkload66/Z\n',
 ' clkload67/Z\n',
 ' clkload68/ZN\n',
 ' clkload69/Z\n',
 ' clkload7/ZN\n',
 ' clkload70/Z\n',
 ' clkload71/Z\n',
 ' clkload72/ZN\n',
 ' clkload73/ZN\n',
 ' clkload74/ZN\n',
 ' clkload75/Z\n',
 ' clkload76/ZN\n',
 ' clkload77/ZN\n',
 ' clkload78/Z\n',
 ' clkload79/Z\n',
 ' clkload8/Z\n',
 ' clkload80/Z\n',
 ' clkload81/Z\n',
 ' clkload82/ZN\n',
 ' clkload83/Z\n',
 ' clkload84/Z\n',
 ' clkload85/ZN\n',
 ' clkload86/Z\n',
 ' clkload87/Z\n',
 ' clkload88/ZN\n',
 ' clkload89/Z\n',
 ' clkload9/Z\n',
 'Found 0 partially unannotated drivers.\n',
 '\n']
Reported nets:
['clkload0/ZN',
 'clkload1/ZN',
 'clkload10/ZN',
 'clkload11/ZN',
 'clkload12/ZN',
 'clkload13/ZN',
 'clkload14/ZN',
 'clkload15/ZN',
 'clkload16/Z',
 'clkload17/Z',
 'clkload18/Z',
 'clkload19/ZN',
 'clkload2/Z',
 'clkload20/ZN',
 'clkload21/ZN',
 'clkload22/ZN',
 'clkload23/Z',
 'clkload24/ZN',
 'clkload25/ZN',
 'clkload26/ZN',
 'clkload27/ZN',
 'clkload28/ZN',
 'clkload29/ZN',
 'clkload3/ZN',
 'clkload30/ZN',
 'clkload31/ZN',
 'clkload32/ZN',
 'clkload33/ZN',
 'clkload34/Z',
 'clkload35/ZN',
 'clkload36/ZN',
 'clkload37/ZN',
 'clkload38/Z',
 'clkload39/ZN',
 'clkload4/Z',
 'clkload40/Z',
 'clkload41/ZN',
 'clkload42/ZN',
 'clkload43/ZN',
 'clkload44/Z',
 'clkload45/ZN',
 'clkload46/ZN',
 'clkload47/Z',
 'clkload48/Z',
 'clkload49/ZN',
 'clkload5/Z',
 'clkload50/ZN',
 'clkload51/Z',
 'clkload52/Z',
 'clkload53/ZN',
 'clkload54/Z',
 'clkload55/ZN',
 'clkload56/ZN',
 'clkload57/ZN',
 'clkload58/ZN',
 'clkload59/ZN',
 'clkload6/Z',
 'clkload60/ZN',
 'clkload61/ZN',
 'clkload62/ZN',
 'clkload63/ZN',
 'clkload64/Z',
 'clkload65/Z',
 'clkload66/Z',
 'clkload67/Z',
 'clkload68/ZN',
 'clkload69/Z',
 'clkload7/ZN',
 'clkload70/Z',
 'clkload71/Z',
 'clkload72/ZN',
 'clkload73/ZN',
 'clkload74/ZN',
 'clkload75/Z',
 'clkload76/ZN',
 'clkload77/ZN',
 'clkload78/Z',
 'clkload79/Z',
 'clkload8/Z',
 'clkload80/Z',
 'clkload81/Z',
 'clkload82/ZN',
 'clkload83/Z',
 'clkload84/Z',
 'clkload85/ZN',
 'clkload86/Z',
 'clkload87/Z',
 'clkload88/ZN',
 'clkload89/Z',
 'clkload9/Z']
Filtered nets:
[]
done
