Reading timing models for corner nom_tt_025C_3v30…
Reading timing library for the 'nom_tt_025C_3v30' corner at '/foss/pdks/gf180mcuD/libs.ref/gf180mcu_fd_sc_mcu7t5v0/lib/gf180mcu_fd_sc_mcu7t5v0__tt_025C_3v30.lib'…
Reading OpenROAD database at '/foss/designs/integration_final/runs/RUN_2026-08-30_15-35-49/50-odb-reportdisconnectedpins/A37_A.odb'…
Reading design constraints file at '/foss/designs/integration_final/constraints_core.sdc'…
[INFO] No information on clock propagation in input SDC file-- propagating all clocks.
gf180mcu_fd_sc_mcu7t5v0__fillcap_* gf180mcu_fd_sc_mcu7t5v0__fill_*
[INFO DPL-0001] Placed 40825 filler instances.
Setting global connections for newly added cells…
[INFO] Setting global connections...
[INFO ODB-0403] 163300 connections made, 0 conflicts skipped.
Updating metrics…
Cell type report:                       Count       Area
  Endcap cell                             534    2344.47
  Fill cell                             40825  540941.18
  Tap cell                               7132   31312.33
  Tie cell                                 13     114.15
  Clock buffer                            147    8139.80
  Timing Repair Buffer                   4684   87074.80
  Inverter                               1078    9711.56
  Clock inverter                           56    1202.97
  Sequential cell                        1291   96896.13
  Multi-Input combinational cell        16560  320648.47
  Total                                 72320 1098385.88
Writing OpenROAD database to '/foss/designs/integration_final/runs/RUN_2026-08-30_15-35-49/54-openroad-fillinsertion/A37_A.odb'…
Writing netlist to '/foss/designs/integration_final/runs/RUN_2026-08-30_15-35-49/54-openroad-fillinsertion/A37_A.nl.v'…
Writing powered netlist to '/foss/designs/integration_final/runs/RUN_2026-08-30_15-35-49/54-openroad-fillinsertion/A37_A.pnl.v'…
Writing layout to '/foss/designs/integration_final/runs/RUN_2026-08-30_15-35-49/54-openroad-fillinsertion/A37_A.def'…
Writing timing constraints to '/foss/designs/integration_final/runs/RUN_2026-08-30_15-35-49/54-openroad-fillinsertion/A37_A.sdc'…
