      140.00ns INFO test  [TB] Measured ce16 period = 3 clk cycles -> 1 bit = 48 clk cycles
      240.00ns INFO test  === STARTING integration_final VERIFICATION (Cocotb) ===
      340.00ns INFO test  [PASS] TC1 - Power-on default TX state (High/Idle) [expected=01, actual=01]
      510.00ns INFO test  [PASS] TC2 - TX state recovery from async reset during RX low [expected=01, actual=01]
     1210.00ns INFO test  [PASS] TC3 - TX state recovery from async reset mid-bit sampling [expected=01, actual=01]
     5270.00ns INFO test  [PASS] TC4 - TX state recovery from prolonged RX low condition [expected=01, actual=01]
    10290.00ns INFO test  [PASS] TC5 - TX state recovery from mid-byte frame [expected=01, actual=01]
    36510.00ns INFO test  [PASS] TC6 - TX state recovery interrupted mid-read sequence [expected=01, actual=01]
    51160.00ns INFO test  [PASS] TC7 - TX state recovery interrupted bad opcode (0x10) [expected=01, actual=01]
    65810.00ns INFO test  [PASS] TC8 - TX state recovery interrupted bad opcode (0x70) [expected=01, actual=01]
    65940.00ns INFO test  [PASS] TC9 - Rapid back-to-back reset sequence stability [expected=01, actual=01]
    66040.00ns INFO test  [PASS] TC10 - Clean idle state validation post-stress [expected=01, actual=01]
    66530.00ns INFO test  [PASS] TC11 - 1-cycle RX line glitch rejection [expected=01, actual=01]
    67070.00ns INFO test  [PASS] TC12 - 6-cycle RX line glitch rejection [expected=01, actual=01]
    95380.00ns INFO test  [PASS] TC13 - Memory I/O boundary - 8'h00 Write/Read [expected=00, actual=00]
   123700.00ns INFO test  [PASS] TC14 - Memory I/O boundary - 8'hFF Write/Read [expected=ff, actual=ff]
   152020.00ns INFO test  [PASS] TC15 - Memory I/O alternating bits - 8'hAA Write/Read [expected=aa, actual=aa]
   180340.00ns INFO test  [PASS] TC16 - Memory I/O alternating bits - 8'h55 Write/Read [expected=55, actual=55]
   208660.00ns INFO test  [PASS] TC17 - Memory I/O single bit - 8'h01 Write/Read [expected=01, actual=01]
   236980.00ns INFO test  [PASS] TC18 - Memory I/O signed max - 8'h7F Write/Read [expected=7f, actual=7f]
   265300.00ns INFO test  [PASS] TC19 - Memory I/O signed min - 8'h80 Write/Read [expected=80, actual=80]
   296620.00ns INFO test  [PASS] TC20 - RX stability following prolonged bus idle [expected=bc, actual=bc]
   305840.00ns INFO test  [PASS] TC21 - Zero-gap packet malform resilience (Idle TX output) [expected=01, actual=01]
   310840.00ns INFO test  [PASS] TC22 - Extended idle TX state check [expected=01, actual=01]
   325340.00ns INFO test  [PASS] TC23 - Ignore leading padded zeros [expected=01, actual=01]
   353650.00ns INFO test  [PASS] TC24 - Validate matrix write Mat 0 (0,0) = 5A [expected=5a, actual=5a]
   381970.00ns INFO test  [PASS] TC25 - Validate matrix write Mat 0 (0,1) = 33 [expected=33, actual=33]
   418570.00ns INFO test  [PASS] TC26 - Ignore invalid opcode branch 0x10 [expected=01, actual=01]
   446890.00ns INFO test  [PASS] TC27 - Validate parser recovery write Mat 0 (1,0) = 77 [expected=77, actual=77]
   479200.00ns INFO test  [PASS] TC28 - Validate split-packet transmission merge = 99 [expected=99, actual=99]
   491200.00ns INFO test  [PASS] TC29 - Validate TX idle recovery for opcode 0x0 [expected=01, actual=01]
   532000.00ns INFO test  [PASS] TC30 - Validate TX idle recovery for opcode 0x1 [expected=01, actual=01]
   553600.00ns INFO test  [PASS] TC31 - Validate TX idle recovery for opcode 0x2 [expected=01, actual=01]
   570400.00ns INFO test  [PASS] TC32 - Validate TX idle recovery for opcode 0x3 [expected=01, actual=01]
   582400.00ns INFO test  [PASS] TC33 - Validate TX idle recovery for opcode 0x4 [expected=01, actual=01]
   594400.00ns INFO test  [PASS] TC34 - Validate TX idle recovery for opcode 0x5 [expected=01, actual=01]
   611200.00ns INFO test  [PASS] TC35 - Validate TX idle recovery for opcode 0x6 [expected=01, actual=01]
   623200.00ns INFO test  [PASS] TC36 - Validate TX idle recovery for opcode 0x7 [expected=01, actual=01]
   635200.00ns INFO test  [PASS] TC37 - Validate TX idle recovery for opcode 0x8 [expected=01, actual=01]
   647200.00ns INFO test  [PASS] TC38 - Validate TX idle recovery for opcode 0x9 [expected=01, actual=01]
   664000.00ns INFO test  [PASS] TC39 - Validate TX idle recovery for opcode 0xA [expected=01, actual=01]
   680800.00ns INFO test  [PASS] TC40 - Validate TX idle recovery for opcode 0xB [expected=01, actual=01]
   692800.00ns INFO test  [PASS] TC41 - Validate TX idle recovery for opcode 0xC [expected=01, actual=01]
   704800.00ns INFO test  [PASS] TC42 - Validate TX idle recovery for opcode 0xD [expected=01, actual=01]
   716800.00ns INFO test  [PASS] TC43 - Validate TX idle recovery for opcode 0xE [expected=01, actual=01]
   728800.00ns INFO test  [PASS] TC44 - Validate TX idle recovery for opcode 0xF [expected=01, actual=01]
   767020.00ns INFO test  [PASS] TC45 - Datapath operand read A = 05 [expected=05, actual=05]
   795340.00ns INFO test  [PASS] TC46 - Datapath operand read B = 0A [expected=0a, actual=0a]
   823660.00ns INFO test  [PASS] TC47 - Datapath operand read C = 03 [expected=03, actual=03]
   851980.00ns INFO test  [PASS] TC48 - Datapath operand read D = 02 [expected=02, actual=02]
   904270.00ns INFO test  [PASS] TC49 - ALU Unsigned Add (5+3) -> 08 [expected=08, actual=08]
   985660.00ns INFO test  [PASS] TC50 - ALU Unsigned Add saturation (FF+FF) -> FF [expected=ff, actual=ff]
  1076950.00ns INFO test  [PASS] TC51 - ALU Signed Add wrap (-128+-128) -> 80 [expected=80, actual=80]
  1168240.00ns INFO test  [PASS] TC52 - ALU Signed Add negative limits (-5+3) -> FE [expected=fe, actual=fe]
  1259530.00ns INFO test  [PASS] TC53 - ALU Unsigned Sub (5-3) -> 0F [expected=0f, actual=0f]
  1350820.00ns INFO test  [PASS] TC54 - ALU Signed Sub (-5-3) -> F1 [expected=f1, actual=f1]
  1471210.00ns INFO test  [PASS] TC55 - ALU Unsigned MAC -> 23 [expected=23, actual=23]
  1591600.00ns INFO test  [PASS] TC56 - ALU Signed MAC -> 05 [expected=05, actual=05]
  1687690.00ns INFO test  [PASS] TC57 - ALU Unsigned Dot Prod -> 2A [expected=2a, actual=2a]
  1783780.00ns INFO test  [PASS] TC58 - ALU Signed Dot Prod -> F4 [expected=f4, actual=f4]
  1908970.00ns INFO test  [PASS] TC59 - Multi-element Dot Prod -> 17 [expected=17, actual=17]
  1947340.00ns INFO test  [PASS] TC60 - Unsigned Array Clamp (7F) [expected=7f, actual=7f]
  1980760.00ns INFO test  [PASS] TC61 - Unsigned Array Clamp (80) [expected=00, actual=00]
  2014180.00ns INFO test  [PASS] TC62 - Unsigned Array Clamp (00) [expected=00, actual=00]
  2057350.00ns INFO test  [PASS] TC63 - Signed Array Clamp (7F) [expected=7f, actual=7f]
  2100520.00ns INFO test  [PASS] TC64 - Signed Array Clamp (FF) [expected=ff, actual=ff]
  2172640.00ns INFO test  [PASS] TC65 - Memory Shift Row[0] by 1 [expected=22, actual=22]
  2186410.00ns INFO test  [PASS] TC66 - Memory Shift Row[1] by 1 [expected=33, actual=33]
  2200180.00ns INFO test  [PASS] TC67 - Memory Shift Row[2] by 1 [expected=00, actual=00]
  2272300.00ns INFO test  [PASS] TC68 - Memory Shift Row[0] by 3 [expected=00, actual=00]
  2286070.00ns INFO test  [PASS] TC69 - Memory Shift Row[1] by 3 [expected=00, actual=00]
  2299840.00ns INFO test  [PASS] TC70 - Memory Shift Row[2] by 3 [expected=00, actual=00]
  2376580.00ns INFO test  [PASS] TC71 - Value staging datapath check [expected=0a, actual=0a]
  2429830.00ns INFO test  [PASS] TC72 - First TX response observed from back-to-back queue - Async TX start check
  2429830.00ns INFO test  [PASS] TC73 - First response byte content = E1 [expected=e1, actual=e1]
  2434000.00ns INFO test  [PASS] TC74 - Second TX response observed from back-to-back queue - Async TX second start check
  2434000.00ns INFO test  [PASS] TC75 - Second response byte content = E2 [expected=e2, actual=e2]
  2468530.00ns INFO test  [PASS] TC76 - Readback verification after TX bus operations [expected=e1, actual=e1]
  2515870.00ns INFO test  [PASS] TC77 - Response observed after zero-gap packet framing - Zero-gap TX response check
  2537140.00ns INFO test  [PASS] TC78 - Memory persistence check post zero-gap stress test [expected=e1, actual=e1]
  2570410.00ns INFO test  [PASS] TC79 - Sequential continuous structural write/read load index 0 [expected=00, actual=00]
  2598730.00ns INFO test  [PASS] TC80 - Sequential continuous structural write/read load index 1 [expected=01, actual=01]
  2627050.00ns INFO test  [PASS] TC81 - Sequential continuous structural write/read load index 2 [expected=02, actual=02]
  2655370.00ns INFO test  [PASS] TC82 - Sequential continuous structural write/read load index 3 [expected=03, actual=03]
  2683690.00ns INFO test  [PASS] TC83 - Sequential continuous structural write/read load index 4 [expected=04, actual=04]
  2712010.00ns INFO test  [PASS] TC84 - Sequential continuous structural write/read load index 5 [expected=05, actual=05]
  2740330.00ns INFO test  [PASS] TC85 - Sequential continuous structural write/read load index 6 [expected=06, actual=06]
  2768650.00ns INFO test  [PASS] TC86 - Sequential continuous structural write/read load index 7 [expected=07, actual=07]
  2796970.00ns INFO test  [PASS] TC87 - Sequential continuous structural write/read load index 8 [expected=08, actual=08]
  2825290.00ns INFO test  [PASS] TC88 - Sequential continuous structural write/read load index 9 [expected=09, actual=09]
  2868160.00ns INFO test  [PASS] TC89 - Struct read AA post load loop [expected=aa, actual=aa]
  2881930.00ns INFO test  [PASS] TC90 - Struct read 55 post load loop [expected=55, actual=55]
  2930130.00ns INFO test  [PASS] TC91 - TX idle recovery after invalid stream spam [expected=01, actual=01]
  3006850.00ns INFO test  [PASS] TC92 - Quantize datatype limit - UINT8 [expected=c8, actual=c8]
  3083590.00ns INFO test  [PASS] TC93 - Quantize datatype limit - INT8_ALT [expected=14, actual=14]
  3160330.00ns INFO test  [PASS] TC94 - Quantize INT8 w/ zero point offset transformation [expected=0f, actual=0f]
  3237070.00ns INFO test  [PASS] TC95 - Quantize INT8 negative bounds resolution [expected=ce, actual=ce]
  3313810.00ns INFO test  [PASS] TC96 - Quantize downcast to INT4 [expected=07, actual=07]
  3390550.00ns INFO test  [PASS] TC97 - Quantize INT4 negative limit saturation [expected=f8, actual=f8]
  3467290.00ns INFO test  [PASS] TC98 - Quantize downcast to UINT4 limits [expected=0f, actual=0f]
  3544030.00ns INFO test  [PASS] TC99 - Quantize downcast to INT2 limits [expected=01, actual=01]
  3620770.00ns INFO test  [PASS] TC100 - Quantize downcast to UINT2 limits [expected=03, actual=03]
  3697510.00ns INFO test  [PASS] TC101 - Quantize UINT8 negative bound saturation [expected=00, actual=00]
  3760580.00ns INFO test  [PASS] TC102 - Quantizer o_overflow observed set after a saturating int4 quantize - Quantizer overflow assertion check
  3823650.00ns INFO test  [PASS] TC103 - Quantizer o_overflow clear after a non-saturating int4 quantize - Quantizer overflow clear check
  3867000.00ns INFO test  [PASS] TC104 - Reg_bank is not idle mid-MAT_MUL before reset - FSM active state check
  3867200.00ns INFO test  [PASS] TC105 - Reg_bank returns to idle after reset asserted mid-operation - FSM reset recovery idle check
  3900460.00ns INFO test  [PASS] TC106 - Memory read functionality post-reset interrupt [expected=2a, actual=2a]
  3972250.00ns INFO test  [PASS] TC107 - Math operation datapath stability post-reset recovery [expected=2a, actual=2a]
  4034620.00ns INFO test  [PASS] TC108 - Valid row 0 read isolation after write [expected=5a, actual=5a]
  4048390.00ns INFO test  [PASS] TC109 - Valid row 1 read isolation after write [expected=6b, actual=6b]
  4067890.00ns INFO test  [PASS] TC110 - HW resilience check - Out-of-bounds aliased readback [expected=de, actual=de]
  4067890.00ns INFO test  ========================================================================
  4067890.00ns INFO test  INTEGRATION FINAL SCOREBOARD SUMMARY
  4067890.00ns INFO test  Total tests : 110
  4067890.00ns INFO test  Passed      : 110
  4067890.00ns INFO test  Failed      : 0
  4067890.00ns INFO test  ========================================================================
