[WARNING ORD-0039] .openroad ignored with -python
[INFO ODB-0388] unsupported LEF58_EOLENCLOSURE property for layer Via1 :"
  	EOLENCLOSURE 0.34 0.06 ;"
[INFO ODB-0388] unsupported LEF58_EOLENCLOSURE property for layer Via2 :" EOLENCLOSURE 0.34 0.06 ; "
[INFO ODB-0388] unsupported LEF58_EOLENCLOSURE property for layer Via3 :" EOLENCLOSURE 0.34 0.06 ; "
[INFO ODB-0388] unsupported LEF58_EOLENCLOSURE property for layer Via4 :" EOLENCLOSURE 0.34 0.06 ; "
[INFO ODB-0227] LEF file: /foss/pdks/gf180mcuD/libs.ref/gf180mcu_fd_sc_mcu7t5v0/techlef/gf180mcu_fd_sc_mcu7t5v0__nom.tlef, created 15 layers, 56 vias
[WARNING ODB-0220] WARNING (LEFPARS-2008): NOWIREEXTENSIONATPIN statement is obsolete in version 5.6 or later.
The NOWIREEXTENSIONATPIN statement will be ignored. See file /foss/pdks/gf180mcuD/libs.ref/gf180mcu_fd_sc_mcu7t5v0/lef/gf180mcu_fd_sc_mcu7t5v0.lef at line 2.

[INFO ODB-0227] LEF file: /foss/pdks/gf180mcuD/libs.ref/gf180mcu_fd_sc_mcu7t5v0/lef/gf180mcu_fd_sc_mcu7t5v0.lef, created 229 library cells
[INFO ODB-0127] Reading DEF file: /foss/designs/integration_final/A37_def/project_defs/A/A37_A.def
[INFO ODB-0128] Design: A37_A
[INFO ODB-0130]     Created 21 pins.
[INFO ODB-0134] Finished DEF file: /foss/designs/integration_final/A37_def/project_defs/A/A37_A.def
[INFO ODB-0388] unsupported LEF58_EOLENCLOSURE property for layer Via1 :"
  	EOLENCLOSURE 0.34 0.06 ;"
[INFO ODB-0388] unsupported LEF58_EOLENCLOSURE property for layer Via2 :" EOLENCLOSURE 0.34 0.06 ; "
[INFO ODB-0388] unsupported LEF58_EOLENCLOSURE property for layer Via3 :" EOLENCLOSURE 0.34 0.06 ; "
[INFO ODB-0388] unsupported LEF58_EOLENCLOSURE property for layer Via4 :" EOLENCLOSURE 0.34 0.06 ; "
[INFO ODB-0227] LEF file: /foss/pdks/gf180mcuD/libs.ref/gf180mcu_fd_sc_mcu7t5v0/techlef/gf180mcu_fd_sc_mcu7t5v0__nom.tlef, created 15 layers, 56 vias
[WARNING ODB-0220] WARNING (LEFPARS-2008): NOWIREEXTENSIONATPIN statement is obsolete in version 5.6 or later.
The NOWIREEXTENSIONATPIN statement will be ignored. See file /foss/pdks/gf180mcuD/libs.ref/gf180mcu_fd_sc_mcu7t5v0/lef/gf180mcu_fd_sc_mcu7t5v0.lef at line 2.

[INFO ODB-0227] LEF file: /foss/pdks/gf180mcuD/libs.ref/gf180mcu_fd_sc_mcu7t5v0/lef/gf180mcu_fd_sc_mcu7t5v0.lef, created 229 library cells
[INFO ODB-0127] Reading DEF file: /foss/designs/integration_final/A37_def/project_defs/A/A37_A.def
[INFO ODB-0128] Design: A37_A
[INFO ODB-0130]     Created 21 pins.
[INFO ODB-0134] Finished DEF file: /foss/designs/integration_final/A37_def/project_defs/A/A37_A.def
Using manufacturing grid: 10 Using dbu per mircons: 2000
Found 19 block terminals in existing database...
Found 21 template_bterms…
Wrote pin i_clk at layer Metal2 at (0, 417520, 2000, 418280, 'FIRM')...
Wrote pin i_clk_PD at layer Metal2 at (0, 538580, 2000, 539340, 'FIRM')...
Wrote pin i_clk_PU at layer Metal2 at (0, 547310, 2000, 548070, 'FIRM')...
Wrote pin i_rst_n at layer Metal2 at (0, 617520, 2000, 618280, 'FIRM')...
Wrote pin i_rst_n_PD at layer Metal2 at (0, 738580, 2000, 739340, 'FIRM')...
Wrote pin i_rst_n_PU at layer Metal2 at (0, 747310, 2000, 748070, 'FIRM')...
Wrote pin i_uart_rx at layer Metal2 at (0, 817520, 2000, 818280, 'FIRM')...
Wrote pin i_uart_rx_PD at layer Metal2 at (0, 938580, 2000, 939340, 'FIRM')...
Wrote pin i_uart_rx_PU at layer Metal2 at (0, 947310, 2000, 948070, 'FIRM')...
Wrote pin o_uart_tx_CS at layer Metal2 at (0, 1152520, 2000, 1153280, 'FIRM')...
Wrote pin o_uart_tx_IE at layer Metal2 at (0, 1136470, 2000, 1137230, 'FIRM')...
Wrote pin o_uart_tx_IN at layer Metal2 at (0, 1017520, 2000, 1018280, 'FIRM')...
Wrote pin o_uart_tx_OE at layer Metal2 at (0, 1018980, 2000, 1019740, 'FIRM')...
Wrote pin o_uart_tx_OUT at layer Metal2 at (0, 1020440, 2000, 1021200, 'FIRM')...
Wrote pin o_uart_tx_PD at layer Metal2 at (0, 1138580, 2000, 1139340, 'FIRM')...
Wrote pin o_uart_tx_PDRV0 at layer Metal2 at (0, 1145020, 2000, 1145780, 'FIRM')...
Wrote pin o_uart_tx_PDRV1 at layer Metal2 at (0, 1143600, 2000, 1144360, 'FIRM')...
Wrote pin o_uart_tx_PU at layer Metal2 at (0, 1147310, 2000, 1148070, 'FIRM')...
Wrote pin o_uart_tx_SL at layer Metal2 at (0, 1021900, 2000, 1022660, 'FIRM')...
Wrote pin VSS at layer Metal2 at (0, 138280, 2000, 157280, 'FIRM')...
Wrote pin VSS at layer Metal2 at (0, 111980, 2000, 132480, 'FIRM')...
Wrote pin VSS at layer Metal2 at (0, 88280, 2000, 108780, 'FIRM')...
Wrote pin VSS at layer Metal2 at (0, 61220, 2000, 81720, 'FIRM')...
Wrote pin VSS at layer Metal2 at (0, 37520, 2000, 58020, 'FIRM')...
Wrote pin VSS at layer Metal2 at (0, 12720, 2000, 31720, 'FIRM')...
Wrote pin VDD at layer Metal2 at (0, 338280, 2000, 357280, 'FIRM')...
Wrote pin VDD at layer Metal2 at (0, 311980, 2000, 332480, 'FIRM')...
Wrote pin VDD at layer Metal2 at (0, 288280, 2000, 308780, 'FIRM')...
Wrote pin VDD at layer Metal2 at (0, 261220, 2000, 281720, 'FIRM')...
Wrote pin VDD at layer Metal2 at (0, 237520, 2000, 258020, 'FIRM')...
Wrote pin VDD at layer Metal2 at (0, 212720, 2000, 231720, 'FIRM')...
