Reading timing models for corner nom_tt_025C_3v30…
Reading timing library for the 'nom_tt_025C_3v30' corner at '/foss/pdks/gf180mcuD/libs.ref/gf180mcu_fd_sc_mcu7t5v0/lib/gf180mcu_fd_sc_mcu7t5v0__tt_025C_3v30.lib'…
Reading OpenROAD database at '/foss/designs/integration_final/runs/RUN_2026-09-03_14-22-02/18-openroad-cutrows/A37_A.odb'…
Reading design constraints file at '/foss/designs/integration_final/constraints_core.sdc'…
[INFO] No information on clock propagation in input SDC file-- propagating all clocks.
+ tapcell -halo_width_x 10 -halo_width_y 10 -distance 20 -tapcell_master gf180mcu_fd_sc_mcu7t5v0__filltie -endcap_master gf180mcu_fd_sc_mcu7t5v0__endcap
[INFO TAP-0004] Inserted 534 endcaps.
[INFO TAP-0005] Inserted 7132 tapcells.
Setting global connections for newly added cells…
[INFO] Setting global connections...
[INFO ODB-0403] 15332 connections made, 0 conflicts skipped.
Updating metrics…
Cell type report:                       Count       Area
  Endcap cell                             534    2344.47
  Tap cell                               7132   31312.33
  Tie cell                                 13     114.15
  Inverter                               1078    9465.70
  Sequential cell                        1291   95956.58
  Multi-Input combinational cell        16560  308932.69
  Total                                 26608  448125.93
Writing OpenROAD database to '/foss/designs/integration_final/runs/RUN_2026-09-03_14-22-02/19-openroad-tapendcapinsertion/A37_A.odb'…
Writing netlist to '/foss/designs/integration_final/runs/RUN_2026-09-03_14-22-02/19-openroad-tapendcapinsertion/A37_A.nl.v'…
Writing powered netlist to '/foss/designs/integration_final/runs/RUN_2026-09-03_14-22-02/19-openroad-tapendcapinsertion/A37_A.pnl.v'…
Writing layout to '/foss/designs/integration_final/runs/RUN_2026-09-03_14-22-02/19-openroad-tapendcapinsertion/A37_A.def'…
Writing timing constraints to '/foss/designs/integration_final/runs/RUN_2026-09-03_14-22-02/19-openroad-tapendcapinsertion/A37_A.sdc'…
