
==========================================================================
resizer report_tns
--------------------------------------------------------------------------
tns max 0.00

==========================================================================
resizer report_wns
--------------------------------------------------------------------------
wns max 0.00

==========================================================================
resizer report_worst_slack
--------------------------------------------------------------------------
worst slack max 24.56

==========================================================================
resizer report_clock_min_period
--------------------------------------------------------------------------
core_clock period_min = 15.44 fmax = 64.76
vclk_core_clock period_min = 0.00 fmax = inf

==========================================================================
resizer report_checks -path_delay min
--------------------------------------------------------------------------
Startpoint: integration_inst.reg_bank_inst._22034_
            (rising edge-triggered flip-flop clocked by core_clock)
Endpoint: integration_inst.quantizer_inst._13923_
          (removal check against rising-edge clock core_clock)
Path Group: asynchronous
Path Type: min

Fanout     Cap    Slew   Delay    Time   Description
-----------------------------------------------------------------------------
                  0.00    0.00    0.00   clock core_clock (rise edge)
                          1.12    1.12   clock network delay (ideal)
                  0.00    0.00    1.12 ^ integration_inst.reg_bank_inst._22034_/CLK (gf180mcu_fd_sc_mcu9t5v0__dffrnq_1)
     6    0.06    0.45    0.60    1.72 ^ integration_inst.reg_bank_inst._22034_/Q (gf180mcu_fd_sc_mcu9t5v0__dffrnq_1)
                                         integration_inst.reg_bank_inst.current_state[0] (net)
                  0.45    0.00    1.72 ^ integration_inst.reg_bank_inst._11436_/A3 (gf180mcu_fd_sc_mcu9t5v0__nand3_4)
    25    0.55    1.12    0.70    2.43 v integration_inst.reg_bank_inst._11436_/ZN (gf180mcu_fd_sc_mcu9t5v0__nand3_4)
                                         integration_inst.reg_bank_inst._03441_ (net)
                  1.12    0.00    2.43 v integration_inst.reg_bank_inst._11437_/I (gf180mcu_fd_sc_mcu9t5v0__clkinv_12)
   160    1.85    1.16    0.96    3.39 ^ integration_inst.reg_bank_inst._11437_/ZN (gf180mcu_fd_sc_mcu9t5v0__clkinv_12)
                                         integration_inst.quant_ip_reset (net)
                  1.16    0.01    3.40 ^ integration_inst.quantizer_inst._13923_/RN (gf180mcu_fd_sc_mcu9t5v0__dffrnq_1)
                                  3.40   data arrival time

                  0.00    0.00    0.00   clock core_clock (rise edge)
                          1.12    1.12   clock network delay (ideal)
                          0.00    1.12   clock reconvergence pessimism
                                  1.12 ^ integration_inst.quantizer_inst._13923_/CLK (gf180mcu_fd_sc_mcu9t5v0__dffrnq_1)
                          0.41    1.53   library removal time
                                  1.53   data required time
-----------------------------------------------------------------------------
                                  1.53   data required time
                                 -3.40   data arrival time
-----------------------------------------------------------------------------
                                  1.87   slack (MET)


Startpoint: integration_inst.quantizer_inst._14057_
            (rising edge-triggered flip-flop clocked by core_clock)
Endpoint: integration_inst.quantizer_inst._13981_
          (rising edge-triggered flip-flop clocked by core_clock)
Path Group: core_clock
Path Type: min

Fanout     Cap    Slew   Delay    Time   Description
-----------------------------------------------------------------------------
                  0.00    0.00    0.00   clock core_clock (rise edge)
                          1.12    1.12   clock network delay (ideal)
                  0.00    0.00    1.12 ^ integration_inst.quantizer_inst._14057_/CLK (gf180mcu_fd_sc_mcu9t5v0__dffrnq_1)
     1    0.00    0.07    0.37    1.49 v integration_inst.quantizer_inst._14057_/Q (gf180mcu_fd_sc_mcu9t5v0__dffrnq_1)
                                         integration_inst.quantizer_inst.target_dtype_0[2] (net)
                  0.07    0.00    1.49 v integration_inst.quantizer_inst._13981_/D (gf180mcu_fd_sc_mcu9t5v0__dffrnq_1)
                                  1.49   data arrival time

                  0.00    0.00    0.00   clock core_clock (rise edge)
                          1.12    1.12   clock network delay (ideal)
                          0.00    1.12   clock reconvergence pessimism
                                  1.12 ^ integration_inst.quantizer_inst._13981_/CLK (gf180mcu_fd_sc_mcu9t5v0__dffrnq_1)
                          0.03    1.15   library hold time
                                  1.15   data required time
-----------------------------------------------------------------------------
                                  1.15   data required time
                                 -1.49   data arrival time
-----------------------------------------------------------------------------
                                  0.33   slack (MET)


Startpoint: uart_inst.ut._200_
            (rising edge-triggered flip-flop clocked by core_clock)
Endpoint: o_uart_tx (output port clocked by vclk_core_clock)
Path Group: vclk_core_clock
Path Type: min

Fanout     Cap    Slew   Delay    Time   Description
-----------------------------------------------------------------------------
                  0.00    0.00    0.00   clock core_clock (rise edge)
                          1.12    1.12   clock network delay (ideal)
                  0.00    0.00    1.12 ^ uart_inst.ut._200_/CLK (gf180mcu_fd_sc_mcu9t5v0__dffsnq_1)
     1    0.01    0.08    0.34    1.46 ^ uart_inst.ut._200_/Q (gf180mcu_fd_sc_mcu9t5v0__dffsnq_1)
                                         net147 (net)
                  0.08    0.00    1.46 ^ output148/I (gf180mcu_fd_sc_mcu9t5v0__dlyb_2)
     1    0.06    0.25    0.69    2.15 ^ output148/Z (gf180mcu_fd_sc_mcu9t5v0__dlyb_2)
                                         o_uart_tx (net)
                  0.25    0.00    2.15 ^ o_uart_tx (out)
                                  2.15   data arrival time

                  0.00    0.00    0.00   clock vclk_core_clock (rise edge)
                          1.12    1.12   clock network delay (ideal)
                          0.00    1.12   clock reconvergence pessimism
                         -8.00   -6.88   output external delay
                                 -6.88   data required time
-----------------------------------------------------------------------------
                                 -6.88   data required time
                                 -2.15   data arrival time
-----------------------------------------------------------------------------
                                  9.03   slack (MET)



==========================================================================
resizer report_checks -path_delay max
--------------------------------------------------------------------------
Startpoint: integration_inst.reg_bank_inst._22035_
            (rising edge-triggered flip-flop clocked by core_clock)
Endpoint: integration_inst.mac_grid_inst.ROW_LOOP[0].COL_LOOP[0].mac_inst._2706_
          (recovery check against rising-edge clock core_clock)
Path Group: asynchronous
Path Type: max

Fanout     Cap    Slew   Delay    Time   Description
-----------------------------------------------------------------------------
                  0.00    0.00    0.00   clock core_clock (rise edge)
                          1.12    1.12   clock network delay (ideal)
                  0.00    0.00    1.12 ^ integration_inst.reg_bank_inst._22035_/CLK (gf180mcu_fd_sc_mcu9t5v0__dffrnq_1)
     7    0.06    0.47    0.61    1.73 ^ integration_inst.reg_bank_inst._22035_/Q (gf180mcu_fd_sc_mcu9t5v0__dffrnq_1)
                                         integration_inst.reg_bank_inst.current_state[1] (net)
                  0.47    0.00    1.73 ^ integration_inst.reg_bank_inst._11435_/I (gf180mcu_fd_sc_mcu9t5v0__clkinv_1)
     4    0.07    0.55    0.44    2.18 v integration_inst.reg_bank_inst._11435_/ZN (gf180mcu_fd_sc_mcu9t5v0__clkinv_1)
                                         integration_inst.reg_bank_inst._03440_ (net)
                  0.55    0.00    2.18 v integration_inst.reg_bank_inst._11436_/A1 (gf180mcu_fd_sc_mcu9t5v0__nand3_4)
    25    0.55    1.33    0.90    3.08 ^ integration_inst.reg_bank_inst._11436_/ZN (gf180mcu_fd_sc_mcu9t5v0__nand3_4)
                                         integration_inst.reg_bank_inst._03441_ (net)
                  1.33    0.00    3.08 ^ integration_inst.reg_bank_inst._11437_/I (gf180mcu_fd_sc_mcu9t5v0__clkinv_12)
   160    1.85    1.20    0.98    4.06 v integration_inst.reg_bank_inst._11437_/ZN (gf180mcu_fd_sc_mcu9t5v0__clkinv_12)
                                         integration_inst.quant_ip_reset (net)
                  1.20    0.01    4.07 v integration_inst.reg_bank_inst._13123_/A1 (gf180mcu_fd_sc_mcu9t5v0__nor2_4)
     1    0.06    0.40    0.46    4.53 ^ integration_inst.reg_bank_inst._13123_/ZN (gf180mcu_fd_sc_mcu9t5v0__nor2_4)
                                         integration_inst.mac_grid_inst.ROW_LOOP[0].COL_LOOP[0].mac_inst.i_rst_n (net)
                  0.40    0.00    4.53 ^ place821/I (gf180mcu_fd_sc_mcu9t5v0__buf_16)
   289    3.33    1.52    0.99    5.52 ^ place821/Z (gf180mcu_fd_sc_mcu9t5v0__buf_16)
                                         net820 (net)
                  1.53    0.02    5.54 ^ place820/I (gf180mcu_fd_sc_mcu9t5v0__buf_4)
    99    1.10    1.98    1.25    6.79 ^ place820/Z (gf180mcu_fd_sc_mcu9t5v0__buf_4)
                                         net819 (net)
                  1.98    0.00    6.79 ^ integration_inst.mac_grid_inst.ROW_LOOP[0].COL_LOOP[0].mac_inst._2706_/RN (gf180mcu_fd_sc_mcu9t5v0__dffrnq_1)
                                  6.79   data arrival time

                  0.00   40.00   40.00   clock core_clock (rise edge)
                          1.12   41.12   clock network delay (ideal)
                          0.00   41.12   clock reconvergence pessimism
                                 41.12 ^ integration_inst.mac_grid_inst.ROW_LOOP[0].COL_LOOP[0].mac_inst._2706_/CLK (gf180mcu_fd_sc_mcu9t5v0__dffrnq_1)
                         -0.57   40.55   library recovery time
                                 40.55   data required time
-----------------------------------------------------------------------------
                                 40.55   data required time
                                 -6.79   data arrival time
-----------------------------------------------------------------------------
                                 33.76   slack (MET)


Startpoint: integration_inst.reg_bank_inst._21607_
            (rising edge-triggered flip-flop clocked by core_clock)
Endpoint: integration_inst.quantizer_inst._14035_
          (rising edge-triggered flip-flop clocked by core_clock)
Path Group: core_clock
Path Type: max

Fanout     Cap    Slew   Delay    Time   Description
-----------------------------------------------------------------------------
                  0.00    0.00    0.00   clock core_clock (rise edge)
                          1.12    1.12   clock network delay (ideal)
                  0.00    0.00    1.12 ^ integration_inst.reg_bank_inst._21607_/CLK (gf180mcu_fd_sc_mcu9t5v0__dffrnq_1)
    11    0.08    0.58    0.68    1.80 ^ integration_inst.reg_bank_inst._21607_/Q (gf180mcu_fd_sc_mcu9t5v0__dffrnq_1)
                                         integration_inst.reg_bank_inst.cols_a[1] (net)
                  0.58    0.00    1.80 ^ integration_inst.reg_bank_inst._10714_/I (gf180mcu_fd_sc_mcu9t5v0__clkinv_1)
     9    0.06    0.52    0.43    2.23 v integration_inst.reg_bank_inst._10714_/ZN (gf180mcu_fd_sc_mcu9t5v0__clkinv_1)
                                         integration_inst.reg_bank_inst._02738_ (net)
                  0.52    0.00    2.24 v integration_inst.reg_bank_inst._10909_/A1 (gf180mcu_fd_sc_mcu9t5v0__nand2_1)
     1    0.01    0.23    0.23    2.47 ^ integration_inst.reg_bank_inst._10909_/ZN (gf180mcu_fd_sc_mcu9t5v0__nand2_1)
                                         integration_inst.reg_bank_inst._02933_ (net)
                  0.23    0.00    2.47 ^ place931/I (gf180mcu_fd_sc_mcu9t5v0__buf_4)
    18    0.24    0.44    0.35    2.82 ^ place931/Z (gf180mcu_fd_sc_mcu9t5v0__buf_4)
                                         net930 (net)
                  0.44    0.00    2.82 ^ integration_inst.reg_bank_inst._11029_/I (gf180mcu_fd_sc_mcu9t5v0__clkinv_1)
     9    0.10    0.74    0.56    3.38 v integration_inst.reg_bank_inst._11029_/ZN (gf180mcu_fd_sc_mcu9t5v0__clkinv_1)
                                         integration_inst.reg_bank_inst._03052_ (net)
                  0.74    0.00    3.38 v integration_inst.reg_bank_inst._11451_/A1 (gf180mcu_fd_sc_mcu9t5v0__nand2_1)
     1    0.01    0.22    0.23    3.61 ^ integration_inst.reg_bank_inst._11451_/ZN (gf180mcu_fd_sc_mcu9t5v0__nand2_1)
                                         integration_inst.reg_bank_inst._03455_ (net)
                  0.22    0.00    3.61 ^ integration_inst.reg_bank_inst._11452_/I (gf180mcu_fd_sc_mcu9t5v0__clkinv_1)
    23    0.21    1.56    1.02    4.63 v integration_inst.reg_bank_inst._11452_/ZN (gf180mcu_fd_sc_mcu9t5v0__clkinv_1)
                                         integration_inst.reg_bank_inst._03456_ (net)
                  1.56    0.00    4.63 v integration_inst.reg_bank_inst._11590_/A1 (gf180mcu_fd_sc_mcu9t5v0__aoi21_1)
     1    0.01    0.39    0.49    5.12 ^ integration_inst.reg_bank_inst._11590_/ZN (gf180mcu_fd_sc_mcu9t5v0__aoi21_1)
                                         integration_inst.reg_bank_inst._03581_ (net)
                  0.39    0.00    5.12 ^ integration_inst.reg_bank_inst._11591_/A1 (gf180mcu_fd_sc_mcu9t5v0__nand4_1)
     1    0.01    0.20    0.12    5.24 v integration_inst.reg_bank_inst._11591_/ZN (gf180mcu_fd_sc_mcu9t5v0__nand4_1)
                                         integration_inst.reg_bank_inst._03582_ (net)
                  0.20    0.00    5.24 v integration_inst.reg_bank_inst._11592_/C (gf180mcu_fd_sc_mcu9t5v0__aoi221_1)
     1    0.01    0.40    0.28    5.53 ^ integration_inst.reg_bank_inst._11592_/ZN (gf180mcu_fd_sc_mcu9t5v0__aoi221_1)
                                         integration_inst.reg_bank_inst._03583_ (net)
                  0.40    0.00    5.53 ^ integration_inst.reg_bank_inst._11593_/A1 (gf180mcu_fd_sc_mcu9t5v0__aoi21_1)
     1    0.03    0.58    0.21    5.74 v integration_inst.reg_bank_inst._11593_/ZN (gf180mcu_fd_sc_mcu9t5v0__aoi21_1)
                                         integration_inst.quant_ip_data[8] (net)
                  0.58    0.00    5.74 v place718/I (gf180mcu_fd_sc_mcu9t5v0__buf_4)
    12    0.19    0.22    0.38    6.12 v place718/Z (gf180mcu_fd_sc_mcu9t5v0__buf_4)
                                         net717 (net)
                  0.22    0.00    6.12 v integration_inst.quantizer_inst._07962_/I (gf180mcu_fd_sc_mcu9t5v0__clkinv_1)
    25    0.25    1.80    1.12    7.24 ^ integration_inst.quantizer_inst._07962_/ZN (gf180mcu_fd_sc_mcu9t5v0__clkinv_1)
                                         integration_inst.quantizer_inst._00427_ (net)
                  1.80    0.00    7.24 ^ integration_inst.quantizer_inst._11247_/A2 (gf180mcu_fd_sc_mcu9t5v0__nor2_1)
     2    0.01    0.52    0.16    7.40 v integration_inst.quantizer_inst._11247_/ZN (gf180mcu_fd_sc_mcu9t5v0__nor2_1)
                                         integration_inst.quantizer_inst._03844_ (net)
                  0.52    0.00    7.40 v integration_inst.quantizer_inst._11248_/I (gf180mcu_fd_sc_mcu9t5v0__clkinv_1)
     2    0.01    0.22    0.19    7.59 ^ integration_inst.quantizer_inst._11248_/ZN (gf180mcu_fd_sc_mcu9t5v0__clkinv_1)
                                         integration_inst.quantizer_inst._03845_ (net)
                  0.22    0.00    7.59 ^ integration_inst.quantizer_inst._11251_/B (gf180mcu_fd_sc_mcu9t5v0__aoi21_1)
     2    0.01    0.18    0.14    7.73 v integration_inst.quantizer_inst._11251_/ZN (gf180mcu_fd_sc_mcu9t5v0__aoi21_1)
                                         integration_inst.quantizer_inst._03849_ (net)
                  0.18    0.00    7.73 v integration_inst.quantizer_inst._11252_/A1 (gf180mcu_fd_sc_mcu9t5v0__nor2_1)
     3    0.02    0.33    0.23    7.97 ^ integration_inst.quantizer_inst._11252_/ZN (gf180mcu_fd_sc_mcu9t5v0__nor2_1)
                                         integration_inst.quantizer_inst._03850_ (net)
                  0.33    0.00    7.97 ^ integration_inst.quantizer_inst._11270_/A1 (gf180mcu_fd_sc_mcu9t5v0__nand2_1)
     4    0.03    0.23    0.18    8.14 v integration_inst.quantizer_inst._11270_/ZN (gf180mcu_fd_sc_mcu9t5v0__nand2_1)
                                         integration_inst.quantizer_inst._03870_ (net)
                  0.23    0.00    8.14 v integration_inst.quantizer_inst._11417_/I (gf180mcu_fd_sc_mcu9t5v0__clkinv_1)
     2    0.01    0.16    0.14    8.28 ^ integration_inst.quantizer_inst._11417_/ZN (gf180mcu_fd_sc_mcu9t5v0__clkinv_1)
                                         integration_inst.quantizer_inst._04031_ (net)
                  0.16    0.00    8.28 ^ integration_inst.quantizer_inst._11418_/A1 (gf180mcu_fd_sc_mcu9t5v0__oai21_1)
     3    0.02    0.21    0.13    8.42 v integration_inst.quantizer_inst._11418_/ZN (gf180mcu_fd_sc_mcu9t5v0__oai21_1)
                                         integration_inst.quantizer_inst._04032_ (net)
                  0.21    0.00    8.42 v integration_inst.quantizer_inst._11438_/B (gf180mcu_fd_sc_mcu9t5v0__oai211_1)
     2    0.02    0.31    0.22    8.64 ^ integration_inst.quantizer_inst._11438_/ZN (gf180mcu_fd_sc_mcu9t5v0__oai211_1)
                                         integration_inst.quantizer_inst._04054_ (net)
                  0.31    0.00    8.64 ^ integration_inst.quantizer_inst._11563_/A1 (gf180mcu_fd_sc_mcu9t5v0__nand3_1)
     4    0.03    0.30    0.22    8.86 v integration_inst.quantizer_inst._11563_/ZN (gf180mcu_fd_sc_mcu9t5v0__nand3_1)
                                         integration_inst.quantizer_inst._04192_ (net)
                  0.30    0.00    8.86 v integration_inst.quantizer_inst._11567_/A2 (gf180mcu_fd_sc_mcu9t5v0__nand3_1)
     4    0.03    0.35    0.29    9.14 ^ integration_inst.quantizer_inst._11567_/ZN (gf180mcu_fd_sc_mcu9t5v0__nand3_1)
                                         integration_inst.quantizer_inst._04196_ (net)
                  0.35    0.00    9.14 ^ integration_inst.quantizer_inst._11717_/I (gf180mcu_fd_sc_mcu9t5v0__clkinv_1)
     2    0.01    0.17    0.14    9.29 v integration_inst.quantizer_inst._11717_/ZN (gf180mcu_fd_sc_mcu9t5v0__clkinv_1)
                                         integration_inst.quantizer_inst._04361_ (net)
                  0.17    0.00    9.29 v integration_inst.quantizer_inst._11719_/A1 (gf180mcu_fd_sc_mcu9t5v0__oai21_1)
     3    0.02    0.35    0.25    9.54 ^ integration_inst.quantizer_inst._11719_/ZN (gf180mcu_fd_sc_mcu9t5v0__oai21_1)
                                         integration_inst.quantizer_inst._04363_ (net)
                  0.35    0.00    9.54 ^ integration_inst.quantizer_inst._11730_/A1 (gf180mcu_fd_sc_mcu9t5v0__nand3_1)
     3    0.02    0.25    0.19    9.72 v integration_inst.quantizer_inst._11730_/ZN (gf180mcu_fd_sc_mcu9t5v0__nand3_1)
                                         integration_inst.quantizer_inst._04376_ (net)
                  0.25    0.00    9.72 v integration_inst.quantizer_inst._11734_/A2 (gf180mcu_fd_sc_mcu9t5v0__aoi21_1)
     3    0.02    0.38    0.29   10.01 ^ integration_inst.quantizer_inst._11734_/ZN (gf180mcu_fd_sc_mcu9t5v0__aoi21_1)
                                         integration_inst.quantizer_inst._04380_ (net)
                  0.38    0.00   10.01 ^ integration_inst.quantizer_inst._11735_/A1 (gf180mcu_fd_sc_mcu9t5v0__nor2_1)
     3    0.02    0.23    0.15   10.16 v integration_inst.quantizer_inst._11735_/ZN (gf180mcu_fd_sc_mcu9t5v0__nor2_1)
                                         integration_inst.quantizer_inst._04381_ (net)
                  0.23    0.00   10.17 v integration_inst.quantizer_inst._11864_/A1 (gf180mcu_fd_sc_mcu9t5v0__nor3_1)
     2    0.02    0.40    0.27   10.43 ^ integration_inst.quantizer_inst._11864_/ZN (gf180mcu_fd_sc_mcu9t5v0__nor3_1)
                                         integration_inst.quantizer_inst._04523_ (net)
                  0.40    0.00   10.43 ^ integration_inst.quantizer_inst._11866_/A1 (gf180mcu_fd_sc_mcu9t5v0__nor3_1)
     2    0.01    0.24    0.14   10.57 v integration_inst.quantizer_inst._11866_/ZN (gf180mcu_fd_sc_mcu9t5v0__nor3_1)
                                         integration_inst.quantizer_inst._04525_ (net)
                  0.24    0.00   10.57 v integration_inst.quantizer_inst._11870_/A1 (gf180mcu_fd_sc_mcu9t5v0__nor3_1)
     2    0.01    0.34    0.24   10.81 ^ integration_inst.quantizer_inst._11870_/ZN (gf180mcu_fd_sc_mcu9t5v0__nor3_1)
                                         integration_inst.quantizer_inst._04530_ (net)
                  0.34    0.00   10.81 ^ integration_inst.quantizer_inst._12373_/A2 (gf180mcu_fd_sc_mcu9t5v0__or2_1)
     2    0.01    0.13    0.19   11.00 ^ integration_inst.quantizer_inst._12373_/Z (gf180mcu_fd_sc_mcu9t5v0__or2_1)
                                         integration_inst.quantizer_inst._05082_ (net)
                  0.13    0.00   11.00 ^ integration_inst.quantizer_inst._12395_/B (gf180mcu_fd_sc_mcu9t5v0__oai21_1)
     2    0.02    0.23    0.14   11.14 v integration_inst.quantizer_inst._12395_/ZN (gf180mcu_fd_sc_mcu9t5v0__oai21_1)
                                         integration_inst.quantizer_inst._05106_ (net)
                  0.23    0.00   11.14 v integration_inst.quantizer_inst._12396_/A1 (gf180mcu_fd_sc_mcu9t5v0__aoi21_1)
     2    0.02    0.34    0.24   11.38 ^ integration_inst.quantizer_inst._12396_/ZN (gf180mcu_fd_sc_mcu9t5v0__aoi21_1)
                                         integration_inst.quantizer_inst._05107_ (net)
                  0.34    0.00   11.38 ^ integration_inst.quantizer_inst._12397_/A1 (gf180mcu_fd_sc_mcu9t5v0__oai21_1)
     2    0.02    0.23    0.15   11.53 v integration_inst.quantizer_inst._12397_/ZN (gf180mcu_fd_sc_mcu9t5v0__oai21_1)
                                         integration_inst.quantizer_inst._05108_ (net)
                  0.23    0.00   11.53 v integration_inst.quantizer_inst._12398_/A1 (gf180mcu_fd_sc_mcu9t5v0__aoi21_1)
     2    0.02    0.36    0.25   11.77 ^ integration_inst.quantizer_inst._12398_/ZN (gf180mcu_fd_sc_mcu9t5v0__aoi21_1)
                                         integration_inst.quantizer_inst._05109_ (net)
                  0.36    0.00   11.77 ^ integration_inst.quantizer_inst._12399_/A1 (gf180mcu_fd_sc_mcu9t5v0__oai21_1)
     2    0.02    0.24    0.14   11.92 v integration_inst.quantizer_inst._12399_/ZN (gf180mcu_fd_sc_mcu9t5v0__oai21_1)
                                         integration_inst.quantizer_inst._05110_ (net)
                  0.24    0.00   11.92 v integration_inst.quantizer_inst._12400_/A1 (gf180mcu_fd_sc_mcu9t5v0__aoi21_1)
     2    0.02    0.34    0.24   12.16 ^ integration_inst.quantizer_inst._12400_/ZN (gf180mcu_fd_sc_mcu9t5v0__aoi21_1)
                                         integration_inst.quantizer_inst._05112_ (net)
                  0.34    0.00   12.16 ^ integration_inst.quantizer_inst._12401_/A1 (gf180mcu_fd_sc_mcu9t5v0__oai21_1)
     2    0.02    0.23    0.13   12.29 v integration_inst.quantizer_inst._12401_/ZN (gf180mcu_fd_sc_mcu9t5v0__oai21_1)
                                         integration_inst.quantizer_inst._05113_ (net)
                  0.23    0.00   12.29 v integration_inst.quantizer_inst._12402_/A1 (gf180mcu_fd_sc_mcu9t5v0__aoi21_1)
     2    0.02    0.31    0.22   12.51 ^ integration_inst.quantizer_inst._12402_/ZN (gf180mcu_fd_sc_mcu9t5v0__aoi21_1)
                                         integration_inst.quantizer_inst._05114_ (net)
                  0.31    0.00   12.51 ^ integration_inst.quantizer_inst._12403_/A1 (gf180mcu_fd_sc_mcu9t5v0__oai21_1)
     2    0.02    0.24    0.14   12.65 v integration_inst.quantizer_inst._12403_/ZN (gf180mcu_fd_sc_mcu9t5v0__oai21_1)
                                         integration_inst.quantizer_inst._05115_ (net)
                  0.24    0.00   12.65 v integration_inst.quantizer_inst._12404_/A1 (gf180mcu_fd_sc_mcu9t5v0__aoi21_1)
     2    0.02    0.32    0.23   12.87 ^ integration_inst.quantizer_inst._12404_/ZN (gf180mcu_fd_sc_mcu9t5v0__aoi21_1)
                                         integration_inst.quantizer_inst._05116_ (net)
                  0.32    0.00   12.87 ^ integration_inst.quantizer_inst._12432_/A1 (gf180mcu_fd_sc_mcu9t5v0__oai21_1)
     2    0.01    0.17    0.12   12.99 v integration_inst.quantizer_inst._12432_/ZN (gf180mcu_fd_sc_mcu9t5v0__oai21_1)
                                         integration_inst.quantizer_inst._05145_ (net)
                  0.17    0.00   12.99 v integration_inst.quantizer_inst._12433_/A1 (gf180mcu_fd_sc_mcu9t5v0__aoi21_1)
     2    0.02    0.30    0.19   13.19 ^ integration_inst.quantizer_inst._12433_/ZN (gf180mcu_fd_sc_mcu9t5v0__aoi21_1)
                                         integration_inst.quantizer_inst._05146_ (net)
                  0.30    0.00   13.19 ^ integration_inst.quantizer_inst._12434_/A1 (gf180mcu_fd_sc_mcu9t5v0__oai21_1)
     2    0.02    0.17    0.12   13.31 v integration_inst.quantizer_inst._12434_/ZN (gf180mcu_fd_sc_mcu9t5v0__oai21_1)
                                         integration_inst.quantizer_inst._05147_ (net)
                  0.17    0.00   13.31 v integration_inst.quantizer_inst._12435_/A1 (gf180mcu_fd_sc_mcu9t5v0__aoi21_1)
     2    0.02    0.30    0.20   13.51 ^ integration_inst.quantizer_inst._12435_/ZN (gf180mcu_fd_sc_mcu9t5v0__aoi21_1)
                                         integration_inst.quantizer_inst._05148_ (net)
                  0.30    0.00   13.51 ^ integration_inst.quantizer_inst._12436_/A1 (gf180mcu_fd_sc_mcu9t5v0__oai21_1)
     2    0.01    0.20    0.12   13.63 v integration_inst.quantizer_inst._12436_/ZN (gf180mcu_fd_sc_mcu9t5v0__oai21_1)
                                         integration_inst.quantizer_inst._05149_ (net)
                  0.20    0.00   13.63 v integration_inst.quantizer_inst._12437_/A1 (gf180mcu_fd_sc_mcu9t5v0__aoi21_1)
     2    0.02    0.31    0.20   13.83 ^ integration_inst.quantizer_inst._12437_/ZN (gf180mcu_fd_sc_mcu9t5v0__aoi21_1)
                                         integration_inst.quantizer_inst._05150_ (net)
                  0.31    0.00   13.83 ^ integration_inst.quantizer_inst._12438_/A1 (gf180mcu_fd_sc_mcu9t5v0__oai21_1)
     2    0.01    0.22    0.12   13.95 v integration_inst.quantizer_inst._12438_/ZN (gf180mcu_fd_sc_mcu9t5v0__oai21_1)
                                         integration_inst.quantizer_inst._05151_ (net)
                  0.22    0.00   13.95 v integration_inst.quantizer_inst._12439_/A1 (gf180mcu_fd_sc_mcu9t5v0__aoi21_1)
     2    0.01    0.31    0.21   14.16 ^ integration_inst.quantizer_inst._12439_/ZN (gf180mcu_fd_sc_mcu9t5v0__aoi21_1)
                                         integration_inst.quantizer_inst._05152_ (net)
                  0.31    0.00   14.16 ^ integration_inst.quantizer_inst._12440_/A1 (gf180mcu_fd_sc_mcu9t5v0__oai21_1)
     2    0.01    0.17    0.12   14.27 v integration_inst.quantizer_inst._12440_/ZN (gf180mcu_fd_sc_mcu9t5v0__oai21_1)
                                         integration_inst.quantizer_inst._05154_ (net)
                  0.17    0.00   14.27 v integration_inst.quantizer_inst._12441_/A1 (gf180mcu_fd_sc_mcu9t5v0__aoi21_1)
     2    0.01    0.30    0.19   14.46 ^ integration_inst.quantizer_inst._12441_/ZN (gf180mcu_fd_sc_mcu9t5v0__aoi21_1)
                                         integration_inst.quantizer_inst._05155_ (net)
                  0.30    0.00   14.46 ^ integration_inst.quantizer_inst._12442_/A1 (gf180mcu_fd_sc_mcu9t5v0__oai21_1)
     3    0.02    0.25    0.15   14.61 v integration_inst.quantizer_inst._12442_/ZN (gf180mcu_fd_sc_mcu9t5v0__oai21_1)
                                         integration_inst.quantizer_inst._05156_ (net)
                  0.25    0.00   14.61 v integration_inst.quantizer_inst._12443_/A1 (gf180mcu_fd_sc_mcu9t5v0__aoi21_1)
     2    0.01    0.31    0.22   14.83 ^ integration_inst.quantizer_inst._12443_/ZN (gf180mcu_fd_sc_mcu9t5v0__aoi21_1)
                                         integration_inst.quantizer_inst._05157_ (net)
                  0.31    0.00   14.83 ^ integration_inst.quantizer_inst._12444_/A1 (gf180mcu_fd_sc_mcu9t5v0__oai21_1)
     2    0.01    0.17    0.12   14.95 v integration_inst.quantizer_inst._12444_/ZN (gf180mcu_fd_sc_mcu9t5v0__oai21_1)
                                         integration_inst.quantizer_inst._05158_ (net)
                  0.17    0.00   14.95 v integration_inst.quantizer_inst._12445_/A1 (gf180mcu_fd_sc_mcu9t5v0__aoi21_1)
     3    0.02    0.38    0.24   15.18 ^ integration_inst.quantizer_inst._12445_/ZN (gf180mcu_fd_sc_mcu9t5v0__aoi21_1)
                                         integration_inst.quantizer_inst._05159_ (net)
                  0.38    0.00   15.18 ^ integration_inst.quantizer_inst._12446_/A1 (gf180mcu_fd_sc_mcu9t5v0__oai211_1)
     2    0.02    0.23    0.17   15.35 v integration_inst.quantizer_inst._12446_/ZN (gf180mcu_fd_sc_mcu9t5v0__oai211_1)
                                         integration_inst.quantizer_inst._05160_ (net)
                  0.23    0.00   15.35 v integration_inst.quantizer_inst._12447_/A1 (gf180mcu_fd_sc_mcu9t5v0__aoi211_1)
     2    0.02    0.46    0.27   15.63 ^ integration_inst.quantizer_inst._12447_/ZN (gf180mcu_fd_sc_mcu9t5v0__aoi211_1)
                                         integration_inst.quantizer_inst._05161_ (net)
                  0.46    0.00   15.63 ^ integration_inst.quantizer_inst._12450_/A1 (gf180mcu_fd_sc_mcu9t5v0__oai21_1)
     2    0.02    0.21    0.13   15.75 v integration_inst.quantizer_inst._12450_/ZN (gf180mcu_fd_sc_mcu9t5v0__oai21_1)
                                         integration_inst.quantizer_inst._05165_ (net)
                  0.21    0.00   15.75 v integration_inst.quantizer_inst._12451_/A1 (gf180mcu_fd_sc_mcu9t5v0__aoi21_1)
     2    0.02    0.31    0.21   15.96 ^ integration_inst.quantizer_inst._12451_/ZN (gf180mcu_fd_sc_mcu9t5v0__aoi21_1)
                                         integration_inst.quantizer_inst._05166_ (net)
                  0.31    0.00   15.96 ^ integration_inst.quantizer_inst._12452_/A1 (gf180mcu_fd_sc_mcu9t5v0__oai21_1)
     1    0.01    0.14    0.09   16.05 v integration_inst.quantizer_inst._12452_/ZN (gf180mcu_fd_sc_mcu9t5v0__oai21_1)
                                         integration_inst.quantizer_inst._05167_ (net)
                  0.14    0.00   16.05 v integration_inst.quantizer_inst._12453_/A1 (gf180mcu_fd_sc_mcu9t5v0__aoi21_1)
     2    0.02    0.30    0.18   16.23 ^ integration_inst.quantizer_inst._12453_/ZN (gf180mcu_fd_sc_mcu9t5v0__aoi21_1)
                                         integration_inst.quantizer_inst._05168_ (net)
                  0.30    0.00   16.23 ^ integration_inst.quantizer_inst._12454_/A1 (gf180mcu_fd_sc_mcu9t5v0__oai21_1)
     1    0.01    0.17    0.09   16.32 v integration_inst.quantizer_inst._12454_/ZN (gf180mcu_fd_sc_mcu9t5v0__oai21_1)
                                         integration_inst.quantizer_inst._05169_ (net)
                  0.17    0.00   16.32 v integration_inst.quantizer_inst._12457_/A1 (gf180mcu_fd_sc_mcu9t5v0__nand2_1)
     1    0.01    0.12    0.10   16.42 ^ integration_inst.quantizer_inst._12457_/ZN (gf180mcu_fd_sc_mcu9t5v0__nand2_1)
                                         integration_inst.quantizer_inst._06877_[44] (net)
                  0.12    0.00   16.42 ^ integration_inst.quantizer_inst._14035_/D (gf180mcu_fd_sc_mcu9t5v0__dffrnq_1)
                                 16.42   data arrival time

                  0.00   40.00   40.00   clock core_clock (rise edge)
                          1.12   41.12   clock network delay (ideal)
                          0.00   41.12   clock reconvergence pessimism
                                 41.12 ^ integration_inst.quantizer_inst._14035_/CLK (gf180mcu_fd_sc_mcu9t5v0__dffrnq_1)
                         -0.14   40.98   library setup time
                                 40.98   data required time
-----------------------------------------------------------------------------
                                 40.98   data required time
                                -16.42   data arrival time
-----------------------------------------------------------------------------
                                 24.56   slack (MET)


Startpoint: uart_inst.ut._200_
            (rising edge-triggered flip-flop clocked by core_clock)
Endpoint: o_uart_tx (output port clocked by vclk_core_clock)
Path Group: vclk_core_clock
Path Type: max

Fanout     Cap    Slew   Delay    Time   Description
-----------------------------------------------------------------------------
                  0.00    0.00    0.00   clock core_clock (rise edge)
                          1.12    1.12   clock network delay (ideal)
                  0.00    0.00    1.12 ^ uart_inst.ut._200_/CLK (gf180mcu_fd_sc_mcu9t5v0__dffsnq_1)
     1    0.01    0.07    0.40    1.52 v uart_inst.ut._200_/Q (gf180mcu_fd_sc_mcu9t5v0__dffsnq_1)
                                         net147 (net)
                  0.07    0.00    1.52 v output148/I (gf180mcu_fd_sc_mcu9t5v0__dlyb_2)
     1    0.06    0.29    0.84    2.36 v output148/Z (gf180mcu_fd_sc_mcu9t5v0__dlyb_2)
                                         o_uart_tx (net)
                  0.29    0.00    2.36 v o_uart_tx (out)
                                  2.36   data arrival time

                  0.00   40.00   40.00   clock vclk_core_clock (rise edge)
                          1.12   41.12   clock network delay (ideal)
                          0.00   41.12   clock reconvergence pessimism
                         -8.00   33.12   output external delay
                                 33.12   data required time
-----------------------------------------------------------------------------
                                 33.12   data required time
                                 -2.36   data arrival time
-----------------------------------------------------------------------------
                                 30.76   slack (MET)



==========================================================================
resizer report_checks -unconstrained
--------------------------------------------------------------------------
Startpoint: integration_inst.reg_bank_inst._22035_
            (rising edge-triggered flip-flop clocked by core_clock)
Endpoint: integration_inst.mac_grid_inst.ROW_LOOP[0].COL_LOOP[0].mac_inst._2706_
          (recovery check against rising-edge clock core_clock)
Path Group: asynchronous
Path Type: max

Fanout     Cap    Slew   Delay    Time   Description
-----------------------------------------------------------------------------
                  0.00    0.00    0.00   clock core_clock (rise edge)
                          1.12    1.12   clock network delay (ideal)
                  0.00    0.00    1.12 ^ integration_inst.reg_bank_inst._22035_/CLK (gf180mcu_fd_sc_mcu9t5v0__dffrnq_1)
     7    0.06    0.47    0.61    1.73 ^ integration_inst.reg_bank_inst._22035_/Q (gf180mcu_fd_sc_mcu9t5v0__dffrnq_1)
                                         integration_inst.reg_bank_inst.current_state[1] (net)
                  0.47    0.00    1.73 ^ integration_inst.reg_bank_inst._11435_/I (gf180mcu_fd_sc_mcu9t5v0__clkinv_1)
     4    0.07    0.55    0.44    2.18 v integration_inst.reg_bank_inst._11435_/ZN (gf180mcu_fd_sc_mcu9t5v0__clkinv_1)
                                         integration_inst.reg_bank_inst._03440_ (net)
                  0.55    0.00    2.18 v integration_inst.reg_bank_inst._11436_/A1 (gf180mcu_fd_sc_mcu9t5v0__nand3_4)
    25    0.55    1.33    0.90    3.08 ^ integration_inst.reg_bank_inst._11436_/ZN (gf180mcu_fd_sc_mcu9t5v0__nand3_4)
                                         integration_inst.reg_bank_inst._03441_ (net)
                  1.33    0.00    3.08 ^ integration_inst.reg_bank_inst._11437_/I (gf180mcu_fd_sc_mcu9t5v0__clkinv_12)
   160    1.85    1.20    0.98    4.06 v integration_inst.reg_bank_inst._11437_/ZN (gf180mcu_fd_sc_mcu9t5v0__clkinv_12)
                                         integration_inst.quant_ip_reset (net)
                  1.20    0.01    4.07 v integration_inst.reg_bank_inst._13123_/A1 (gf180mcu_fd_sc_mcu9t5v0__nor2_4)
     1    0.06    0.40    0.46    4.53 ^ integration_inst.reg_bank_inst._13123_/ZN (gf180mcu_fd_sc_mcu9t5v0__nor2_4)
                                         integration_inst.mac_grid_inst.ROW_LOOP[0].COL_LOOP[0].mac_inst.i_rst_n (net)
                  0.40    0.00    4.53 ^ place821/I (gf180mcu_fd_sc_mcu9t5v0__buf_16)
   289    3.33    1.52    0.99    5.52 ^ place821/Z (gf180mcu_fd_sc_mcu9t5v0__buf_16)
                                         net820 (net)
                  1.53    0.02    5.54 ^ place820/I (gf180mcu_fd_sc_mcu9t5v0__buf_4)
    99    1.10    1.98    1.25    6.79 ^ place820/Z (gf180mcu_fd_sc_mcu9t5v0__buf_4)
                                         net819 (net)
                  1.98    0.00    6.79 ^ integration_inst.mac_grid_inst.ROW_LOOP[0].COL_LOOP[0].mac_inst._2706_/RN (gf180mcu_fd_sc_mcu9t5v0__dffrnq_1)
                                  6.79   data arrival time

                  0.00   40.00   40.00   clock core_clock (rise edge)
                          1.12   41.12   clock network delay (ideal)
                          0.00   41.12   clock reconvergence pessimism
                                 41.12 ^ integration_inst.mac_grid_inst.ROW_LOOP[0].COL_LOOP[0].mac_inst._2706_/CLK (gf180mcu_fd_sc_mcu9t5v0__dffrnq_1)
                         -0.57   40.55   library recovery time
                                 40.55   data required time
-----------------------------------------------------------------------------
                                 40.55   data required time
                                 -6.79   data arrival time
-----------------------------------------------------------------------------
                                 33.76   slack (MET)


Startpoint: integration_inst.reg_bank_inst._21607_
            (rising edge-triggered flip-flop clocked by core_clock)
Endpoint: integration_inst.quantizer_inst._14035_
          (rising edge-triggered flip-flop clocked by core_clock)
Path Group: core_clock
Path Type: max

Fanout     Cap    Slew   Delay    Time   Description
-----------------------------------------------------------------------------
                  0.00    0.00    0.00   clock core_clock (rise edge)
                          1.12    1.12   clock network delay (ideal)
                  0.00    0.00    1.12 ^ integration_inst.reg_bank_inst._21607_/CLK (gf180mcu_fd_sc_mcu9t5v0__dffrnq_1)
    11    0.08    0.58    0.68    1.80 ^ integration_inst.reg_bank_inst._21607_/Q (gf180mcu_fd_sc_mcu9t5v0__dffrnq_1)
                                         integration_inst.reg_bank_inst.cols_a[1] (net)
                  0.58    0.00    1.80 ^ integration_inst.reg_bank_inst._10714_/I (gf180mcu_fd_sc_mcu9t5v0__clkinv_1)
     9    0.06    0.52    0.43    2.23 v integration_inst.reg_bank_inst._10714_/ZN (gf180mcu_fd_sc_mcu9t5v0__clkinv_1)
                                         integration_inst.reg_bank_inst._02738_ (net)
                  0.52    0.00    2.24 v integration_inst.reg_bank_inst._10909_/A1 (gf180mcu_fd_sc_mcu9t5v0__nand2_1)
     1    0.01    0.23    0.23    2.47 ^ integration_inst.reg_bank_inst._10909_/ZN (gf180mcu_fd_sc_mcu9t5v0__nand2_1)
                                         integration_inst.reg_bank_inst._02933_ (net)
                  0.23    0.00    2.47 ^ place931/I (gf180mcu_fd_sc_mcu9t5v0__buf_4)
    18    0.24    0.44    0.35    2.82 ^ place931/Z (gf180mcu_fd_sc_mcu9t5v0__buf_4)
                                         net930 (net)
                  0.44    0.00    2.82 ^ integration_inst.reg_bank_inst._11029_/I (gf180mcu_fd_sc_mcu9t5v0__clkinv_1)
     9    0.10    0.74    0.56    3.38 v integration_inst.reg_bank_inst._11029_/ZN (gf180mcu_fd_sc_mcu9t5v0__clkinv_1)
                                         integration_inst.reg_bank_inst._03052_ (net)
                  0.74    0.00    3.38 v integration_inst.reg_bank_inst._11451_/A1 (gf180mcu_fd_sc_mcu9t5v0__nand2_1)
     1    0.01    0.22    0.23    3.61 ^ integration_inst.reg_bank_inst._11451_/ZN (gf180mcu_fd_sc_mcu9t5v0__nand2_1)
                                         integration_inst.reg_bank_inst._03455_ (net)
                  0.22    0.00    3.61 ^ integration_inst.reg_bank_inst._11452_/I (gf180mcu_fd_sc_mcu9t5v0__clkinv_1)
    23    0.21    1.56    1.02    4.63 v integration_inst.reg_bank_inst._11452_/ZN (gf180mcu_fd_sc_mcu9t5v0__clkinv_1)
                                         integration_inst.reg_bank_inst._03456_ (net)
                  1.56    0.00    4.63 v integration_inst.reg_bank_inst._11590_/A1 (gf180mcu_fd_sc_mcu9t5v0__aoi21_1)
     1    0.01    0.39    0.49    5.12 ^ integration_inst.reg_bank_inst._11590_/ZN (gf180mcu_fd_sc_mcu9t5v0__aoi21_1)
                                         integration_inst.reg_bank_inst._03581_ (net)
                  0.39    0.00    5.12 ^ integration_inst.reg_bank_inst._11591_/A1 (gf180mcu_fd_sc_mcu9t5v0__nand4_1)
     1    0.01    0.20    0.12    5.24 v integration_inst.reg_bank_inst._11591_/ZN (gf180mcu_fd_sc_mcu9t5v0__nand4_1)
                                         integration_inst.reg_bank_inst._03582_ (net)
                  0.20    0.00    5.24 v integration_inst.reg_bank_inst._11592_/C (gf180mcu_fd_sc_mcu9t5v0__aoi221_1)
     1    0.01    0.40    0.28    5.53 ^ integration_inst.reg_bank_inst._11592_/ZN (gf180mcu_fd_sc_mcu9t5v0__aoi221_1)
                                         integration_inst.reg_bank_inst._03583_ (net)
                  0.40    0.00    5.53 ^ integration_inst.reg_bank_inst._11593_/A1 (gf180mcu_fd_sc_mcu9t5v0__aoi21_1)
     1    0.03    0.58    0.21    5.74 v integration_inst.reg_bank_inst._11593_/ZN (gf180mcu_fd_sc_mcu9t5v0__aoi21_1)
                                         integration_inst.quant_ip_data[8] (net)
                  0.58    0.00    5.74 v place718/I (gf180mcu_fd_sc_mcu9t5v0__buf_4)
    12    0.19    0.22    0.38    6.12 v place718/Z (gf180mcu_fd_sc_mcu9t5v0__buf_4)
                                         net717 (net)
                  0.22    0.00    6.12 v integration_inst.quantizer_inst._07962_/I (gf180mcu_fd_sc_mcu9t5v0__clkinv_1)
    25    0.25    1.80    1.12    7.24 ^ integration_inst.quantizer_inst._07962_/ZN (gf180mcu_fd_sc_mcu9t5v0__clkinv_1)
                                         integration_inst.quantizer_inst._00427_ (net)
                  1.80    0.00    7.24 ^ integration_inst.quantizer_inst._11247_/A2 (gf180mcu_fd_sc_mcu9t5v0__nor2_1)
     2    0.01    0.52    0.16    7.40 v integration_inst.quantizer_inst._11247_/ZN (gf180mcu_fd_sc_mcu9t5v0__nor2_1)
                                         integration_inst.quantizer_inst._03844_ (net)
                  0.52    0.00    7.40 v integration_inst.quantizer_inst._11248_/I (gf180mcu_fd_sc_mcu9t5v0__clkinv_1)
     2    0.01    0.22    0.19    7.59 ^ integration_inst.quantizer_inst._11248_/ZN (gf180mcu_fd_sc_mcu9t5v0__clkinv_1)
                                         integration_inst.quantizer_inst._03845_ (net)
                  0.22    0.00    7.59 ^ integration_inst.quantizer_inst._11251_/B (gf180mcu_fd_sc_mcu9t5v0__aoi21_1)
     2    0.01    0.18    0.14    7.73 v integration_inst.quantizer_inst._11251_/ZN (gf180mcu_fd_sc_mcu9t5v0__aoi21_1)
                                         integration_inst.quantizer_inst._03849_ (net)
                  0.18    0.00    7.73 v integration_inst.quantizer_inst._11252_/A1 (gf180mcu_fd_sc_mcu9t5v0__nor2_1)
     3    0.02    0.33    0.23    7.97 ^ integration_inst.quantizer_inst._11252_/ZN (gf180mcu_fd_sc_mcu9t5v0__nor2_1)
                                         integration_inst.quantizer_inst._03850_ (net)
                  0.33    0.00    7.97 ^ integration_inst.quantizer_inst._11270_/A1 (gf180mcu_fd_sc_mcu9t5v0__nand2_1)
     4    0.03    0.23    0.18    8.14 v integration_inst.quantizer_inst._11270_/ZN (gf180mcu_fd_sc_mcu9t5v0__nand2_1)
                                         integration_inst.quantizer_inst._03870_ (net)
                  0.23    0.00    8.14 v integration_inst.quantizer_inst._11417_/I (gf180mcu_fd_sc_mcu9t5v0__clkinv_1)
     2    0.01    0.16    0.14    8.28 ^ integration_inst.quantizer_inst._11417_/ZN (gf180mcu_fd_sc_mcu9t5v0__clkinv_1)
                                         integration_inst.quantizer_inst._04031_ (net)
                  0.16    0.00    8.28 ^ integration_inst.quantizer_inst._11418_/A1 (gf180mcu_fd_sc_mcu9t5v0__oai21_1)
     3    0.02    0.21    0.13    8.42 v integration_inst.quantizer_inst._11418_/ZN (gf180mcu_fd_sc_mcu9t5v0__oai21_1)
                                         integration_inst.quantizer_inst._04032_ (net)
                  0.21    0.00    8.42 v integration_inst.quantizer_inst._11438_/B (gf180mcu_fd_sc_mcu9t5v0__oai211_1)
     2    0.02    0.31    0.22    8.64 ^ integration_inst.quantizer_inst._11438_/ZN (gf180mcu_fd_sc_mcu9t5v0__oai211_1)
                                         integration_inst.quantizer_inst._04054_ (net)
                  0.31    0.00    8.64 ^ integration_inst.quantizer_inst._11563_/A1 (gf180mcu_fd_sc_mcu9t5v0__nand3_1)
     4    0.03    0.30    0.22    8.86 v integration_inst.quantizer_inst._11563_/ZN (gf180mcu_fd_sc_mcu9t5v0__nand3_1)
                                         integration_inst.quantizer_inst._04192_ (net)
                  0.30    0.00    8.86 v integration_inst.quantizer_inst._11567_/A2 (gf180mcu_fd_sc_mcu9t5v0__nand3_1)
     4    0.03    0.35    0.29    9.14 ^ integration_inst.quantizer_inst._11567_/ZN (gf180mcu_fd_sc_mcu9t5v0__nand3_1)
                                         integration_inst.quantizer_inst._04196_ (net)
                  0.35    0.00    9.14 ^ integration_inst.quantizer_inst._11717_/I (gf180mcu_fd_sc_mcu9t5v0__clkinv_1)
     2    0.01    0.17    0.14    9.29 v integration_inst.quantizer_inst._11717_/ZN (gf180mcu_fd_sc_mcu9t5v0__clkinv_1)
                                         integration_inst.quantizer_inst._04361_ (net)
                  0.17    0.00    9.29 v integration_inst.quantizer_inst._11719_/A1 (gf180mcu_fd_sc_mcu9t5v0__oai21_1)
     3    0.02    0.35    0.25    9.54 ^ integration_inst.quantizer_inst._11719_/ZN (gf180mcu_fd_sc_mcu9t5v0__oai21_1)
                                         integration_inst.quantizer_inst._04363_ (net)
                  0.35    0.00    9.54 ^ integration_inst.quantizer_inst._11730_/A1 (gf180mcu_fd_sc_mcu9t5v0__nand3_1)
     3    0.02    0.25    0.19    9.72 v integration_inst.quantizer_inst._11730_/ZN (gf180mcu_fd_sc_mcu9t5v0__nand3_1)
                                         integration_inst.quantizer_inst._04376_ (net)
                  0.25    0.00    9.72 v integration_inst.quantizer_inst._11734_/A2 (gf180mcu_fd_sc_mcu9t5v0__aoi21_1)
     3    0.02    0.38    0.29   10.01 ^ integration_inst.quantizer_inst._11734_/ZN (gf180mcu_fd_sc_mcu9t5v0__aoi21_1)
                                         integration_inst.quantizer_inst._04380_ (net)
                  0.38    0.00   10.01 ^ integration_inst.quantizer_inst._11735_/A1 (gf180mcu_fd_sc_mcu9t5v0__nor2_1)
     3    0.02    0.23    0.15   10.16 v integration_inst.quantizer_inst._11735_/ZN (gf180mcu_fd_sc_mcu9t5v0__nor2_1)
                                         integration_inst.quantizer_inst._04381_ (net)
                  0.23    0.00   10.17 v integration_inst.quantizer_inst._11864_/A1 (gf180mcu_fd_sc_mcu9t5v0__nor3_1)
     2    0.02    0.40    0.27   10.43 ^ integration_inst.quantizer_inst._11864_/ZN (gf180mcu_fd_sc_mcu9t5v0__nor3_1)
                                         integration_inst.quantizer_inst._04523_ (net)
                  0.40    0.00   10.43 ^ integration_inst.quantizer_inst._11866_/A1 (gf180mcu_fd_sc_mcu9t5v0__nor3_1)
     2    0.01    0.24    0.14   10.57 v integration_inst.quantizer_inst._11866_/ZN (gf180mcu_fd_sc_mcu9t5v0__nor3_1)
                                         integration_inst.quantizer_inst._04525_ (net)
                  0.24    0.00   10.57 v integration_inst.quantizer_inst._11870_/A1 (gf180mcu_fd_sc_mcu9t5v0__nor3_1)
     2    0.01    0.34    0.24   10.81 ^ integration_inst.quantizer_inst._11870_/ZN (gf180mcu_fd_sc_mcu9t5v0__nor3_1)
                                         integration_inst.quantizer_inst._04530_ (net)
                  0.34    0.00   10.81 ^ integration_inst.quantizer_inst._12373_/A2 (gf180mcu_fd_sc_mcu9t5v0__or2_1)
     2    0.01    0.13    0.19   11.00 ^ integration_inst.quantizer_inst._12373_/Z (gf180mcu_fd_sc_mcu9t5v0__or2_1)
                                         integration_inst.quantizer_inst._05082_ (net)
                  0.13    0.00   11.00 ^ integration_inst.quantizer_inst._12395_/B (gf180mcu_fd_sc_mcu9t5v0__oai21_1)
     2    0.02    0.23    0.14   11.14 v integration_inst.quantizer_inst._12395_/ZN (gf180mcu_fd_sc_mcu9t5v0__oai21_1)
                                         integration_inst.quantizer_inst._05106_ (net)
                  0.23    0.00   11.14 v integration_inst.quantizer_inst._12396_/A1 (gf180mcu_fd_sc_mcu9t5v0__aoi21_1)
     2    0.02    0.34    0.24   11.38 ^ integration_inst.quantizer_inst._12396_/ZN (gf180mcu_fd_sc_mcu9t5v0__aoi21_1)
                                         integration_inst.quantizer_inst._05107_ (net)
                  0.34    0.00   11.38 ^ integration_inst.quantizer_inst._12397_/A1 (gf180mcu_fd_sc_mcu9t5v0__oai21_1)
     2    0.02    0.23    0.15   11.53 v integration_inst.quantizer_inst._12397_/ZN (gf180mcu_fd_sc_mcu9t5v0__oai21_1)
                                         integration_inst.quantizer_inst._05108_ (net)
                  0.23    0.00   11.53 v integration_inst.quantizer_inst._12398_/A1 (gf180mcu_fd_sc_mcu9t5v0__aoi21_1)
     2    0.02    0.36    0.25   11.77 ^ integration_inst.quantizer_inst._12398_/ZN (gf180mcu_fd_sc_mcu9t5v0__aoi21_1)
                                         integration_inst.quantizer_inst._05109_ (net)
                  0.36    0.00   11.77 ^ integration_inst.quantizer_inst._12399_/A1 (gf180mcu_fd_sc_mcu9t5v0__oai21_1)
     2    0.02    0.24    0.14   11.92 v integration_inst.quantizer_inst._12399_/ZN (gf180mcu_fd_sc_mcu9t5v0__oai21_1)
                                         integration_inst.quantizer_inst._05110_ (net)
                  0.24    0.00   11.92 v integration_inst.quantizer_inst._12400_/A1 (gf180mcu_fd_sc_mcu9t5v0__aoi21_1)
     2    0.02    0.34    0.24   12.16 ^ integration_inst.quantizer_inst._12400_/ZN (gf180mcu_fd_sc_mcu9t5v0__aoi21_1)
                                         integration_inst.quantizer_inst._05112_ (net)
                  0.34    0.00   12.16 ^ integration_inst.quantizer_inst._12401_/A1 (gf180mcu_fd_sc_mcu9t5v0__oai21_1)
     2    0.02    0.23    0.13   12.29 v integration_inst.quantizer_inst._12401_/ZN (gf180mcu_fd_sc_mcu9t5v0__oai21_1)
                                         integration_inst.quantizer_inst._05113_ (net)
                  0.23    0.00   12.29 v integration_inst.quantizer_inst._12402_/A1 (gf180mcu_fd_sc_mcu9t5v0__aoi21_1)
     2    0.02    0.31    0.22   12.51 ^ integration_inst.quantizer_inst._12402_/ZN (gf180mcu_fd_sc_mcu9t5v0__aoi21_1)
                                         integration_inst.quantizer_inst._05114_ (net)
                  0.31    0.00   12.51 ^ integration_inst.quantizer_inst._12403_/A1 (gf180mcu_fd_sc_mcu9t5v0__oai21_1)
     2    0.02    0.24    0.14   12.65 v integration_inst.quantizer_inst._12403_/ZN (gf180mcu_fd_sc_mcu9t5v0__oai21_1)
                                         integration_inst.quantizer_inst._05115_ (net)
                  0.24    0.00   12.65 v integration_inst.quantizer_inst._12404_/A1 (gf180mcu_fd_sc_mcu9t5v0__aoi21_1)
     2    0.02    0.32    0.23   12.87 ^ integration_inst.quantizer_inst._12404_/ZN (gf180mcu_fd_sc_mcu9t5v0__aoi21_1)
                                         integration_inst.quantizer_inst._05116_ (net)
                  0.32    0.00   12.87 ^ integration_inst.quantizer_inst._12432_/A1 (gf180mcu_fd_sc_mcu9t5v0__oai21_1)
     2    0.01    0.17    0.12   12.99 v integration_inst.quantizer_inst._12432_/ZN (gf180mcu_fd_sc_mcu9t5v0__oai21_1)
                                         integration_inst.quantizer_inst._05145_ (net)
                  0.17    0.00   12.99 v integration_inst.quantizer_inst._12433_/A1 (gf180mcu_fd_sc_mcu9t5v0__aoi21_1)
     2    0.02    0.30    0.19   13.19 ^ integration_inst.quantizer_inst._12433_/ZN (gf180mcu_fd_sc_mcu9t5v0__aoi21_1)
                                         integration_inst.quantizer_inst._05146_ (net)
                  0.30    0.00   13.19 ^ integration_inst.quantizer_inst._12434_/A1 (gf180mcu_fd_sc_mcu9t5v0__oai21_1)
     2    0.02    0.17    0.12   13.31 v integration_inst.quantizer_inst._12434_/ZN (gf180mcu_fd_sc_mcu9t5v0__oai21_1)
                                         integration_inst.quantizer_inst._05147_ (net)
                  0.17    0.00   13.31 v integration_inst.quantizer_inst._12435_/A1 (gf180mcu_fd_sc_mcu9t5v0__aoi21_1)
     2    0.02    0.30    0.20   13.51 ^ integration_inst.quantizer_inst._12435_/ZN (gf180mcu_fd_sc_mcu9t5v0__aoi21_1)
                                         integration_inst.quantizer_inst._05148_ (net)
                  0.30    0.00   13.51 ^ integration_inst.quantizer_inst._12436_/A1 (gf180mcu_fd_sc_mcu9t5v0__oai21_1)
     2    0.01    0.20    0.12   13.63 v integration_inst.quantizer_inst._12436_/ZN (gf180mcu_fd_sc_mcu9t5v0__oai21_1)
                                         integration_inst.quantizer_inst._05149_ (net)
                  0.20    0.00   13.63 v integration_inst.quantizer_inst._12437_/A1 (gf180mcu_fd_sc_mcu9t5v0__aoi21_1)
     2    0.02    0.31    0.20   13.83 ^ integration_inst.quantizer_inst._12437_/ZN (gf180mcu_fd_sc_mcu9t5v0__aoi21_1)
                                         integration_inst.quantizer_inst._05150_ (net)
                  0.31    0.00   13.83 ^ integration_inst.quantizer_inst._12438_/A1 (gf180mcu_fd_sc_mcu9t5v0__oai21_1)
     2    0.01    0.22    0.12   13.95 v integration_inst.quantizer_inst._12438_/ZN (gf180mcu_fd_sc_mcu9t5v0__oai21_1)
                                         integration_inst.quantizer_inst._05151_ (net)
                  0.22    0.00   13.95 v integration_inst.quantizer_inst._12439_/A1 (gf180mcu_fd_sc_mcu9t5v0__aoi21_1)
     2    0.01    0.31    0.21   14.16 ^ integration_inst.quantizer_inst._12439_/ZN (gf180mcu_fd_sc_mcu9t5v0__aoi21_1)
                                         integration_inst.quantizer_inst._05152_ (net)
                  0.31    0.00   14.16 ^ integration_inst.quantizer_inst._12440_/A1 (gf180mcu_fd_sc_mcu9t5v0__oai21_1)
     2    0.01    0.17    0.12   14.27 v integration_inst.quantizer_inst._12440_/ZN (gf180mcu_fd_sc_mcu9t5v0__oai21_1)
                                         integration_inst.quantizer_inst._05154_ (net)
                  0.17    0.00   14.27 v integration_inst.quantizer_inst._12441_/A1 (gf180mcu_fd_sc_mcu9t5v0__aoi21_1)
     2    0.01    0.30    0.19   14.46 ^ integration_inst.quantizer_inst._12441_/ZN (gf180mcu_fd_sc_mcu9t5v0__aoi21_1)
                                         integration_inst.quantizer_inst._05155_ (net)
                  0.30    0.00   14.46 ^ integration_inst.quantizer_inst._12442_/A1 (gf180mcu_fd_sc_mcu9t5v0__oai21_1)
     3    0.02    0.25    0.15   14.61 v integration_inst.quantizer_inst._12442_/ZN (gf180mcu_fd_sc_mcu9t5v0__oai21_1)
                                         integration_inst.quantizer_inst._05156_ (net)
                  0.25    0.00   14.61 v integration_inst.quantizer_inst._12443_/A1 (gf180mcu_fd_sc_mcu9t5v0__aoi21_1)
     2    0.01    0.31    0.22   14.83 ^ integration_inst.quantizer_inst._12443_/ZN (gf180mcu_fd_sc_mcu9t5v0__aoi21_1)
                                         integration_inst.quantizer_inst._05157_ (net)
                  0.31    0.00   14.83 ^ integration_inst.quantizer_inst._12444_/A1 (gf180mcu_fd_sc_mcu9t5v0__oai21_1)
     2    0.01    0.17    0.12   14.95 v integration_inst.quantizer_inst._12444_/ZN (gf180mcu_fd_sc_mcu9t5v0__oai21_1)
                                         integration_inst.quantizer_inst._05158_ (net)
                  0.17    0.00   14.95 v integration_inst.quantizer_inst._12445_/A1 (gf180mcu_fd_sc_mcu9t5v0__aoi21_1)
     3    0.02    0.38    0.24   15.18 ^ integration_inst.quantizer_inst._12445_/ZN (gf180mcu_fd_sc_mcu9t5v0__aoi21_1)
                                         integration_inst.quantizer_inst._05159_ (net)
                  0.38    0.00   15.18 ^ integration_inst.quantizer_inst._12446_/A1 (gf180mcu_fd_sc_mcu9t5v0__oai211_1)
     2    0.02    0.23    0.17   15.35 v integration_inst.quantizer_inst._12446_/ZN (gf180mcu_fd_sc_mcu9t5v0__oai211_1)
                                         integration_inst.quantizer_inst._05160_ (net)
                  0.23    0.00   15.35 v integration_inst.quantizer_inst._12447_/A1 (gf180mcu_fd_sc_mcu9t5v0__aoi211_1)
     2    0.02    0.46    0.27   15.63 ^ integration_inst.quantizer_inst._12447_/ZN (gf180mcu_fd_sc_mcu9t5v0__aoi211_1)
                                         integration_inst.quantizer_inst._05161_ (net)
                  0.46    0.00   15.63 ^ integration_inst.quantizer_inst._12450_/A1 (gf180mcu_fd_sc_mcu9t5v0__oai21_1)
     2    0.02    0.21    0.13   15.75 v integration_inst.quantizer_inst._12450_/ZN (gf180mcu_fd_sc_mcu9t5v0__oai21_1)
                                         integration_inst.quantizer_inst._05165_ (net)
                  0.21    0.00   15.75 v integration_inst.quantizer_inst._12451_/A1 (gf180mcu_fd_sc_mcu9t5v0__aoi21_1)
     2    0.02    0.31    0.21   15.96 ^ integration_inst.quantizer_inst._12451_/ZN (gf180mcu_fd_sc_mcu9t5v0__aoi21_1)
                                         integration_inst.quantizer_inst._05166_ (net)
                  0.31    0.00   15.96 ^ integration_inst.quantizer_inst._12452_/A1 (gf180mcu_fd_sc_mcu9t5v0__oai21_1)
     1    0.01    0.14    0.09   16.05 v integration_inst.quantizer_inst._12452_/ZN (gf180mcu_fd_sc_mcu9t5v0__oai21_1)
                                         integration_inst.quantizer_inst._05167_ (net)
                  0.14    0.00   16.05 v integration_inst.quantizer_inst._12453_/A1 (gf180mcu_fd_sc_mcu9t5v0__aoi21_1)
     2    0.02    0.30    0.18   16.23 ^ integration_inst.quantizer_inst._12453_/ZN (gf180mcu_fd_sc_mcu9t5v0__aoi21_1)
                                         integration_inst.quantizer_inst._05168_ (net)
                  0.30    0.00   16.23 ^ integration_inst.quantizer_inst._12454_/A1 (gf180mcu_fd_sc_mcu9t5v0__oai21_1)
     1    0.01    0.17    0.09   16.32 v integration_inst.quantizer_inst._12454_/ZN (gf180mcu_fd_sc_mcu9t5v0__oai21_1)
                                         integration_inst.quantizer_inst._05169_ (net)
                  0.17    0.00   16.32 v integration_inst.quantizer_inst._12457_/A1 (gf180mcu_fd_sc_mcu9t5v0__nand2_1)
     1    0.01    0.12    0.10   16.42 ^ integration_inst.quantizer_inst._12457_/ZN (gf180mcu_fd_sc_mcu9t5v0__nand2_1)
                                         integration_inst.quantizer_inst._06877_[44] (net)
                  0.12    0.00   16.42 ^ integration_inst.quantizer_inst._14035_/D (gf180mcu_fd_sc_mcu9t5v0__dffrnq_1)
                                 16.42   data arrival time

                  0.00   40.00   40.00   clock core_clock (rise edge)
                          1.12   41.12   clock network delay (ideal)
                          0.00   41.12   clock reconvergence pessimism
                                 41.12 ^ integration_inst.quantizer_inst._14035_/CLK (gf180mcu_fd_sc_mcu9t5v0__dffrnq_1)
                         -0.14   40.98   library setup time
                                 40.98   data required time
-----------------------------------------------------------------------------
                                 40.98   data required time
                                -16.42   data arrival time
-----------------------------------------------------------------------------
                                 24.56   slack (MET)


Startpoint: uart_inst.ut._200_
            (rising edge-triggered flip-flop clocked by core_clock)
Endpoint: o_uart_tx (output port clocked by vclk_core_clock)
Path Group: vclk_core_clock
Path Type: max

Fanout     Cap    Slew   Delay    Time   Description
-----------------------------------------------------------------------------
                  0.00    0.00    0.00   clock core_clock (rise edge)
                          1.12    1.12   clock network delay (ideal)
                  0.00    0.00    1.12 ^ uart_inst.ut._200_/CLK (gf180mcu_fd_sc_mcu9t5v0__dffsnq_1)
     1    0.01    0.07    0.40    1.52 v uart_inst.ut._200_/Q (gf180mcu_fd_sc_mcu9t5v0__dffsnq_1)
                                         net147 (net)
                  0.07    0.00    1.52 v output148/I (gf180mcu_fd_sc_mcu9t5v0__dlyb_2)
     1    0.06    0.29    0.84    2.36 v output148/Z (gf180mcu_fd_sc_mcu9t5v0__dlyb_2)
                                         o_uart_tx (net)
                  0.29    0.00    2.36 v o_uart_tx (out)
                                  2.36   data arrival time

                  0.00   40.00   40.00   clock vclk_core_clock (rise edge)
                          1.12   41.12   clock network delay (ideal)
                          0.00   41.12   clock reconvergence pessimism
                         -8.00   33.12   output external delay
                                 33.12   data required time
-----------------------------------------------------------------------------
                                 33.12   data required time
                                 -2.36   data arrival time
-----------------------------------------------------------------------------
                                 30.76   slack (MET)



==========================================================================
resizer report_check_types -max_slew -max_cap -max_fanout -violators
--------------------------------------------------------------------------

==========================================================================
resizer max_slew_check_slack
--------------------------------------------------------------------------
0.372847318649292

==========================================================================
resizer max_slew_check_limit
--------------------------------------------------------------------------
2.799999952316284

==========================================================================
resizer max_slew_check_slack_limit
--------------------------------------------------------------------------
0.1332

==========================================================================
resizer max_fanout_check_slack
--------------------------------------------------------------------------
1.0000000150474662e+30

==========================================================================
resizer max_fanout_check_limit
--------------------------------------------------------------------------
1.0000000150474662e+30

==========================================================================
resizer max_capacitance_check_slack
--------------------------------------------------------------------------
0.03244298696517944

==========================================================================
resizer max_capacitance_check_limit
--------------------------------------------------------------------------
0.20350000262260437

==========================================================================
resizer max_capacitance_check_slack_limit
--------------------------------------------------------------------------
0.1594

==========================================================================
resizer max_slew_violation_count
--------------------------------------------------------------------------
max slew violation count 0

==========================================================================
resizer max_fanout_violation_count
--------------------------------------------------------------------------
max fanout violation count 0

==========================================================================
resizer max_cap_violation_count
--------------------------------------------------------------------------
max cap violation count 0

==========================================================================
resizer setup_violation_count
--------------------------------------------------------------------------
setup violation count 0

==========================================================================
resizer hold_violation_count
--------------------------------------------------------------------------
hold violation count 0

==========================================================================
resizer report_checks -path_delay max reg to reg
--------------------------------------------------------------------------
Startpoint: integration_inst.reg_bank_inst._22035_
            (rising edge-triggered flip-flop clocked by core_clock)
Endpoint: integration_inst.mac_grid_inst.ROW_LOOP[0].COL_LOOP[0].mac_inst._2706_
          (recovery check against rising-edge clock core_clock)
Path Group: asynchronous
Path Type: max

  Delay    Time   Description
---------------------------------------------------------
   0.00    0.00   clock core_clock (rise edge)
   1.12    1.12   clock network delay (ideal)
   0.00    1.12 ^ integration_inst.reg_bank_inst._22035_/CLK (gf180mcu_fd_sc_mcu9t5v0__dffrnq_1)
   0.61    1.73 ^ integration_inst.reg_bank_inst._22035_/Q (gf180mcu_fd_sc_mcu9t5v0__dffrnq_1)
   0.44    2.18 v integration_inst.reg_bank_inst._11435_/ZN (gf180mcu_fd_sc_mcu9t5v0__clkinv_1)
   0.90    3.08 ^ integration_inst.reg_bank_inst._11436_/ZN (gf180mcu_fd_sc_mcu9t5v0__nand3_4)
   0.99    4.06 v integration_inst.reg_bank_inst._11437_/ZN (gf180mcu_fd_sc_mcu9t5v0__clkinv_12)
   0.47    4.53 ^ integration_inst.reg_bank_inst._13123_/ZN (gf180mcu_fd_sc_mcu9t5v0__nor2_4)
   0.99    5.52 ^ place821/Z (gf180mcu_fd_sc_mcu9t5v0__buf_16)
   1.27    6.79 ^ place820/Z (gf180mcu_fd_sc_mcu9t5v0__buf_4)
   0.00    6.79 ^ integration_inst.mac_grid_inst.ROW_LOOP[0].COL_LOOP[0].mac_inst._2706_/RN (gf180mcu_fd_sc_mcu9t5v0__dffrnq_1)
           6.79   data arrival time

  40.00   40.00   clock core_clock (rise edge)
   1.12   41.12   clock network delay (ideal)
   0.00   41.12   clock reconvergence pessimism
          41.12 ^ integration_inst.mac_grid_inst.ROW_LOOP[0].COL_LOOP[0].mac_inst._2706_/CLK (gf180mcu_fd_sc_mcu9t5v0__dffrnq_1)
  -0.57   40.55   library recovery time
          40.55   data required time
---------------------------------------------------------
          40.55   data required time
          -6.79   data arrival time
---------------------------------------------------------
          33.76   slack (MET)


Startpoint: integration_inst.reg_bank_inst._21607_
            (rising edge-triggered flip-flop clocked by core_clock)
Endpoint: integration_inst.quantizer_inst._14035_
          (rising edge-triggered flip-flop clocked by core_clock)
Path Group: core_clock
Path Type: max

  Delay    Time   Description
---------------------------------------------------------
   0.00    0.00   clock core_clock (rise edge)
   1.12    1.12   clock network delay (ideal)
   0.00    1.12 ^ integration_inst.reg_bank_inst._21607_/CLK (gf180mcu_fd_sc_mcu9t5v0__dffrnq_1)
   0.68    1.80 ^ integration_inst.reg_bank_inst._21607_/Q (gf180mcu_fd_sc_mcu9t5v0__dffrnq_1)
   0.43    2.23 v integration_inst.reg_bank_inst._10714_/ZN (gf180mcu_fd_sc_mcu9t5v0__clkinv_1)
   0.23    2.47 ^ integration_inst.reg_bank_inst._10909_/ZN (gf180mcu_fd_sc_mcu9t5v0__nand2_1)
   0.35    2.82 ^ place931/Z (gf180mcu_fd_sc_mcu9t5v0__buf_4)
   0.56    3.38 v integration_inst.reg_bank_inst._11029_/ZN (gf180mcu_fd_sc_mcu9t5v0__clkinv_1)
   0.23    3.61 ^ integration_inst.reg_bank_inst._11451_/ZN (gf180mcu_fd_sc_mcu9t5v0__nand2_1)
   1.02    4.63 v integration_inst.reg_bank_inst._11452_/ZN (gf180mcu_fd_sc_mcu9t5v0__clkinv_1)
   0.49    5.12 ^ integration_inst.reg_bank_inst._11590_/ZN (gf180mcu_fd_sc_mcu9t5v0__aoi21_1)
   0.12    5.24 v integration_inst.reg_bank_inst._11591_/ZN (gf180mcu_fd_sc_mcu9t5v0__nand4_1)
   0.28    5.53 ^ integration_inst.reg_bank_inst._11592_/ZN (gf180mcu_fd_sc_mcu9t5v0__aoi221_1)
   0.21    5.74 v integration_inst.reg_bank_inst._11593_/ZN (gf180mcu_fd_sc_mcu9t5v0__aoi21_1)
   0.38    6.12 v place718/Z (gf180mcu_fd_sc_mcu9t5v0__buf_4)
   1.12    7.24 ^ integration_inst.quantizer_inst._07962_/ZN (gf180mcu_fd_sc_mcu9t5v0__clkinv_1)
   0.16    7.40 v integration_inst.quantizer_inst._11247_/ZN (gf180mcu_fd_sc_mcu9t5v0__nor2_1)
   0.19    7.59 ^ integration_inst.quantizer_inst._11248_/ZN (gf180mcu_fd_sc_mcu9t5v0__clkinv_1)
   0.14    7.73 v integration_inst.quantizer_inst._11251_/ZN (gf180mcu_fd_sc_mcu9t5v0__aoi21_1)
   0.23    7.97 ^ integration_inst.quantizer_inst._11252_/ZN (gf180mcu_fd_sc_mcu9t5v0__nor2_1)
   0.18    8.14 v integration_inst.quantizer_inst._11270_/ZN (gf180mcu_fd_sc_mcu9t5v0__nand2_1)
   0.14    8.28 ^ integration_inst.quantizer_inst._11417_/ZN (gf180mcu_fd_sc_mcu9t5v0__clkinv_1)
   0.13    8.42 v integration_inst.quantizer_inst._11418_/ZN (gf180mcu_fd_sc_mcu9t5v0__oai21_1)
   0.22    8.64 ^ integration_inst.quantizer_inst._11438_/ZN (gf180mcu_fd_sc_mcu9t5v0__oai211_1)
   0.22    8.86 v integration_inst.quantizer_inst._11563_/ZN (gf180mcu_fd_sc_mcu9t5v0__nand3_1)
   0.29    9.14 ^ integration_inst.quantizer_inst._11567_/ZN (gf180mcu_fd_sc_mcu9t5v0__nand3_1)
   0.14    9.29 v integration_inst.quantizer_inst._11717_/ZN (gf180mcu_fd_sc_mcu9t5v0__clkinv_1)
   0.25    9.54 ^ integration_inst.quantizer_inst._11719_/ZN (gf180mcu_fd_sc_mcu9t5v0__oai21_1)
   0.19    9.72 v integration_inst.quantizer_inst._11730_/ZN (gf180mcu_fd_sc_mcu9t5v0__nand3_1)
   0.29   10.01 ^ integration_inst.quantizer_inst._11734_/ZN (gf180mcu_fd_sc_mcu9t5v0__aoi21_1)
   0.16   10.16 v integration_inst.quantizer_inst._11735_/ZN (gf180mcu_fd_sc_mcu9t5v0__nor2_1)
   0.27   10.43 ^ integration_inst.quantizer_inst._11864_/ZN (gf180mcu_fd_sc_mcu9t5v0__nor3_1)
   0.14   10.57 v integration_inst.quantizer_inst._11866_/ZN (gf180mcu_fd_sc_mcu9t5v0__nor3_1)
   0.24   10.81 ^ integration_inst.quantizer_inst._11870_/ZN (gf180mcu_fd_sc_mcu9t5v0__nor3_1)
   0.19   11.00 ^ integration_inst.quantizer_inst._12373_/Z (gf180mcu_fd_sc_mcu9t5v0__or2_1)
   0.14   11.14 v integration_inst.quantizer_inst._12395_/ZN (gf180mcu_fd_sc_mcu9t5v0__oai21_1)
   0.24   11.38 ^ integration_inst.quantizer_inst._12396_/ZN (gf180mcu_fd_sc_mcu9t5v0__aoi21_1)
   0.15   11.53 v integration_inst.quantizer_inst._12397_/ZN (gf180mcu_fd_sc_mcu9t5v0__oai21_1)
   0.25   11.77 ^ integration_inst.quantizer_inst._12398_/ZN (gf180mcu_fd_sc_mcu9t5v0__aoi21_1)
   0.14   11.92 v integration_inst.quantizer_inst._12399_/ZN (gf180mcu_fd_sc_mcu9t5v0__oai21_1)
   0.24   12.16 ^ integration_inst.quantizer_inst._12400_/ZN (gf180mcu_fd_sc_mcu9t5v0__aoi21_1)
   0.13   12.29 v integration_inst.quantizer_inst._12401_/ZN (gf180mcu_fd_sc_mcu9t5v0__oai21_1)
   0.22   12.51 ^ integration_inst.quantizer_inst._12402_/ZN (gf180mcu_fd_sc_mcu9t5v0__aoi21_1)
   0.14   12.65 v integration_inst.quantizer_inst._12403_/ZN (gf180mcu_fd_sc_mcu9t5v0__oai21_1)
   0.23   12.87 ^ integration_inst.quantizer_inst._12404_/ZN (gf180mcu_fd_sc_mcu9t5v0__aoi21_1)
   0.12   12.99 v integration_inst.quantizer_inst._12432_/ZN (gf180mcu_fd_sc_mcu9t5v0__oai21_1)
   0.20   13.19 ^ integration_inst.quantizer_inst._12433_/ZN (gf180mcu_fd_sc_mcu9t5v0__aoi21_1)
   0.12   13.31 v integration_inst.quantizer_inst._12434_/ZN (gf180mcu_fd_sc_mcu9t5v0__oai21_1)
   0.20   13.51 ^ integration_inst.quantizer_inst._12435_/ZN (gf180mcu_fd_sc_mcu9t5v0__aoi21_1)
   0.12   13.63 v integration_inst.quantizer_inst._12436_/ZN (gf180mcu_fd_sc_mcu9t5v0__oai21_1)
   0.20   13.83 ^ integration_inst.quantizer_inst._12437_/ZN (gf180mcu_fd_sc_mcu9t5v0__aoi21_1)
   0.12   13.95 v integration_inst.quantizer_inst._12438_/ZN (gf180mcu_fd_sc_mcu9t5v0__oai21_1)
   0.21   14.16 ^ integration_inst.quantizer_inst._12439_/ZN (gf180mcu_fd_sc_mcu9t5v0__aoi21_1)
   0.12   14.27 v integration_inst.quantizer_inst._12440_/ZN (gf180mcu_fd_sc_mcu9t5v0__oai21_1)
   0.19   14.46 ^ integration_inst.quantizer_inst._12441_/ZN (gf180mcu_fd_sc_mcu9t5v0__aoi21_1)
   0.15   14.61 v integration_inst.quantizer_inst._12442_/ZN (gf180mcu_fd_sc_mcu9t5v0__oai21_1)
   0.22   14.83 ^ integration_inst.quantizer_inst._12443_/ZN (gf180mcu_fd_sc_mcu9t5v0__aoi21_1)
   0.12   14.95 v integration_inst.quantizer_inst._12444_/ZN (gf180mcu_fd_sc_mcu9t5v0__oai21_1)
   0.24   15.18 ^ integration_inst.quantizer_inst._12445_/ZN (gf180mcu_fd_sc_mcu9t5v0__aoi21_1)
   0.17   15.35 v integration_inst.quantizer_inst._12446_/ZN (gf180mcu_fd_sc_mcu9t5v0__oai211_1)
   0.27   15.63 ^ integration_inst.quantizer_inst._12447_/ZN (gf180mcu_fd_sc_mcu9t5v0__aoi211_1)
   0.13   15.75 v integration_inst.quantizer_inst._12450_/ZN (gf180mcu_fd_sc_mcu9t5v0__oai21_1)
   0.21   15.96 ^ integration_inst.quantizer_inst._12451_/ZN (gf180mcu_fd_sc_mcu9t5v0__aoi21_1)
   0.09   16.05 v integration_inst.quantizer_inst._12452_/ZN (gf180mcu_fd_sc_mcu9t5v0__oai21_1)
   0.18   16.23 ^ integration_inst.quantizer_inst._12453_/ZN (gf180mcu_fd_sc_mcu9t5v0__aoi21_1)
   0.09   16.32 v integration_inst.quantizer_inst._12454_/ZN (gf180mcu_fd_sc_mcu9t5v0__oai21_1)
   0.10   16.42 ^ integration_inst.quantizer_inst._12457_/ZN (gf180mcu_fd_sc_mcu9t5v0__nand2_1)
   0.00   16.42 ^ integration_inst.quantizer_inst._14035_/D (gf180mcu_fd_sc_mcu9t5v0__dffrnq_1)
          16.42   data arrival time

  40.00   40.00   clock core_clock (rise edge)
   1.12   41.12   clock network delay (ideal)
   0.00   41.12   clock reconvergence pessimism
          41.12 ^ integration_inst.quantizer_inst._14035_/CLK (gf180mcu_fd_sc_mcu9t5v0__dffrnq_1)
  -0.14   40.98   library setup time
          40.98   data required time
---------------------------------------------------------
          40.98   data required time
         -16.42   data arrival time
---------------------------------------------------------
          24.56   slack (MET)



==========================================================================
resizer report_checks -path_delay min reg to reg
--------------------------------------------------------------------------
Startpoint: integration_inst.reg_bank_inst._22034_
            (rising edge-triggered flip-flop clocked by core_clock)
Endpoint: integration_inst.quantizer_inst._13923_
          (removal check against rising-edge clock core_clock)
Path Group: asynchronous
Path Type: min

  Delay    Time   Description
---------------------------------------------------------
   0.00    0.00   clock core_clock (rise edge)
   1.12    1.12   clock network delay (ideal)
   0.00    1.12 ^ integration_inst.reg_bank_inst._22034_/CLK (gf180mcu_fd_sc_mcu9t5v0__dffrnq_1)
   0.60    1.72 ^ integration_inst.reg_bank_inst._22034_/Q (gf180mcu_fd_sc_mcu9t5v0__dffrnq_1)
   0.70    2.43 v integration_inst.reg_bank_inst._11436_/ZN (gf180mcu_fd_sc_mcu9t5v0__nand3_4)
   0.96    3.39 ^ integration_inst.reg_bank_inst._11437_/ZN (gf180mcu_fd_sc_mcu9t5v0__clkinv_12)
   0.01    3.40 ^ integration_inst.quantizer_inst._13923_/RN (gf180mcu_fd_sc_mcu9t5v0__dffrnq_1)
           3.40   data arrival time

   0.00    0.00   clock core_clock (rise edge)
   1.12    1.12   clock network delay (ideal)
   0.00    1.12   clock reconvergence pessimism
           1.12 ^ integration_inst.quantizer_inst._13923_/CLK (gf180mcu_fd_sc_mcu9t5v0__dffrnq_1)
   0.41    1.53   library removal time
           1.53   data required time
---------------------------------------------------------
           1.53   data required time
          -3.40   data arrival time
---------------------------------------------------------
           1.87   slack (MET)


Startpoint: integration_inst.quantizer_inst._14057_
            (rising edge-triggered flip-flop clocked by core_clock)
Endpoint: integration_inst.quantizer_inst._13981_
          (rising edge-triggered flip-flop clocked by core_clock)
Path Group: core_clock
Path Type: min

  Delay    Time   Description
---------------------------------------------------------
   0.00    0.00   clock core_clock (rise edge)
   1.12    1.12   clock network delay (ideal)
   0.00    1.12 ^ integration_inst.quantizer_inst._14057_/CLK (gf180mcu_fd_sc_mcu9t5v0__dffrnq_1)
   0.37    1.49 v integration_inst.quantizer_inst._14057_/Q (gf180mcu_fd_sc_mcu9t5v0__dffrnq_1)
   0.00    1.49 v integration_inst.quantizer_inst._13981_/D (gf180mcu_fd_sc_mcu9t5v0__dffrnq_1)
           1.49   data arrival time

   0.00    0.00   clock core_clock (rise edge)
   1.12    1.12   clock network delay (ideal)
   0.00    1.12   clock reconvergence pessimism
           1.12 ^ integration_inst.quantizer_inst._13981_/CLK (gf180mcu_fd_sc_mcu9t5v0__dffrnq_1)
   0.03    1.15   library hold time
           1.15   data required time
---------------------------------------------------------
           1.15   data required time
          -1.49   data arrival time
---------------------------------------------------------
           0.33   slack (MET)



==========================================================================
resizer critical path target clock latency max path
--------------------------------------------------------------------------
1.1200

==========================================================================
resizer critical path target clock latency min path
--------------------------------------------------------------------------
1.1200

==========================================================================
resizer critical path source clock latency min path
--------------------------------------------------------------------------
1.1200

==========================================================================
resizer critical path delay
--------------------------------------------------------------------------
16.4244

==========================================================================
resizer critical path slack
--------------------------------------------------------------------------
24.5578

==========================================================================
resizer slack div critical path delay
--------------------------------------------------------------------------
149.520226

==========================================================================
resizer report_power
--------------------------------------------------------------------------
Group                  Internal  Switching    Leakage      Total
                          Power      Power      Power      Power (Watts)
----------------------------------------------------------------
Sequential             2.80e-02   3.22e-04   6.74e-07   2.84e-02  82.9%
Combinational          3.15e-03   2.69e-03   4.27e-06   5.85e-03  17.1%
Clock                  0.00e+00   0.00e+00   1.22e-07   1.22e-07   0.0%
Macro                  0.00e+00   0.00e+00   0.00e+00   0.00e+00   0.0%
Pad                    0.00e+00   0.00e+00   0.00e+00   0.00e+00   0.0%
----------------------------------------------------------------
Total                  3.12e-02   3.01e-03   5.07e-06   3.42e-02 100.0%
                          91.2%       8.8%       0.0%
