
==========================================================================
cts final report_tns
--------------------------------------------------------------------------
tns max 0.00

==========================================================================
cts final report_wns
--------------------------------------------------------------------------
wns max 0.00

==========================================================================
cts final report_worst_slack
--------------------------------------------------------------------------
worst slack max 24.06

==========================================================================
cts final report_clock_min_period
--------------------------------------------------------------------------
core_clock period_min = 15.94 fmax = 62.73
vclk_core_clock period_min = 0.00 fmax = inf

==========================================================================
cts final report_clock_skew
--------------------------------------------------------------------------
Clock core_clock
   0.72 source latency integration_inst.reg_bank_inst._22071_/CLK ^
  -0.84 target latency integration_inst.mac_grid_inst.ROW_LOOP[0].COL_LOOP[0].mac_inst._2736_/CLK ^
   0.00 CRPR
--------------
  -0.11 setup skew

Clock vclk_core_clock
No launch/capture paths found.


==========================================================================
cts final report_checks -path_delay min
--------------------------------------------------------------------------
Startpoint: integration_inst.reg_bank_inst._22034_
            (rising edge-triggered flip-flop clocked by core_clock)
Endpoint: integration_inst.quantizer_inst._13893_
          (removal check against rising-edge clock core_clock)
Path Group: asynchronous
Path Type: min

Fanout     Cap    Slew   Delay    Time   Description
-----------------------------------------------------------------------------
                          0.00    0.00   clock core_clock (rise edge)
                          0.00    0.00   clock source latency
     1    0.23    0.00    0.00    0.00 ^ i_clk (in)
                                         i_clk (net)
                  0.00    0.00    0.00 ^ clkbuf_0_i_clk/I (gf180mcu_fd_sc_mcu9t5v0__clkbuf_20)
     4    0.41    0.16    0.18    0.18 ^ clkbuf_0_i_clk/Z (gf180mcu_fd_sc_mcu9t5v0__clkbuf_20)
                                         clknet_0_i_clk (net)
                  0.16    0.01    0.18 ^ clkbuf_2_1_0_i_clk/I (gf180mcu_fd_sc_mcu9t5v0__clkbuf_20)
    11    1.04    0.39    0.33    0.51 ^ clkbuf_2_1_0_i_clk/Z (gf180mcu_fd_sc_mcu9t5v0__clkbuf_20)
                                         clknet_2_1_0_i_clk (net)
                  0.39    0.01    0.53 ^ clkbuf_leaf_33_i_clk/I (gf180mcu_fd_sc_mcu9t5v0__clkbuf_20)
    23    0.17    0.09    0.20    0.72 ^ clkbuf_leaf_33_i_clk/Z (gf180mcu_fd_sc_mcu9t5v0__clkbuf_20)
                                         clknet_leaf_33_i_clk (net)
                  0.09    0.00    0.73 ^ integration_inst.reg_bank_inst._22034_/CLK (gf180mcu_fd_sc_mcu9t5v0__dffrnq_1)
     6    0.06    0.46    0.62    1.35 ^ integration_inst.reg_bank_inst._22034_/Q (gf180mcu_fd_sc_mcu9t5v0__dffrnq_1)
                                         integration_inst.reg_bank_inst.current_state[0] (net)
                  0.46    0.00    1.35 ^ integration_inst.reg_bank_inst._11436_/A3 (gf180mcu_fd_sc_mcu9t5v0__nand3_4)
    25    0.55    1.13    0.71    2.06 v integration_inst.reg_bank_inst._11436_/ZN (gf180mcu_fd_sc_mcu9t5v0__nand3_4)
                                         integration_inst.reg_bank_inst._03441_ (net)
                  1.13    0.00    2.06 v integration_inst.reg_bank_inst._11437_/I (gf180mcu_fd_sc_mcu9t5v0__clkinv_12)
   160    1.85    1.16    0.97    3.03 ^ integration_inst.reg_bank_inst._11437_/ZN (gf180mcu_fd_sc_mcu9t5v0__clkinv_12)
                                         integration_inst.quant_ip_reset (net)
                  1.16    0.01    3.03 ^ integration_inst.quantizer_inst._13893_/RN (gf180mcu_fd_sc_mcu9t5v0__dffrnq_1)
                                  3.03   data arrival time

                          0.00    0.00   clock core_clock (rise edge)
                          0.00    0.00   clock source latency
     1    0.23    0.00    0.00    0.00 ^ i_clk (in)
                                         i_clk (net)
                  0.00    0.00    0.00 ^ clkbuf_0_i_clk/I (gf180mcu_fd_sc_mcu9t5v0__clkbuf_20)
     4    0.41    0.16    0.18    0.18 ^ clkbuf_0_i_clk/Z (gf180mcu_fd_sc_mcu9t5v0__clkbuf_20)
                                         clknet_0_i_clk (net)
                  0.16    0.01    0.18 ^ clkbuf_2_2_0_i_clk/I (gf180mcu_fd_sc_mcu9t5v0__clkbuf_20)
    14    1.08    0.40    0.34    0.52 ^ clkbuf_2_2_0_i_clk/Z (gf180mcu_fd_sc_mcu9t5v0__clkbuf_20)
                                         clknet_2_2_0_i_clk (net)
                  0.40    0.01    0.54 ^ clkbuf_leaf_35_i_clk/I (gf180mcu_fd_sc_mcu9t5v0__clkbuf_20)
    35    0.25    0.12    0.22    0.75 ^ clkbuf_leaf_35_i_clk/Z (gf180mcu_fd_sc_mcu9t5v0__clkbuf_20)
                                         clknet_leaf_35_i_clk (net)
                  0.12    0.00    0.75 ^ integration_inst.quantizer_inst._13893_/CLK (gf180mcu_fd_sc_mcu9t5v0__dffrnq_1)
                          0.00    0.75   clock reconvergence pessimism
                          0.43    1.19   library removal time
                                  1.19   data required time
-----------------------------------------------------------------------------
                                  1.19   data required time
                                 -3.03   data arrival time
-----------------------------------------------------------------------------
                                  1.84   slack (MET)


Startpoint: integration_inst.quantizer_inst._14049_
            (rising edge-triggered flip-flop clocked by core_clock)
Endpoint: integration_inst.quantizer_inst._13984_
          (rising edge-triggered flip-flop clocked by core_clock)
Path Group: core_clock
Path Type: min

Fanout     Cap    Slew   Delay    Time   Description
-----------------------------------------------------------------------------
                          0.00    0.00   clock core_clock (rise edge)
                          0.00    0.00   clock source latency
     1    0.23    0.00    0.00    0.00 ^ i_clk (in)
                                         i_clk (net)
                  0.00    0.00    0.00 ^ clkbuf_0_i_clk/I (gf180mcu_fd_sc_mcu9t5v0__clkbuf_20)
     4    0.41    0.16    0.18    0.18 ^ clkbuf_0_i_clk/Z (gf180mcu_fd_sc_mcu9t5v0__clkbuf_20)
                                         clknet_0_i_clk (net)
                  0.16    0.01    0.18 ^ clkbuf_2_2_0_i_clk/I (gf180mcu_fd_sc_mcu9t5v0__clkbuf_20)
    14    1.08    0.40    0.34    0.52 ^ clkbuf_2_2_0_i_clk/Z (gf180mcu_fd_sc_mcu9t5v0__clkbuf_20)
                                         clknet_2_2_0_i_clk (net)
                  0.40    0.01    0.54 ^ clkbuf_leaf_36_i_clk/I (gf180mcu_fd_sc_mcu9t5v0__clkbuf_20)
    21    0.21    0.11    0.21    0.75 ^ clkbuf_leaf_36_i_clk/Z (gf180mcu_fd_sc_mcu9t5v0__clkbuf_20)
                                         clknet_leaf_36_i_clk (net)
                  0.11    0.00    0.75 ^ integration_inst.quantizer_inst._14049_/CLK (gf180mcu_fd_sc_mcu9t5v0__dffrnq_1)
     1    0.01    0.08    0.39    1.14 v integration_inst.quantizer_inst._14049_/Q (gf180mcu_fd_sc_mcu9t5v0__dffrnq_1)
                                         integration_inst.quantizer_inst.zp_0[2] (net)
                  0.08    0.00    1.14 v integration_inst.quantizer_inst._13984_/D (gf180mcu_fd_sc_mcu9t5v0__dffrnq_1)
                                  1.14   data arrival time

                          0.00    0.00   clock core_clock (rise edge)
                          0.00    0.00   clock source latency
     1    0.23    0.00    0.00    0.00 ^ i_clk (in)
                                         i_clk (net)
                  0.00    0.00    0.00 ^ clkbuf_0_i_clk/I (gf180mcu_fd_sc_mcu9t5v0__clkbuf_20)
     4    0.41    0.16    0.18    0.18 ^ clkbuf_0_i_clk/Z (gf180mcu_fd_sc_mcu9t5v0__clkbuf_20)
                                         clknet_0_i_clk (net)
                  0.16    0.01    0.18 ^ clkbuf_2_2_0_i_clk/I (gf180mcu_fd_sc_mcu9t5v0__clkbuf_20)
    14    1.08    0.40    0.34    0.52 ^ clkbuf_2_2_0_i_clk/Z (gf180mcu_fd_sc_mcu9t5v0__clkbuf_20)
                                         clknet_2_2_0_i_clk (net)
                  0.40    0.01    0.54 ^ clkbuf_leaf_35_i_clk/I (gf180mcu_fd_sc_mcu9t5v0__clkbuf_20)
    35    0.25    0.12    0.22    0.75 ^ clkbuf_leaf_35_i_clk/Z (gf180mcu_fd_sc_mcu9t5v0__clkbuf_20)
                                         clknet_leaf_35_i_clk (net)
                  0.12    0.00    0.75 ^ integration_inst.quantizer_inst._13984_/CLK (gf180mcu_fd_sc_mcu9t5v0__dffrnq_1)
                          0.00    0.75   clock reconvergence pessimism
                          0.05    0.81   library hold time
                                  0.81   data required time
-----------------------------------------------------------------------------
                                  0.81   data required time
                                 -1.14   data arrival time
-----------------------------------------------------------------------------
                                  0.33   slack (MET)


Startpoint: uart_inst.ut._200_
            (rising edge-triggered flip-flop clocked by core_clock)
Endpoint: o_uart_tx (output port clocked by vclk_core_clock)
Path Group: vclk_core_clock
Path Type: min

Fanout     Cap    Slew   Delay    Time   Description
-----------------------------------------------------------------------------
                          0.00    0.00   clock core_clock (rise edge)
                          0.00    0.00   clock source latency
     1    0.23    0.00    0.00    0.00 ^ i_clk (in)
                                         i_clk (net)
                  0.00    0.00    0.00 ^ clkbuf_0_i_clk/I (gf180mcu_fd_sc_mcu9t5v0__clkbuf_20)
     4    0.41    0.16    0.18    0.18 ^ clkbuf_0_i_clk/Z (gf180mcu_fd_sc_mcu9t5v0__clkbuf_20)
                                         clknet_0_i_clk (net)
                  0.16    0.01    0.18 ^ clkbuf_2_0_0_i_clk/I (gf180mcu_fd_sc_mcu9t5v0__clkbuf_20)
    13    1.09    0.40    0.34    0.52 ^ clkbuf_2_0_0_i_clk/Z (gf180mcu_fd_sc_mcu9t5v0__clkbuf_20)
                                         clknet_2_0_0_i_clk (net)
                  0.41    0.01    0.54 ^ clkbuf_leaf_0_i_clk/I (gf180mcu_fd_sc_mcu9t5v0__clkbuf_20)
    26    0.25    0.12    0.22    0.75 ^ clkbuf_leaf_0_i_clk/Z (gf180mcu_fd_sc_mcu9t5v0__clkbuf_20)
                                         clknet_leaf_0_i_clk (net)
                  0.12    0.00    0.76 ^ uart_inst.ut._200_/CLK (gf180mcu_fd_sc_mcu9t5v0__dffsnq_1)
     1    0.01    0.08    0.36    1.12 ^ uart_inst.ut._200_/Q (gf180mcu_fd_sc_mcu9t5v0__dffsnq_1)
                                         net147 (net)
                  0.08    0.00    1.12 ^ output148/I (gf180mcu_fd_sc_mcu9t5v0__dlyb_2)
     1    0.06    0.25    0.69    1.80 ^ output148/Z (gf180mcu_fd_sc_mcu9t5v0__dlyb_2)
                                         o_uart_tx (net)
                  0.25    0.00    1.80 ^ o_uart_tx (out)
                                  1.80   data arrival time

                  0.00    0.00    0.00   clock vclk_core_clock (rise edge)
                          1.12    1.12   clock network delay (ideal)
                          0.00    1.12   clock reconvergence pessimism
                         -8.00   -6.88   output external delay
                                 -6.88   data required time
-----------------------------------------------------------------------------
                                 -6.88   data required time
                                 -1.80   data arrival time
-----------------------------------------------------------------------------
                                  8.68   slack (MET)



==========================================================================
cts final report_checks -path_delay max
--------------------------------------------------------------------------
Startpoint: integration_inst.reg_bank_inst._22035_
            (rising edge-triggered flip-flop clocked by core_clock)
Endpoint: integration_inst.mac_grid_inst.ROW_LOOP[2].COL_LOOP[1].mac_inst._2724_
          (recovery check against rising-edge clock core_clock)
Path Group: asynchronous
Path Type: max

Fanout     Cap    Slew   Delay    Time   Description
-----------------------------------------------------------------------------
                          0.00    0.00   clock core_clock (rise edge)
                          0.00    0.00   clock source latency
     1    0.23    0.00    0.00    0.00 ^ i_clk (in)
                                         i_clk (net)
                  0.00    0.00    0.00 ^ clkbuf_0_i_clk/I (gf180mcu_fd_sc_mcu9t5v0__clkbuf_20)
     4    0.41    0.16    0.18    0.18 ^ clkbuf_0_i_clk/Z (gf180mcu_fd_sc_mcu9t5v0__clkbuf_20)
                                         clknet_0_i_clk (net)
                  0.16    0.01    0.18 ^ clkbuf_2_1_0_i_clk/I (gf180mcu_fd_sc_mcu9t5v0__clkbuf_20)
    11    1.04    0.39    0.33    0.51 ^ clkbuf_2_1_0_i_clk/Z (gf180mcu_fd_sc_mcu9t5v0__clkbuf_20)
                                         clknet_2_1_0_i_clk (net)
                  0.39    0.01    0.53 ^ clkbuf_leaf_33_i_clk/I (gf180mcu_fd_sc_mcu9t5v0__clkbuf_20)
    23    0.17    0.09    0.20    0.72 ^ clkbuf_leaf_33_i_clk/Z (gf180mcu_fd_sc_mcu9t5v0__clkbuf_20)
                                         clknet_leaf_33_i_clk (net)
                  0.09    0.00    0.73 ^ integration_inst.reg_bank_inst._22035_/CLK (gf180mcu_fd_sc_mcu9t5v0__dffrnq_1)
     7    0.06    0.46    0.63    1.35 ^ integration_inst.reg_bank_inst._22035_/Q (gf180mcu_fd_sc_mcu9t5v0__dffrnq_1)
                                         integration_inst.reg_bank_inst.current_state[1] (net)
                  0.46    0.00    1.35 ^ integration_inst.reg_bank_inst._11435_/I (gf180mcu_fd_sc_mcu9t5v0__clkinv_1)
     4    0.07    0.55    0.44    1.79 v integration_inst.reg_bank_inst._11435_/ZN (gf180mcu_fd_sc_mcu9t5v0__clkinv_1)
                                         integration_inst.reg_bank_inst._03440_ (net)
                  0.55    0.00    1.79 v integration_inst.reg_bank_inst._11436_/A1 (gf180mcu_fd_sc_mcu9t5v0__nand3_4)
    25    0.55    1.34    0.91    2.70 ^ integration_inst.reg_bank_inst._11436_/ZN (gf180mcu_fd_sc_mcu9t5v0__nand3_4)
                                         integration_inst.reg_bank_inst._03441_ (net)
                  1.34    0.00    2.71 ^ integration_inst.reg_bank_inst._11437_/I (gf180mcu_fd_sc_mcu9t5v0__clkinv_12)
   160    1.85    1.21    0.99    3.69 v integration_inst.reg_bank_inst._11437_/ZN (gf180mcu_fd_sc_mcu9t5v0__clkinv_12)
                                         integration_inst.quant_ip_reset (net)
                  1.21    0.01    3.70 v integration_inst.reg_bank_inst._13123_/A1 (gf180mcu_fd_sc_mcu9t5v0__nor2_4)
     1    0.06    0.39    0.45    4.16 ^ integration_inst.reg_bank_inst._13123_/ZN (gf180mcu_fd_sc_mcu9t5v0__nor2_4)
                                         integration_inst.mac_grid_inst.ROW_LOOP[0].COL_LOOP[0].mac_inst.i_rst_n (net)
                  0.39    0.00    4.16 ^ place821/I (gf180mcu_fd_sc_mcu9t5v0__buf_16)
   289    3.38    1.55    1.00    5.16 ^ place821/Z (gf180mcu_fd_sc_mcu9t5v0__buf_16)
                                         net820 (net)
                  1.55    0.02    5.17 ^ place820/I (gf180mcu_fd_sc_mcu9t5v0__buf_4)
    99    1.09    1.97    1.24    6.42 ^ place820/Z (gf180mcu_fd_sc_mcu9t5v0__buf_4)
                                         net819 (net)
                  1.97    0.00    6.42 ^ integration_inst.mac_grid_inst.ROW_LOOP[2].COL_LOOP[1].mac_inst._2724_/RN (gf180mcu_fd_sc_mcu9t5v0__dffrnq_1)
                                  6.42   data arrival time

                         40.00   40.00   clock core_clock (rise edge)
                          0.00   40.00   clock source latency
     1    0.23    0.00    0.00   40.00 ^ i_clk (in)
                                         i_clk (net)
                  0.00    0.00   40.00 ^ clkbuf_0_i_clk/I (gf180mcu_fd_sc_mcu9t5v0__clkbuf_20)
     4    0.41    0.16    0.18   40.18 ^ clkbuf_0_i_clk/Z (gf180mcu_fd_sc_mcu9t5v0__clkbuf_20)
                                         clknet_0_i_clk (net)
                  0.16    0.01   40.18 ^ clkbuf_2_3_0_i_clk/I (gf180mcu_fd_sc_mcu9t5v0__clkbuf_20)
    19    1.35    0.51    0.40   40.59 ^ clkbuf_2_3_0_i_clk/Z (gf180mcu_fd_sc_mcu9t5v0__clkbuf_20)
                                         clknet_2_3_0_i_clk (net)
                  0.51    0.02   40.60 ^ clkbuf_leaf_25_i_clk/I (gf180mcu_fd_sc_mcu9t5v0__clkbuf_20)
    25    0.22    0.11    0.22   40.83 ^ clkbuf_leaf_25_i_clk/Z (gf180mcu_fd_sc_mcu9t5v0__clkbuf_20)
                                         clknet_leaf_25_i_clk (net)
                  0.11    0.00   40.83 ^ integration_inst.mac_grid_inst.ROW_LOOP[2].COL_LOOP[1].mac_inst._2724_/CLK (gf180mcu_fd_sc_mcu9t5v0__dffrnq_1)
                          0.00   40.83   clock reconvergence pessimism
                         -0.59   40.24   library recovery time
                                 40.24   data required time
-----------------------------------------------------------------------------
                                 40.24   data required time
                                 -6.42   data arrival time
-----------------------------------------------------------------------------
                                 33.81   slack (MET)


Startpoint: integration_inst.reg_bank_inst._21607_
            (rising edge-triggered flip-flop clocked by core_clock)
Endpoint: integration_inst.quantizer_inst._14035_
          (rising edge-triggered flip-flop clocked by core_clock)
Path Group: core_clock
Path Type: max

Fanout     Cap    Slew   Delay    Time   Description
-----------------------------------------------------------------------------
                          0.00    0.00   clock core_clock (rise edge)
                          0.00    0.00   clock source latency
     1    0.23    0.00    0.00    0.00 ^ i_clk (in)
                                         i_clk (net)
                  0.00    0.00    0.00 ^ clkbuf_0_i_clk/I (gf180mcu_fd_sc_mcu9t5v0__clkbuf_20)
     4    0.41    0.16    0.18    0.18 ^ clkbuf_0_i_clk/Z (gf180mcu_fd_sc_mcu9t5v0__clkbuf_20)
                                         clknet_0_i_clk (net)
                  0.16    0.01    0.18 ^ clkbuf_2_3_0_i_clk/I (gf180mcu_fd_sc_mcu9t5v0__clkbuf_20)
    19    1.35    0.51    0.40    0.59 ^ clkbuf_2_3_0_i_clk/Z (gf180mcu_fd_sc_mcu9t5v0__clkbuf_20)
                                         clknet_2_3_0_i_clk (net)
                  0.51    0.02    0.60 ^ clkbuf_leaf_11_i_clk/I (gf180mcu_fd_sc_mcu9t5v0__clkbuf_20)
    21    0.26    0.12    0.23    0.83 ^ clkbuf_leaf_11_i_clk/Z (gf180mcu_fd_sc_mcu9t5v0__clkbuf_20)
                                         clknet_leaf_11_i_clk (net)
                  0.12    0.00    0.84 ^ integration_inst.reg_bank_inst._21607_/CLK (gf180mcu_fd_sc_mcu9t5v0__dffrnq_1)
    11    0.08    0.58    0.70    1.54 ^ integration_inst.reg_bank_inst._21607_/Q (gf180mcu_fd_sc_mcu9t5v0__dffrnq_1)
                                         integration_inst.reg_bank_inst.cols_a[1] (net)
                  0.58    0.00    1.54 ^ integration_inst.reg_bank_inst._10714_/I (gf180mcu_fd_sc_mcu9t5v0__clkinv_1)
     9    0.07    0.53    0.44    1.98 v integration_inst.reg_bank_inst._10714_/ZN (gf180mcu_fd_sc_mcu9t5v0__clkinv_1)
                                         integration_inst.reg_bank_inst._02738_ (net)
                  0.53    0.00    1.98 v integration_inst.reg_bank_inst._10909_/A1 (gf180mcu_fd_sc_mcu9t5v0__nand2_1)
     1    0.02    0.24    0.24    2.22 ^ integration_inst.reg_bank_inst._10909_/ZN (gf180mcu_fd_sc_mcu9t5v0__nand2_1)
                                         integration_inst.reg_bank_inst._02933_ (net)
                  0.24    0.00    2.22 ^ place931/I (gf180mcu_fd_sc_mcu9t5v0__buf_4)
    18    0.24    0.45    0.36    2.58 ^ place931/Z (gf180mcu_fd_sc_mcu9t5v0__buf_4)
                                         net930 (net)
                  0.45    0.00    2.58 ^ integration_inst.reg_bank_inst._11029_/I (gf180mcu_fd_sc_mcu9t5v0__clkinv_1)
     9    0.10    0.76    0.57    3.15 v integration_inst.reg_bank_inst._11029_/ZN (gf180mcu_fd_sc_mcu9t5v0__clkinv_1)
                                         integration_inst.reg_bank_inst._03052_ (net)
                  0.76    0.00    3.15 v integration_inst.reg_bank_inst._11451_/A1 (gf180mcu_fd_sc_mcu9t5v0__nand2_1)
     1    0.01    0.23    0.24    3.39 ^ integration_inst.reg_bank_inst._11451_/ZN (gf180mcu_fd_sc_mcu9t5v0__nand2_1)
                                         integration_inst.reg_bank_inst._03455_ (net)
                  0.23    0.00    3.39 ^ integration_inst.reg_bank_inst._11452_/I (gf180mcu_fd_sc_mcu9t5v0__clkinv_1)
    23    0.23    1.64    1.07    4.46 v integration_inst.reg_bank_inst._11452_/ZN (gf180mcu_fd_sc_mcu9t5v0__clkinv_1)
                                         integration_inst.reg_bank_inst._03456_ (net)
                  1.64    0.00    4.46 v integration_inst.reg_bank_inst._11590_/A1 (gf180mcu_fd_sc_mcu9t5v0__aoi21_1)
     1    0.01    0.40    0.50    4.96 ^ integration_inst.reg_bank_inst._11590_/ZN (gf180mcu_fd_sc_mcu9t5v0__aoi21_1)
                                         integration_inst.reg_bank_inst._03581_ (net)
                  0.40    0.00    4.96 ^ integration_inst.reg_bank_inst._11591_/A1 (gf180mcu_fd_sc_mcu9t5v0__nand4_1)
     1    0.01    0.20    0.12    5.08 v integration_inst.reg_bank_inst._11591_/ZN (gf180mcu_fd_sc_mcu9t5v0__nand4_1)
                                         integration_inst.reg_bank_inst._03582_ (net)
                  0.20    0.00    5.08 v integration_inst.reg_bank_inst._11592_/C (gf180mcu_fd_sc_mcu9t5v0__aoi221_1)
     1    0.01    0.39    0.28    5.36 ^ integration_inst.reg_bank_inst._11592_/ZN (gf180mcu_fd_sc_mcu9t5v0__aoi221_1)
                                         integration_inst.reg_bank_inst._03583_ (net)
                  0.39    0.00    5.37 ^ integration_inst.reg_bank_inst._11593_/A1 (gf180mcu_fd_sc_mcu9t5v0__aoi21_1)
     1    0.03    0.58    0.21    5.58 v integration_inst.reg_bank_inst._11593_/ZN (gf180mcu_fd_sc_mcu9t5v0__aoi21_1)
                                         integration_inst.quant_ip_data[8] (net)
                  0.58    0.00    5.58 v place718/I (gf180mcu_fd_sc_mcu9t5v0__buf_4)
    12    0.20    0.23    0.38    5.96 v place718/Z (gf180mcu_fd_sc_mcu9t5v0__buf_4)
                                         net717 (net)
                  0.23    0.00    5.96 v integration_inst.quantizer_inst._07962_/I (gf180mcu_fd_sc_mcu9t5v0__clkinv_1)
    25    0.26    1.86    1.16    7.12 ^ integration_inst.quantizer_inst._07962_/ZN (gf180mcu_fd_sc_mcu9t5v0__clkinv_1)
                                         integration_inst.quantizer_inst._00427_ (net)
                  1.86    0.00    7.12 ^ integration_inst.quantizer_inst._11247_/A2 (gf180mcu_fd_sc_mcu9t5v0__nor2_1)
     2    0.01    0.52    0.14    7.26 v integration_inst.quantizer_inst._11247_/ZN (gf180mcu_fd_sc_mcu9t5v0__nor2_1)
                                         integration_inst.quantizer_inst._03844_ (net)
                  0.52    0.00    7.26 v integration_inst.quantizer_inst._11248_/I (gf180mcu_fd_sc_mcu9t5v0__clkinv_1)
     2    0.01    0.21    0.18    7.45 ^ integration_inst.quantizer_inst._11248_/ZN (gf180mcu_fd_sc_mcu9t5v0__clkinv_1)
                                         integration_inst.quantizer_inst._03845_ (net)
                  0.21    0.00    7.45 ^ integration_inst.quantizer_inst._11251_/B (gf180mcu_fd_sc_mcu9t5v0__aoi21_1)
     2    0.01    0.18    0.14    7.59 v integration_inst.quantizer_inst._11251_/ZN (gf180mcu_fd_sc_mcu9t5v0__aoi21_1)
                                         integration_inst.quantizer_inst._03849_ (net)
                  0.18    0.00    7.59 v integration_inst.quantizer_inst._11252_/A1 (gf180mcu_fd_sc_mcu9t5v0__nor2_1)
     3    0.02    0.33    0.24    7.82 ^ integration_inst.quantizer_inst._11252_/ZN (gf180mcu_fd_sc_mcu9t5v0__nor2_1)
                                         integration_inst.quantizer_inst._03850_ (net)
                  0.33    0.00    7.83 ^ integration_inst.quantizer_inst._11270_/A1 (gf180mcu_fd_sc_mcu9t5v0__nand2_1)
     4    0.03    0.23    0.18    8.00 v integration_inst.quantizer_inst._11270_/ZN (gf180mcu_fd_sc_mcu9t5v0__nand2_1)
                                         integration_inst.quantizer_inst._03870_ (net)
                  0.23    0.00    8.00 v integration_inst.quantizer_inst._11417_/I (gf180mcu_fd_sc_mcu9t5v0__clkinv_1)
     2    0.01    0.16    0.14    8.14 ^ integration_inst.quantizer_inst._11417_/ZN (gf180mcu_fd_sc_mcu9t5v0__clkinv_1)
                                         integration_inst.quantizer_inst._04031_ (net)
                  0.16    0.00    8.14 ^ integration_inst.quantizer_inst._11418_/A1 (gf180mcu_fd_sc_mcu9t5v0__oai21_1)
     3    0.03    0.22    0.15    8.29 v integration_inst.quantizer_inst._11418_/ZN (gf180mcu_fd_sc_mcu9t5v0__oai21_1)
                                         integration_inst.quantizer_inst._04032_ (net)
                  0.22    0.00    8.29 v integration_inst.quantizer_inst._11438_/B (gf180mcu_fd_sc_mcu9t5v0__oai211_1)
     2    0.02    0.32    0.22    8.51 ^ integration_inst.quantizer_inst._11438_/ZN (gf180mcu_fd_sc_mcu9t5v0__oai211_1)
                                         integration_inst.quantizer_inst._04054_ (net)
                  0.32    0.00    8.51 ^ integration_inst.quantizer_inst._11563_/A1 (gf180mcu_fd_sc_mcu9t5v0__nand3_1)
     4    0.03    0.33    0.24    8.75 v integration_inst.quantizer_inst._11563_/ZN (gf180mcu_fd_sc_mcu9t5v0__nand3_1)
                                         integration_inst.quantizer_inst._04192_ (net)
                  0.33    0.00    8.75 v integration_inst.quantizer_inst._11567_/A2 (gf180mcu_fd_sc_mcu9t5v0__nand3_1)
     4    0.03    0.37    0.30    9.05 ^ integration_inst.quantizer_inst._11567_/ZN (gf180mcu_fd_sc_mcu9t5v0__nand3_1)
                                         integration_inst.quantizer_inst._04196_ (net)
                  0.37    0.00    9.05 ^ integration_inst.quantizer_inst._11717_/I (gf180mcu_fd_sc_mcu9t5v0__clkinv_1)
     2    0.02    0.19    0.16    9.21 v integration_inst.quantizer_inst._11717_/ZN (gf180mcu_fd_sc_mcu9t5v0__clkinv_1)
                                         integration_inst.quantizer_inst._04361_ (net)
                  0.19    0.00    9.21 v integration_inst.quantizer_inst._11719_/A1 (gf180mcu_fd_sc_mcu9t5v0__oai21_1)
     3    0.02    0.36    0.26    9.48 ^ integration_inst.quantizer_inst._11719_/ZN (gf180mcu_fd_sc_mcu9t5v0__oai21_1)
                                         integration_inst.quantizer_inst._04363_ (net)
                  0.36    0.00    9.48 ^ integration_inst.quantizer_inst._11730_/A1 (gf180mcu_fd_sc_mcu9t5v0__nand3_1)
     3    0.02    0.25    0.19    9.66 v integration_inst.quantizer_inst._11730_/ZN (gf180mcu_fd_sc_mcu9t5v0__nand3_1)
                                         integration_inst.quantizer_inst._04376_ (net)
                  0.25    0.00    9.66 v integration_inst.quantizer_inst._11734_/A2 (gf180mcu_fd_sc_mcu9t5v0__aoi21_1)
     3    0.02    0.38    0.29    9.95 ^ integration_inst.quantizer_inst._11734_/ZN (gf180mcu_fd_sc_mcu9t5v0__aoi21_1)
                                         integration_inst.quantizer_inst._04380_ (net)
                  0.38    0.00    9.95 ^ integration_inst.quantizer_inst._11735_/A1 (gf180mcu_fd_sc_mcu9t5v0__nor2_1)
     3    0.02    0.24    0.16   10.11 v integration_inst.quantizer_inst._11735_/ZN (gf180mcu_fd_sc_mcu9t5v0__nor2_1)
                                         integration_inst.quantizer_inst._04381_ (net)
                  0.24    0.00   10.11 v integration_inst.quantizer_inst._11864_/A1 (gf180mcu_fd_sc_mcu9t5v0__nor3_1)
     2    0.02    0.40    0.27   10.38 ^ integration_inst.quantizer_inst._11864_/ZN (gf180mcu_fd_sc_mcu9t5v0__nor3_1)
                                         integration_inst.quantizer_inst._04523_ (net)
                  0.40    0.00   10.38 ^ integration_inst.quantizer_inst._11866_/A1 (gf180mcu_fd_sc_mcu9t5v0__nor3_1)
     2    0.01    0.23    0.14   10.52 v integration_inst.quantizer_inst._11866_/ZN (gf180mcu_fd_sc_mcu9t5v0__nor3_1)
                                         integration_inst.quantizer_inst._04525_ (net)
                  0.23    0.00   10.52 v integration_inst.quantizer_inst._11870_/A1 (gf180mcu_fd_sc_mcu9t5v0__nor3_1)
     2    0.01    0.34    0.24   10.76 ^ integration_inst.quantizer_inst._11870_/ZN (gf180mcu_fd_sc_mcu9t5v0__nor3_1)
                                         integration_inst.quantizer_inst._04530_ (net)
                  0.34    0.00   10.76 ^ integration_inst.quantizer_inst._12373_/A2 (gf180mcu_fd_sc_mcu9t5v0__or2_1)
     2    0.01    0.13    0.20   10.95 ^ integration_inst.quantizer_inst._12373_/Z (gf180mcu_fd_sc_mcu9t5v0__or2_1)
                                         integration_inst.quantizer_inst._05082_ (net)
                  0.13    0.00   10.95 ^ integration_inst.quantizer_inst._12395_/B (gf180mcu_fd_sc_mcu9t5v0__oai21_1)
     2    0.02    0.23    0.14   11.10 v integration_inst.quantizer_inst._12395_/ZN (gf180mcu_fd_sc_mcu9t5v0__oai21_1)
                                         integration_inst.quantizer_inst._05106_ (net)
                  0.23    0.00   11.10 v integration_inst.quantizer_inst._12396_/A1 (gf180mcu_fd_sc_mcu9t5v0__aoi21_1)
     2    0.02    0.35    0.24   11.34 ^ integration_inst.quantizer_inst._12396_/ZN (gf180mcu_fd_sc_mcu9t5v0__aoi21_1)
                                         integration_inst.quantizer_inst._05107_ (net)
                  0.35    0.00   11.34 ^ integration_inst.quantizer_inst._12397_/A1 (gf180mcu_fd_sc_mcu9t5v0__oai21_1)
     2    0.02    0.24    0.15   11.49 v integration_inst.quantizer_inst._12397_/ZN (gf180mcu_fd_sc_mcu9t5v0__oai21_1)
                                         integration_inst.quantizer_inst._05108_ (net)
                  0.24    0.00   11.49 v integration_inst.quantizer_inst._12398_/A1 (gf180mcu_fd_sc_mcu9t5v0__aoi21_1)
     2    0.02    0.36    0.25   11.74 ^ integration_inst.quantizer_inst._12398_/ZN (gf180mcu_fd_sc_mcu9t5v0__aoi21_1)
                                         integration_inst.quantizer_inst._05109_ (net)
                  0.36    0.00   11.74 ^ integration_inst.quantizer_inst._12399_/A1 (gf180mcu_fd_sc_mcu9t5v0__oai21_1)
     2    0.02    0.26    0.15   11.89 v integration_inst.quantizer_inst._12399_/ZN (gf180mcu_fd_sc_mcu9t5v0__oai21_1)
                                         integration_inst.quantizer_inst._05110_ (net)
                  0.26    0.00   11.89 v integration_inst.quantizer_inst._12400_/A1 (gf180mcu_fd_sc_mcu9t5v0__aoi21_1)
     2    0.02    0.34    0.24   12.13 ^ integration_inst.quantizer_inst._12400_/ZN (gf180mcu_fd_sc_mcu9t5v0__aoi21_1)
                                         integration_inst.quantizer_inst._05112_ (net)
                  0.34    0.00   12.13 ^ integration_inst.quantizer_inst._12401_/A1 (gf180mcu_fd_sc_mcu9t5v0__oai21_1)
     2    0.02    0.24    0.14   12.27 v integration_inst.quantizer_inst._12401_/ZN (gf180mcu_fd_sc_mcu9t5v0__oai21_1)
                                         integration_inst.quantizer_inst._05113_ (net)
                  0.24    0.00   12.27 v integration_inst.quantizer_inst._12402_/A1 (gf180mcu_fd_sc_mcu9t5v0__aoi21_1)
     2    0.02    0.30    0.22   12.49 ^ integration_inst.quantizer_inst._12402_/ZN (gf180mcu_fd_sc_mcu9t5v0__aoi21_1)
                                         integration_inst.quantizer_inst._05114_ (net)
                  0.30    0.00   12.49 ^ integration_inst.quantizer_inst._12403_/A1 (gf180mcu_fd_sc_mcu9t5v0__oai21_1)
     2    0.02    0.25    0.14   12.62 v integration_inst.quantizer_inst._12403_/ZN (gf180mcu_fd_sc_mcu9t5v0__oai21_1)
                                         integration_inst.quantizer_inst._05115_ (net)
                  0.25    0.00   12.62 v integration_inst.quantizer_inst._12404_/A1 (gf180mcu_fd_sc_mcu9t5v0__aoi21_1)
     2    0.02    0.32    0.23   12.85 ^ integration_inst.quantizer_inst._12404_/ZN (gf180mcu_fd_sc_mcu9t5v0__aoi21_1)
                                         integration_inst.quantizer_inst._05116_ (net)
                  0.32    0.00   12.85 ^ integration_inst.quantizer_inst._12432_/A1 (gf180mcu_fd_sc_mcu9t5v0__oai21_1)
     2    0.02    0.18    0.13   12.98 v integration_inst.quantizer_inst._12432_/ZN (gf180mcu_fd_sc_mcu9t5v0__oai21_1)
                                         integration_inst.quantizer_inst._05145_ (net)
                  0.18    0.00   12.98 v integration_inst.quantizer_inst._12433_/A1 (gf180mcu_fd_sc_mcu9t5v0__aoi21_1)
     2    0.02    0.32    0.21   13.19 ^ integration_inst.quantizer_inst._12433_/ZN (gf180mcu_fd_sc_mcu9t5v0__aoi21_1)
                                         integration_inst.quantizer_inst._05146_ (net)
                  0.32    0.00   13.19 ^ integration_inst.quantizer_inst._12434_/A1 (gf180mcu_fd_sc_mcu9t5v0__oai21_1)
     2    0.02    0.17    0.12   13.31 v integration_inst.quantizer_inst._12434_/ZN (gf180mcu_fd_sc_mcu9t5v0__oai21_1)
                                         integration_inst.quantizer_inst._05147_ (net)
                  0.17    0.00   13.31 v integration_inst.quantizer_inst._12435_/A1 (gf180mcu_fd_sc_mcu9t5v0__aoi21_1)
     2    0.02    0.30    0.20   13.51 ^ integration_inst.quantizer_inst._12435_/ZN (gf180mcu_fd_sc_mcu9t5v0__aoi21_1)
                                         integration_inst.quantizer_inst._05148_ (net)
                  0.30    0.00   13.51 ^ integration_inst.quantizer_inst._12436_/A1 (gf180mcu_fd_sc_mcu9t5v0__oai21_1)
     2    0.02    0.21    0.13   13.64 v integration_inst.quantizer_inst._12436_/ZN (gf180mcu_fd_sc_mcu9t5v0__oai21_1)
                                         integration_inst.quantizer_inst._05149_ (net)
                  0.21    0.00   13.64 v integration_inst.quantizer_inst._12437_/A1 (gf180mcu_fd_sc_mcu9t5v0__aoi21_1)
     2    0.02    0.31    0.21   13.84 ^ integration_inst.quantizer_inst._12437_/ZN (gf180mcu_fd_sc_mcu9t5v0__aoi21_1)
                                         integration_inst.quantizer_inst._05150_ (net)
                  0.31    0.00   13.84 ^ integration_inst.quantizer_inst._12438_/A1 (gf180mcu_fd_sc_mcu9t5v0__oai21_1)
     2    0.02    0.22    0.12   13.97 v integration_inst.quantizer_inst._12438_/ZN (gf180mcu_fd_sc_mcu9t5v0__oai21_1)
                                         integration_inst.quantizer_inst._05151_ (net)
                  0.22    0.00   13.97 v integration_inst.quantizer_inst._12439_/A1 (gf180mcu_fd_sc_mcu9t5v0__aoi21_1)
     2    0.02    0.32    0.21   14.18 ^ integration_inst.quantizer_inst._12439_/ZN (gf180mcu_fd_sc_mcu9t5v0__aoi21_1)
                                         integration_inst.quantizer_inst._05152_ (net)
                  0.32    0.00   14.18 ^ integration_inst.quantizer_inst._12440_/A1 (gf180mcu_fd_sc_mcu9t5v0__oai21_1)
     2    0.01    0.17    0.12   14.30 v integration_inst.quantizer_inst._12440_/ZN (gf180mcu_fd_sc_mcu9t5v0__oai21_1)
                                         integration_inst.quantizer_inst._05154_ (net)
                  0.17    0.00   14.30 v integration_inst.quantizer_inst._12441_/A1 (gf180mcu_fd_sc_mcu9t5v0__aoi21_1)
     2    0.01    0.30    0.19   14.49 ^ integration_inst.quantizer_inst._12441_/ZN (gf180mcu_fd_sc_mcu9t5v0__aoi21_1)
                                         integration_inst.quantizer_inst._05155_ (net)
                  0.30    0.00   14.49 ^ integration_inst.quantizer_inst._12442_/A1 (gf180mcu_fd_sc_mcu9t5v0__oai21_1)
     3    0.02    0.26    0.15   14.64 v integration_inst.quantizer_inst._12442_/ZN (gf180mcu_fd_sc_mcu9t5v0__oai21_1)
                                         integration_inst.quantizer_inst._05156_ (net)
                  0.26    0.00   14.64 v integration_inst.quantizer_inst._12443_/A1 (gf180mcu_fd_sc_mcu9t5v0__aoi21_1)
     2    0.02    0.31    0.22   14.86 ^ integration_inst.quantizer_inst._12443_/ZN (gf180mcu_fd_sc_mcu9t5v0__aoi21_1)
                                         integration_inst.quantizer_inst._05157_ (net)
                  0.31    0.00   14.86 ^ integration_inst.quantizer_inst._12444_/A1 (gf180mcu_fd_sc_mcu9t5v0__oai21_1)
     2    0.02    0.18    0.13   14.99 v integration_inst.quantizer_inst._12444_/ZN (gf180mcu_fd_sc_mcu9t5v0__oai21_1)
                                         integration_inst.quantizer_inst._05158_ (net)
                  0.18    0.00   14.99 v integration_inst.quantizer_inst._12445_/A1 (gf180mcu_fd_sc_mcu9t5v0__aoi21_1)
     3    0.03    0.43    0.27   15.26 ^ integration_inst.quantizer_inst._12445_/ZN (gf180mcu_fd_sc_mcu9t5v0__aoi21_1)
                                         integration_inst.quantizer_inst._05159_ (net)
                  0.43    0.00   15.26 ^ integration_inst.quantizer_inst._12446_/A1 (gf180mcu_fd_sc_mcu9t5v0__oai211_1)
     2    0.02    0.26    0.18   15.44 v integration_inst.quantizer_inst._12446_/ZN (gf180mcu_fd_sc_mcu9t5v0__oai211_1)
                                         integration_inst.quantizer_inst._05160_ (net)
                  0.26    0.00   15.44 v integration_inst.quantizer_inst._12447_/A1 (gf180mcu_fd_sc_mcu9t5v0__aoi211_1)
     2    0.02    0.47    0.29   15.73 ^ integration_inst.quantizer_inst._12447_/ZN (gf180mcu_fd_sc_mcu9t5v0__aoi211_1)
                                         integration_inst.quantizer_inst._05161_ (net)
                  0.47    0.00   15.73 ^ integration_inst.quantizer_inst._12450_/A1 (gf180mcu_fd_sc_mcu9t5v0__oai21_1)
     2    0.02    0.21    0.13   15.86 v integration_inst.quantizer_inst._12450_/ZN (gf180mcu_fd_sc_mcu9t5v0__oai21_1)
                                         integration_inst.quantizer_inst._05165_ (net)
                  0.21    0.00   15.86 v integration_inst.quantizer_inst._12451_/A1 (gf180mcu_fd_sc_mcu9t5v0__aoi21_1)
     2    0.02    0.31    0.21   16.07 ^ integration_inst.quantizer_inst._12451_/ZN (gf180mcu_fd_sc_mcu9t5v0__aoi21_1)
                                         integration_inst.quantizer_inst._05166_ (net)
                  0.31    0.00   16.07 ^ integration_inst.quantizer_inst._12452_/A1 (gf180mcu_fd_sc_mcu9t5v0__oai21_1)
     1    0.01    0.14    0.09   16.16 v integration_inst.quantizer_inst._12452_/ZN (gf180mcu_fd_sc_mcu9t5v0__oai21_1)
                                         integration_inst.quantizer_inst._05167_ (net)
                  0.14    0.00   16.16 v integration_inst.quantizer_inst._12453_/A1 (gf180mcu_fd_sc_mcu9t5v0__aoi21_1)
     2    0.02    0.32    0.20   16.36 ^ integration_inst.quantizer_inst._12453_/ZN (gf180mcu_fd_sc_mcu9t5v0__aoi21_1)
                                         integration_inst.quantizer_inst._05168_ (net)
                  0.32    0.00   16.36 ^ integration_inst.quantizer_inst._12454_/A1 (gf180mcu_fd_sc_mcu9t5v0__oai21_1)
     1    0.01    0.17    0.09   16.45 v integration_inst.quantizer_inst._12454_/ZN (gf180mcu_fd_sc_mcu9t5v0__oai21_1)
                                         integration_inst.quantizer_inst._05169_ (net)
                  0.17    0.00   16.45 v integration_inst.quantizer_inst._12457_/A1 (gf180mcu_fd_sc_mcu9t5v0__nand2_1)
     1    0.00    0.11    0.10   16.55 ^ integration_inst.quantizer_inst._12457_/ZN (gf180mcu_fd_sc_mcu9t5v0__nand2_1)
                                         integration_inst.quantizer_inst._06877_[44] (net)
                  0.11    0.00   16.55 ^ integration_inst.quantizer_inst._14035_/D (gf180mcu_fd_sc_mcu9t5v0__dffrnq_1)
                                 16.55   data arrival time

                         40.00   40.00   clock core_clock (rise edge)
                          0.00   40.00   clock source latency
     1    0.23    0.00    0.00   40.00 ^ i_clk (in)
                                         i_clk (net)
                  0.00    0.00   40.00 ^ clkbuf_0_i_clk/I (gf180mcu_fd_sc_mcu9t5v0__clkbuf_20)
     4    0.41    0.16    0.18   40.18 ^ clkbuf_0_i_clk/Z (gf180mcu_fd_sc_mcu9t5v0__clkbuf_20)
                                         clknet_0_i_clk (net)
                  0.16    0.01   40.18 ^ clkbuf_2_2_0_i_clk/I (gf180mcu_fd_sc_mcu9t5v0__clkbuf_20)
    14    1.08    0.40    0.34   40.52 ^ clkbuf_2_2_0_i_clk/Z (gf180mcu_fd_sc_mcu9t5v0__clkbuf_20)
                                         clknet_2_2_0_i_clk (net)
                  0.40    0.01   40.54 ^ clkbuf_leaf_42_i_clk/I (gf180mcu_fd_sc_mcu9t5v0__clkbuf_20)
    15    0.20    0.10    0.21   40.74 ^ clkbuf_leaf_42_i_clk/Z (gf180mcu_fd_sc_mcu9t5v0__clkbuf_20)
                                         clknet_leaf_42_i_clk (net)
                  0.10    0.00   40.74 ^ integration_inst.quantizer_inst._14035_/CLK (gf180mcu_fd_sc_mcu9t5v0__dffrnq_1)
                          0.00   40.74   clock reconvergence pessimism
                         -0.14   40.61   library setup time
                                 40.61   data required time
-----------------------------------------------------------------------------
                                 40.61   data required time
                                -16.55   data arrival time
-----------------------------------------------------------------------------
                                 24.06   slack (MET)


Startpoint: uart_inst.ut._200_
            (rising edge-triggered flip-flop clocked by core_clock)
Endpoint: o_uart_tx (output port clocked by vclk_core_clock)
Path Group: vclk_core_clock
Path Type: max

Fanout     Cap    Slew   Delay    Time   Description
-----------------------------------------------------------------------------
                          0.00    0.00   clock core_clock (rise edge)
                          0.00    0.00   clock source latency
     1    0.23    0.00    0.00    0.00 ^ i_clk (in)
                                         i_clk (net)
                  0.00    0.00    0.00 ^ clkbuf_0_i_clk/I (gf180mcu_fd_sc_mcu9t5v0__clkbuf_20)
     4    0.41    0.16    0.18    0.18 ^ clkbuf_0_i_clk/Z (gf180mcu_fd_sc_mcu9t5v0__clkbuf_20)
                                         clknet_0_i_clk (net)
                  0.16    0.01    0.18 ^ clkbuf_2_0_0_i_clk/I (gf180mcu_fd_sc_mcu9t5v0__clkbuf_20)
    13    1.09    0.40    0.34    0.52 ^ clkbuf_2_0_0_i_clk/Z (gf180mcu_fd_sc_mcu9t5v0__clkbuf_20)
                                         clknet_2_0_0_i_clk (net)
                  0.41    0.01    0.54 ^ clkbuf_leaf_0_i_clk/I (gf180mcu_fd_sc_mcu9t5v0__clkbuf_20)
    26    0.25    0.12    0.22    0.75 ^ clkbuf_leaf_0_i_clk/Z (gf180mcu_fd_sc_mcu9t5v0__clkbuf_20)
                                         clknet_leaf_0_i_clk (net)
                  0.12    0.00    0.76 ^ uart_inst.ut._200_/CLK (gf180mcu_fd_sc_mcu9t5v0__dffsnq_1)
     1    0.01    0.07    0.42    1.17 v uart_inst.ut._200_/Q (gf180mcu_fd_sc_mcu9t5v0__dffsnq_1)
                                         net147 (net)
                  0.07    0.00    1.17 v output148/I (gf180mcu_fd_sc_mcu9t5v0__dlyb_2)
     1    0.06    0.30    0.84    2.01 v output148/Z (gf180mcu_fd_sc_mcu9t5v0__dlyb_2)
                                         o_uart_tx (net)
                  0.30    0.00    2.01 v o_uart_tx (out)
                                  2.01   data arrival time

                  0.00   40.00   40.00   clock vclk_core_clock (rise edge)
                          1.12   41.12   clock network delay (ideal)
                          0.00   41.12   clock reconvergence pessimism
                         -8.00   33.12   output external delay
                                 33.12   data required time
-----------------------------------------------------------------------------
                                 33.12   data required time
                                 -2.01   data arrival time
-----------------------------------------------------------------------------
                                 31.11   slack (MET)



==========================================================================
cts final report_checks -unconstrained
--------------------------------------------------------------------------
Startpoint: integration_inst.reg_bank_inst._22035_
            (rising edge-triggered flip-flop clocked by core_clock)
Endpoint: integration_inst.mac_grid_inst.ROW_LOOP[2].COL_LOOP[1].mac_inst._2724_
          (recovery check against rising-edge clock core_clock)
Path Group: asynchronous
Path Type: max

Fanout     Cap    Slew   Delay    Time   Description
-----------------------------------------------------------------------------
                          0.00    0.00   clock core_clock (rise edge)
                          0.00    0.00   clock source latency
     1    0.23    0.00    0.00    0.00 ^ i_clk (in)
                                         i_clk (net)
                  0.00    0.00    0.00 ^ clkbuf_0_i_clk/I (gf180mcu_fd_sc_mcu9t5v0__clkbuf_20)
     4    0.41    0.16    0.18    0.18 ^ clkbuf_0_i_clk/Z (gf180mcu_fd_sc_mcu9t5v0__clkbuf_20)
                                         clknet_0_i_clk (net)
                  0.16    0.01    0.18 ^ clkbuf_2_1_0_i_clk/I (gf180mcu_fd_sc_mcu9t5v0__clkbuf_20)
    11    1.04    0.39    0.33    0.51 ^ clkbuf_2_1_0_i_clk/Z (gf180mcu_fd_sc_mcu9t5v0__clkbuf_20)
                                         clknet_2_1_0_i_clk (net)
                  0.39    0.01    0.53 ^ clkbuf_leaf_33_i_clk/I (gf180mcu_fd_sc_mcu9t5v0__clkbuf_20)
    23    0.17    0.09    0.20    0.72 ^ clkbuf_leaf_33_i_clk/Z (gf180mcu_fd_sc_mcu9t5v0__clkbuf_20)
                                         clknet_leaf_33_i_clk (net)
                  0.09    0.00    0.73 ^ integration_inst.reg_bank_inst._22035_/CLK (gf180mcu_fd_sc_mcu9t5v0__dffrnq_1)
     7    0.06    0.46    0.63    1.35 ^ integration_inst.reg_bank_inst._22035_/Q (gf180mcu_fd_sc_mcu9t5v0__dffrnq_1)
                                         integration_inst.reg_bank_inst.current_state[1] (net)
                  0.46    0.00    1.35 ^ integration_inst.reg_bank_inst._11435_/I (gf180mcu_fd_sc_mcu9t5v0__clkinv_1)
     4    0.07    0.55    0.44    1.79 v integration_inst.reg_bank_inst._11435_/ZN (gf180mcu_fd_sc_mcu9t5v0__clkinv_1)
                                         integration_inst.reg_bank_inst._03440_ (net)
                  0.55    0.00    1.79 v integration_inst.reg_bank_inst._11436_/A1 (gf180mcu_fd_sc_mcu9t5v0__nand3_4)
    25    0.55    1.34    0.91    2.70 ^ integration_inst.reg_bank_inst._11436_/ZN (gf180mcu_fd_sc_mcu9t5v0__nand3_4)
                                         integration_inst.reg_bank_inst._03441_ (net)
                  1.34    0.00    2.71 ^ integration_inst.reg_bank_inst._11437_/I (gf180mcu_fd_sc_mcu9t5v0__clkinv_12)
   160    1.85    1.21    0.99    3.69 v integration_inst.reg_bank_inst._11437_/ZN (gf180mcu_fd_sc_mcu9t5v0__clkinv_12)
                                         integration_inst.quant_ip_reset (net)
                  1.21    0.01    3.70 v integration_inst.reg_bank_inst._13123_/A1 (gf180mcu_fd_sc_mcu9t5v0__nor2_4)
     1    0.06    0.39    0.45    4.16 ^ integration_inst.reg_bank_inst._13123_/ZN (gf180mcu_fd_sc_mcu9t5v0__nor2_4)
                                         integration_inst.mac_grid_inst.ROW_LOOP[0].COL_LOOP[0].mac_inst.i_rst_n (net)
                  0.39    0.00    4.16 ^ place821/I (gf180mcu_fd_sc_mcu9t5v0__buf_16)
   289    3.38    1.55    1.00    5.16 ^ place821/Z (gf180mcu_fd_sc_mcu9t5v0__buf_16)
                                         net820 (net)
                  1.55    0.02    5.17 ^ place820/I (gf180mcu_fd_sc_mcu9t5v0__buf_4)
    99    1.09    1.97    1.24    6.42 ^ place820/Z (gf180mcu_fd_sc_mcu9t5v0__buf_4)
                                         net819 (net)
                  1.97    0.00    6.42 ^ integration_inst.mac_grid_inst.ROW_LOOP[2].COL_LOOP[1].mac_inst._2724_/RN (gf180mcu_fd_sc_mcu9t5v0__dffrnq_1)
                                  6.42   data arrival time

                         40.00   40.00   clock core_clock (rise edge)
                          0.00   40.00   clock source latency
     1    0.23    0.00    0.00   40.00 ^ i_clk (in)
                                         i_clk (net)
                  0.00    0.00   40.00 ^ clkbuf_0_i_clk/I (gf180mcu_fd_sc_mcu9t5v0__clkbuf_20)
     4    0.41    0.16    0.18   40.18 ^ clkbuf_0_i_clk/Z (gf180mcu_fd_sc_mcu9t5v0__clkbuf_20)
                                         clknet_0_i_clk (net)
                  0.16    0.01   40.18 ^ clkbuf_2_3_0_i_clk/I (gf180mcu_fd_sc_mcu9t5v0__clkbuf_20)
    19    1.35    0.51    0.40   40.59 ^ clkbuf_2_3_0_i_clk/Z (gf180mcu_fd_sc_mcu9t5v0__clkbuf_20)
                                         clknet_2_3_0_i_clk (net)
                  0.51    0.02   40.60 ^ clkbuf_leaf_25_i_clk/I (gf180mcu_fd_sc_mcu9t5v0__clkbuf_20)
    25    0.22    0.11    0.22   40.83 ^ clkbuf_leaf_25_i_clk/Z (gf180mcu_fd_sc_mcu9t5v0__clkbuf_20)
                                         clknet_leaf_25_i_clk (net)
                  0.11    0.00   40.83 ^ integration_inst.mac_grid_inst.ROW_LOOP[2].COL_LOOP[1].mac_inst._2724_/CLK (gf180mcu_fd_sc_mcu9t5v0__dffrnq_1)
                          0.00   40.83   clock reconvergence pessimism
                         -0.59   40.24   library recovery time
                                 40.24   data required time
-----------------------------------------------------------------------------
                                 40.24   data required time
                                 -6.42   data arrival time
-----------------------------------------------------------------------------
                                 33.81   slack (MET)


Startpoint: integration_inst.reg_bank_inst._21607_
            (rising edge-triggered flip-flop clocked by core_clock)
Endpoint: integration_inst.quantizer_inst._14035_
          (rising edge-triggered flip-flop clocked by core_clock)
Path Group: core_clock
Path Type: max

Fanout     Cap    Slew   Delay    Time   Description
-----------------------------------------------------------------------------
                          0.00    0.00   clock core_clock (rise edge)
                          0.00    0.00   clock source latency
     1    0.23    0.00    0.00    0.00 ^ i_clk (in)
                                         i_clk (net)
                  0.00    0.00    0.00 ^ clkbuf_0_i_clk/I (gf180mcu_fd_sc_mcu9t5v0__clkbuf_20)
     4    0.41    0.16    0.18    0.18 ^ clkbuf_0_i_clk/Z (gf180mcu_fd_sc_mcu9t5v0__clkbuf_20)
                                         clknet_0_i_clk (net)
                  0.16    0.01    0.18 ^ clkbuf_2_3_0_i_clk/I (gf180mcu_fd_sc_mcu9t5v0__clkbuf_20)
    19    1.35    0.51    0.40    0.59 ^ clkbuf_2_3_0_i_clk/Z (gf180mcu_fd_sc_mcu9t5v0__clkbuf_20)
                                         clknet_2_3_0_i_clk (net)
                  0.51    0.02    0.60 ^ clkbuf_leaf_11_i_clk/I (gf180mcu_fd_sc_mcu9t5v0__clkbuf_20)
    21    0.26    0.12    0.23    0.83 ^ clkbuf_leaf_11_i_clk/Z (gf180mcu_fd_sc_mcu9t5v0__clkbuf_20)
                                         clknet_leaf_11_i_clk (net)
                  0.12    0.00    0.84 ^ integration_inst.reg_bank_inst._21607_/CLK (gf180mcu_fd_sc_mcu9t5v0__dffrnq_1)
    11    0.08    0.58    0.70    1.54 ^ integration_inst.reg_bank_inst._21607_/Q (gf180mcu_fd_sc_mcu9t5v0__dffrnq_1)
                                         integration_inst.reg_bank_inst.cols_a[1] (net)
                  0.58    0.00    1.54 ^ integration_inst.reg_bank_inst._10714_/I (gf180mcu_fd_sc_mcu9t5v0__clkinv_1)
     9    0.07    0.53    0.44    1.98 v integration_inst.reg_bank_inst._10714_/ZN (gf180mcu_fd_sc_mcu9t5v0__clkinv_1)
                                         integration_inst.reg_bank_inst._02738_ (net)
                  0.53    0.00    1.98 v integration_inst.reg_bank_inst._10909_/A1 (gf180mcu_fd_sc_mcu9t5v0__nand2_1)
     1    0.02    0.24    0.24    2.22 ^ integration_inst.reg_bank_inst._10909_/ZN (gf180mcu_fd_sc_mcu9t5v0__nand2_1)
                                         integration_inst.reg_bank_inst._02933_ (net)
                  0.24    0.00    2.22 ^ place931/I (gf180mcu_fd_sc_mcu9t5v0__buf_4)
    18    0.24    0.45    0.36    2.58 ^ place931/Z (gf180mcu_fd_sc_mcu9t5v0__buf_4)
                                         net930 (net)
                  0.45    0.00    2.58 ^ integration_inst.reg_bank_inst._11029_/I (gf180mcu_fd_sc_mcu9t5v0__clkinv_1)
     9    0.10    0.76    0.57    3.15 v integration_inst.reg_bank_inst._11029_/ZN (gf180mcu_fd_sc_mcu9t5v0__clkinv_1)
                                         integration_inst.reg_bank_inst._03052_ (net)
                  0.76    0.00    3.15 v integration_inst.reg_bank_inst._11451_/A1 (gf180mcu_fd_sc_mcu9t5v0__nand2_1)
     1    0.01    0.23    0.24    3.39 ^ integration_inst.reg_bank_inst._11451_/ZN (gf180mcu_fd_sc_mcu9t5v0__nand2_1)
                                         integration_inst.reg_bank_inst._03455_ (net)
                  0.23    0.00    3.39 ^ integration_inst.reg_bank_inst._11452_/I (gf180mcu_fd_sc_mcu9t5v0__clkinv_1)
    23    0.23    1.64    1.07    4.46 v integration_inst.reg_bank_inst._11452_/ZN (gf180mcu_fd_sc_mcu9t5v0__clkinv_1)
                                         integration_inst.reg_bank_inst._03456_ (net)
                  1.64    0.00    4.46 v integration_inst.reg_bank_inst._11590_/A1 (gf180mcu_fd_sc_mcu9t5v0__aoi21_1)
     1    0.01    0.40    0.50    4.96 ^ integration_inst.reg_bank_inst._11590_/ZN (gf180mcu_fd_sc_mcu9t5v0__aoi21_1)
                                         integration_inst.reg_bank_inst._03581_ (net)
                  0.40    0.00    4.96 ^ integration_inst.reg_bank_inst._11591_/A1 (gf180mcu_fd_sc_mcu9t5v0__nand4_1)
     1    0.01    0.20    0.12    5.08 v integration_inst.reg_bank_inst._11591_/ZN (gf180mcu_fd_sc_mcu9t5v0__nand4_1)
                                         integration_inst.reg_bank_inst._03582_ (net)
                  0.20    0.00    5.08 v integration_inst.reg_bank_inst._11592_/C (gf180mcu_fd_sc_mcu9t5v0__aoi221_1)
     1    0.01    0.39    0.28    5.36 ^ integration_inst.reg_bank_inst._11592_/ZN (gf180mcu_fd_sc_mcu9t5v0__aoi221_1)
                                         integration_inst.reg_bank_inst._03583_ (net)
                  0.39    0.00    5.37 ^ integration_inst.reg_bank_inst._11593_/A1 (gf180mcu_fd_sc_mcu9t5v0__aoi21_1)
     1    0.03    0.58    0.21    5.58 v integration_inst.reg_bank_inst._11593_/ZN (gf180mcu_fd_sc_mcu9t5v0__aoi21_1)
                                         integration_inst.quant_ip_data[8] (net)
                  0.58    0.00    5.58 v place718/I (gf180mcu_fd_sc_mcu9t5v0__buf_4)
    12    0.20    0.23    0.38    5.96 v place718/Z (gf180mcu_fd_sc_mcu9t5v0__buf_4)
                                         net717 (net)
                  0.23    0.00    5.96 v integration_inst.quantizer_inst._07962_/I (gf180mcu_fd_sc_mcu9t5v0__clkinv_1)
    25    0.26    1.86    1.16    7.12 ^ integration_inst.quantizer_inst._07962_/ZN (gf180mcu_fd_sc_mcu9t5v0__clkinv_1)
                                         integration_inst.quantizer_inst._00427_ (net)
                  1.86    0.00    7.12 ^ integration_inst.quantizer_inst._11247_/A2 (gf180mcu_fd_sc_mcu9t5v0__nor2_1)
     2    0.01    0.52    0.14    7.26 v integration_inst.quantizer_inst._11247_/ZN (gf180mcu_fd_sc_mcu9t5v0__nor2_1)
                                         integration_inst.quantizer_inst._03844_ (net)
                  0.52    0.00    7.26 v integration_inst.quantizer_inst._11248_/I (gf180mcu_fd_sc_mcu9t5v0__clkinv_1)
     2    0.01    0.21    0.18    7.45 ^ integration_inst.quantizer_inst._11248_/ZN (gf180mcu_fd_sc_mcu9t5v0__clkinv_1)
                                         integration_inst.quantizer_inst._03845_ (net)
                  0.21    0.00    7.45 ^ integration_inst.quantizer_inst._11251_/B (gf180mcu_fd_sc_mcu9t5v0__aoi21_1)
     2    0.01    0.18    0.14    7.59 v integration_inst.quantizer_inst._11251_/ZN (gf180mcu_fd_sc_mcu9t5v0__aoi21_1)
                                         integration_inst.quantizer_inst._03849_ (net)
                  0.18    0.00    7.59 v integration_inst.quantizer_inst._11252_/A1 (gf180mcu_fd_sc_mcu9t5v0__nor2_1)
     3    0.02    0.33    0.24    7.82 ^ integration_inst.quantizer_inst._11252_/ZN (gf180mcu_fd_sc_mcu9t5v0__nor2_1)
                                         integration_inst.quantizer_inst._03850_ (net)
                  0.33    0.00    7.83 ^ integration_inst.quantizer_inst._11270_/A1 (gf180mcu_fd_sc_mcu9t5v0__nand2_1)
     4    0.03    0.23    0.18    8.00 v integration_inst.quantizer_inst._11270_/ZN (gf180mcu_fd_sc_mcu9t5v0__nand2_1)
                                         integration_inst.quantizer_inst._03870_ (net)
                  0.23    0.00    8.00 v integration_inst.quantizer_inst._11417_/I (gf180mcu_fd_sc_mcu9t5v0__clkinv_1)
     2    0.01    0.16    0.14    8.14 ^ integration_inst.quantizer_inst._11417_/ZN (gf180mcu_fd_sc_mcu9t5v0__clkinv_1)
                                         integration_inst.quantizer_inst._04031_ (net)
                  0.16    0.00    8.14 ^ integration_inst.quantizer_inst._11418_/A1 (gf180mcu_fd_sc_mcu9t5v0__oai21_1)
     3    0.03    0.22    0.15    8.29 v integration_inst.quantizer_inst._11418_/ZN (gf180mcu_fd_sc_mcu9t5v0__oai21_1)
                                         integration_inst.quantizer_inst._04032_ (net)
                  0.22    0.00    8.29 v integration_inst.quantizer_inst._11438_/B (gf180mcu_fd_sc_mcu9t5v0__oai211_1)
     2    0.02    0.32    0.22    8.51 ^ integration_inst.quantizer_inst._11438_/ZN (gf180mcu_fd_sc_mcu9t5v0__oai211_1)
                                         integration_inst.quantizer_inst._04054_ (net)
                  0.32    0.00    8.51 ^ integration_inst.quantizer_inst._11563_/A1 (gf180mcu_fd_sc_mcu9t5v0__nand3_1)
     4    0.03    0.33    0.24    8.75 v integration_inst.quantizer_inst._11563_/ZN (gf180mcu_fd_sc_mcu9t5v0__nand3_1)
                                         integration_inst.quantizer_inst._04192_ (net)
                  0.33    0.00    8.75 v integration_inst.quantizer_inst._11567_/A2 (gf180mcu_fd_sc_mcu9t5v0__nand3_1)
     4    0.03    0.37    0.30    9.05 ^ integration_inst.quantizer_inst._11567_/ZN (gf180mcu_fd_sc_mcu9t5v0__nand3_1)
                                         integration_inst.quantizer_inst._04196_ (net)
                  0.37    0.00    9.05 ^ integration_inst.quantizer_inst._11717_/I (gf180mcu_fd_sc_mcu9t5v0__clkinv_1)
     2    0.02    0.19    0.16    9.21 v integration_inst.quantizer_inst._11717_/ZN (gf180mcu_fd_sc_mcu9t5v0__clkinv_1)
                                         integration_inst.quantizer_inst._04361_ (net)
                  0.19    0.00    9.21 v integration_inst.quantizer_inst._11719_/A1 (gf180mcu_fd_sc_mcu9t5v0__oai21_1)
     3    0.02    0.36    0.26    9.48 ^ integration_inst.quantizer_inst._11719_/ZN (gf180mcu_fd_sc_mcu9t5v0__oai21_1)
                                         integration_inst.quantizer_inst._04363_ (net)
                  0.36    0.00    9.48 ^ integration_inst.quantizer_inst._11730_/A1 (gf180mcu_fd_sc_mcu9t5v0__nand3_1)
     3    0.02    0.25    0.19    9.66 v integration_inst.quantizer_inst._11730_/ZN (gf180mcu_fd_sc_mcu9t5v0__nand3_1)
                                         integration_inst.quantizer_inst._04376_ (net)
                  0.25    0.00    9.66 v integration_inst.quantizer_inst._11734_/A2 (gf180mcu_fd_sc_mcu9t5v0__aoi21_1)
     3    0.02    0.38    0.29    9.95 ^ integration_inst.quantizer_inst._11734_/ZN (gf180mcu_fd_sc_mcu9t5v0__aoi21_1)
                                         integration_inst.quantizer_inst._04380_ (net)
                  0.38    0.00    9.95 ^ integration_inst.quantizer_inst._11735_/A1 (gf180mcu_fd_sc_mcu9t5v0__nor2_1)
     3    0.02    0.24    0.16   10.11 v integration_inst.quantizer_inst._11735_/ZN (gf180mcu_fd_sc_mcu9t5v0__nor2_1)
                                         integration_inst.quantizer_inst._04381_ (net)
                  0.24    0.00   10.11 v integration_inst.quantizer_inst._11864_/A1 (gf180mcu_fd_sc_mcu9t5v0__nor3_1)
     2    0.02    0.40    0.27   10.38 ^ integration_inst.quantizer_inst._11864_/ZN (gf180mcu_fd_sc_mcu9t5v0__nor3_1)
                                         integration_inst.quantizer_inst._04523_ (net)
                  0.40    0.00   10.38 ^ integration_inst.quantizer_inst._11866_/A1 (gf180mcu_fd_sc_mcu9t5v0__nor3_1)
     2    0.01    0.23    0.14   10.52 v integration_inst.quantizer_inst._11866_/ZN (gf180mcu_fd_sc_mcu9t5v0__nor3_1)
                                         integration_inst.quantizer_inst._04525_ (net)
                  0.23    0.00   10.52 v integration_inst.quantizer_inst._11870_/A1 (gf180mcu_fd_sc_mcu9t5v0__nor3_1)
     2    0.01    0.34    0.24   10.76 ^ integration_inst.quantizer_inst._11870_/ZN (gf180mcu_fd_sc_mcu9t5v0__nor3_1)
                                         integration_inst.quantizer_inst._04530_ (net)
                  0.34    0.00   10.76 ^ integration_inst.quantizer_inst._12373_/A2 (gf180mcu_fd_sc_mcu9t5v0__or2_1)
     2    0.01    0.13    0.20   10.95 ^ integration_inst.quantizer_inst._12373_/Z (gf180mcu_fd_sc_mcu9t5v0__or2_1)
                                         integration_inst.quantizer_inst._05082_ (net)
                  0.13    0.00   10.95 ^ integration_inst.quantizer_inst._12395_/B (gf180mcu_fd_sc_mcu9t5v0__oai21_1)
     2    0.02    0.23    0.14   11.10 v integration_inst.quantizer_inst._12395_/ZN (gf180mcu_fd_sc_mcu9t5v0__oai21_1)
                                         integration_inst.quantizer_inst._05106_ (net)
                  0.23    0.00   11.10 v integration_inst.quantizer_inst._12396_/A1 (gf180mcu_fd_sc_mcu9t5v0__aoi21_1)
     2    0.02    0.35    0.24   11.34 ^ integration_inst.quantizer_inst._12396_/ZN (gf180mcu_fd_sc_mcu9t5v0__aoi21_1)
                                         integration_inst.quantizer_inst._05107_ (net)
                  0.35    0.00   11.34 ^ integration_inst.quantizer_inst._12397_/A1 (gf180mcu_fd_sc_mcu9t5v0__oai21_1)
     2    0.02    0.24    0.15   11.49 v integration_inst.quantizer_inst._12397_/ZN (gf180mcu_fd_sc_mcu9t5v0__oai21_1)
                                         integration_inst.quantizer_inst._05108_ (net)
                  0.24    0.00   11.49 v integration_inst.quantizer_inst._12398_/A1 (gf180mcu_fd_sc_mcu9t5v0__aoi21_1)
     2    0.02    0.36    0.25   11.74 ^ integration_inst.quantizer_inst._12398_/ZN (gf180mcu_fd_sc_mcu9t5v0__aoi21_1)
                                         integration_inst.quantizer_inst._05109_ (net)
                  0.36    0.00   11.74 ^ integration_inst.quantizer_inst._12399_/A1 (gf180mcu_fd_sc_mcu9t5v0__oai21_1)
     2    0.02    0.26    0.15   11.89 v integration_inst.quantizer_inst._12399_/ZN (gf180mcu_fd_sc_mcu9t5v0__oai21_1)
                                         integration_inst.quantizer_inst._05110_ (net)
                  0.26    0.00   11.89 v integration_inst.quantizer_inst._12400_/A1 (gf180mcu_fd_sc_mcu9t5v0__aoi21_1)
     2    0.02    0.34    0.24   12.13 ^ integration_inst.quantizer_inst._12400_/ZN (gf180mcu_fd_sc_mcu9t5v0__aoi21_1)
                                         integration_inst.quantizer_inst._05112_ (net)
                  0.34    0.00   12.13 ^ integration_inst.quantizer_inst._12401_/A1 (gf180mcu_fd_sc_mcu9t5v0__oai21_1)
     2    0.02    0.24    0.14   12.27 v integration_inst.quantizer_inst._12401_/ZN (gf180mcu_fd_sc_mcu9t5v0__oai21_1)
                                         integration_inst.quantizer_inst._05113_ (net)
                  0.24    0.00   12.27 v integration_inst.quantizer_inst._12402_/A1 (gf180mcu_fd_sc_mcu9t5v0__aoi21_1)
     2    0.02    0.30    0.22   12.49 ^ integration_inst.quantizer_inst._12402_/ZN (gf180mcu_fd_sc_mcu9t5v0__aoi21_1)
                                         integration_inst.quantizer_inst._05114_ (net)
                  0.30    0.00   12.49 ^ integration_inst.quantizer_inst._12403_/A1 (gf180mcu_fd_sc_mcu9t5v0__oai21_1)
     2    0.02    0.25    0.14   12.62 v integration_inst.quantizer_inst._12403_/ZN (gf180mcu_fd_sc_mcu9t5v0__oai21_1)
                                         integration_inst.quantizer_inst._05115_ (net)
                  0.25    0.00   12.62 v integration_inst.quantizer_inst._12404_/A1 (gf180mcu_fd_sc_mcu9t5v0__aoi21_1)
     2    0.02    0.32    0.23   12.85 ^ integration_inst.quantizer_inst._12404_/ZN (gf180mcu_fd_sc_mcu9t5v0__aoi21_1)
                                         integration_inst.quantizer_inst._05116_ (net)
                  0.32    0.00   12.85 ^ integration_inst.quantizer_inst._12432_/A1 (gf180mcu_fd_sc_mcu9t5v0__oai21_1)
     2    0.02    0.18    0.13   12.98 v integration_inst.quantizer_inst._12432_/ZN (gf180mcu_fd_sc_mcu9t5v0__oai21_1)
                                         integration_inst.quantizer_inst._05145_ (net)
                  0.18    0.00   12.98 v integration_inst.quantizer_inst._12433_/A1 (gf180mcu_fd_sc_mcu9t5v0__aoi21_1)
     2    0.02    0.32    0.21   13.19 ^ integration_inst.quantizer_inst._12433_/ZN (gf180mcu_fd_sc_mcu9t5v0__aoi21_1)
                                         integration_inst.quantizer_inst._05146_ (net)
                  0.32    0.00   13.19 ^ integration_inst.quantizer_inst._12434_/A1 (gf180mcu_fd_sc_mcu9t5v0__oai21_1)
     2    0.02    0.17    0.12   13.31 v integration_inst.quantizer_inst._12434_/ZN (gf180mcu_fd_sc_mcu9t5v0__oai21_1)
                                         integration_inst.quantizer_inst._05147_ (net)
                  0.17    0.00   13.31 v integration_inst.quantizer_inst._12435_/A1 (gf180mcu_fd_sc_mcu9t5v0__aoi21_1)
     2    0.02    0.30    0.20   13.51 ^ integration_inst.quantizer_inst._12435_/ZN (gf180mcu_fd_sc_mcu9t5v0__aoi21_1)
                                         integration_inst.quantizer_inst._05148_ (net)
                  0.30    0.00   13.51 ^ integration_inst.quantizer_inst._12436_/A1 (gf180mcu_fd_sc_mcu9t5v0__oai21_1)
     2    0.02    0.21    0.13   13.64 v integration_inst.quantizer_inst._12436_/ZN (gf180mcu_fd_sc_mcu9t5v0__oai21_1)
                                         integration_inst.quantizer_inst._05149_ (net)
                  0.21    0.00   13.64 v integration_inst.quantizer_inst._12437_/A1 (gf180mcu_fd_sc_mcu9t5v0__aoi21_1)
     2    0.02    0.31    0.21   13.84 ^ integration_inst.quantizer_inst._12437_/ZN (gf180mcu_fd_sc_mcu9t5v0__aoi21_1)
                                         integration_inst.quantizer_inst._05150_ (net)
                  0.31    0.00   13.84 ^ integration_inst.quantizer_inst._12438_/A1 (gf180mcu_fd_sc_mcu9t5v0__oai21_1)
     2    0.02    0.22    0.12   13.97 v integration_inst.quantizer_inst._12438_/ZN (gf180mcu_fd_sc_mcu9t5v0__oai21_1)
                                         integration_inst.quantizer_inst._05151_ (net)
                  0.22    0.00   13.97 v integration_inst.quantizer_inst._12439_/A1 (gf180mcu_fd_sc_mcu9t5v0__aoi21_1)
     2    0.02    0.32    0.21   14.18 ^ integration_inst.quantizer_inst._12439_/ZN (gf180mcu_fd_sc_mcu9t5v0__aoi21_1)
                                         integration_inst.quantizer_inst._05152_ (net)
                  0.32    0.00   14.18 ^ integration_inst.quantizer_inst._12440_/A1 (gf180mcu_fd_sc_mcu9t5v0__oai21_1)
     2    0.01    0.17    0.12   14.30 v integration_inst.quantizer_inst._12440_/ZN (gf180mcu_fd_sc_mcu9t5v0__oai21_1)
                                         integration_inst.quantizer_inst._05154_ (net)
                  0.17    0.00   14.30 v integration_inst.quantizer_inst._12441_/A1 (gf180mcu_fd_sc_mcu9t5v0__aoi21_1)
     2    0.01    0.30    0.19   14.49 ^ integration_inst.quantizer_inst._12441_/ZN (gf180mcu_fd_sc_mcu9t5v0__aoi21_1)
                                         integration_inst.quantizer_inst._05155_ (net)
                  0.30    0.00   14.49 ^ integration_inst.quantizer_inst._12442_/A1 (gf180mcu_fd_sc_mcu9t5v0__oai21_1)
     3    0.02    0.26    0.15   14.64 v integration_inst.quantizer_inst._12442_/ZN (gf180mcu_fd_sc_mcu9t5v0__oai21_1)
                                         integration_inst.quantizer_inst._05156_ (net)
                  0.26    0.00   14.64 v integration_inst.quantizer_inst._12443_/A1 (gf180mcu_fd_sc_mcu9t5v0__aoi21_1)
     2    0.02    0.31    0.22   14.86 ^ integration_inst.quantizer_inst._12443_/ZN (gf180mcu_fd_sc_mcu9t5v0__aoi21_1)
                                         integration_inst.quantizer_inst._05157_ (net)
                  0.31    0.00   14.86 ^ integration_inst.quantizer_inst._12444_/A1 (gf180mcu_fd_sc_mcu9t5v0__oai21_1)
     2    0.02    0.18    0.13   14.99 v integration_inst.quantizer_inst._12444_/ZN (gf180mcu_fd_sc_mcu9t5v0__oai21_1)
                                         integration_inst.quantizer_inst._05158_ (net)
                  0.18    0.00   14.99 v integration_inst.quantizer_inst._12445_/A1 (gf180mcu_fd_sc_mcu9t5v0__aoi21_1)
     3    0.03    0.43    0.27   15.26 ^ integration_inst.quantizer_inst._12445_/ZN (gf180mcu_fd_sc_mcu9t5v0__aoi21_1)
                                         integration_inst.quantizer_inst._05159_ (net)
                  0.43    0.00   15.26 ^ integration_inst.quantizer_inst._12446_/A1 (gf180mcu_fd_sc_mcu9t5v0__oai211_1)
     2    0.02    0.26    0.18   15.44 v integration_inst.quantizer_inst._12446_/ZN (gf180mcu_fd_sc_mcu9t5v0__oai211_1)
                                         integration_inst.quantizer_inst._05160_ (net)
                  0.26    0.00   15.44 v integration_inst.quantizer_inst._12447_/A1 (gf180mcu_fd_sc_mcu9t5v0__aoi211_1)
     2    0.02    0.47    0.29   15.73 ^ integration_inst.quantizer_inst._12447_/ZN (gf180mcu_fd_sc_mcu9t5v0__aoi211_1)
                                         integration_inst.quantizer_inst._05161_ (net)
                  0.47    0.00   15.73 ^ integration_inst.quantizer_inst._12450_/A1 (gf180mcu_fd_sc_mcu9t5v0__oai21_1)
     2    0.02    0.21    0.13   15.86 v integration_inst.quantizer_inst._12450_/ZN (gf180mcu_fd_sc_mcu9t5v0__oai21_1)
                                         integration_inst.quantizer_inst._05165_ (net)
                  0.21    0.00   15.86 v integration_inst.quantizer_inst._12451_/A1 (gf180mcu_fd_sc_mcu9t5v0__aoi21_1)
     2    0.02    0.31    0.21   16.07 ^ integration_inst.quantizer_inst._12451_/ZN (gf180mcu_fd_sc_mcu9t5v0__aoi21_1)
                                         integration_inst.quantizer_inst._05166_ (net)
                  0.31    0.00   16.07 ^ integration_inst.quantizer_inst._12452_/A1 (gf180mcu_fd_sc_mcu9t5v0__oai21_1)
     1    0.01    0.14    0.09   16.16 v integration_inst.quantizer_inst._12452_/ZN (gf180mcu_fd_sc_mcu9t5v0__oai21_1)
                                         integration_inst.quantizer_inst._05167_ (net)
                  0.14    0.00   16.16 v integration_inst.quantizer_inst._12453_/A1 (gf180mcu_fd_sc_mcu9t5v0__aoi21_1)
     2    0.02    0.32    0.20   16.36 ^ integration_inst.quantizer_inst._12453_/ZN (gf180mcu_fd_sc_mcu9t5v0__aoi21_1)
                                         integration_inst.quantizer_inst._05168_ (net)
                  0.32    0.00   16.36 ^ integration_inst.quantizer_inst._12454_/A1 (gf180mcu_fd_sc_mcu9t5v0__oai21_1)
     1    0.01    0.17    0.09   16.45 v integration_inst.quantizer_inst._12454_/ZN (gf180mcu_fd_sc_mcu9t5v0__oai21_1)
                                         integration_inst.quantizer_inst._05169_ (net)
                  0.17    0.00   16.45 v integration_inst.quantizer_inst._12457_/A1 (gf180mcu_fd_sc_mcu9t5v0__nand2_1)
     1    0.00    0.11    0.10   16.55 ^ integration_inst.quantizer_inst._12457_/ZN (gf180mcu_fd_sc_mcu9t5v0__nand2_1)
                                         integration_inst.quantizer_inst._06877_[44] (net)
                  0.11    0.00   16.55 ^ integration_inst.quantizer_inst._14035_/D (gf180mcu_fd_sc_mcu9t5v0__dffrnq_1)
                                 16.55   data arrival time

                         40.00   40.00   clock core_clock (rise edge)
                          0.00   40.00   clock source latency
     1    0.23    0.00    0.00   40.00 ^ i_clk (in)
                                         i_clk (net)
                  0.00    0.00   40.00 ^ clkbuf_0_i_clk/I (gf180mcu_fd_sc_mcu9t5v0__clkbuf_20)
     4    0.41    0.16    0.18   40.18 ^ clkbuf_0_i_clk/Z (gf180mcu_fd_sc_mcu9t5v0__clkbuf_20)
                                         clknet_0_i_clk (net)
                  0.16    0.01   40.18 ^ clkbuf_2_2_0_i_clk/I (gf180mcu_fd_sc_mcu9t5v0__clkbuf_20)
    14    1.08    0.40    0.34   40.52 ^ clkbuf_2_2_0_i_clk/Z (gf180mcu_fd_sc_mcu9t5v0__clkbuf_20)
                                         clknet_2_2_0_i_clk (net)
                  0.40    0.01   40.54 ^ clkbuf_leaf_42_i_clk/I (gf180mcu_fd_sc_mcu9t5v0__clkbuf_20)
    15    0.20    0.10    0.21   40.74 ^ clkbuf_leaf_42_i_clk/Z (gf180mcu_fd_sc_mcu9t5v0__clkbuf_20)
                                         clknet_leaf_42_i_clk (net)
                  0.10    0.00   40.74 ^ integration_inst.quantizer_inst._14035_/CLK (gf180mcu_fd_sc_mcu9t5v0__dffrnq_1)
                          0.00   40.74   clock reconvergence pessimism
                         -0.14   40.61   library setup time
                                 40.61   data required time
-----------------------------------------------------------------------------
                                 40.61   data required time
                                -16.55   data arrival time
-----------------------------------------------------------------------------
                                 24.06   slack (MET)


Startpoint: uart_inst.ut._200_
            (rising edge-triggered flip-flop clocked by core_clock)
Endpoint: o_uart_tx (output port clocked by vclk_core_clock)
Path Group: vclk_core_clock
Path Type: max

Fanout     Cap    Slew   Delay    Time   Description
-----------------------------------------------------------------------------
                          0.00    0.00   clock core_clock (rise edge)
                          0.00    0.00   clock source latency
     1    0.23    0.00    0.00    0.00 ^ i_clk (in)
                                         i_clk (net)
                  0.00    0.00    0.00 ^ clkbuf_0_i_clk/I (gf180mcu_fd_sc_mcu9t5v0__clkbuf_20)
     4    0.41    0.16    0.18    0.18 ^ clkbuf_0_i_clk/Z (gf180mcu_fd_sc_mcu9t5v0__clkbuf_20)
                                         clknet_0_i_clk (net)
                  0.16    0.01    0.18 ^ clkbuf_2_0_0_i_clk/I (gf180mcu_fd_sc_mcu9t5v0__clkbuf_20)
    13    1.09    0.40    0.34    0.52 ^ clkbuf_2_0_0_i_clk/Z (gf180mcu_fd_sc_mcu9t5v0__clkbuf_20)
                                         clknet_2_0_0_i_clk (net)
                  0.41    0.01    0.54 ^ clkbuf_leaf_0_i_clk/I (gf180mcu_fd_sc_mcu9t5v0__clkbuf_20)
    26    0.25    0.12    0.22    0.75 ^ clkbuf_leaf_0_i_clk/Z (gf180mcu_fd_sc_mcu9t5v0__clkbuf_20)
                                         clknet_leaf_0_i_clk (net)
                  0.12    0.00    0.76 ^ uart_inst.ut._200_/CLK (gf180mcu_fd_sc_mcu9t5v0__dffsnq_1)
     1    0.01    0.07    0.42    1.17 v uart_inst.ut._200_/Q (gf180mcu_fd_sc_mcu9t5v0__dffsnq_1)
                                         net147 (net)
                  0.07    0.00    1.17 v output148/I (gf180mcu_fd_sc_mcu9t5v0__dlyb_2)
     1    0.06    0.30    0.84    2.01 v output148/Z (gf180mcu_fd_sc_mcu9t5v0__dlyb_2)
                                         o_uart_tx (net)
                  0.30    0.00    2.01 v o_uart_tx (out)
                                  2.01   data arrival time

                  0.00   40.00   40.00   clock vclk_core_clock (rise edge)
                          1.12   41.12   clock network delay (ideal)
                          0.00   41.12   clock reconvergence pessimism
                         -8.00   33.12   output external delay
                                 33.12   data required time
-----------------------------------------------------------------------------
                                 33.12   data required time
                                 -2.01   data arrival time
-----------------------------------------------------------------------------
                                 31.11   slack (MET)



==========================================================================
cts final report_check_types -max_slew -max_cap -max_fanout -violators
--------------------------------------------------------------------------

==========================================================================
cts final max_slew_check_slack
--------------------------------------------------------------------------
0.2949884831905365

==========================================================================
cts final max_slew_check_limit
--------------------------------------------------------------------------
2.799999952316284

==========================================================================
cts final max_slew_check_slack_limit
--------------------------------------------------------------------------
0.1054

==========================================================================
cts final max_fanout_check_slack
--------------------------------------------------------------------------
1.0000000150474662e+30

==========================================================================
cts final max_fanout_check_limit
--------------------------------------------------------------------------
1.0000000150474662e+30

==========================================================================
cts final max_capacitance_check_slack
--------------------------------------------------------------------------
0.026237083598971367

==========================================================================
cts final max_capacitance_check_limit
--------------------------------------------------------------------------
0.20350000262260437

==========================================================================
cts final max_capacitance_check_slack_limit
--------------------------------------------------------------------------
0.1289

==========================================================================
cts final max_slew_violation_count
--------------------------------------------------------------------------
max slew violation count 0

==========================================================================
cts final max_fanout_violation_count
--------------------------------------------------------------------------
max fanout violation count 0

==========================================================================
cts final max_cap_violation_count
--------------------------------------------------------------------------
max cap violation count 0

==========================================================================
cts final setup_violation_count
--------------------------------------------------------------------------
setup violation count 0

==========================================================================
cts final hold_violation_count
--------------------------------------------------------------------------
hold violation count 0

==========================================================================
cts final report_checks -path_delay max reg to reg
--------------------------------------------------------------------------
Startpoint: integration_inst.reg_bank_inst._22035_
            (rising edge-triggered flip-flop clocked by core_clock)
Endpoint: integration_inst.mac_grid_inst.ROW_LOOP[2].COL_LOOP[1].mac_inst._2724_
          (recovery check against rising-edge clock core_clock)
Path Group: asynchronous
Path Type: max

  Delay    Time   Description
---------------------------------------------------------
   0.00    0.00   clock core_clock (rise edge)
   0.00    0.00   clock source latency
   0.00    0.00 ^ i_clk (in)
   0.18    0.18 ^ clkbuf_0_i_clk/Z (gf180mcu_fd_sc_mcu9t5v0__clkbuf_20)
   0.34    0.51 ^ clkbuf_2_1_0_i_clk/Z (gf180mcu_fd_sc_mcu9t5v0__clkbuf_20)
   0.21    0.72 ^ clkbuf_leaf_33_i_clk/Z (gf180mcu_fd_sc_mcu9t5v0__clkbuf_20)
   0.00    0.73 ^ integration_inst.reg_bank_inst._22035_/CLK (gf180mcu_fd_sc_mcu9t5v0__dffrnq_1)
   0.63    1.35 ^ integration_inst.reg_bank_inst._22035_/Q (gf180mcu_fd_sc_mcu9t5v0__dffrnq_1)
   0.44    1.79 v integration_inst.reg_bank_inst._11435_/ZN (gf180mcu_fd_sc_mcu9t5v0__clkinv_1)
   0.91    2.70 ^ integration_inst.reg_bank_inst._11436_/ZN (gf180mcu_fd_sc_mcu9t5v0__nand3_4)
   0.99    3.69 v integration_inst.reg_bank_inst._11437_/ZN (gf180mcu_fd_sc_mcu9t5v0__clkinv_12)
   0.46    4.16 ^ integration_inst.reg_bank_inst._13123_/ZN (gf180mcu_fd_sc_mcu9t5v0__nor2_4)
   1.00    5.16 ^ place821/Z (gf180mcu_fd_sc_mcu9t5v0__buf_16)
   1.26    6.42 ^ place820/Z (gf180mcu_fd_sc_mcu9t5v0__buf_4)
   0.00    6.42 ^ integration_inst.mac_grid_inst.ROW_LOOP[2].COL_LOOP[1].mac_inst._2724_/RN (gf180mcu_fd_sc_mcu9t5v0__dffrnq_1)
           6.42   data arrival time

  40.00   40.00   clock core_clock (rise edge)
   0.00   40.00   clock source latency
   0.00   40.00 ^ i_clk (in)
   0.18   40.18 ^ clkbuf_0_i_clk/Z (gf180mcu_fd_sc_mcu9t5v0__clkbuf_20)
   0.41   40.59 ^ clkbuf_2_3_0_i_clk/Z (gf180mcu_fd_sc_mcu9t5v0__clkbuf_20)
   0.24   40.83 ^ clkbuf_leaf_25_i_clk/Z (gf180mcu_fd_sc_mcu9t5v0__clkbuf_20)
   0.00   40.83 ^ integration_inst.mac_grid_inst.ROW_LOOP[2].COL_LOOP[1].mac_inst._2724_/CLK (gf180mcu_fd_sc_mcu9t5v0__dffrnq_1)
   0.00   40.83   clock reconvergence pessimism
  -0.59   40.24   library recovery time
          40.24   data required time
---------------------------------------------------------
          40.24   data required time
          -6.42   data arrival time
---------------------------------------------------------
          33.81   slack (MET)


Startpoint: integration_inst.reg_bank_inst._21607_
            (rising edge-triggered flip-flop clocked by core_clock)
Endpoint: integration_inst.quantizer_inst._14035_
          (rising edge-triggered flip-flop clocked by core_clock)
Path Group: core_clock
Path Type: max

  Delay    Time   Description
---------------------------------------------------------
   0.00    0.00   clock core_clock (rise edge)
   0.00    0.00   clock source latency
   0.00    0.00 ^ i_clk (in)
   0.18    0.18 ^ clkbuf_0_i_clk/Z (gf180mcu_fd_sc_mcu9t5v0__clkbuf_20)
   0.41    0.59 ^ clkbuf_2_3_0_i_clk/Z (gf180mcu_fd_sc_mcu9t5v0__clkbuf_20)
   0.25    0.83 ^ clkbuf_leaf_11_i_clk/Z (gf180mcu_fd_sc_mcu9t5v0__clkbuf_20)
   0.00    0.84 ^ integration_inst.reg_bank_inst._21607_/CLK (gf180mcu_fd_sc_mcu9t5v0__dffrnq_1)
   0.70    1.54 ^ integration_inst.reg_bank_inst._21607_/Q (gf180mcu_fd_sc_mcu9t5v0__dffrnq_1)
   0.44    1.98 v integration_inst.reg_bank_inst._10714_/ZN (gf180mcu_fd_sc_mcu9t5v0__clkinv_1)
   0.24    2.22 ^ integration_inst.reg_bank_inst._10909_/ZN (gf180mcu_fd_sc_mcu9t5v0__nand2_1)
   0.36    2.58 ^ place931/Z (gf180mcu_fd_sc_mcu9t5v0__buf_4)
   0.57    3.15 v integration_inst.reg_bank_inst._11029_/ZN (gf180mcu_fd_sc_mcu9t5v0__clkinv_1)
   0.24    3.39 ^ integration_inst.reg_bank_inst._11451_/ZN (gf180mcu_fd_sc_mcu9t5v0__nand2_1)
   1.07    4.46 v integration_inst.reg_bank_inst._11452_/ZN (gf180mcu_fd_sc_mcu9t5v0__clkinv_1)
   0.51    4.96 ^ integration_inst.reg_bank_inst._11590_/ZN (gf180mcu_fd_sc_mcu9t5v0__aoi21_1)
   0.12    5.08 v integration_inst.reg_bank_inst._11591_/ZN (gf180mcu_fd_sc_mcu9t5v0__nand4_1)
   0.28    5.36 ^ integration_inst.reg_bank_inst._11592_/ZN (gf180mcu_fd_sc_mcu9t5v0__aoi221_1)
   0.21    5.58 v integration_inst.reg_bank_inst._11593_/ZN (gf180mcu_fd_sc_mcu9t5v0__aoi21_1)
   0.38    5.96 v place718/Z (gf180mcu_fd_sc_mcu9t5v0__buf_4)
   1.16    7.12 ^ integration_inst.quantizer_inst._07962_/ZN (gf180mcu_fd_sc_mcu9t5v0__clkinv_1)
   0.15    7.26 v integration_inst.quantizer_inst._11247_/ZN (gf180mcu_fd_sc_mcu9t5v0__nor2_1)
   0.18    7.45 ^ integration_inst.quantizer_inst._11248_/ZN (gf180mcu_fd_sc_mcu9t5v0__clkinv_1)
   0.14    7.59 v integration_inst.quantizer_inst._11251_/ZN (gf180mcu_fd_sc_mcu9t5v0__aoi21_1)
   0.24    7.82 ^ integration_inst.quantizer_inst._11252_/ZN (gf180mcu_fd_sc_mcu9t5v0__nor2_1)
   0.18    8.00 v integration_inst.quantizer_inst._11270_/ZN (gf180mcu_fd_sc_mcu9t5v0__nand2_1)
   0.14    8.14 ^ integration_inst.quantizer_inst._11417_/ZN (gf180mcu_fd_sc_mcu9t5v0__clkinv_1)
   0.15    8.29 v integration_inst.quantizer_inst._11418_/ZN (gf180mcu_fd_sc_mcu9t5v0__oai21_1)
   0.22    8.51 ^ integration_inst.quantizer_inst._11438_/ZN (gf180mcu_fd_sc_mcu9t5v0__oai211_1)
   0.24    8.75 v integration_inst.quantizer_inst._11563_/ZN (gf180mcu_fd_sc_mcu9t5v0__nand3_1)
   0.30    9.05 ^ integration_inst.quantizer_inst._11567_/ZN (gf180mcu_fd_sc_mcu9t5v0__nand3_1)
   0.16    9.21 v integration_inst.quantizer_inst._11717_/ZN (gf180mcu_fd_sc_mcu9t5v0__clkinv_1)
   0.26    9.48 ^ integration_inst.quantizer_inst._11719_/ZN (gf180mcu_fd_sc_mcu9t5v0__oai21_1)
   0.19    9.66 v integration_inst.quantizer_inst._11730_/ZN (gf180mcu_fd_sc_mcu9t5v0__nand3_1)
   0.29    9.95 ^ integration_inst.quantizer_inst._11734_/ZN (gf180mcu_fd_sc_mcu9t5v0__aoi21_1)
   0.16   10.11 v integration_inst.quantizer_inst._11735_/ZN (gf180mcu_fd_sc_mcu9t5v0__nor2_1)
   0.27   10.38 ^ integration_inst.quantizer_inst._11864_/ZN (gf180mcu_fd_sc_mcu9t5v0__nor3_1)
   0.14   10.52 v integration_inst.quantizer_inst._11866_/ZN (gf180mcu_fd_sc_mcu9t5v0__nor3_1)
   0.24   10.76 ^ integration_inst.quantizer_inst._11870_/ZN (gf180mcu_fd_sc_mcu9t5v0__nor3_1)
   0.20   10.95 ^ integration_inst.quantizer_inst._12373_/Z (gf180mcu_fd_sc_mcu9t5v0__or2_1)
   0.14   11.10 v integration_inst.quantizer_inst._12395_/ZN (gf180mcu_fd_sc_mcu9t5v0__oai21_1)
   0.24   11.34 ^ integration_inst.quantizer_inst._12396_/ZN (gf180mcu_fd_sc_mcu9t5v0__aoi21_1)
   0.15   11.49 v integration_inst.quantizer_inst._12397_/ZN (gf180mcu_fd_sc_mcu9t5v0__oai21_1)
   0.25   11.74 ^ integration_inst.quantizer_inst._12398_/ZN (gf180mcu_fd_sc_mcu9t5v0__aoi21_1)
   0.15   11.89 v integration_inst.quantizer_inst._12399_/ZN (gf180mcu_fd_sc_mcu9t5v0__oai21_1)
   0.24   12.13 ^ integration_inst.quantizer_inst._12400_/ZN (gf180mcu_fd_sc_mcu9t5v0__aoi21_1)
   0.14   12.27 v integration_inst.quantizer_inst._12401_/ZN (gf180mcu_fd_sc_mcu9t5v0__oai21_1)
   0.22   12.49 ^ integration_inst.quantizer_inst._12402_/ZN (gf180mcu_fd_sc_mcu9t5v0__aoi21_1)
   0.14   12.62 v integration_inst.quantizer_inst._12403_/ZN (gf180mcu_fd_sc_mcu9t5v0__oai21_1)
   0.23   12.85 ^ integration_inst.quantizer_inst._12404_/ZN (gf180mcu_fd_sc_mcu9t5v0__aoi21_1)
   0.13   12.98 v integration_inst.quantizer_inst._12432_/ZN (gf180mcu_fd_sc_mcu9t5v0__oai21_1)
   0.21   13.19 ^ integration_inst.quantizer_inst._12433_/ZN (gf180mcu_fd_sc_mcu9t5v0__aoi21_1)
   0.12   13.31 v integration_inst.quantizer_inst._12434_/ZN (gf180mcu_fd_sc_mcu9t5v0__oai21_1)
   0.20   13.51 ^ integration_inst.quantizer_inst._12435_/ZN (gf180mcu_fd_sc_mcu9t5v0__aoi21_1)
   0.13   13.64 v integration_inst.quantizer_inst._12436_/ZN (gf180mcu_fd_sc_mcu9t5v0__oai21_1)
   0.21   13.84 ^ integration_inst.quantizer_inst._12437_/ZN (gf180mcu_fd_sc_mcu9t5v0__aoi21_1)
   0.12   13.97 v integration_inst.quantizer_inst._12438_/ZN (gf180mcu_fd_sc_mcu9t5v0__oai21_1)
   0.21   14.18 ^ integration_inst.quantizer_inst._12439_/ZN (gf180mcu_fd_sc_mcu9t5v0__aoi21_1)
   0.12   14.30 v integration_inst.quantizer_inst._12440_/ZN (gf180mcu_fd_sc_mcu9t5v0__oai21_1)
   0.19   14.49 ^ integration_inst.quantizer_inst._12441_/ZN (gf180mcu_fd_sc_mcu9t5v0__aoi21_1)
   0.15   14.64 v integration_inst.quantizer_inst._12442_/ZN (gf180mcu_fd_sc_mcu9t5v0__oai21_1)
   0.22   14.86 ^ integration_inst.quantizer_inst._12443_/ZN (gf180mcu_fd_sc_mcu9t5v0__aoi21_1)
   0.13   14.99 v integration_inst.quantizer_inst._12444_/ZN (gf180mcu_fd_sc_mcu9t5v0__oai21_1)
   0.27   15.26 ^ integration_inst.quantizer_inst._12445_/ZN (gf180mcu_fd_sc_mcu9t5v0__aoi21_1)
   0.18   15.44 v integration_inst.quantizer_inst._12446_/ZN (gf180mcu_fd_sc_mcu9t5v0__oai211_1)
   0.29   15.73 ^ integration_inst.quantizer_inst._12447_/ZN (gf180mcu_fd_sc_mcu9t5v0__aoi211_1)
   0.13   15.86 v integration_inst.quantizer_inst._12450_/ZN (gf180mcu_fd_sc_mcu9t5v0__oai21_1)
   0.21   16.07 ^ integration_inst.quantizer_inst._12451_/ZN (gf180mcu_fd_sc_mcu9t5v0__aoi21_1)
   0.09   16.16 v integration_inst.quantizer_inst._12452_/ZN (gf180mcu_fd_sc_mcu9t5v0__oai21_1)
   0.20   16.36 ^ integration_inst.quantizer_inst._12453_/ZN (gf180mcu_fd_sc_mcu9t5v0__aoi21_1)
   0.09   16.45 v integration_inst.quantizer_inst._12454_/ZN (gf180mcu_fd_sc_mcu9t5v0__oai21_1)
   0.10   16.55 ^ integration_inst.quantizer_inst._12457_/ZN (gf180mcu_fd_sc_mcu9t5v0__nand2_1)
   0.00   16.55 ^ integration_inst.quantizer_inst._14035_/D (gf180mcu_fd_sc_mcu9t5v0__dffrnq_1)
          16.55   data arrival time

  40.00   40.00   clock core_clock (rise edge)
   0.00   40.00   clock source latency
   0.00   40.00 ^ i_clk (in)
   0.18   40.18 ^ clkbuf_0_i_clk/Z (gf180mcu_fd_sc_mcu9t5v0__clkbuf_20)
   0.35   40.52 ^ clkbuf_2_2_0_i_clk/Z (gf180mcu_fd_sc_mcu9t5v0__clkbuf_20)
   0.22   40.74 ^ clkbuf_leaf_42_i_clk/Z (gf180mcu_fd_sc_mcu9t5v0__clkbuf_20)
   0.00   40.74 ^ integration_inst.quantizer_inst._14035_/CLK (gf180mcu_fd_sc_mcu9t5v0__dffrnq_1)
   0.00   40.74   clock reconvergence pessimism
  -0.14   40.61   library setup time
          40.61   data required time
---------------------------------------------------------
          40.61   data required time
         -16.55   data arrival time
---------------------------------------------------------
          24.06   slack (MET)



==========================================================================
cts final report_checks -path_delay min reg to reg
--------------------------------------------------------------------------
Startpoint: integration_inst.reg_bank_inst._22034_
            (rising edge-triggered flip-flop clocked by core_clock)
Endpoint: integration_inst.quantizer_inst._13893_
          (removal check against rising-edge clock core_clock)
Path Group: asynchronous
Path Type: min

  Delay    Time   Description
---------------------------------------------------------
   0.00    0.00   clock core_clock (rise edge)
   0.00    0.00   clock source latency
   0.00    0.00 ^ i_clk (in)
   0.18    0.18 ^ clkbuf_0_i_clk/Z (gf180mcu_fd_sc_mcu9t5v0__clkbuf_20)
   0.34    0.51 ^ clkbuf_2_1_0_i_clk/Z (gf180mcu_fd_sc_mcu9t5v0__clkbuf_20)
   0.21    0.72 ^ clkbuf_leaf_33_i_clk/Z (gf180mcu_fd_sc_mcu9t5v0__clkbuf_20)
   0.00    0.73 ^ integration_inst.reg_bank_inst._22034_/CLK (gf180mcu_fd_sc_mcu9t5v0__dffrnq_1)
   0.62    1.35 ^ integration_inst.reg_bank_inst._22034_/Q (gf180mcu_fd_sc_mcu9t5v0__dffrnq_1)
   0.71    2.06 v integration_inst.reg_bank_inst._11436_/ZN (gf180mcu_fd_sc_mcu9t5v0__nand3_4)
   0.97    3.03 ^ integration_inst.reg_bank_inst._11437_/ZN (gf180mcu_fd_sc_mcu9t5v0__clkinv_12)
   0.01    3.03 ^ integration_inst.quantizer_inst._13893_/RN (gf180mcu_fd_sc_mcu9t5v0__dffrnq_1)
           3.03   data arrival time

   0.00    0.00   clock core_clock (rise edge)
   0.00    0.00   clock source latency
   0.00    0.00 ^ i_clk (in)
   0.18    0.18 ^ clkbuf_0_i_clk/Z (gf180mcu_fd_sc_mcu9t5v0__clkbuf_20)
   0.35    0.52 ^ clkbuf_2_2_0_i_clk/Z (gf180mcu_fd_sc_mcu9t5v0__clkbuf_20)
   0.23    0.75 ^ clkbuf_leaf_35_i_clk/Z (gf180mcu_fd_sc_mcu9t5v0__clkbuf_20)
   0.00    0.75 ^ integration_inst.quantizer_inst._13893_/CLK (gf180mcu_fd_sc_mcu9t5v0__dffrnq_1)
   0.00    0.75   clock reconvergence pessimism
   0.43    1.19   library removal time
           1.19   data required time
---------------------------------------------------------
           1.19   data required time
          -3.03   data arrival time
---------------------------------------------------------
           1.84   slack (MET)


Startpoint: integration_inst.quantizer_inst._14049_
            (rising edge-triggered flip-flop clocked by core_clock)
Endpoint: integration_inst.quantizer_inst._13984_
          (rising edge-triggered flip-flop clocked by core_clock)
Path Group: core_clock
Path Type: min

  Delay    Time   Description
---------------------------------------------------------
   0.00    0.00   clock core_clock (rise edge)
   0.00    0.00   clock source latency
   0.00    0.00 ^ i_clk (in)
   0.18    0.18 ^ clkbuf_0_i_clk/Z (gf180mcu_fd_sc_mcu9t5v0__clkbuf_20)
   0.35    0.52 ^ clkbuf_2_2_0_i_clk/Z (gf180mcu_fd_sc_mcu9t5v0__clkbuf_20)
   0.22    0.75 ^ clkbuf_leaf_36_i_clk/Z (gf180mcu_fd_sc_mcu9t5v0__clkbuf_20)
   0.00    0.75 ^ integration_inst.quantizer_inst._14049_/CLK (gf180mcu_fd_sc_mcu9t5v0__dffrnq_1)
   0.39    1.14 v integration_inst.quantizer_inst._14049_/Q (gf180mcu_fd_sc_mcu9t5v0__dffrnq_1)
   0.00    1.14 v integration_inst.quantizer_inst._13984_/D (gf180mcu_fd_sc_mcu9t5v0__dffrnq_1)
           1.14   data arrival time

   0.00    0.00   clock core_clock (rise edge)
   0.00    0.00   clock source latency
   0.00    0.00 ^ i_clk (in)
   0.18    0.18 ^ clkbuf_0_i_clk/Z (gf180mcu_fd_sc_mcu9t5v0__clkbuf_20)
   0.35    0.52 ^ clkbuf_2_2_0_i_clk/Z (gf180mcu_fd_sc_mcu9t5v0__clkbuf_20)
   0.23    0.75 ^ clkbuf_leaf_35_i_clk/Z (gf180mcu_fd_sc_mcu9t5v0__clkbuf_20)
   0.00    0.75 ^ integration_inst.quantizer_inst._13984_/CLK (gf180mcu_fd_sc_mcu9t5v0__dffrnq_1)
   0.00    0.75   clock reconvergence pessimism
   0.05    0.81   library hold time
           0.81   data required time
---------------------------------------------------------
           0.81   data required time
          -1.14   data arrival time
---------------------------------------------------------
           0.33   slack (MET)



==========================================================================
cts final critical path target clock latency max path
--------------------------------------------------------------------------
0.7586

==========================================================================
cts final critical path target clock latency min path
--------------------------------------------------------------------------
0.7586

==========================================================================
cts final critical path source clock latency min path
--------------------------------------------------------------------------
1.1200

==========================================================================
cts final critical path delay
--------------------------------------------------------------------------
16.5489

==========================================================================
cts final critical path slack
--------------------------------------------------------------------------
24.0592

==========================================================================
cts final slack div critical path delay
--------------------------------------------------------------------------
145.382473

==========================================================================
cts final report_power
--------------------------------------------------------------------------
Group                  Internal  Switching    Leakage      Total
                          Power      Power      Power      Power (Watts)
----------------------------------------------------------------
Sequential             2.91e-02   3.42e-04   6.74e-07   2.94e-02  43.3%
Combinational          3.18e-03   2.86e-03   4.27e-06   6.04e-03   8.9%
Clock                  1.95e-02   1.30e-02   2.06e-07   3.25e-02  47.8%
Macro                  0.00e+00   0.00e+00   0.00e+00   0.00e+00   0.0%
Pad                    0.00e+00   0.00e+00   0.00e+00   0.00e+00   0.0%
----------------------------------------------------------------
Total                  5.17e-02   1.62e-02   5.15e-06   6.80e-02 100.0%
                          76.1%      23.9%       0.0%
