
==========================================================================
global route report_tns
--------------------------------------------------------------------------
tns max 0.00

==========================================================================
global route report_wns
--------------------------------------------------------------------------
wns max 0.00

==========================================================================
global route report_worst_slack
--------------------------------------------------------------------------
worst slack max 22.96

==========================================================================
global route report_clock_min_period
--------------------------------------------------------------------------
core_clock period_min = 17.04 fmax = 58.69
vclk_core_clock period_min = 0.00 fmax = inf

==========================================================================
global route report_clock_skew
--------------------------------------------------------------------------
Clock core_clock
   0.73 source latency integration_inst.reg_bank_inst._22074_/CLK ^
  -0.83 target latency integration_inst.mac_grid_inst.ROW_LOOP[0].COL_LOOP[0].mac_inst._2736_/CLK ^
   0.00 CRPR
--------------
  -0.10 setup skew

Clock vclk_core_clock
No launch/capture paths found.


==========================================================================
global route report_checks -path_delay min
--------------------------------------------------------------------------
Startpoint: integration_inst.reg_bank_inst._22034_
            (rising edge-triggered flip-flop clocked by core_clock)
Endpoint: integration_inst.quantizer_inst._13920_
          (removal check against rising-edge clock core_clock)
Path Group: asynchronous
Path Type: min

Fanout     Cap    Slew   Delay    Time   Description
-----------------------------------------------------------------------------
                          0.00    0.00   clock core_clock (rise edge)
                          0.00    0.00   clock source latency
     1    0.22    0.00    0.00    0.00 ^ i_clk (in)
                                         i_clk (net)
                  0.00    0.00    0.00 ^ clkbuf_0_i_clk/I (gf180mcu_fd_sc_mcu9t5v0__clkbuf_20)
     4    0.40    0.16    0.18    0.18 ^ clkbuf_0_i_clk/Z (gf180mcu_fd_sc_mcu9t5v0__clkbuf_20)
                                         clknet_0_i_clk (net)
                  0.16    0.01    0.18 ^ clkbuf_2_1_0_i_clk/I (gf180mcu_fd_sc_mcu9t5v0__clkbuf_20)
    11    1.05    0.39    0.33    0.52 ^ clkbuf_2_1_0_i_clk/Z (gf180mcu_fd_sc_mcu9t5v0__clkbuf_20)
                                         clknet_2_1_0_i_clk (net)
                  0.39    0.01    0.53 ^ clkbuf_leaf_33_i_clk/I (gf180mcu_fd_sc_mcu9t5v0__clkbuf_20)
    23    0.19    0.10    0.20    0.73 ^ clkbuf_leaf_33_i_clk/Z (gf180mcu_fd_sc_mcu9t5v0__clkbuf_20)
                                         clknet_leaf_33_i_clk (net)
                  0.10    0.00    0.73 ^ integration_inst.reg_bank_inst._22034_/CLK (gf180mcu_fd_sc_mcu9t5v0__dffrnq_1)
     6    0.06    0.48    0.64    1.37 ^ integration_inst.reg_bank_inst._22034_/Q (gf180mcu_fd_sc_mcu9t5v0__dffrnq_1)
                                         integration_inst.reg_bank_inst.current_state[0] (net)
                  0.48    0.00    1.37 ^ integration_inst.reg_bank_inst._11436_/A3 (gf180mcu_fd_sc_mcu9t5v0__nand3_4)
    25    0.58    1.17    0.73    2.10 v integration_inst.reg_bank_inst._11436_/ZN (gf180mcu_fd_sc_mcu9t5v0__nand3_4)
                                         integration_inst.reg_bank_inst._03441_ (net)
                  1.17    0.01    2.11 v integration_inst.reg_bank_inst._11437_/I (gf180mcu_fd_sc_mcu9t5v0__clkinv_12)
   160    1.95    1.19    0.95    3.06 ^ integration_inst.reg_bank_inst._11437_/ZN (gf180mcu_fd_sc_mcu9t5v0__clkinv_12)
                                         integration_inst.quant_ip_reset (net)
                  1.19    0.02    3.09 ^ integration_inst.quantizer_inst._13920_/RN (gf180mcu_fd_sc_mcu9t5v0__dffrnq_1)
                                  3.09   data arrival time

                          0.00    0.00   clock core_clock (rise edge)
                          0.00    0.00   clock source latency
     1    0.22    0.00    0.00    0.00 ^ i_clk (in)
                                         i_clk (net)
                  0.00    0.00    0.00 ^ clkbuf_0_i_clk/I (gf180mcu_fd_sc_mcu9t5v0__clkbuf_20)
     4    0.40    0.16    0.18    0.18 ^ clkbuf_0_i_clk/Z (gf180mcu_fd_sc_mcu9t5v0__clkbuf_20)
                                         clknet_0_i_clk (net)
                  0.16    0.00    0.18 ^ clkbuf_2_2_0_i_clk/I (gf180mcu_fd_sc_mcu9t5v0__clkbuf_20)
    14    1.08    0.40    0.34    0.52 ^ clkbuf_2_2_0_i_clk/Z (gf180mcu_fd_sc_mcu9t5v0__clkbuf_20)
                                         clknet_2_2_0_i_clk (net)
                  0.40    0.02    0.54 ^ clkbuf_leaf_39_i_clk/I (gf180mcu_fd_sc_mcu9t5v0__clkbuf_20)
    31    0.25    0.12    0.21    0.75 ^ clkbuf_leaf_39_i_clk/Z (gf180mcu_fd_sc_mcu9t5v0__clkbuf_20)
                                         clknet_leaf_39_i_clk (net)
                  0.12    0.00    0.76 ^ integration_inst.quantizer_inst._13920_/CLK (gf180mcu_fd_sc_mcu9t5v0__dffrnq_1)
                          0.00    0.76   clock reconvergence pessimism
                          0.44    1.19   library removal time
                                  1.19   data required time
-----------------------------------------------------------------------------
                                  1.19   data required time
                                 -3.09   data arrival time
-----------------------------------------------------------------------------
                                  1.89   slack (MET)


Startpoint: integration_inst.reg_bank_inst._22134_
            (rising edge-triggered flip-flop clocked by core_clock)
Endpoint: integration_inst.reg_bank_inst._22136_
          (rising edge-triggered flip-flop clocked by core_clock)
Path Group: core_clock
Path Type: min

Fanout     Cap    Slew   Delay    Time   Description
-----------------------------------------------------------------------------
                          0.00    0.00   clock core_clock (rise edge)
                          0.00    0.00   clock source latency
     1    0.22    0.00    0.00    0.00 ^ i_clk (in)
                                         i_clk (net)
                  0.00    0.00    0.00 ^ clkbuf_0_i_clk/I (gf180mcu_fd_sc_mcu9t5v0__clkbuf_20)
     4    0.40    0.16    0.18    0.18 ^ clkbuf_0_i_clk/Z (gf180mcu_fd_sc_mcu9t5v0__clkbuf_20)
                                         clknet_0_i_clk (net)
                  0.16    0.00    0.18 ^ clkbuf_2_0_0_i_clk/I (gf180mcu_fd_sc_mcu9t5v0__clkbuf_20)
    13    1.05    0.39    0.33    0.51 ^ clkbuf_2_0_0_i_clk/Z (gf180mcu_fd_sc_mcu9t5v0__clkbuf_20)
                                         clknet_2_0_0_i_clk (net)
                  0.39    0.02    0.53 ^ clkbuf_leaf_47_i_clk/I (gf180mcu_fd_sc_mcu9t5v0__clkbuf_20)
    18    0.23    0.11    0.21    0.74 ^ clkbuf_leaf_47_i_clk/Z (gf180mcu_fd_sc_mcu9t5v0__clkbuf_20)
                                         clknet_leaf_47_i_clk (net)
                  0.11    0.00    0.74 ^ integration_inst.reg_bank_inst._22134_/CLK (gf180mcu_fd_sc_mcu9t5v0__dffrnq_1)
     1    0.01    0.07    0.39    1.13 v integration_inst.reg_bank_inst._22134_/Q (gf180mcu_fd_sc_mcu9t5v0__dffrnq_1)
                                         integration_inst.reg_bank_inst.rows_a_d[1][0] (net)
                  0.07    0.00    1.13 v integration_inst.reg_bank_inst._22136_/D (gf180mcu_fd_sc_mcu9t5v0__dffrnq_1)
                                  1.13   data arrival time

                          0.00    0.00   clock core_clock (rise edge)
                          0.00    0.00   clock source latency
     1    0.22    0.00    0.00    0.00 ^ i_clk (in)
                                         i_clk (net)
                  0.00    0.00    0.00 ^ clkbuf_0_i_clk/I (gf180mcu_fd_sc_mcu9t5v0__clkbuf_20)
     4    0.40    0.16    0.18    0.18 ^ clkbuf_0_i_clk/Z (gf180mcu_fd_sc_mcu9t5v0__clkbuf_20)
                                         clknet_0_i_clk (net)
                  0.16    0.00    0.18 ^ clkbuf_2_2_0_i_clk/I (gf180mcu_fd_sc_mcu9t5v0__clkbuf_20)
    14    1.08    0.40    0.34    0.52 ^ clkbuf_2_2_0_i_clk/Z (gf180mcu_fd_sc_mcu9t5v0__clkbuf_20)
                                         clknet_2_2_0_i_clk (net)
                  0.40    0.01    0.53 ^ clkbuf_leaf_34_i_clk/I (gf180mcu_fd_sc_mcu9t5v0__clkbuf_20)
    17    0.23    0.11    0.21    0.74 ^ clkbuf_leaf_34_i_clk/Z (gf180mcu_fd_sc_mcu9t5v0__clkbuf_20)
                                         clknet_leaf_34_i_clk (net)
                  0.11    0.00    0.75 ^ integration_inst.reg_bank_inst._22136_/CLK (gf180mcu_fd_sc_mcu9t5v0__dffrnq_1)
                          0.00    0.75   clock reconvergence pessimism
                          0.05    0.80   library hold time
                                  0.80   data required time
-----------------------------------------------------------------------------
                                  0.80   data required time
                                 -1.13   data arrival time
-----------------------------------------------------------------------------
                                  0.33   slack (MET)


Startpoint: uart_inst.ut._200_
            (rising edge-triggered flip-flop clocked by core_clock)
Endpoint: o_uart_tx (output port clocked by vclk_core_clock)
Path Group: vclk_core_clock
Path Type: min

Fanout     Cap    Slew   Delay    Time   Description
-----------------------------------------------------------------------------
                          0.00    0.00   clock core_clock (rise edge)
                          0.00    0.00   clock source latency
     1    0.22    0.00    0.00    0.00 ^ i_clk (in)
                                         i_clk (net)
                  0.00    0.00    0.00 ^ clkbuf_0_i_clk/I (gf180mcu_fd_sc_mcu9t5v0__clkbuf_20)
     4    0.40    0.16    0.18    0.18 ^ clkbuf_0_i_clk/Z (gf180mcu_fd_sc_mcu9t5v0__clkbuf_20)
                                         clknet_0_i_clk (net)
                  0.16    0.00    0.18 ^ clkbuf_2_0_0_i_clk/I (gf180mcu_fd_sc_mcu9t5v0__clkbuf_20)
    13    1.05    0.39    0.33    0.51 ^ clkbuf_2_0_0_i_clk/Z (gf180mcu_fd_sc_mcu9t5v0__clkbuf_20)
                                         clknet_2_0_0_i_clk (net)
                  0.39    0.02    0.53 ^ clkbuf_leaf_0_i_clk/I (gf180mcu_fd_sc_mcu9t5v0__clkbuf_20)
    26    0.26    0.12    0.22    0.75 ^ clkbuf_leaf_0_i_clk/Z (gf180mcu_fd_sc_mcu9t5v0__clkbuf_20)
                                         clknet_leaf_0_i_clk (net)
                  0.12    0.00    0.75 ^ uart_inst.ut._200_/CLK (gf180mcu_fd_sc_mcu9t5v0__dffsnq_1)
     1    0.01    0.08    0.36    1.11 ^ uart_inst.ut._200_/Q (gf180mcu_fd_sc_mcu9t5v0__dffsnq_1)
                                         net147 (net)
                  0.08    0.00    1.11 ^ output148/I (gf180mcu_fd_sc_mcu9t5v0__dlyb_2)
     1    0.07    0.28    0.70    1.82 ^ output148/Z (gf180mcu_fd_sc_mcu9t5v0__dlyb_2)
                                         o_uart_tx (net)
                  0.28    0.00    1.82 ^ o_uart_tx (out)
                                  1.82   data arrival time

                  0.00    0.00    0.00   clock vclk_core_clock (rise edge)
                          1.12    1.12   clock network delay (ideal)
                          0.00    1.12   clock reconvergence pessimism
                         -8.00   -6.88   output external delay
                                 -6.88   data required time
-----------------------------------------------------------------------------
                                 -6.88   data required time
                                 -1.82   data arrival time
-----------------------------------------------------------------------------
                                  8.70   slack (MET)



==========================================================================
global route report_checks -path_delay max
--------------------------------------------------------------------------
Startpoint: integration_inst.reg_bank_inst._22035_
            (rising edge-triggered flip-flop clocked by core_clock)
Endpoint: integration_inst.mac_grid_inst.ROW_LOOP[0].COL_LOOP[2].mac_inst._2727_
          (recovery check against rising-edge clock core_clock)
Path Group: asynchronous
Path Type: max

Fanout     Cap    Slew   Delay    Time   Description
-----------------------------------------------------------------------------
                          0.00    0.00   clock core_clock (rise edge)
                          0.00    0.00   clock source latency
     1    0.22    0.00    0.00    0.00 ^ i_clk (in)
                                         i_clk (net)
                  0.00    0.00    0.00 ^ clkbuf_0_i_clk/I (gf180mcu_fd_sc_mcu9t5v0__clkbuf_20)
     4    0.40    0.16    0.18    0.18 ^ clkbuf_0_i_clk/Z (gf180mcu_fd_sc_mcu9t5v0__clkbuf_20)
                                         clknet_0_i_clk (net)
                  0.16    0.01    0.18 ^ clkbuf_2_1_0_i_clk/I (gf180mcu_fd_sc_mcu9t5v0__clkbuf_20)
    11    1.05    0.39    0.33    0.52 ^ clkbuf_2_1_0_i_clk/Z (gf180mcu_fd_sc_mcu9t5v0__clkbuf_20)
                                         clknet_2_1_0_i_clk (net)
                  0.39    0.01    0.53 ^ clkbuf_leaf_33_i_clk/I (gf180mcu_fd_sc_mcu9t5v0__clkbuf_20)
    23    0.19    0.10    0.20    0.73 ^ clkbuf_leaf_33_i_clk/Z (gf180mcu_fd_sc_mcu9t5v0__clkbuf_20)
                                         clknet_leaf_33_i_clk (net)
                  0.10    0.00    0.73 ^ integration_inst.reg_bank_inst._22035_/CLK (gf180mcu_fd_sc_mcu9t5v0__dffrnq_1)
     7    0.06    0.49    0.64    1.37 ^ integration_inst.reg_bank_inst._22035_/Q (gf180mcu_fd_sc_mcu9t5v0__dffrnq_1)
                                         integration_inst.reg_bank_inst.current_state[1] (net)
                  0.49    0.00    1.38 ^ integration_inst.reg_bank_inst._11435_/I (gf180mcu_fd_sc_mcu9t5v0__clkinv_1)
     4    0.08    0.59    0.47    1.85 v integration_inst.reg_bank_inst._11435_/ZN (gf180mcu_fd_sc_mcu9t5v0__clkinv_1)
                                         integration_inst.reg_bank_inst._03440_ (net)
                  0.59    0.00    1.85 v integration_inst.reg_bank_inst._11436_/A1 (gf180mcu_fd_sc_mcu9t5v0__nand3_4)
    25    0.58    1.39    0.95    2.79 ^ integration_inst.reg_bank_inst._11436_/ZN (gf180mcu_fd_sc_mcu9t5v0__nand3_4)
                                         integration_inst.reg_bank_inst._03441_ (net)
                  1.39    0.01    2.80 ^ integration_inst.reg_bank_inst._11437_/I (gf180mcu_fd_sc_mcu9t5v0__clkinv_12)
   160    1.95    1.25    0.97    3.78 v integration_inst.reg_bank_inst._11437_/ZN (gf180mcu_fd_sc_mcu9t5v0__clkinv_12)
                                         integration_inst.quant_ip_reset (net)
                  1.25    0.02    3.79 v integration_inst.reg_bank_inst._13123_/A1 (gf180mcu_fd_sc_mcu9t5v0__nor2_4)
     1    0.06    0.41    0.47    4.26 ^ integration_inst.reg_bank_inst._13123_/ZN (gf180mcu_fd_sc_mcu9t5v0__nor2_4)
                                         integration_inst.mac_grid_inst.ROW_LOOP[0].COL_LOOP[0].mac_inst.i_rst_n (net)
                  0.41    0.00    4.26 ^ place821/I (gf180mcu_fd_sc_mcu9t5v0__buf_16)
   289    3.51    1.54    0.87    5.13 ^ place821/Z (gf180mcu_fd_sc_mcu9t5v0__buf_16)
                                         net820 (net)
                  1.60    0.16    5.30 ^ place820/I (gf180mcu_fd_sc_mcu9t5v0__buf_4)
    99    1.14    2.05    1.27    6.56 ^ place820/Z (gf180mcu_fd_sc_mcu9t5v0__buf_4)
                                         net819 (net)
                  2.05    0.04    6.61 ^ integration_inst.mac_grid_inst.ROW_LOOP[0].COL_LOOP[2].mac_inst._2727_/RN (gf180mcu_fd_sc_mcu9t5v0__dffrnq_1)
                                  6.61   data arrival time

                         40.00   40.00   clock core_clock (rise edge)
                          0.00   40.00   clock source latency
     1    0.22    0.00    0.00   40.00 ^ i_clk (in)
                                         i_clk (net)
                  0.00    0.00   40.00 ^ clkbuf_0_i_clk/I (gf180mcu_fd_sc_mcu9t5v0__clkbuf_20)
     4    0.40    0.16    0.18   40.18 ^ clkbuf_0_i_clk/Z (gf180mcu_fd_sc_mcu9t5v0__clkbuf_20)
                                         clknet_0_i_clk (net)
                  0.16    0.00   40.18 ^ clkbuf_2_3_0_i_clk/I (gf180mcu_fd_sc_mcu9t5v0__clkbuf_20)
    19    1.33    0.49    0.39   40.57 ^ clkbuf_2_3_0_i_clk/Z (gf180mcu_fd_sc_mcu9t5v0__clkbuf_20)
                                         clknet_2_3_0_i_clk (net)
                  0.49    0.02   40.59 ^ clkbuf_leaf_19_i_clk/I (gf180mcu_fd_sc_mcu9t5v0__clkbuf_20)
    27    0.25    0.12    0.22   40.81 ^ clkbuf_leaf_19_i_clk/Z (gf180mcu_fd_sc_mcu9t5v0__clkbuf_20)
                                         clknet_leaf_19_i_clk (net)
                  0.12    0.00   40.81 ^ integration_inst.mac_grid_inst.ROW_LOOP[0].COL_LOOP[2].mac_inst._2727_/CLK (gf180mcu_fd_sc_mcu9t5v0__dffrnq_1)
                          0.00   40.81   clock reconvergence pessimism
                         -0.63   40.19   library recovery time
                                 40.19   data required time
-----------------------------------------------------------------------------
                                 40.19   data required time
                                 -6.61   data arrival time
-----------------------------------------------------------------------------
                                 33.58   slack (MET)


Startpoint: integration_inst.reg_bank_inst._21607_
            (rising edge-triggered flip-flop clocked by core_clock)
Endpoint: integration_inst.quantizer_inst._14035_
          (rising edge-triggered flip-flop clocked by core_clock)
Path Group: core_clock
Path Type: max

Fanout     Cap    Slew   Delay    Time   Description
-----------------------------------------------------------------------------
                          0.00    0.00   clock core_clock (rise edge)
                          0.00    0.00   clock source latency
     1    0.22    0.00    0.00    0.00 ^ i_clk (in)
                                         i_clk (net)
                  0.00    0.00    0.00 ^ clkbuf_0_i_clk/I (gf180mcu_fd_sc_mcu9t5v0__clkbuf_20)
     4    0.40    0.16    0.18    0.18 ^ clkbuf_0_i_clk/Z (gf180mcu_fd_sc_mcu9t5v0__clkbuf_20)
                                         clknet_0_i_clk (net)
                  0.16    0.00    0.18 ^ clkbuf_2_3_0_i_clk/I (gf180mcu_fd_sc_mcu9t5v0__clkbuf_20)
    19    1.33    0.49    0.39    0.57 ^ clkbuf_2_3_0_i_clk/Z (gf180mcu_fd_sc_mcu9t5v0__clkbuf_20)
                                         clknet_2_3_0_i_clk (net)
                  0.49    0.02    0.59 ^ clkbuf_leaf_11_i_clk/I (gf180mcu_fd_sc_mcu9t5v0__clkbuf_20)
    21    0.28    0.13    0.23    0.82 ^ clkbuf_leaf_11_i_clk/Z (gf180mcu_fd_sc_mcu9t5v0__clkbuf_20)
                                         clknet_leaf_11_i_clk (net)
                  0.13    0.00    0.82 ^ integration_inst.reg_bank_inst._21607_/CLK (gf180mcu_fd_sc_mcu9t5v0__dffrnq_1)
    11    0.09    0.64    0.74    1.56 ^ integration_inst.reg_bank_inst._21607_/Q (gf180mcu_fd_sc_mcu9t5v0__dffrnq_1)
                                         integration_inst.reg_bank_inst.cols_a[1] (net)
                  0.64    0.00    1.56 ^ integration_inst.reg_bank_inst._10714_/I (gf180mcu_fd_sc_mcu9t5v0__clkinv_1)
     9    0.07    0.59    0.49    2.05 v integration_inst.reg_bank_inst._10714_/ZN (gf180mcu_fd_sc_mcu9t5v0__clkinv_1)
                                         integration_inst.reg_bank_inst._02738_ (net)
                  0.59    0.00    2.05 v integration_inst.reg_bank_inst._10909_/A1 (gf180mcu_fd_sc_mcu9t5v0__nand2_1)
     1    0.02    0.27    0.27    2.32 ^ integration_inst.reg_bank_inst._10909_/ZN (gf180mcu_fd_sc_mcu9t5v0__nand2_1)
                                         integration_inst.reg_bank_inst._02933_ (net)
                  0.27    0.00    2.32 ^ place931/I (gf180mcu_fd_sc_mcu9t5v0__buf_4)
    18    0.26    0.48    0.37    2.70 ^ place931/Z (gf180mcu_fd_sc_mcu9t5v0__buf_4)
                                         net930 (net)
                  0.48    0.00    2.70 ^ integration_inst.reg_bank_inst._11029_/I (gf180mcu_fd_sc_mcu9t5v0__clkinv_1)
     9    0.11    0.81    0.61    3.30 v integration_inst.reg_bank_inst._11029_/ZN (gf180mcu_fd_sc_mcu9t5v0__clkinv_1)
                                         integration_inst.reg_bank_inst._03052_ (net)
                  0.81    0.00    3.31 v integration_inst.reg_bank_inst._11451_/A1 (gf180mcu_fd_sc_mcu9t5v0__nand2_1)
     1    0.01    0.24    0.26    3.56 ^ integration_inst.reg_bank_inst._11451_/ZN (gf180mcu_fd_sc_mcu9t5v0__nand2_1)
                                         integration_inst.reg_bank_inst._03455_ (net)
                  0.24    0.00    3.56 ^ integration_inst.reg_bank_inst._11452_/I (gf180mcu_fd_sc_mcu9t5v0__clkinv_1)
    23    0.24    1.75    1.14    4.70 v integration_inst.reg_bank_inst._11452_/ZN (gf180mcu_fd_sc_mcu9t5v0__clkinv_1)
                                         integration_inst.reg_bank_inst._03456_ (net)
                  1.75    0.00    4.70 v integration_inst.reg_bank_inst._11590_/A1 (gf180mcu_fd_sc_mcu9t5v0__aoi21_1)
     1    0.01    0.44    0.56    5.26 ^ integration_inst.reg_bank_inst._11590_/ZN (gf180mcu_fd_sc_mcu9t5v0__aoi21_1)
                                         integration_inst.reg_bank_inst._03581_ (net)
                  0.44    0.00    5.26 ^ integration_inst.reg_bank_inst._11591_/A1 (gf180mcu_fd_sc_mcu9t5v0__nand4_1)
     1    0.01    0.22    0.14    5.40 v integration_inst.reg_bank_inst._11591_/ZN (gf180mcu_fd_sc_mcu9t5v0__nand4_1)
                                         integration_inst.reg_bank_inst._03582_ (net)
                  0.22    0.00    5.40 v integration_inst.reg_bank_inst._11592_/C (gf180mcu_fd_sc_mcu9t5v0__aoi221_1)
     1    0.01    0.39    0.28    5.69 ^ integration_inst.reg_bank_inst._11592_/ZN (gf180mcu_fd_sc_mcu9t5v0__aoi221_1)
                                         integration_inst.reg_bank_inst._03583_ (net)
                  0.39    0.00    5.69 ^ integration_inst.reg_bank_inst._11593_/A1 (gf180mcu_fd_sc_mcu9t5v0__aoi21_1)
     1    0.04    0.62    0.23    5.92 v integration_inst.reg_bank_inst._11593_/ZN (gf180mcu_fd_sc_mcu9t5v0__aoi21_1)
                                         integration_inst.quant_ip_data[8] (net)
                  0.62    0.00    5.92 v place718/I (gf180mcu_fd_sc_mcu9t5v0__buf_4)
    12    0.21    0.24    0.40    6.31 v place718/Z (gf180mcu_fd_sc_mcu9t5v0__buf_4)
                                         net717 (net)
                  0.24    0.01    6.32 v integration_inst.quantizer_inst._07962_/I (gf180mcu_fd_sc_mcu9t5v0__clkinv_1)
    25    0.26    1.87    1.17    7.48 ^ integration_inst.quantizer_inst._07962_/ZN (gf180mcu_fd_sc_mcu9t5v0__clkinv_1)
                                         integration_inst.quantizer_inst._00427_ (net)
                  1.87    0.00    7.49 ^ integration_inst.quantizer_inst._11247_/A2 (gf180mcu_fd_sc_mcu9t5v0__nor2_1)
     2    0.01    0.53    0.16    7.65 v integration_inst.quantizer_inst._11247_/ZN (gf180mcu_fd_sc_mcu9t5v0__nor2_1)
                                         integration_inst.quantizer_inst._03844_ (net)
                  0.53    0.00    7.65 v integration_inst.quantizer_inst._11248_/I (gf180mcu_fd_sc_mcu9t5v0__clkinv_1)
     2    0.01    0.22    0.19    7.84 ^ integration_inst.quantizer_inst._11248_/ZN (gf180mcu_fd_sc_mcu9t5v0__clkinv_1)
                                         integration_inst.quantizer_inst._03845_ (net)
                  0.22    0.00    7.84 ^ integration_inst.quantizer_inst._11251_/B (gf180mcu_fd_sc_mcu9t5v0__aoi21_1)
     2    0.01    0.18    0.15    7.99 v integration_inst.quantizer_inst._11251_/ZN (gf180mcu_fd_sc_mcu9t5v0__aoi21_1)
                                         integration_inst.quantizer_inst._03849_ (net)
                  0.18    0.00    7.99 v integration_inst.quantizer_inst._11252_/A1 (gf180mcu_fd_sc_mcu9t5v0__nor2_1)
     3    0.03    0.37    0.26    8.25 ^ integration_inst.quantizer_inst._11252_/ZN (gf180mcu_fd_sc_mcu9t5v0__nor2_1)
                                         integration_inst.quantizer_inst._03850_ (net)
                  0.37    0.00    8.25 ^ integration_inst.quantizer_inst._11270_/A1 (gf180mcu_fd_sc_mcu9t5v0__nand2_1)
     4    0.03    0.26    0.19    8.45 v integration_inst.quantizer_inst._11270_/ZN (gf180mcu_fd_sc_mcu9t5v0__nand2_1)
                                         integration_inst.quantizer_inst._03870_ (net)
                  0.26    0.00    8.45 v integration_inst.quantizer_inst._11417_/I (gf180mcu_fd_sc_mcu9t5v0__clkinv_1)
     2    0.02    0.18    0.15    8.60 ^ integration_inst.quantizer_inst._11417_/ZN (gf180mcu_fd_sc_mcu9t5v0__clkinv_1)
                                         integration_inst.quantizer_inst._04031_ (net)
                  0.18    0.00    8.60 ^ integration_inst.quantizer_inst._11418_/A1 (gf180mcu_fd_sc_mcu9t5v0__oai21_1)
     3    0.03    0.24    0.16    8.76 v integration_inst.quantizer_inst._11418_/ZN (gf180mcu_fd_sc_mcu9t5v0__oai21_1)
                                         integration_inst.quantizer_inst._04032_ (net)
                  0.24    0.00    8.76 v integration_inst.quantizer_inst._11438_/B (gf180mcu_fd_sc_mcu9t5v0__oai211_1)
     2    0.02    0.33    0.24    8.99 ^ integration_inst.quantizer_inst._11438_/ZN (gf180mcu_fd_sc_mcu9t5v0__oai211_1)
                                         integration_inst.quantizer_inst._04054_ (net)
                  0.33    0.00    8.99 ^ integration_inst.quantizer_inst._11563_/A1 (gf180mcu_fd_sc_mcu9t5v0__nand3_1)
     4    0.03    0.33    0.24    9.24 v integration_inst.quantizer_inst._11563_/ZN (gf180mcu_fd_sc_mcu9t5v0__nand3_1)
                                         integration_inst.quantizer_inst._04192_ (net)
                  0.33    0.00    9.24 v integration_inst.quantizer_inst._11567_/A2 (gf180mcu_fd_sc_mcu9t5v0__nand3_1)
     4    0.03    0.40    0.32    9.56 ^ integration_inst.quantizer_inst._11567_/ZN (gf180mcu_fd_sc_mcu9t5v0__nand3_1)
                                         integration_inst.quantizer_inst._04196_ (net)
                  0.40    0.00    9.56 ^ integration_inst.quantizer_inst._11717_/I (gf180mcu_fd_sc_mcu9t5v0__clkinv_1)
     2    0.02    0.21    0.17    9.73 v integration_inst.quantizer_inst._11717_/ZN (gf180mcu_fd_sc_mcu9t5v0__clkinv_1)
                                         integration_inst.quantizer_inst._04361_ (net)
                  0.21    0.00    9.73 v integration_inst.quantizer_inst._11719_/A1 (gf180mcu_fd_sc_mcu9t5v0__oai21_1)
     3    0.03    0.39    0.28   10.02 ^ integration_inst.quantizer_inst._11719_/ZN (gf180mcu_fd_sc_mcu9t5v0__oai21_1)
                                         integration_inst.quantizer_inst._04363_ (net)
                  0.39    0.00   10.02 ^ integration_inst.quantizer_inst._11730_/A1 (gf180mcu_fd_sc_mcu9t5v0__nand3_1)
     3    0.02    0.28    0.20   10.22 v integration_inst.quantizer_inst._11730_/ZN (gf180mcu_fd_sc_mcu9t5v0__nand3_1)
                                         integration_inst.quantizer_inst._04376_ (net)
                  0.28    0.00   10.22 v integration_inst.quantizer_inst._11734_/A2 (gf180mcu_fd_sc_mcu9t5v0__aoi21_1)
     3    0.03    0.43    0.32   10.54 ^ integration_inst.quantizer_inst._11734_/ZN (gf180mcu_fd_sc_mcu9t5v0__aoi21_1)
                                         integration_inst.quantizer_inst._04380_ (net)
                  0.43    0.00   10.54 ^ integration_inst.quantizer_inst._11735_/A1 (gf180mcu_fd_sc_mcu9t5v0__nor2_1)
     3    0.02    0.25    0.18   10.71 v integration_inst.quantizer_inst._11735_/ZN (gf180mcu_fd_sc_mcu9t5v0__nor2_1)
                                         integration_inst.quantizer_inst._04381_ (net)
                  0.25    0.00   10.71 v integration_inst.quantizer_inst._11864_/A1 (gf180mcu_fd_sc_mcu9t5v0__nor3_1)
     2    0.02    0.42    0.29   11.00 ^ integration_inst.quantizer_inst._11864_/ZN (gf180mcu_fd_sc_mcu9t5v0__nor3_1)
                                         integration_inst.quantizer_inst._04523_ (net)
                  0.42    0.00   11.00 ^ integration_inst.quantizer_inst._11866_/A1 (gf180mcu_fd_sc_mcu9t5v0__nor3_1)
     2    0.02    0.25    0.16   11.17 v integration_inst.quantizer_inst._11866_/ZN (gf180mcu_fd_sc_mcu9t5v0__nor3_1)
                                         integration_inst.quantizer_inst._04525_ (net)
                  0.25    0.00   11.17 v integration_inst.quantizer_inst._11870_/A1 (gf180mcu_fd_sc_mcu9t5v0__nor3_1)
     2    0.02    0.38    0.27   11.43 ^ integration_inst.quantizer_inst._11870_/ZN (gf180mcu_fd_sc_mcu9t5v0__nor3_1)
                                         integration_inst.quantizer_inst._04530_ (net)
                  0.38    0.00   11.43 ^ integration_inst.quantizer_inst._12373_/A2 (gf180mcu_fd_sc_mcu9t5v0__or2_1)
     2    0.02    0.14    0.20   11.64 ^ integration_inst.quantizer_inst._12373_/Z (gf180mcu_fd_sc_mcu9t5v0__or2_1)
                                         integration_inst.quantizer_inst._05082_ (net)
                  0.14    0.00   11.64 ^ integration_inst.quantizer_inst._12395_/B (gf180mcu_fd_sc_mcu9t5v0__oai21_1)
     2    0.02    0.24    0.14   11.78 v integration_inst.quantizer_inst._12395_/ZN (gf180mcu_fd_sc_mcu9t5v0__oai21_1)
                                         integration_inst.quantizer_inst._05106_ (net)
                  0.24    0.00   11.78 v integration_inst.quantizer_inst._12396_/A1 (gf180mcu_fd_sc_mcu9t5v0__aoi21_1)
     2    0.02    0.37    0.26   12.04 ^ integration_inst.quantizer_inst._12396_/ZN (gf180mcu_fd_sc_mcu9t5v0__aoi21_1)
                                         integration_inst.quantizer_inst._05107_ (net)
                  0.37    0.00   12.04 ^ integration_inst.quantizer_inst._12397_/A1 (gf180mcu_fd_sc_mcu9t5v0__oai21_1)
     2    0.02    0.25    0.16   12.20 v integration_inst.quantizer_inst._12397_/ZN (gf180mcu_fd_sc_mcu9t5v0__oai21_1)
                                         integration_inst.quantizer_inst._05108_ (net)
                  0.25    0.00   12.20 v integration_inst.quantizer_inst._12398_/A1 (gf180mcu_fd_sc_mcu9t5v0__aoi21_1)
     2    0.02    0.37    0.26   12.46 ^ integration_inst.quantizer_inst._12398_/ZN (gf180mcu_fd_sc_mcu9t5v0__aoi21_1)
                                         integration_inst.quantizer_inst._05109_ (net)
                  0.37    0.00   12.46 ^ integration_inst.quantizer_inst._12399_/A1 (gf180mcu_fd_sc_mcu9t5v0__oai21_1)
     2    0.02    0.27    0.16   12.62 v integration_inst.quantizer_inst._12399_/ZN (gf180mcu_fd_sc_mcu9t5v0__oai21_1)
                                         integration_inst.quantizer_inst._05110_ (net)
                  0.27    0.00   12.62 v integration_inst.quantizer_inst._12400_/A1 (gf180mcu_fd_sc_mcu9t5v0__aoi21_1)
     2    0.02    0.37    0.27   12.89 ^ integration_inst.quantizer_inst._12400_/ZN (gf180mcu_fd_sc_mcu9t5v0__aoi21_1)
                                         integration_inst.quantizer_inst._05112_ (net)
                  0.37    0.00   12.89 ^ integration_inst.quantizer_inst._12401_/A1 (gf180mcu_fd_sc_mcu9t5v0__oai21_1)
     2    0.02    0.25    0.15   13.04 v integration_inst.quantizer_inst._12401_/ZN (gf180mcu_fd_sc_mcu9t5v0__oai21_1)
                                         integration_inst.quantizer_inst._05113_ (net)
                  0.25    0.00   13.04 v integration_inst.quantizer_inst._12402_/A1 (gf180mcu_fd_sc_mcu9t5v0__aoi21_1)
     2    0.02    0.33    0.23   13.27 ^ integration_inst.quantizer_inst._12402_/ZN (gf180mcu_fd_sc_mcu9t5v0__aoi21_1)
                                         integration_inst.quantizer_inst._05114_ (net)
                  0.33    0.00   13.27 ^ integration_inst.quantizer_inst._12403_/A1 (gf180mcu_fd_sc_mcu9t5v0__oai21_1)
     2    0.02    0.26    0.14   13.41 v integration_inst.quantizer_inst._12403_/ZN (gf180mcu_fd_sc_mcu9t5v0__oai21_1)
                                         integration_inst.quantizer_inst._05115_ (net)
                  0.26    0.00   13.41 v integration_inst.quantizer_inst._12404_/A1 (gf180mcu_fd_sc_mcu9t5v0__aoi21_1)
     2    0.02    0.35    0.25   13.66 ^ integration_inst.quantizer_inst._12404_/ZN (gf180mcu_fd_sc_mcu9t5v0__aoi21_1)
                                         integration_inst.quantizer_inst._05116_ (net)
                  0.35    0.00   13.66 ^ integration_inst.quantizer_inst._12432_/A1 (gf180mcu_fd_sc_mcu9t5v0__oai21_1)
     2    0.02    0.19    0.14   13.80 v integration_inst.quantizer_inst._12432_/ZN (gf180mcu_fd_sc_mcu9t5v0__oai21_1)
                                         integration_inst.quantizer_inst._05145_ (net)
                  0.19    0.00   13.80 v integration_inst.quantizer_inst._12433_/A1 (gf180mcu_fd_sc_mcu9t5v0__aoi21_1)
     2    0.02    0.34    0.23   14.02 ^ integration_inst.quantizer_inst._12433_/ZN (gf180mcu_fd_sc_mcu9t5v0__aoi21_1)
                                         integration_inst.quantizer_inst._05146_ (net)
                  0.34    0.00   14.02 ^ integration_inst.quantizer_inst._12434_/A1 (gf180mcu_fd_sc_mcu9t5v0__oai21_1)
     2    0.02    0.19    0.14   14.16 v integration_inst.quantizer_inst._12434_/ZN (gf180mcu_fd_sc_mcu9t5v0__oai21_1)
                                         integration_inst.quantizer_inst._05147_ (net)
                  0.19    0.00   14.16 v integration_inst.quantizer_inst._12435_/A1 (gf180mcu_fd_sc_mcu9t5v0__aoi21_1)
     2    0.02    0.33    0.22   14.38 ^ integration_inst.quantizer_inst._12435_/ZN (gf180mcu_fd_sc_mcu9t5v0__aoi21_1)
                                         integration_inst.quantizer_inst._05148_ (net)
                  0.33    0.00   14.38 ^ integration_inst.quantizer_inst._12436_/A1 (gf180mcu_fd_sc_mcu9t5v0__oai21_1)
     2    0.02    0.22    0.13   14.51 v integration_inst.quantizer_inst._12436_/ZN (gf180mcu_fd_sc_mcu9t5v0__oai21_1)
                                         integration_inst.quantizer_inst._05149_ (net)
                  0.22    0.00   14.51 v integration_inst.quantizer_inst._12437_/A1 (gf180mcu_fd_sc_mcu9t5v0__aoi21_1)
     2    0.02    0.34    0.22   14.74 ^ integration_inst.quantizer_inst._12437_/ZN (gf180mcu_fd_sc_mcu9t5v0__aoi21_1)
                                         integration_inst.quantizer_inst._05150_ (net)
                  0.34    0.00   14.74 ^ integration_inst.quantizer_inst._12438_/A1 (gf180mcu_fd_sc_mcu9t5v0__oai21_1)
     2    0.02    0.25    0.14   14.88 v integration_inst.quantizer_inst._12438_/ZN (gf180mcu_fd_sc_mcu9t5v0__oai21_1)
                                         integration_inst.quantizer_inst._05151_ (net)
                  0.25    0.00   14.88 v integration_inst.quantizer_inst._12439_/A1 (gf180mcu_fd_sc_mcu9t5v0__aoi21_1)
     2    0.02    0.33    0.23   15.10 ^ integration_inst.quantizer_inst._12439_/ZN (gf180mcu_fd_sc_mcu9t5v0__aoi21_1)
                                         integration_inst.quantizer_inst._05152_ (net)
                  0.33    0.00   15.10 ^ integration_inst.quantizer_inst._12440_/A1 (gf180mcu_fd_sc_mcu9t5v0__oai21_1)
     2    0.02    0.18    0.13   15.23 v integration_inst.quantizer_inst._12440_/ZN (gf180mcu_fd_sc_mcu9t5v0__oai21_1)
                                         integration_inst.quantizer_inst._05154_ (net)
                  0.18    0.00   15.23 v integration_inst.quantizer_inst._12441_/A1 (gf180mcu_fd_sc_mcu9t5v0__aoi21_1)
     2    0.02    0.34    0.22   15.45 ^ integration_inst.quantizer_inst._12441_/ZN (gf180mcu_fd_sc_mcu9t5v0__aoi21_1)
                                         integration_inst.quantizer_inst._05155_ (net)
                  0.34    0.00   15.45 ^ integration_inst.quantizer_inst._12442_/A1 (gf180mcu_fd_sc_mcu9t5v0__oai21_1)
     3    0.02    0.28    0.16   15.61 v integration_inst.quantizer_inst._12442_/ZN (gf180mcu_fd_sc_mcu9t5v0__oai21_1)
                                         integration_inst.quantizer_inst._05156_ (net)
                  0.28    0.00   15.61 v integration_inst.quantizer_inst._12443_/A1 (gf180mcu_fd_sc_mcu9t5v0__aoi21_1)
     2    0.02    0.33    0.24   15.85 ^ integration_inst.quantizer_inst._12443_/ZN (gf180mcu_fd_sc_mcu9t5v0__aoi21_1)
                                         integration_inst.quantizer_inst._05157_ (net)
                  0.33    0.00   15.85 ^ integration_inst.quantizer_inst._12444_/A1 (gf180mcu_fd_sc_mcu9t5v0__oai21_1)
     2    0.02    0.19    0.13   15.98 v integration_inst.quantizer_inst._12444_/ZN (gf180mcu_fd_sc_mcu9t5v0__oai21_1)
                                         integration_inst.quantizer_inst._05158_ (net)
                  0.19    0.00   15.98 v integration_inst.quantizer_inst._12445_/A1 (gf180mcu_fd_sc_mcu9t5v0__aoi21_1)
     3    0.03    0.45    0.28   16.27 ^ integration_inst.quantizer_inst._12445_/ZN (gf180mcu_fd_sc_mcu9t5v0__aoi21_1)
                                         integration_inst.quantizer_inst._05159_ (net)
                  0.45    0.00   16.27 ^ integration_inst.quantizer_inst._12446_/A1 (gf180mcu_fd_sc_mcu9t5v0__oai211_1)
     2    0.02    0.27    0.19   16.46 v integration_inst.quantizer_inst._12446_/ZN (gf180mcu_fd_sc_mcu9t5v0__oai211_1)
                                         integration_inst.quantizer_inst._05160_ (net)
                  0.27    0.00   16.46 v integration_inst.quantizer_inst._12447_/A1 (gf180mcu_fd_sc_mcu9t5v0__aoi211_1)
     2    0.02    0.51    0.31   16.77 ^ integration_inst.quantizer_inst._12447_/ZN (gf180mcu_fd_sc_mcu9t5v0__aoi211_1)
                                         integration_inst.quantizer_inst._05161_ (net)
                  0.51    0.00   16.77 ^ integration_inst.quantizer_inst._12450_/A1 (gf180mcu_fd_sc_mcu9t5v0__oai21_1)
     2    0.02    0.24    0.15   16.92 v integration_inst.quantizer_inst._12450_/ZN (gf180mcu_fd_sc_mcu9t5v0__oai21_1)
                                         integration_inst.quantizer_inst._05165_ (net)
                  0.24    0.00   16.92 v integration_inst.quantizer_inst._12451_/A1 (gf180mcu_fd_sc_mcu9t5v0__aoi21_1)
     2    0.02    0.32    0.22   17.14 ^ integration_inst.quantizer_inst._12451_/ZN (gf180mcu_fd_sc_mcu9t5v0__aoi21_1)
                                         integration_inst.quantizer_inst._05166_ (net)
                  0.32    0.00   17.14 ^ integration_inst.quantizer_inst._12452_/A1 (gf180mcu_fd_sc_mcu9t5v0__oai21_1)
     1    0.01    0.15    0.09   17.24 v integration_inst.quantizer_inst._12452_/ZN (gf180mcu_fd_sc_mcu9t5v0__oai21_1)
                                         integration_inst.quantizer_inst._05167_ (net)
                  0.15    0.00   17.24 v integration_inst.quantizer_inst._12453_/A1 (gf180mcu_fd_sc_mcu9t5v0__aoi21_1)
     2    0.02    0.34    0.21   17.45 ^ integration_inst.quantizer_inst._12453_/ZN (gf180mcu_fd_sc_mcu9t5v0__aoi21_1)
                                         integration_inst.quantizer_inst._05168_ (net)
                  0.34    0.00   17.45 ^ integration_inst.quantizer_inst._12454_/A1 (gf180mcu_fd_sc_mcu9t5v0__oai21_1)
     1    0.01    0.18    0.10   17.55 v integration_inst.quantizer_inst._12454_/ZN (gf180mcu_fd_sc_mcu9t5v0__oai21_1)
                                         integration_inst.quantizer_inst._05169_ (net)
                  0.18    0.00   17.55 v integration_inst.quantizer_inst._12457_/A1 (gf180mcu_fd_sc_mcu9t5v0__nand2_1)
     1    0.01    0.12    0.10   17.65 ^ integration_inst.quantizer_inst._12457_/ZN (gf180mcu_fd_sc_mcu9t5v0__nand2_1)
                                         integration_inst.quantizer_inst._06877_[44] (net)
                  0.12    0.00   17.65 ^ integration_inst.quantizer_inst._14035_/D (gf180mcu_fd_sc_mcu9t5v0__dffrnq_1)
                                 17.65   data arrival time

                         40.00   40.00   clock core_clock (rise edge)
                          0.00   40.00   clock source latency
     1    0.22    0.00    0.00   40.00 ^ i_clk (in)
                                         i_clk (net)
                  0.00    0.00   40.00 ^ clkbuf_0_i_clk/I (gf180mcu_fd_sc_mcu9t5v0__clkbuf_20)
     4    0.40    0.16    0.18   40.18 ^ clkbuf_0_i_clk/Z (gf180mcu_fd_sc_mcu9t5v0__clkbuf_20)
                                         clknet_0_i_clk (net)
                  0.16    0.00   40.18 ^ clkbuf_2_2_0_i_clk/I (gf180mcu_fd_sc_mcu9t5v0__clkbuf_20)
    14    1.08    0.40    0.34   40.52 ^ clkbuf_2_2_0_i_clk/Z (gf180mcu_fd_sc_mcu9t5v0__clkbuf_20)
                                         clknet_2_2_0_i_clk (net)
                  0.40    0.02   40.54 ^ clkbuf_leaf_42_i_clk/I (gf180mcu_fd_sc_mcu9t5v0__clkbuf_20)
    15    0.22    0.11    0.21   40.75 ^ clkbuf_leaf_42_i_clk/Z (gf180mcu_fd_sc_mcu9t5v0__clkbuf_20)
                                         clknet_leaf_42_i_clk (net)
                  0.11    0.00   40.75 ^ integration_inst.quantizer_inst._14035_/CLK (gf180mcu_fd_sc_mcu9t5v0__dffrnq_1)
                          0.00   40.75   clock reconvergence pessimism
                         -0.14   40.61   library setup time
                                 40.61   data required time
-----------------------------------------------------------------------------
                                 40.61   data required time
                                -17.65   data arrival time
-----------------------------------------------------------------------------
                                 22.96   slack (MET)


Startpoint: uart_inst.ut._200_
            (rising edge-triggered flip-flop clocked by core_clock)
Endpoint: o_uart_tx (output port clocked by vclk_core_clock)
Path Group: vclk_core_clock
Path Type: max

Fanout     Cap    Slew   Delay    Time   Description
-----------------------------------------------------------------------------
                          0.00    0.00   clock core_clock (rise edge)
                          0.00    0.00   clock source latency
     1    0.22    0.00    0.00    0.00 ^ i_clk (in)
                                         i_clk (net)
                  0.00    0.00    0.00 ^ clkbuf_0_i_clk/I (gf180mcu_fd_sc_mcu9t5v0__clkbuf_20)
     4    0.40    0.16    0.18    0.18 ^ clkbuf_0_i_clk/Z (gf180mcu_fd_sc_mcu9t5v0__clkbuf_20)
                                         clknet_0_i_clk (net)
                  0.16    0.00    0.18 ^ clkbuf_2_0_0_i_clk/I (gf180mcu_fd_sc_mcu9t5v0__clkbuf_20)
    13    1.05    0.39    0.33    0.51 ^ clkbuf_2_0_0_i_clk/Z (gf180mcu_fd_sc_mcu9t5v0__clkbuf_20)
                                         clknet_2_0_0_i_clk (net)
                  0.39    0.02    0.53 ^ clkbuf_leaf_0_i_clk/I (gf180mcu_fd_sc_mcu9t5v0__clkbuf_20)
    26    0.26    0.12    0.22    0.75 ^ clkbuf_leaf_0_i_clk/Z (gf180mcu_fd_sc_mcu9t5v0__clkbuf_20)
                                         clknet_leaf_0_i_clk (net)
                  0.12    0.00    0.75 ^ uart_inst.ut._200_/CLK (gf180mcu_fd_sc_mcu9t5v0__dffsnq_1)
     1    0.01    0.07    0.42    1.17 v uart_inst.ut._200_/Q (gf180mcu_fd_sc_mcu9t5v0__dffsnq_1)
                                         net147 (net)
                  0.07    0.00    1.17 v output148/I (gf180mcu_fd_sc_mcu9t5v0__dlyb_2)
     1    0.07    0.31    0.86    2.02 v output148/Z (gf180mcu_fd_sc_mcu9t5v0__dlyb_2)
                                         o_uart_tx (net)
                  0.31    0.00    2.02 v o_uart_tx (out)
                                  2.02   data arrival time

                  0.00   40.00   40.00   clock vclk_core_clock (rise edge)
                          1.12   41.12   clock network delay (ideal)
                          0.00   41.12   clock reconvergence pessimism
                         -8.00   33.12   output external delay
                                 33.12   data required time
-----------------------------------------------------------------------------
                                 33.12   data required time
                                 -2.02   data arrival time
-----------------------------------------------------------------------------
                                 31.10   slack (MET)



==========================================================================
global route report_checks -unconstrained
--------------------------------------------------------------------------
Startpoint: integration_inst.reg_bank_inst._22035_
            (rising edge-triggered flip-flop clocked by core_clock)
Endpoint: integration_inst.mac_grid_inst.ROW_LOOP[0].COL_LOOP[2].mac_inst._2727_
          (recovery check against rising-edge clock core_clock)
Path Group: asynchronous
Path Type: max

Fanout     Cap    Slew   Delay    Time   Description
-----------------------------------------------------------------------------
                          0.00    0.00   clock core_clock (rise edge)
                          0.00    0.00   clock source latency
     1    0.22    0.00    0.00    0.00 ^ i_clk (in)
                                         i_clk (net)
                  0.00    0.00    0.00 ^ clkbuf_0_i_clk/I (gf180mcu_fd_sc_mcu9t5v0__clkbuf_20)
     4    0.40    0.16    0.18    0.18 ^ clkbuf_0_i_clk/Z (gf180mcu_fd_sc_mcu9t5v0__clkbuf_20)
                                         clknet_0_i_clk (net)
                  0.16    0.01    0.18 ^ clkbuf_2_1_0_i_clk/I (gf180mcu_fd_sc_mcu9t5v0__clkbuf_20)
    11    1.05    0.39    0.33    0.52 ^ clkbuf_2_1_0_i_clk/Z (gf180mcu_fd_sc_mcu9t5v0__clkbuf_20)
                                         clknet_2_1_0_i_clk (net)
                  0.39    0.01    0.53 ^ clkbuf_leaf_33_i_clk/I (gf180mcu_fd_sc_mcu9t5v0__clkbuf_20)
    23    0.19    0.10    0.20    0.73 ^ clkbuf_leaf_33_i_clk/Z (gf180mcu_fd_sc_mcu9t5v0__clkbuf_20)
                                         clknet_leaf_33_i_clk (net)
                  0.10    0.00    0.73 ^ integration_inst.reg_bank_inst._22035_/CLK (gf180mcu_fd_sc_mcu9t5v0__dffrnq_1)
     7    0.06    0.49    0.64    1.37 ^ integration_inst.reg_bank_inst._22035_/Q (gf180mcu_fd_sc_mcu9t5v0__dffrnq_1)
                                         integration_inst.reg_bank_inst.current_state[1] (net)
                  0.49    0.00    1.38 ^ integration_inst.reg_bank_inst._11435_/I (gf180mcu_fd_sc_mcu9t5v0__clkinv_1)
     4    0.08    0.59    0.47    1.85 v integration_inst.reg_bank_inst._11435_/ZN (gf180mcu_fd_sc_mcu9t5v0__clkinv_1)
                                         integration_inst.reg_bank_inst._03440_ (net)
                  0.59    0.00    1.85 v integration_inst.reg_bank_inst._11436_/A1 (gf180mcu_fd_sc_mcu9t5v0__nand3_4)
    25    0.58    1.39    0.95    2.79 ^ integration_inst.reg_bank_inst._11436_/ZN (gf180mcu_fd_sc_mcu9t5v0__nand3_4)
                                         integration_inst.reg_bank_inst._03441_ (net)
                  1.39    0.01    2.80 ^ integration_inst.reg_bank_inst._11437_/I (gf180mcu_fd_sc_mcu9t5v0__clkinv_12)
   160    1.95    1.25    0.97    3.78 v integration_inst.reg_bank_inst._11437_/ZN (gf180mcu_fd_sc_mcu9t5v0__clkinv_12)
                                         integration_inst.quant_ip_reset (net)
                  1.25    0.02    3.79 v integration_inst.reg_bank_inst._13123_/A1 (gf180mcu_fd_sc_mcu9t5v0__nor2_4)
     1    0.06    0.41    0.47    4.26 ^ integration_inst.reg_bank_inst._13123_/ZN (gf180mcu_fd_sc_mcu9t5v0__nor2_4)
                                         integration_inst.mac_grid_inst.ROW_LOOP[0].COL_LOOP[0].mac_inst.i_rst_n (net)
                  0.41    0.00    4.26 ^ place821/I (gf180mcu_fd_sc_mcu9t5v0__buf_16)
   289    3.51    1.54    0.87    5.13 ^ place821/Z (gf180mcu_fd_sc_mcu9t5v0__buf_16)
                                         net820 (net)
                  1.60    0.16    5.30 ^ place820/I (gf180mcu_fd_sc_mcu9t5v0__buf_4)
    99    1.14    2.05    1.27    6.56 ^ place820/Z (gf180mcu_fd_sc_mcu9t5v0__buf_4)
                                         net819 (net)
                  2.05    0.04    6.61 ^ integration_inst.mac_grid_inst.ROW_LOOP[0].COL_LOOP[2].mac_inst._2727_/RN (gf180mcu_fd_sc_mcu9t5v0__dffrnq_1)
                                  6.61   data arrival time

                         40.00   40.00   clock core_clock (rise edge)
                          0.00   40.00   clock source latency
     1    0.22    0.00    0.00   40.00 ^ i_clk (in)
                                         i_clk (net)
                  0.00    0.00   40.00 ^ clkbuf_0_i_clk/I (gf180mcu_fd_sc_mcu9t5v0__clkbuf_20)
     4    0.40    0.16    0.18   40.18 ^ clkbuf_0_i_clk/Z (gf180mcu_fd_sc_mcu9t5v0__clkbuf_20)
                                         clknet_0_i_clk (net)
                  0.16    0.00   40.18 ^ clkbuf_2_3_0_i_clk/I (gf180mcu_fd_sc_mcu9t5v0__clkbuf_20)
    19    1.33    0.49    0.39   40.57 ^ clkbuf_2_3_0_i_clk/Z (gf180mcu_fd_sc_mcu9t5v0__clkbuf_20)
                                         clknet_2_3_0_i_clk (net)
                  0.49    0.02   40.59 ^ clkbuf_leaf_19_i_clk/I (gf180mcu_fd_sc_mcu9t5v0__clkbuf_20)
    27    0.25    0.12    0.22   40.81 ^ clkbuf_leaf_19_i_clk/Z (gf180mcu_fd_sc_mcu9t5v0__clkbuf_20)
                                         clknet_leaf_19_i_clk (net)
                  0.12    0.00   40.81 ^ integration_inst.mac_grid_inst.ROW_LOOP[0].COL_LOOP[2].mac_inst._2727_/CLK (gf180mcu_fd_sc_mcu9t5v0__dffrnq_1)
                          0.00   40.81   clock reconvergence pessimism
                         -0.63   40.19   library recovery time
                                 40.19   data required time
-----------------------------------------------------------------------------
                                 40.19   data required time
                                 -6.61   data arrival time
-----------------------------------------------------------------------------
                                 33.58   slack (MET)


Startpoint: integration_inst.reg_bank_inst._21607_
            (rising edge-triggered flip-flop clocked by core_clock)
Endpoint: integration_inst.quantizer_inst._14035_
          (rising edge-triggered flip-flop clocked by core_clock)
Path Group: core_clock
Path Type: max

Fanout     Cap    Slew   Delay    Time   Description
-----------------------------------------------------------------------------
                          0.00    0.00   clock core_clock (rise edge)
                          0.00    0.00   clock source latency
     1    0.22    0.00    0.00    0.00 ^ i_clk (in)
                                         i_clk (net)
                  0.00    0.00    0.00 ^ clkbuf_0_i_clk/I (gf180mcu_fd_sc_mcu9t5v0__clkbuf_20)
     4    0.40    0.16    0.18    0.18 ^ clkbuf_0_i_clk/Z (gf180mcu_fd_sc_mcu9t5v0__clkbuf_20)
                                         clknet_0_i_clk (net)
                  0.16    0.00    0.18 ^ clkbuf_2_3_0_i_clk/I (gf180mcu_fd_sc_mcu9t5v0__clkbuf_20)
    19    1.33    0.49    0.39    0.57 ^ clkbuf_2_3_0_i_clk/Z (gf180mcu_fd_sc_mcu9t5v0__clkbuf_20)
                                         clknet_2_3_0_i_clk (net)
                  0.49    0.02    0.59 ^ clkbuf_leaf_11_i_clk/I (gf180mcu_fd_sc_mcu9t5v0__clkbuf_20)
    21    0.28    0.13    0.23    0.82 ^ clkbuf_leaf_11_i_clk/Z (gf180mcu_fd_sc_mcu9t5v0__clkbuf_20)
                                         clknet_leaf_11_i_clk (net)
                  0.13    0.00    0.82 ^ integration_inst.reg_bank_inst._21607_/CLK (gf180mcu_fd_sc_mcu9t5v0__dffrnq_1)
    11    0.09    0.64    0.74    1.56 ^ integration_inst.reg_bank_inst._21607_/Q (gf180mcu_fd_sc_mcu9t5v0__dffrnq_1)
                                         integration_inst.reg_bank_inst.cols_a[1] (net)
                  0.64    0.00    1.56 ^ integration_inst.reg_bank_inst._10714_/I (gf180mcu_fd_sc_mcu9t5v0__clkinv_1)
     9    0.07    0.59    0.49    2.05 v integration_inst.reg_bank_inst._10714_/ZN (gf180mcu_fd_sc_mcu9t5v0__clkinv_1)
                                         integration_inst.reg_bank_inst._02738_ (net)
                  0.59    0.00    2.05 v integration_inst.reg_bank_inst._10909_/A1 (gf180mcu_fd_sc_mcu9t5v0__nand2_1)
     1    0.02    0.27    0.27    2.32 ^ integration_inst.reg_bank_inst._10909_/ZN (gf180mcu_fd_sc_mcu9t5v0__nand2_1)
                                         integration_inst.reg_bank_inst._02933_ (net)
                  0.27    0.00    2.32 ^ place931/I (gf180mcu_fd_sc_mcu9t5v0__buf_4)
    18    0.26    0.48    0.37    2.70 ^ place931/Z (gf180mcu_fd_sc_mcu9t5v0__buf_4)
                                         net930 (net)
                  0.48    0.00    2.70 ^ integration_inst.reg_bank_inst._11029_/I (gf180mcu_fd_sc_mcu9t5v0__clkinv_1)
     9    0.11    0.81    0.61    3.30 v integration_inst.reg_bank_inst._11029_/ZN (gf180mcu_fd_sc_mcu9t5v0__clkinv_1)
                                         integration_inst.reg_bank_inst._03052_ (net)
                  0.81    0.00    3.31 v integration_inst.reg_bank_inst._11451_/A1 (gf180mcu_fd_sc_mcu9t5v0__nand2_1)
     1    0.01    0.24    0.26    3.56 ^ integration_inst.reg_bank_inst._11451_/ZN (gf180mcu_fd_sc_mcu9t5v0__nand2_1)
                                         integration_inst.reg_bank_inst._03455_ (net)
                  0.24    0.00    3.56 ^ integration_inst.reg_bank_inst._11452_/I (gf180mcu_fd_sc_mcu9t5v0__clkinv_1)
    23    0.24    1.75    1.14    4.70 v integration_inst.reg_bank_inst._11452_/ZN (gf180mcu_fd_sc_mcu9t5v0__clkinv_1)
                                         integration_inst.reg_bank_inst._03456_ (net)
                  1.75    0.00    4.70 v integration_inst.reg_bank_inst._11590_/A1 (gf180mcu_fd_sc_mcu9t5v0__aoi21_1)
     1    0.01    0.44    0.56    5.26 ^ integration_inst.reg_bank_inst._11590_/ZN (gf180mcu_fd_sc_mcu9t5v0__aoi21_1)
                                         integration_inst.reg_bank_inst._03581_ (net)
                  0.44    0.00    5.26 ^ integration_inst.reg_bank_inst._11591_/A1 (gf180mcu_fd_sc_mcu9t5v0__nand4_1)
     1    0.01    0.22    0.14    5.40 v integration_inst.reg_bank_inst._11591_/ZN (gf180mcu_fd_sc_mcu9t5v0__nand4_1)
                                         integration_inst.reg_bank_inst._03582_ (net)
                  0.22    0.00    5.40 v integration_inst.reg_bank_inst._11592_/C (gf180mcu_fd_sc_mcu9t5v0__aoi221_1)
     1    0.01    0.39    0.28    5.69 ^ integration_inst.reg_bank_inst._11592_/ZN (gf180mcu_fd_sc_mcu9t5v0__aoi221_1)
                                         integration_inst.reg_bank_inst._03583_ (net)
                  0.39    0.00    5.69 ^ integration_inst.reg_bank_inst._11593_/A1 (gf180mcu_fd_sc_mcu9t5v0__aoi21_1)
     1    0.04    0.62    0.23    5.92 v integration_inst.reg_bank_inst._11593_/ZN (gf180mcu_fd_sc_mcu9t5v0__aoi21_1)
                                         integration_inst.quant_ip_data[8] (net)
                  0.62    0.00    5.92 v place718/I (gf180mcu_fd_sc_mcu9t5v0__buf_4)
    12    0.21    0.24    0.40    6.31 v place718/Z (gf180mcu_fd_sc_mcu9t5v0__buf_4)
                                         net717 (net)
                  0.24    0.01    6.32 v integration_inst.quantizer_inst._07962_/I (gf180mcu_fd_sc_mcu9t5v0__clkinv_1)
    25    0.26    1.87    1.17    7.48 ^ integration_inst.quantizer_inst._07962_/ZN (gf180mcu_fd_sc_mcu9t5v0__clkinv_1)
                                         integration_inst.quantizer_inst._00427_ (net)
                  1.87    0.00    7.49 ^ integration_inst.quantizer_inst._11247_/A2 (gf180mcu_fd_sc_mcu9t5v0__nor2_1)
     2    0.01    0.53    0.16    7.65 v integration_inst.quantizer_inst._11247_/ZN (gf180mcu_fd_sc_mcu9t5v0__nor2_1)
                                         integration_inst.quantizer_inst._03844_ (net)
                  0.53    0.00    7.65 v integration_inst.quantizer_inst._11248_/I (gf180mcu_fd_sc_mcu9t5v0__clkinv_1)
     2    0.01    0.22    0.19    7.84 ^ integration_inst.quantizer_inst._11248_/ZN (gf180mcu_fd_sc_mcu9t5v0__clkinv_1)
                                         integration_inst.quantizer_inst._03845_ (net)
                  0.22    0.00    7.84 ^ integration_inst.quantizer_inst._11251_/B (gf180mcu_fd_sc_mcu9t5v0__aoi21_1)
     2    0.01    0.18    0.15    7.99 v integration_inst.quantizer_inst._11251_/ZN (gf180mcu_fd_sc_mcu9t5v0__aoi21_1)
                                         integration_inst.quantizer_inst._03849_ (net)
                  0.18    0.00    7.99 v integration_inst.quantizer_inst._11252_/A1 (gf180mcu_fd_sc_mcu9t5v0__nor2_1)
     3    0.03    0.37    0.26    8.25 ^ integration_inst.quantizer_inst._11252_/ZN (gf180mcu_fd_sc_mcu9t5v0__nor2_1)
                                         integration_inst.quantizer_inst._03850_ (net)
                  0.37    0.00    8.25 ^ integration_inst.quantizer_inst._11270_/A1 (gf180mcu_fd_sc_mcu9t5v0__nand2_1)
     4    0.03    0.26    0.19    8.45 v integration_inst.quantizer_inst._11270_/ZN (gf180mcu_fd_sc_mcu9t5v0__nand2_1)
                                         integration_inst.quantizer_inst._03870_ (net)
                  0.26    0.00    8.45 v integration_inst.quantizer_inst._11417_/I (gf180mcu_fd_sc_mcu9t5v0__clkinv_1)
     2    0.02    0.18    0.15    8.60 ^ integration_inst.quantizer_inst._11417_/ZN (gf180mcu_fd_sc_mcu9t5v0__clkinv_1)
                                         integration_inst.quantizer_inst._04031_ (net)
                  0.18    0.00    8.60 ^ integration_inst.quantizer_inst._11418_/A1 (gf180mcu_fd_sc_mcu9t5v0__oai21_1)
     3    0.03    0.24    0.16    8.76 v integration_inst.quantizer_inst._11418_/ZN (gf180mcu_fd_sc_mcu9t5v0__oai21_1)
                                         integration_inst.quantizer_inst._04032_ (net)
                  0.24    0.00    8.76 v integration_inst.quantizer_inst._11438_/B (gf180mcu_fd_sc_mcu9t5v0__oai211_1)
     2    0.02    0.33    0.24    8.99 ^ integration_inst.quantizer_inst._11438_/ZN (gf180mcu_fd_sc_mcu9t5v0__oai211_1)
                                         integration_inst.quantizer_inst._04054_ (net)
                  0.33    0.00    8.99 ^ integration_inst.quantizer_inst._11563_/A1 (gf180mcu_fd_sc_mcu9t5v0__nand3_1)
     4    0.03    0.33    0.24    9.24 v integration_inst.quantizer_inst._11563_/ZN (gf180mcu_fd_sc_mcu9t5v0__nand3_1)
                                         integration_inst.quantizer_inst._04192_ (net)
                  0.33    0.00    9.24 v integration_inst.quantizer_inst._11567_/A2 (gf180mcu_fd_sc_mcu9t5v0__nand3_1)
     4    0.03    0.40    0.32    9.56 ^ integration_inst.quantizer_inst._11567_/ZN (gf180mcu_fd_sc_mcu9t5v0__nand3_1)
                                         integration_inst.quantizer_inst._04196_ (net)
                  0.40    0.00    9.56 ^ integration_inst.quantizer_inst._11717_/I (gf180mcu_fd_sc_mcu9t5v0__clkinv_1)
     2    0.02    0.21    0.17    9.73 v integration_inst.quantizer_inst._11717_/ZN (gf180mcu_fd_sc_mcu9t5v0__clkinv_1)
                                         integration_inst.quantizer_inst._04361_ (net)
                  0.21    0.00    9.73 v integration_inst.quantizer_inst._11719_/A1 (gf180mcu_fd_sc_mcu9t5v0__oai21_1)
     3    0.03    0.39    0.28   10.02 ^ integration_inst.quantizer_inst._11719_/ZN (gf180mcu_fd_sc_mcu9t5v0__oai21_1)
                                         integration_inst.quantizer_inst._04363_ (net)
                  0.39    0.00   10.02 ^ integration_inst.quantizer_inst._11730_/A1 (gf180mcu_fd_sc_mcu9t5v0__nand3_1)
     3    0.02    0.28    0.20   10.22 v integration_inst.quantizer_inst._11730_/ZN (gf180mcu_fd_sc_mcu9t5v0__nand3_1)
                                         integration_inst.quantizer_inst._04376_ (net)
                  0.28    0.00   10.22 v integration_inst.quantizer_inst._11734_/A2 (gf180mcu_fd_sc_mcu9t5v0__aoi21_1)
     3    0.03    0.43    0.32   10.54 ^ integration_inst.quantizer_inst._11734_/ZN (gf180mcu_fd_sc_mcu9t5v0__aoi21_1)
                                         integration_inst.quantizer_inst._04380_ (net)
                  0.43    0.00   10.54 ^ integration_inst.quantizer_inst._11735_/A1 (gf180mcu_fd_sc_mcu9t5v0__nor2_1)
     3    0.02    0.25    0.18   10.71 v integration_inst.quantizer_inst._11735_/ZN (gf180mcu_fd_sc_mcu9t5v0__nor2_1)
                                         integration_inst.quantizer_inst._04381_ (net)
                  0.25    0.00   10.71 v integration_inst.quantizer_inst._11864_/A1 (gf180mcu_fd_sc_mcu9t5v0__nor3_1)
     2    0.02    0.42    0.29   11.00 ^ integration_inst.quantizer_inst._11864_/ZN (gf180mcu_fd_sc_mcu9t5v0__nor3_1)
                                         integration_inst.quantizer_inst._04523_ (net)
                  0.42    0.00   11.00 ^ integration_inst.quantizer_inst._11866_/A1 (gf180mcu_fd_sc_mcu9t5v0__nor3_1)
     2    0.02    0.25    0.16   11.17 v integration_inst.quantizer_inst._11866_/ZN (gf180mcu_fd_sc_mcu9t5v0__nor3_1)
                                         integration_inst.quantizer_inst._04525_ (net)
                  0.25    0.00   11.17 v integration_inst.quantizer_inst._11870_/A1 (gf180mcu_fd_sc_mcu9t5v0__nor3_1)
     2    0.02    0.38    0.27   11.43 ^ integration_inst.quantizer_inst._11870_/ZN (gf180mcu_fd_sc_mcu9t5v0__nor3_1)
                                         integration_inst.quantizer_inst._04530_ (net)
                  0.38    0.00   11.43 ^ integration_inst.quantizer_inst._12373_/A2 (gf180mcu_fd_sc_mcu9t5v0__or2_1)
     2    0.02    0.14    0.20   11.64 ^ integration_inst.quantizer_inst._12373_/Z (gf180mcu_fd_sc_mcu9t5v0__or2_1)
                                         integration_inst.quantizer_inst._05082_ (net)
                  0.14    0.00   11.64 ^ integration_inst.quantizer_inst._12395_/B (gf180mcu_fd_sc_mcu9t5v0__oai21_1)
     2    0.02    0.24    0.14   11.78 v integration_inst.quantizer_inst._12395_/ZN (gf180mcu_fd_sc_mcu9t5v0__oai21_1)
                                         integration_inst.quantizer_inst._05106_ (net)
                  0.24    0.00   11.78 v integration_inst.quantizer_inst._12396_/A1 (gf180mcu_fd_sc_mcu9t5v0__aoi21_1)
     2    0.02    0.37    0.26   12.04 ^ integration_inst.quantizer_inst._12396_/ZN (gf180mcu_fd_sc_mcu9t5v0__aoi21_1)
                                         integration_inst.quantizer_inst._05107_ (net)
                  0.37    0.00   12.04 ^ integration_inst.quantizer_inst._12397_/A1 (gf180mcu_fd_sc_mcu9t5v0__oai21_1)
     2    0.02    0.25    0.16   12.20 v integration_inst.quantizer_inst._12397_/ZN (gf180mcu_fd_sc_mcu9t5v0__oai21_1)
                                         integration_inst.quantizer_inst._05108_ (net)
                  0.25    0.00   12.20 v integration_inst.quantizer_inst._12398_/A1 (gf180mcu_fd_sc_mcu9t5v0__aoi21_1)
     2    0.02    0.37    0.26   12.46 ^ integration_inst.quantizer_inst._12398_/ZN (gf180mcu_fd_sc_mcu9t5v0__aoi21_1)
                                         integration_inst.quantizer_inst._05109_ (net)
                  0.37    0.00   12.46 ^ integration_inst.quantizer_inst._12399_/A1 (gf180mcu_fd_sc_mcu9t5v0__oai21_1)
     2    0.02    0.27    0.16   12.62 v integration_inst.quantizer_inst._12399_/ZN (gf180mcu_fd_sc_mcu9t5v0__oai21_1)
                                         integration_inst.quantizer_inst._05110_ (net)
                  0.27    0.00   12.62 v integration_inst.quantizer_inst._12400_/A1 (gf180mcu_fd_sc_mcu9t5v0__aoi21_1)
     2    0.02    0.37    0.27   12.89 ^ integration_inst.quantizer_inst._12400_/ZN (gf180mcu_fd_sc_mcu9t5v0__aoi21_1)
                                         integration_inst.quantizer_inst._05112_ (net)
                  0.37    0.00   12.89 ^ integration_inst.quantizer_inst._12401_/A1 (gf180mcu_fd_sc_mcu9t5v0__oai21_1)
     2    0.02    0.25    0.15   13.04 v integration_inst.quantizer_inst._12401_/ZN (gf180mcu_fd_sc_mcu9t5v0__oai21_1)
                                         integration_inst.quantizer_inst._05113_ (net)
                  0.25    0.00   13.04 v integration_inst.quantizer_inst._12402_/A1 (gf180mcu_fd_sc_mcu9t5v0__aoi21_1)
     2    0.02    0.33    0.23   13.27 ^ integration_inst.quantizer_inst._12402_/ZN (gf180mcu_fd_sc_mcu9t5v0__aoi21_1)
                                         integration_inst.quantizer_inst._05114_ (net)
                  0.33    0.00   13.27 ^ integration_inst.quantizer_inst._12403_/A1 (gf180mcu_fd_sc_mcu9t5v0__oai21_1)
     2    0.02    0.26    0.14   13.41 v integration_inst.quantizer_inst._12403_/ZN (gf180mcu_fd_sc_mcu9t5v0__oai21_1)
                                         integration_inst.quantizer_inst._05115_ (net)
                  0.26    0.00   13.41 v integration_inst.quantizer_inst._12404_/A1 (gf180mcu_fd_sc_mcu9t5v0__aoi21_1)
     2    0.02    0.35    0.25   13.66 ^ integration_inst.quantizer_inst._12404_/ZN (gf180mcu_fd_sc_mcu9t5v0__aoi21_1)
                                         integration_inst.quantizer_inst._05116_ (net)
                  0.35    0.00   13.66 ^ integration_inst.quantizer_inst._12432_/A1 (gf180mcu_fd_sc_mcu9t5v0__oai21_1)
     2    0.02    0.19    0.14   13.80 v integration_inst.quantizer_inst._12432_/ZN (gf180mcu_fd_sc_mcu9t5v0__oai21_1)
                                         integration_inst.quantizer_inst._05145_ (net)
                  0.19    0.00   13.80 v integration_inst.quantizer_inst._12433_/A1 (gf180mcu_fd_sc_mcu9t5v0__aoi21_1)
     2    0.02    0.34    0.23   14.02 ^ integration_inst.quantizer_inst._12433_/ZN (gf180mcu_fd_sc_mcu9t5v0__aoi21_1)
                                         integration_inst.quantizer_inst._05146_ (net)
                  0.34    0.00   14.02 ^ integration_inst.quantizer_inst._12434_/A1 (gf180mcu_fd_sc_mcu9t5v0__oai21_1)
     2    0.02    0.19    0.14   14.16 v integration_inst.quantizer_inst._12434_/ZN (gf180mcu_fd_sc_mcu9t5v0__oai21_1)
                                         integration_inst.quantizer_inst._05147_ (net)
                  0.19    0.00   14.16 v integration_inst.quantizer_inst._12435_/A1 (gf180mcu_fd_sc_mcu9t5v0__aoi21_1)
     2    0.02    0.33    0.22   14.38 ^ integration_inst.quantizer_inst._12435_/ZN (gf180mcu_fd_sc_mcu9t5v0__aoi21_1)
                                         integration_inst.quantizer_inst._05148_ (net)
                  0.33    0.00   14.38 ^ integration_inst.quantizer_inst._12436_/A1 (gf180mcu_fd_sc_mcu9t5v0__oai21_1)
     2    0.02    0.22    0.13   14.51 v integration_inst.quantizer_inst._12436_/ZN (gf180mcu_fd_sc_mcu9t5v0__oai21_1)
                                         integration_inst.quantizer_inst._05149_ (net)
                  0.22    0.00   14.51 v integration_inst.quantizer_inst._12437_/A1 (gf180mcu_fd_sc_mcu9t5v0__aoi21_1)
     2    0.02    0.34    0.22   14.74 ^ integration_inst.quantizer_inst._12437_/ZN (gf180mcu_fd_sc_mcu9t5v0__aoi21_1)
                                         integration_inst.quantizer_inst._05150_ (net)
                  0.34    0.00   14.74 ^ integration_inst.quantizer_inst._12438_/A1 (gf180mcu_fd_sc_mcu9t5v0__oai21_1)
     2    0.02    0.25    0.14   14.88 v integration_inst.quantizer_inst._12438_/ZN (gf180mcu_fd_sc_mcu9t5v0__oai21_1)
                                         integration_inst.quantizer_inst._05151_ (net)
                  0.25    0.00   14.88 v integration_inst.quantizer_inst._12439_/A1 (gf180mcu_fd_sc_mcu9t5v0__aoi21_1)
     2    0.02    0.33    0.23   15.10 ^ integration_inst.quantizer_inst._12439_/ZN (gf180mcu_fd_sc_mcu9t5v0__aoi21_1)
                                         integration_inst.quantizer_inst._05152_ (net)
                  0.33    0.00   15.10 ^ integration_inst.quantizer_inst._12440_/A1 (gf180mcu_fd_sc_mcu9t5v0__oai21_1)
     2    0.02    0.18    0.13   15.23 v integration_inst.quantizer_inst._12440_/ZN (gf180mcu_fd_sc_mcu9t5v0__oai21_1)
                                         integration_inst.quantizer_inst._05154_ (net)
                  0.18    0.00   15.23 v integration_inst.quantizer_inst._12441_/A1 (gf180mcu_fd_sc_mcu9t5v0__aoi21_1)
     2    0.02    0.34    0.22   15.45 ^ integration_inst.quantizer_inst._12441_/ZN (gf180mcu_fd_sc_mcu9t5v0__aoi21_1)
                                         integration_inst.quantizer_inst._05155_ (net)
                  0.34    0.00   15.45 ^ integration_inst.quantizer_inst._12442_/A1 (gf180mcu_fd_sc_mcu9t5v0__oai21_1)
     3    0.02    0.28    0.16   15.61 v integration_inst.quantizer_inst._12442_/ZN (gf180mcu_fd_sc_mcu9t5v0__oai21_1)
                                         integration_inst.quantizer_inst._05156_ (net)
                  0.28    0.00   15.61 v integration_inst.quantizer_inst._12443_/A1 (gf180mcu_fd_sc_mcu9t5v0__aoi21_1)
     2    0.02    0.33    0.24   15.85 ^ integration_inst.quantizer_inst._12443_/ZN (gf180mcu_fd_sc_mcu9t5v0__aoi21_1)
                                         integration_inst.quantizer_inst._05157_ (net)
                  0.33    0.00   15.85 ^ integration_inst.quantizer_inst._12444_/A1 (gf180mcu_fd_sc_mcu9t5v0__oai21_1)
     2    0.02    0.19    0.13   15.98 v integration_inst.quantizer_inst._12444_/ZN (gf180mcu_fd_sc_mcu9t5v0__oai21_1)
                                         integration_inst.quantizer_inst._05158_ (net)
                  0.19    0.00   15.98 v integration_inst.quantizer_inst._12445_/A1 (gf180mcu_fd_sc_mcu9t5v0__aoi21_1)
     3    0.03    0.45    0.28   16.27 ^ integration_inst.quantizer_inst._12445_/ZN (gf180mcu_fd_sc_mcu9t5v0__aoi21_1)
                                         integration_inst.quantizer_inst._05159_ (net)
                  0.45    0.00   16.27 ^ integration_inst.quantizer_inst._12446_/A1 (gf180mcu_fd_sc_mcu9t5v0__oai211_1)
     2    0.02    0.27    0.19   16.46 v integration_inst.quantizer_inst._12446_/ZN (gf180mcu_fd_sc_mcu9t5v0__oai211_1)
                                         integration_inst.quantizer_inst._05160_ (net)
                  0.27    0.00   16.46 v integration_inst.quantizer_inst._12447_/A1 (gf180mcu_fd_sc_mcu9t5v0__aoi211_1)
     2    0.02    0.51    0.31   16.77 ^ integration_inst.quantizer_inst._12447_/ZN (gf180mcu_fd_sc_mcu9t5v0__aoi211_1)
                                         integration_inst.quantizer_inst._05161_ (net)
                  0.51    0.00   16.77 ^ integration_inst.quantizer_inst._12450_/A1 (gf180mcu_fd_sc_mcu9t5v0__oai21_1)
     2    0.02    0.24    0.15   16.92 v integration_inst.quantizer_inst._12450_/ZN (gf180mcu_fd_sc_mcu9t5v0__oai21_1)
                                         integration_inst.quantizer_inst._05165_ (net)
                  0.24    0.00   16.92 v integration_inst.quantizer_inst._12451_/A1 (gf180mcu_fd_sc_mcu9t5v0__aoi21_1)
     2    0.02    0.32    0.22   17.14 ^ integration_inst.quantizer_inst._12451_/ZN (gf180mcu_fd_sc_mcu9t5v0__aoi21_1)
                                         integration_inst.quantizer_inst._05166_ (net)
                  0.32    0.00   17.14 ^ integration_inst.quantizer_inst._12452_/A1 (gf180mcu_fd_sc_mcu9t5v0__oai21_1)
     1    0.01    0.15    0.09   17.24 v integration_inst.quantizer_inst._12452_/ZN (gf180mcu_fd_sc_mcu9t5v0__oai21_1)
                                         integration_inst.quantizer_inst._05167_ (net)
                  0.15    0.00   17.24 v integration_inst.quantizer_inst._12453_/A1 (gf180mcu_fd_sc_mcu9t5v0__aoi21_1)
     2    0.02    0.34    0.21   17.45 ^ integration_inst.quantizer_inst._12453_/ZN (gf180mcu_fd_sc_mcu9t5v0__aoi21_1)
                                         integration_inst.quantizer_inst._05168_ (net)
                  0.34    0.00   17.45 ^ integration_inst.quantizer_inst._12454_/A1 (gf180mcu_fd_sc_mcu9t5v0__oai21_1)
     1    0.01    0.18    0.10   17.55 v integration_inst.quantizer_inst._12454_/ZN (gf180mcu_fd_sc_mcu9t5v0__oai21_1)
                                         integration_inst.quantizer_inst._05169_ (net)
                  0.18    0.00   17.55 v integration_inst.quantizer_inst._12457_/A1 (gf180mcu_fd_sc_mcu9t5v0__nand2_1)
     1    0.01    0.12    0.10   17.65 ^ integration_inst.quantizer_inst._12457_/ZN (gf180mcu_fd_sc_mcu9t5v0__nand2_1)
                                         integration_inst.quantizer_inst._06877_[44] (net)
                  0.12    0.00   17.65 ^ integration_inst.quantizer_inst._14035_/D (gf180mcu_fd_sc_mcu9t5v0__dffrnq_1)
                                 17.65   data arrival time

                         40.00   40.00   clock core_clock (rise edge)
                          0.00   40.00   clock source latency
     1    0.22    0.00    0.00   40.00 ^ i_clk (in)
                                         i_clk (net)
                  0.00    0.00   40.00 ^ clkbuf_0_i_clk/I (gf180mcu_fd_sc_mcu9t5v0__clkbuf_20)
     4    0.40    0.16    0.18   40.18 ^ clkbuf_0_i_clk/Z (gf180mcu_fd_sc_mcu9t5v0__clkbuf_20)
                                         clknet_0_i_clk (net)
                  0.16    0.00   40.18 ^ clkbuf_2_2_0_i_clk/I (gf180mcu_fd_sc_mcu9t5v0__clkbuf_20)
    14    1.08    0.40    0.34   40.52 ^ clkbuf_2_2_0_i_clk/Z (gf180mcu_fd_sc_mcu9t5v0__clkbuf_20)
                                         clknet_2_2_0_i_clk (net)
                  0.40    0.02   40.54 ^ clkbuf_leaf_42_i_clk/I (gf180mcu_fd_sc_mcu9t5v0__clkbuf_20)
    15    0.22    0.11    0.21   40.75 ^ clkbuf_leaf_42_i_clk/Z (gf180mcu_fd_sc_mcu9t5v0__clkbuf_20)
                                         clknet_leaf_42_i_clk (net)
                  0.11    0.00   40.75 ^ integration_inst.quantizer_inst._14035_/CLK (gf180mcu_fd_sc_mcu9t5v0__dffrnq_1)
                          0.00   40.75   clock reconvergence pessimism
                         -0.14   40.61   library setup time
                                 40.61   data required time
-----------------------------------------------------------------------------
                                 40.61   data required time
                                -17.65   data arrival time
-----------------------------------------------------------------------------
                                 22.96   slack (MET)


Startpoint: uart_inst.ut._200_
            (rising edge-triggered flip-flop clocked by core_clock)
Endpoint: o_uart_tx (output port clocked by vclk_core_clock)
Path Group: vclk_core_clock
Path Type: max

Fanout     Cap    Slew   Delay    Time   Description
-----------------------------------------------------------------------------
                          0.00    0.00   clock core_clock (rise edge)
                          0.00    0.00   clock source latency
     1    0.22    0.00    0.00    0.00 ^ i_clk (in)
                                         i_clk (net)
                  0.00    0.00    0.00 ^ clkbuf_0_i_clk/I (gf180mcu_fd_sc_mcu9t5v0__clkbuf_20)
     4    0.40    0.16    0.18    0.18 ^ clkbuf_0_i_clk/Z (gf180mcu_fd_sc_mcu9t5v0__clkbuf_20)
                                         clknet_0_i_clk (net)
                  0.16    0.00    0.18 ^ clkbuf_2_0_0_i_clk/I (gf180mcu_fd_sc_mcu9t5v0__clkbuf_20)
    13    1.05    0.39    0.33    0.51 ^ clkbuf_2_0_0_i_clk/Z (gf180mcu_fd_sc_mcu9t5v0__clkbuf_20)
                                         clknet_2_0_0_i_clk (net)
                  0.39    0.02    0.53 ^ clkbuf_leaf_0_i_clk/I (gf180mcu_fd_sc_mcu9t5v0__clkbuf_20)
    26    0.26    0.12    0.22    0.75 ^ clkbuf_leaf_0_i_clk/Z (gf180mcu_fd_sc_mcu9t5v0__clkbuf_20)
                                         clknet_leaf_0_i_clk (net)
                  0.12    0.00    0.75 ^ uart_inst.ut._200_/CLK (gf180mcu_fd_sc_mcu9t5v0__dffsnq_1)
     1    0.01    0.07    0.42    1.17 v uart_inst.ut._200_/Q (gf180mcu_fd_sc_mcu9t5v0__dffsnq_1)
                                         net147 (net)
                  0.07    0.00    1.17 v output148/I (gf180mcu_fd_sc_mcu9t5v0__dlyb_2)
     1    0.07    0.31    0.86    2.02 v output148/Z (gf180mcu_fd_sc_mcu9t5v0__dlyb_2)
                                         o_uart_tx (net)
                  0.31    0.00    2.02 v o_uart_tx (out)
                                  2.02   data arrival time

                  0.00   40.00   40.00   clock vclk_core_clock (rise edge)
                          1.12   41.12   clock network delay (ideal)
                          0.00   41.12   clock reconvergence pessimism
                         -8.00   33.12   output external delay
                                 33.12   data required time
-----------------------------------------------------------------------------
                                 33.12   data required time
                                 -2.02   data arrival time
-----------------------------------------------------------------------------
                                 31.10   slack (MET)



==========================================================================
global route report_check_types -max_slew -max_cap -max_fanout -violators
--------------------------------------------------------------------------

==========================================================================
global route max_slew_check_slack
--------------------------------------------------------------------------
0.21499425172805786

==========================================================================
global route max_slew_check_limit
--------------------------------------------------------------------------
2.799999952316284

==========================================================================
global route max_slew_check_slack_limit
--------------------------------------------------------------------------
0.0768

==========================================================================
global route max_fanout_check_slack
--------------------------------------------------------------------------
1.0000000150474662e+30

==========================================================================
global route max_fanout_check_limit
--------------------------------------------------------------------------
1.0000000150474662e+30

==========================================================================
global route max_capacitance_check_slack
--------------------------------------------------------------------------
0.006982546765357256

==========================================================================
global route max_capacitance_check_limit
--------------------------------------------------------------------------
0.21060000360012054

==========================================================================
global route max_capacitance_check_slack_limit
--------------------------------------------------------------------------
0.0332

==========================================================================
global route max_slew_violation_count
--------------------------------------------------------------------------
max slew violation count 0

==========================================================================
global route max_fanout_violation_count
--------------------------------------------------------------------------
max fanout violation count 0

==========================================================================
global route max_cap_violation_count
--------------------------------------------------------------------------
max cap violation count 0

==========================================================================
global route setup_violation_count
--------------------------------------------------------------------------
setup violation count 0

==========================================================================
global route hold_violation_count
--------------------------------------------------------------------------
hold violation count 0

==========================================================================
global route report_checks -path_delay max reg to reg
--------------------------------------------------------------------------
Startpoint: integration_inst.reg_bank_inst._22035_
            (rising edge-triggered flip-flop clocked by core_clock)
Endpoint: integration_inst.mac_grid_inst.ROW_LOOP[0].COL_LOOP[2].mac_inst._2727_
          (recovery check against rising-edge clock core_clock)
Path Group: asynchronous
Path Type: max

  Delay    Time   Description
---------------------------------------------------------
   0.00    0.00   clock core_clock (rise edge)
   0.00    0.00   clock source latency
   0.00    0.00 ^ i_clk (in)
   0.18    0.18 ^ clkbuf_0_i_clk/Z (gf180mcu_fd_sc_mcu9t5v0__clkbuf_20)
   0.34    0.52 ^ clkbuf_2_1_0_i_clk/Z (gf180mcu_fd_sc_mcu9t5v0__clkbuf_20)
   0.21    0.73 ^ clkbuf_leaf_33_i_clk/Z (gf180mcu_fd_sc_mcu9t5v0__clkbuf_20)
   0.00    0.73 ^ integration_inst.reg_bank_inst._22035_/CLK (gf180mcu_fd_sc_mcu9t5v0__dffrnq_1)
   0.64    1.37 ^ integration_inst.reg_bank_inst._22035_/Q (gf180mcu_fd_sc_mcu9t5v0__dffrnq_1)
   0.47    1.85 v integration_inst.reg_bank_inst._11435_/ZN (gf180mcu_fd_sc_mcu9t5v0__clkinv_1)
   0.95    2.79 ^ integration_inst.reg_bank_inst._11436_/ZN (gf180mcu_fd_sc_mcu9t5v0__nand3_4)
   0.98    3.78 v integration_inst.reg_bank_inst._11437_/ZN (gf180mcu_fd_sc_mcu9t5v0__clkinv_12)
   0.49    4.26 ^ integration_inst.reg_bank_inst._13123_/ZN (gf180mcu_fd_sc_mcu9t5v0__nor2_4)
   0.87    5.13 ^ place821/Z (gf180mcu_fd_sc_mcu9t5v0__buf_16)
   1.43    6.56 ^ place820/Z (gf180mcu_fd_sc_mcu9t5v0__buf_4)
   0.04    6.61 ^ integration_inst.mac_grid_inst.ROW_LOOP[0].COL_LOOP[2].mac_inst._2727_/RN (gf180mcu_fd_sc_mcu9t5v0__dffrnq_1)
           6.61   data arrival time

  40.00   40.00   clock core_clock (rise edge)
   0.00   40.00   clock source latency
   0.00   40.00 ^ i_clk (in)
   0.18   40.18 ^ clkbuf_0_i_clk/Z (gf180mcu_fd_sc_mcu9t5v0__clkbuf_20)
   0.39   40.57 ^ clkbuf_2_3_0_i_clk/Z (gf180mcu_fd_sc_mcu9t5v0__clkbuf_20)
   0.24   40.81 ^ clkbuf_leaf_19_i_clk/Z (gf180mcu_fd_sc_mcu9t5v0__clkbuf_20)
   0.00   40.81 ^ integration_inst.mac_grid_inst.ROW_LOOP[0].COL_LOOP[2].mac_inst._2727_/CLK (gf180mcu_fd_sc_mcu9t5v0__dffrnq_1)
   0.00   40.81   clock reconvergence pessimism
  -0.63   40.19   library recovery time
          40.19   data required time
---------------------------------------------------------
          40.19   data required time
          -6.61   data arrival time
---------------------------------------------------------
          33.58   slack (MET)


Startpoint: integration_inst.reg_bank_inst._21607_
            (rising edge-triggered flip-flop clocked by core_clock)
Endpoint: integration_inst.quantizer_inst._14035_
          (rising edge-triggered flip-flop clocked by core_clock)
Path Group: core_clock
Path Type: max

  Delay    Time   Description
---------------------------------------------------------
   0.00    0.00   clock core_clock (rise edge)
   0.00    0.00   clock source latency
   0.00    0.00 ^ i_clk (in)
   0.18    0.18 ^ clkbuf_0_i_clk/Z (gf180mcu_fd_sc_mcu9t5v0__clkbuf_20)
   0.39    0.57 ^ clkbuf_2_3_0_i_clk/Z (gf180mcu_fd_sc_mcu9t5v0__clkbuf_20)
   0.25    0.82 ^ clkbuf_leaf_11_i_clk/Z (gf180mcu_fd_sc_mcu9t5v0__clkbuf_20)
   0.00    0.82 ^ integration_inst.reg_bank_inst._21607_/CLK (gf180mcu_fd_sc_mcu9t5v0__dffrnq_1)
   0.74    1.56 ^ integration_inst.reg_bank_inst._21607_/Q (gf180mcu_fd_sc_mcu9t5v0__dffrnq_1)
   0.49    2.05 v integration_inst.reg_bank_inst._10714_/ZN (gf180mcu_fd_sc_mcu9t5v0__clkinv_1)
   0.27    2.32 ^ integration_inst.reg_bank_inst._10909_/ZN (gf180mcu_fd_sc_mcu9t5v0__nand2_1)
   0.38    2.70 ^ place931/Z (gf180mcu_fd_sc_mcu9t5v0__buf_4)
   0.61    3.30 v integration_inst.reg_bank_inst._11029_/ZN (gf180mcu_fd_sc_mcu9t5v0__clkinv_1)
   0.26    3.56 ^ integration_inst.reg_bank_inst._11451_/ZN (gf180mcu_fd_sc_mcu9t5v0__nand2_1)
   1.14    4.70 v integration_inst.reg_bank_inst._11452_/ZN (gf180mcu_fd_sc_mcu9t5v0__clkinv_1)
   0.56    5.26 ^ integration_inst.reg_bank_inst._11590_/ZN (gf180mcu_fd_sc_mcu9t5v0__aoi21_1)
   0.14    5.40 v integration_inst.reg_bank_inst._11591_/ZN (gf180mcu_fd_sc_mcu9t5v0__nand4_1)
   0.28    5.69 ^ integration_inst.reg_bank_inst._11592_/ZN (gf180mcu_fd_sc_mcu9t5v0__aoi221_1)
   0.23    5.92 v integration_inst.reg_bank_inst._11593_/ZN (gf180mcu_fd_sc_mcu9t5v0__aoi21_1)
   0.40    6.31 v place718/Z (gf180mcu_fd_sc_mcu9t5v0__buf_4)
   1.17    7.48 ^ integration_inst.quantizer_inst._07962_/ZN (gf180mcu_fd_sc_mcu9t5v0__clkinv_1)
   0.16    7.65 v integration_inst.quantizer_inst._11247_/ZN (gf180mcu_fd_sc_mcu9t5v0__nor2_1)
   0.19    7.84 ^ integration_inst.quantizer_inst._11248_/ZN (gf180mcu_fd_sc_mcu9t5v0__clkinv_1)
   0.15    7.99 v integration_inst.quantizer_inst._11251_/ZN (gf180mcu_fd_sc_mcu9t5v0__aoi21_1)
   0.26    8.25 ^ integration_inst.quantizer_inst._11252_/ZN (gf180mcu_fd_sc_mcu9t5v0__nor2_1)
   0.19    8.45 v integration_inst.quantizer_inst._11270_/ZN (gf180mcu_fd_sc_mcu9t5v0__nand2_1)
   0.16    8.60 ^ integration_inst.quantizer_inst._11417_/ZN (gf180mcu_fd_sc_mcu9t5v0__clkinv_1)
   0.16    8.76 v integration_inst.quantizer_inst._11418_/ZN (gf180mcu_fd_sc_mcu9t5v0__oai21_1)
   0.24    8.99 ^ integration_inst.quantizer_inst._11438_/ZN (gf180mcu_fd_sc_mcu9t5v0__oai211_1)
   0.24    9.24 v integration_inst.quantizer_inst._11563_/ZN (gf180mcu_fd_sc_mcu9t5v0__nand3_1)
   0.32    9.56 ^ integration_inst.quantizer_inst._11567_/ZN (gf180mcu_fd_sc_mcu9t5v0__nand3_1)
   0.17    9.73 v integration_inst.quantizer_inst._11717_/ZN (gf180mcu_fd_sc_mcu9t5v0__clkinv_1)
   0.28   10.02 ^ integration_inst.quantizer_inst._11719_/ZN (gf180mcu_fd_sc_mcu9t5v0__oai21_1)
   0.20   10.22 v integration_inst.quantizer_inst._11730_/ZN (gf180mcu_fd_sc_mcu9t5v0__nand3_1)
   0.32   10.54 ^ integration_inst.quantizer_inst._11734_/ZN (gf180mcu_fd_sc_mcu9t5v0__aoi21_1)
   0.18   10.71 v integration_inst.quantizer_inst._11735_/ZN (gf180mcu_fd_sc_mcu9t5v0__nor2_1)
   0.29   11.00 ^ integration_inst.quantizer_inst._11864_/ZN (gf180mcu_fd_sc_mcu9t5v0__nor3_1)
   0.16   11.17 v integration_inst.quantizer_inst._11866_/ZN (gf180mcu_fd_sc_mcu9t5v0__nor3_1)
   0.27   11.43 ^ integration_inst.quantizer_inst._11870_/ZN (gf180mcu_fd_sc_mcu9t5v0__nor3_1)
   0.20   11.64 ^ integration_inst.quantizer_inst._12373_/Z (gf180mcu_fd_sc_mcu9t5v0__or2_1)
   0.14   11.78 v integration_inst.quantizer_inst._12395_/ZN (gf180mcu_fd_sc_mcu9t5v0__oai21_1)
   0.26   12.04 ^ integration_inst.quantizer_inst._12396_/ZN (gf180mcu_fd_sc_mcu9t5v0__aoi21_1)
   0.16   12.20 v integration_inst.quantizer_inst._12397_/ZN (gf180mcu_fd_sc_mcu9t5v0__oai21_1)
   0.26   12.46 ^ integration_inst.quantizer_inst._12398_/ZN (gf180mcu_fd_sc_mcu9t5v0__aoi21_1)
   0.16   12.62 v integration_inst.quantizer_inst._12399_/ZN (gf180mcu_fd_sc_mcu9t5v0__oai21_1)
   0.27   12.89 ^ integration_inst.quantizer_inst._12400_/ZN (gf180mcu_fd_sc_mcu9t5v0__aoi21_1)
   0.15   13.04 v integration_inst.quantizer_inst._12401_/ZN (gf180mcu_fd_sc_mcu9t5v0__oai21_1)
   0.23   13.27 ^ integration_inst.quantizer_inst._12402_/ZN (gf180mcu_fd_sc_mcu9t5v0__aoi21_1)
   0.14   13.41 v integration_inst.quantizer_inst._12403_/ZN (gf180mcu_fd_sc_mcu9t5v0__oai21_1)
   0.25   13.66 ^ integration_inst.quantizer_inst._12404_/ZN (gf180mcu_fd_sc_mcu9t5v0__aoi21_1)
   0.14   13.80 v integration_inst.quantizer_inst._12432_/ZN (gf180mcu_fd_sc_mcu9t5v0__oai21_1)
   0.23   14.02 ^ integration_inst.quantizer_inst._12433_/ZN (gf180mcu_fd_sc_mcu9t5v0__aoi21_1)
   0.14   14.16 v integration_inst.quantizer_inst._12434_/ZN (gf180mcu_fd_sc_mcu9t5v0__oai21_1)
   0.22   14.38 ^ integration_inst.quantizer_inst._12435_/ZN (gf180mcu_fd_sc_mcu9t5v0__aoi21_1)
   0.13   14.51 v integration_inst.quantizer_inst._12436_/ZN (gf180mcu_fd_sc_mcu9t5v0__oai21_1)
   0.23   14.74 ^ integration_inst.quantizer_inst._12437_/ZN (gf180mcu_fd_sc_mcu9t5v0__aoi21_1)
   0.14   14.88 v integration_inst.quantizer_inst._12438_/ZN (gf180mcu_fd_sc_mcu9t5v0__oai21_1)
   0.23   15.10 ^ integration_inst.quantizer_inst._12439_/ZN (gf180mcu_fd_sc_mcu9t5v0__aoi21_1)
   0.13   15.23 v integration_inst.quantizer_inst._12440_/ZN (gf180mcu_fd_sc_mcu9t5v0__oai21_1)
   0.22   15.45 ^ integration_inst.quantizer_inst._12441_/ZN (gf180mcu_fd_sc_mcu9t5v0__aoi21_1)
   0.16   15.61 v integration_inst.quantizer_inst._12442_/ZN (gf180mcu_fd_sc_mcu9t5v0__oai21_1)
   0.24   15.85 ^ integration_inst.quantizer_inst._12443_/ZN (gf180mcu_fd_sc_mcu9t5v0__aoi21_1)
   0.13   15.98 v integration_inst.quantizer_inst._12444_/ZN (gf180mcu_fd_sc_mcu9t5v0__oai21_1)
   0.28   16.27 ^ integration_inst.quantizer_inst._12445_/ZN (gf180mcu_fd_sc_mcu9t5v0__aoi21_1)
   0.19   16.46 v integration_inst.quantizer_inst._12446_/ZN (gf180mcu_fd_sc_mcu9t5v0__oai211_1)
   0.31   16.77 ^ integration_inst.quantizer_inst._12447_/ZN (gf180mcu_fd_sc_mcu9t5v0__aoi211_1)
   0.15   16.92 v integration_inst.quantizer_inst._12450_/ZN (gf180mcu_fd_sc_mcu9t5v0__oai21_1)
   0.22   17.14 ^ integration_inst.quantizer_inst._12451_/ZN (gf180mcu_fd_sc_mcu9t5v0__aoi21_1)
   0.09   17.24 v integration_inst.quantizer_inst._12452_/ZN (gf180mcu_fd_sc_mcu9t5v0__oai21_1)
   0.21   17.45 ^ integration_inst.quantizer_inst._12453_/ZN (gf180mcu_fd_sc_mcu9t5v0__aoi21_1)
   0.10   17.55 v integration_inst.quantizer_inst._12454_/ZN (gf180mcu_fd_sc_mcu9t5v0__oai21_1)
   0.10   17.65 ^ integration_inst.quantizer_inst._12457_/ZN (gf180mcu_fd_sc_mcu9t5v0__nand2_1)
   0.00   17.65 ^ integration_inst.quantizer_inst._14035_/D (gf180mcu_fd_sc_mcu9t5v0__dffrnq_1)
          17.65   data arrival time

  40.00   40.00   clock core_clock (rise edge)
   0.00   40.00   clock source latency
   0.00   40.00 ^ i_clk (in)
   0.18   40.18 ^ clkbuf_0_i_clk/Z (gf180mcu_fd_sc_mcu9t5v0__clkbuf_20)
   0.35   40.52 ^ clkbuf_2_2_0_i_clk/Z (gf180mcu_fd_sc_mcu9t5v0__clkbuf_20)
   0.22   40.75 ^ clkbuf_leaf_42_i_clk/Z (gf180mcu_fd_sc_mcu9t5v0__clkbuf_20)
   0.00   40.75 ^ integration_inst.quantizer_inst._14035_/CLK (gf180mcu_fd_sc_mcu9t5v0__dffrnq_1)
   0.00   40.75   clock reconvergence pessimism
  -0.14   40.61   library setup time
          40.61   data required time
---------------------------------------------------------
          40.61   data required time
         -17.65   data arrival time
---------------------------------------------------------
          22.96   slack (MET)



==========================================================================
global route report_checks -path_delay min reg to reg
--------------------------------------------------------------------------
Startpoint: integration_inst.reg_bank_inst._22034_
            (rising edge-triggered flip-flop clocked by core_clock)
Endpoint: integration_inst.quantizer_inst._13920_
          (removal check against rising-edge clock core_clock)
Path Group: asynchronous
Path Type: min

  Delay    Time   Description
---------------------------------------------------------
   0.00    0.00   clock core_clock (rise edge)
   0.00    0.00   clock source latency
   0.00    0.00 ^ i_clk (in)
   0.18    0.18 ^ clkbuf_0_i_clk/Z (gf180mcu_fd_sc_mcu9t5v0__clkbuf_20)
   0.34    0.52 ^ clkbuf_2_1_0_i_clk/Z (gf180mcu_fd_sc_mcu9t5v0__clkbuf_20)
   0.21    0.73 ^ clkbuf_leaf_33_i_clk/Z (gf180mcu_fd_sc_mcu9t5v0__clkbuf_20)
   0.00    0.73 ^ integration_inst.reg_bank_inst._22034_/CLK (gf180mcu_fd_sc_mcu9t5v0__dffrnq_1)
   0.64    1.37 ^ integration_inst.reg_bank_inst._22034_/Q (gf180mcu_fd_sc_mcu9t5v0__dffrnq_1)
   0.73    2.10 v integration_inst.reg_bank_inst._11436_/ZN (gf180mcu_fd_sc_mcu9t5v0__nand3_4)
   0.96    3.06 ^ integration_inst.reg_bank_inst._11437_/ZN (gf180mcu_fd_sc_mcu9t5v0__clkinv_12)
   0.02    3.09 ^ integration_inst.quantizer_inst._13920_/RN (gf180mcu_fd_sc_mcu9t5v0__dffrnq_1)
           3.09   data arrival time

   0.00    0.00   clock core_clock (rise edge)
   0.00    0.00   clock source latency
   0.00    0.00 ^ i_clk (in)
   0.18    0.18 ^ clkbuf_0_i_clk/Z (gf180mcu_fd_sc_mcu9t5v0__clkbuf_20)
   0.35    0.52 ^ clkbuf_2_2_0_i_clk/Z (gf180mcu_fd_sc_mcu9t5v0__clkbuf_20)
   0.23    0.75 ^ clkbuf_leaf_39_i_clk/Z (gf180mcu_fd_sc_mcu9t5v0__clkbuf_20)
   0.00    0.76 ^ integration_inst.quantizer_inst._13920_/CLK (gf180mcu_fd_sc_mcu9t5v0__dffrnq_1)
   0.00    0.76   clock reconvergence pessimism
   0.44    1.19   library removal time
           1.19   data required time
---------------------------------------------------------
           1.19   data required time
          -3.09   data arrival time
---------------------------------------------------------
           1.89   slack (MET)


Startpoint: integration_inst.reg_bank_inst._22134_
            (rising edge-triggered flip-flop clocked by core_clock)
Endpoint: integration_inst.reg_bank_inst._22136_
          (rising edge-triggered flip-flop clocked by core_clock)
Path Group: core_clock
Path Type: min

  Delay    Time   Description
---------------------------------------------------------
   0.00    0.00   clock core_clock (rise edge)
   0.00    0.00   clock source latency
   0.00    0.00 ^ i_clk (in)
   0.18    0.18 ^ clkbuf_0_i_clk/Z (gf180mcu_fd_sc_mcu9t5v0__clkbuf_20)
   0.34    0.51 ^ clkbuf_2_0_0_i_clk/Z (gf180mcu_fd_sc_mcu9t5v0__clkbuf_20)
   0.23    0.74 ^ clkbuf_leaf_47_i_clk/Z (gf180mcu_fd_sc_mcu9t5v0__clkbuf_20)
   0.00    0.74 ^ integration_inst.reg_bank_inst._22134_/CLK (gf180mcu_fd_sc_mcu9t5v0__dffrnq_1)
   0.39    1.13 v integration_inst.reg_bank_inst._22134_/Q (gf180mcu_fd_sc_mcu9t5v0__dffrnq_1)
   0.00    1.13 v integration_inst.reg_bank_inst._22136_/D (gf180mcu_fd_sc_mcu9t5v0__dffrnq_1)
           1.13   data arrival time

   0.00    0.00   clock core_clock (rise edge)
   0.00    0.00   clock source latency
   0.00    0.00 ^ i_clk (in)
   0.18    0.18 ^ clkbuf_0_i_clk/Z (gf180mcu_fd_sc_mcu9t5v0__clkbuf_20)
   0.35    0.52 ^ clkbuf_2_2_0_i_clk/Z (gf180mcu_fd_sc_mcu9t5v0__clkbuf_20)
   0.22    0.74 ^ clkbuf_leaf_34_i_clk/Z (gf180mcu_fd_sc_mcu9t5v0__clkbuf_20)
   0.00    0.75 ^ integration_inst.reg_bank_inst._22136_/CLK (gf180mcu_fd_sc_mcu9t5v0__dffrnq_1)
   0.00    0.75   clock reconvergence pessimism
   0.05    0.80   library hold time
           0.80   data required time
---------------------------------------------------------
           0.80   data required time
          -1.13   data arrival time
---------------------------------------------------------
           0.33   slack (MET)



==========================================================================
global route critical path target clock latency max path
--------------------------------------------------------------------------
0.7516

==========================================================================
global route critical path target clock latency min path
--------------------------------------------------------------------------
0.7516

==========================================================================
global route critical path source clock latency min path
--------------------------------------------------------------------------
1.1200

==========================================================================
global route critical path delay
--------------------------------------------------------------------------
17.6496

==========================================================================
global route critical path slack
--------------------------------------------------------------------------
22.9622

==========================================================================
global route slack div critical path delay
--------------------------------------------------------------------------
130.100399

==========================================================================
global route report_power
--------------------------------------------------------------------------
Group                  Internal  Switching    Leakage      Total
                          Power      Power      Power      Power (Watts)
----------------------------------------------------------------
Sequential             2.92e-02   3.79e-04   6.74e-07   2.96e-02  42.8%
Combinational          3.24e-03   3.21e-03   4.27e-06   6.45e-03   9.3%
Clock                  1.93e-02   1.37e-02   2.07e-07   3.30e-02  47.8%
Macro                  0.00e+00   0.00e+00   0.00e+00   0.00e+00   0.0%
Pad                    0.00e+00   0.00e+00   0.00e+00   0.00e+00   0.0%
----------------------------------------------------------------
Total                  5.17e-02   1.73e-02   5.15e-06   6.90e-02 100.0%
                          74.9%      25.1%       0.0%
