violation type: Short
	srcs: net:integration_inst.reg_bank_inst._02170_ net:net803
	bbox = (111.0195, 641.0600) - (111.0205, 641.3400) on Layer Metal2
violation type: Short
	srcs: net:integration_inst.reg_bank_inst._02170_ net:net803
	bbox = (111.0195, 641.0600) - (111.0205, 641.9000) on Layer Metal2
violation type: Short
	srcs: net:integration_inst.reg_bank_inst._02170_ net:net803
	bbox = (111.0200, 641.6200) - (111.3000, 641.9000) on Layer Metal2
violation type: Short
	srcs: net:integration_inst.reg_bank_inst._05917_ net:net803
	bbox = (111.2995, 642.1300) - (111.3005, 642.4600) on Layer Metal2
violation type: Short
	srcs: net:integration_inst.reg_bank_inst._05917_ net:net803
	bbox = (111.2995, 642.1800) - (111.3005, 642.4600) on Layer Metal2
violation type: Short
	srcs: net:integration_inst.reg_bank_inst._07937_ net:net1001
	bbox = (114.6595, 227.7800) - (114.6605, 228.0600) on Layer Metal2
violation type: Short
	srcs: net:integration_inst.reg_bank_inst._07937_ net:net1001
	bbox = (114.6595, 227.7800) - (114.6605, 228.1100) on Layer Metal2
violation type: Short
	srcs: net:integration_inst.reg_bank_inst._05197_ net:net1001
	bbox = (114.9395, 228.5700) - (114.9405, 228.6200) on Layer Metal2
violation type: Short
	srcs: net:integration_inst.reg_bank_inst._01841_ net:integration_inst.reg_bank_inst._02169_
	bbox = (114.9395, 641.6200) - (114.9405, 641.9500) on Layer Metal2
violation type: Short
	srcs: net:integration_inst.reg_bank_inst._01841_ net:integration_inst.reg_bank_inst._02169_
	bbox = (114.9400, 641.6200) - (115.2200, 641.9000) on Layer Metal2
violation type: Short
	srcs: net:integration_inst.reg_bank_inst._03778_ net:clknet_0_i_clk
	bbox = (458.8000, 521.5000) - (459.0800, 521.6900) on Layer Metal2
violation type: Short
	srcs: net:integration_inst.reg_bank_inst._03778_ net:clknet_0_i_clk
	bbox = (458.8600, 521.1700) - (459.0800, 521.6900) on Layer Metal2
violation type: Short
	srcs: net:integration_inst.reg_bank_inst._04095_ net:integration_inst.reg_bank_inst._06107_
	bbox = (112.9300, 229.7395) - (113.2600, 229.7405) on Layer Metal3
violation type: Short
	srcs: net:integration_inst.reg_bank_inst._04095_ net:integration_inst.reg_bank_inst._06107_
	bbox = (112.9800, 229.7395) - (113.2600, 229.7405) on Layer Metal3
violation type: Metal Spacing
	srcs: net:integration_inst.reg_bank_inst._02170_ net:integration_inst.reg_bank_inst._05917_
	bbox = (111.3000, 641.9000) - (111.5800, 642.1300) on Layer Metal2
violation type: Metal Spacing
	srcs: net:integration_inst.reg_bank_inst._07937_ net:net1001
	bbox = (114.3800, 228.1100) - (114.6600, 228.3400) on Layer Metal2
violation type: Metal Spacing
	srcs: net:integration_inst.reg_bank_inst._07937_ net:net808
	bbox = (114.6600, 227.5500) - (114.6600, 227.7300) on Layer Metal2
violation type: Metal Spacing
	srcs: net:integration_inst.reg_bank_inst._07937_ net:net808
	bbox = (114.6600, 227.5500) - (114.6600, 227.7800) on Layer Metal2
violation type: Metal Spacing
	srcs: net:net808 net:net1001
	bbox = (114.6600, 227.5500) - (114.9400, 227.7800) on Layer Metal2
violation type: Metal Spacing
	srcs: net:integration_inst.reg_bank_inst._01841_ net:integration_inst.reg_bank_inst._02169_
	bbox = (114.9400, 641.9500) - (114.9400, 642.1800) on Layer Metal2
violation type: Metal Spacing
	srcs: net:integration_inst.reg_bank_inst._03778_ net:clknet_0_i_clk
	bbox = (458.7800, 521.0600) - (458.8000, 521.1700) on Layer Metal2
violation type: Metal Spacing
	srcs: net:clknet_0_i_clk
	bbox = (458.7800, 521.0600) - (458.8000, 521.5000) on Layer Metal2
violation type: Metal Spacing
	srcs: net:integration_inst.reg_bank_inst._03778_ net:clknet_0_i_clk
	bbox = (458.8000, 521.0600) - (459.0800, 521.1700) on Layer Metal2
violation type: Metal Spacing
	srcs: net:clknet_0_i_clk
	bbox = (458.8000, 521.0600) - (459.0800, 521.5000) on Layer Metal2
violation type: Metal Spacing
	srcs: net:clknet_0_i_clk
	bbox = (458.8000, 521.0600) - (459.1400, 521.5000) on Layer Metal2
violation type: Metal Spacing
	srcs: net:integration_inst.reg_bank_inst._04095_ net:integration_inst.reg_bank_inst._06107_
	bbox = (112.7000, 229.4600) - (112.9300, 229.7400) on Layer Metal3
violation type: Metal Spacing
	srcs: net:integration_inst.reg_bank_inst._06107_ net:net808
	bbox = (114.3800, 227.2200) - (114.6100, 227.5000) on Layer Metal3
