┏━━━━━━━━━━━━━━━━━━━━━━┳━━━━━━━━━━┳━━━━━━━━━━┳━━━━━━━━━━┳━━━━━━━━━━┳━━━━━━━━━━━┳━━━━━━━━━━┳━━━━━━━━━━━┳━━━━━━━━━━┳━━━━━━━━━━━┳━━━━━━━━━━┳━━━━━━━━━━━┳━━━━━━━━━━┓
┃                      ┃ Hold     ┃ Reg to   ┃          ┃          ┃ of which  ┃ Setup    ┃           ┃          ┃           ┃ of which ┃           ┃          ┃
┃                      ┃ Worst    ┃ Reg      ┃          ┃ Hold Vio ┃ reg to    ┃ Worst    ┃ Reg to    ┃ Setup    ┃ Setup Vio ┃ reg to   ┃ Max Cap   ┃ Max Slew ┃
┃ Corner/Group         ┃ Slack    ┃ Paths    ┃ Hold TNS ┃ Count    ┃ reg       ┃ Slack    ┃ Reg Paths ┃ TNS      ┃ Count     ┃ reg      ┃ Violatio… ┃ Violati… ┃
┡━━━━━━━━━━━━━━━━━━━━━━╇━━━━━━━━━━╇━━━━━━━━━━╇━━━━━━━━━━╇━━━━━━━━━━╇━━━━━━━━━━━╇━━━━━━━━━━╇━━━━━━━━━━━╇━━━━━━━━━━╇━━━━━━━━━━━╇━━━━━━━━━━╇━━━━━━━━━━━╇━━━━━━━━━━┩
│ Overall              │ 0.3663   │ 0.3663   │ 0.0000   │ 0        │ 0         │ 5.4694   │ 5.4694    │ 0.0000   │ 0         │ 0        │ 0         │ 24       │
│ nom_tt_025C_3v30     │ 0.7057   │ 0.7355   │ 0.0000   │ 0        │ 0         │ 54.0063  │ 54.0063   │ 0.0000   │ 0         │ 0        │ 0         │ 0        │
│ min_ff_n40C_3v60     │ 0.3663   │ 0.3663   │ 0.0000   │ 0        │ 0         │ 74.1610  │ 74.1610   │ 0.0000   │ 0         │ 0        │ 0         │ 0        │
│ max_ss_125C_3v00     │ 1.2495   │ 1.6245   │ 0.0000   │ 0        │ 0         │ 5.4694   │ 5.4694    │ 0.0000   │ 0         │ 0        │ 0         │ 24       │
└──────────────────────┴──────────┴──────────┴──────────┴──────────┴───────────┴──────────┴───────────┴──────────┴───────────┴──────────┴───────────┴──────────┘
