┏━━━━━━━━━━━━━━━━━━━━━━┳━━━━━━━━━━┳━━━━━━━━━━┳━━━━━━━━━━┳━━━━━━━━━━┳━━━━━━━━━━━┳━━━━━━━━━━┳━━━━━━━━━━━┳━━━━━━━━━━┳━━━━━━━━━━━┳━━━━━━━━━━┳━━━━━━━━━━━┳━━━━━━━━━━┓
┃                      ┃ Hold     ┃ Reg to   ┃          ┃          ┃ of which  ┃ Setup    ┃           ┃          ┃           ┃ of which ┃           ┃          ┃
┃                      ┃ Worst    ┃ Reg      ┃          ┃ Hold Vio ┃ reg to    ┃ Worst    ┃ Reg to    ┃ Setup    ┃ Setup Vio ┃ reg to   ┃ Max Cap   ┃ Max Slew ┃
┃ Corner/Group         ┃ Slack    ┃ Paths    ┃ Hold TNS ┃ Count    ┃ reg       ┃ Slack    ┃ Reg Paths ┃ TNS      ┃ Count     ┃ reg      ┃ Violatio… ┃ Violati… ┃
┡━━━━━━━━━━━━━━━━━━━━━━╇━━━━━━━━━━╇━━━━━━━━━━╇━━━━━━━━━━╇━━━━━━━━━━╇━━━━━━━━━━━╇━━━━━━━━━━╇━━━━━━━━━━━╇━━━━━━━━━━╇━━━━━━━━━━━╇━━━━━━━━━━╇━━━━━━━━━━━╇━━━━━━━━━━┩
│ Overall              │ 0.3606   │ 0.3606   │ 0.0000   │ 0        │ 0         │ 3.4942   │ 3.4942    │ 0.0000   │ 0         │ 0        │ 0         │ 53       │
│ nom_tt_025C_3v30     │ 0.4846   │ 0.7240   │ 0.0000   │ 0        │ 0         │ 53.1403  │ 53.1403   │ 0.0000   │ 0         │ 0        │ 0         │ 0        │
│ min_ff_n40C_3v60     │ 0.3606   │ 0.3606   │ 0.0000   │ 0        │ 0         │ 73.6944  │ 73.6944   │ 0.0000   │ 0         │ 0        │ 0         │ 0        │
│ max_ss_125C_3v00     │ 0.7561   │ 1.5981   │ 0.0000   │ 0        │ 0         │ 3.4942   │ 3.4942    │ 0.0000   │ 0         │ 0        │ 0         │ 53       │
└──────────────────────┴──────────┴──────────┴──────────┴──────────┴───────────┴──────────┴───────────┴──────────┴───────────┴──────────┴───────────┴──────────┘
