154. Printing statistics.

=== A37_A ===

        +----------Local Count, excluding submodules.
        |        +-Local Area, excluding submodules.
        |        | 
    24148        - wires
    26862        - wire bits
      186        - public wires
     1537        - public wire bits
       19        - ports
       19        - port bits
    25622  9.6E+04 cells
     5882        -   $_ANDNOT_
      301        -   $_AND_
     6457        -   $_MUX_
      449        -   $_NAND_
     1673        -   $_NOR_
     1221        -   $_NOT_
     1020        -   $_ORNOT_
     3420        -   $_OR_
     1457        -   $_XNOR_
     2451        -   $_XOR_
       38  2419.11   gf180mcu_fd_sc_mcu7t5v0__dffq_1
     1249 9.32E+04   gf180mcu_fd_sc_mcu7t5v0__dffrnq_1
        4  316.109   gf180mcu_fd_sc_mcu7t5v0__dffsnq_1

   Area for cell type $_ANDNOT_ is unknown!
   Area for cell type $_AND_ is unknown!
   Area for cell type $_MUX_ is unknown!
   Area for cell type $_NAND_ is unknown!
   Area for cell type $_NOR_ is unknown!
   Area for cell type $_NOT_ is unknown!
   Area for cell type $_ORNOT_ is unknown!
   Area for cell type $_OR_ is unknown!
   Area for cell type $_XNOR_ is unknown!
   Area for cell type $_XOR_ is unknown!

   Chip area for module '\A37_A': 95956.582400
     of which used for sequential elements: 95956.582400 (100.00%)

