
===========================================================================
report_checks -unconstrained
===========================================================================
======================= nom_tt_025C_3v30 Corner ===================================

Startpoint: _36341_ (rising edge-triggered flip-flop clocked by i_clk)
Endpoint: _35763_ (recovery check against rising-edge clock i_clk)
Path Group: asynchronous
Path Type: max

Fanout         Cap        Slew       Delay        Time   Description
---------------------------------------------------------------------------------------------
                                  0.000000    0.000000   clock i_clk (rise edge)
                                  0.000000    0.000000   clock source latency
     1    0.076889    0.000000    0.000000    0.000000 ^ i_clk (in)
                                                         i_clk (net)
                      0.020075    0.008211    0.008211 ^ clkbuf_0_i_clk/I (gf180mcu_fd_sc_mcu7t5v0__clkbuf_16)
     4    0.113518    0.239192    0.362995    0.371206 ^ clkbuf_0_i_clk/Z (gf180mcu_fd_sc_mcu7t5v0__clkbuf_16)
                                                         clknet_0_i_clk (net)
                      0.239224    0.004230    0.375436 ^ clkbuf_2_0_0_i_clk/I (gf180mcu_fd_sc_mcu7t5v0__clkbuf_8)
     2    0.057568    0.238568    0.408417    0.783853 ^ clkbuf_2_0_0_i_clk/Z (gf180mcu_fd_sc_mcu7t5v0__clkbuf_8)
                                                         clknet_2_0_0_i_clk (net)
                      0.238568    0.000878    0.784732 ^ clkbuf_3_1__f_i_clk/I (gf180mcu_fd_sc_mcu7t5v0__clkbuf_16)
    12    0.190918    0.341218    0.485600    1.270331 ^ clkbuf_3_1__f_i_clk/Z (gf180mcu_fd_sc_mcu7t5v0__clkbuf_16)
                                                         clknet_3_1__leaf_i_clk (net)
                      0.341236    0.003753    1.274085 ^ clkbuf_leaf_80_i_clk/I (gf180mcu_fd_sc_mcu7t5v0__clkbuf_8)
    18    0.077672    0.291680    0.468310    1.742394 ^ clkbuf_leaf_80_i_clk/Z (gf180mcu_fd_sc_mcu7t5v0__clkbuf_8)
                                                         clknet_leaf_80_i_clk (net)
                      0.291680    0.000284    1.742678 ^ _36341_/CLK (gf180mcu_fd_sc_mcu7t5v0__dffrnq_4)
     4    0.026000    0.208722    1.228660    2.971338 v _36341_/Q (gf180mcu_fd_sc_mcu7t5v0__dffrnq_4)
                                                         u_integration_final.integration_inst.quant_ip_reset (net)
                      0.208722    0.000039    2.971377 v max_length2518/I (gf180mcu_fd_sc_mcu7t5v0__buf_2)
     3    0.023680    0.210255    0.398843    3.370220 v max_length2518/Z (gf180mcu_fd_sc_mcu7t5v0__buf_2)
                                                         net2518 (net)
                      0.210255    0.000577    3.370797 v wire2517/I (gf180mcu_fd_sc_mcu7t5v0__buf_2)
     4    0.044421    0.323094    0.482473    3.853270 v wire2517/Z (gf180mcu_fd_sc_mcu7t5v0__buf_2)
                                                         net2517 (net)
                      0.323106    0.001078    3.854348 v wire2516/I (gf180mcu_fd_sc_mcu7t5v0__clkbuf_8)
    13    0.138836    0.436154    0.616485    4.470833 v wire2516/Z (gf180mcu_fd_sc_mcu7t5v0__clkbuf_8)
                                                         net2516 (net)
                      0.436166    0.001257    4.472089 v _17686_/I (gf180mcu_fd_sc_mcu7t5v0__inv_4)
     1    0.008001    0.156450    0.181200    4.653290 ^ _17686_/ZN (gf180mcu_fd_sc_mcu7t5v0__inv_4)
                                                         _10856_ (net)
                      0.156450    0.000080    4.653370 ^ wire2388/I (gf180mcu_fd_sc_mcu7t5v0__buf_2)
     3    0.039754    0.509484    0.477149    5.130519 ^ wire2388/Z (gf180mcu_fd_sc_mcu7t5v0__buf_2)
                                                         net2388 (net)
                      0.509489    0.000919    5.131438 ^ wire2382/I (gf180mcu_fd_sc_mcu7t5v0__buf_2)
     3    0.048806    0.614558    0.594306    5.725744 ^ wire2382/Z (gf180mcu_fd_sc_mcu7t5v0__buf_2)
                                                         net2382 (net)
                      0.614565    0.001175    5.726919 ^ max_length2381/I (gf180mcu_fd_sc_mcu7t5v0__clkbuf_1)
     2    0.016932    0.458697    0.530034    6.256953 ^ max_length2381/Z (gf180mcu_fd_sc_mcu7t5v0__clkbuf_1)
                                                         net2381 (net)
                      0.458697    0.000146    6.257099 ^ max_length2380/I (gf180mcu_fd_sc_mcu7t5v0__buf_2)
     3    0.040055    0.514280    0.529184    6.786283 ^ max_length2380/Z (gf180mcu_fd_sc_mcu7t5v0__buf_2)
                                                         net2380 (net)
                      0.514283    0.000714    6.786997 ^ _17911_/A1 (gf180mcu_fd_sc_mcu7t5v0__nand2_4)
     3    0.018551    0.236386    0.185761    6.972758 v _17911_/ZN (gf180mcu_fd_sc_mcu7t5v0__nand2_4)
                                                         _11081_ (net)
                      0.236386    0.000026    6.972784 v max_length1948/I (gf180mcu_fd_sc_mcu7t5v0__clkbuf_1)
     1    0.009476    0.246143    0.377706    7.350490 v max_length1948/Z (gf180mcu_fd_sc_mcu7t5v0__clkbuf_1)
                                                         net1948 (net)
                      0.246143    0.000194    7.350684 v wire1947/I (gf180mcu_fd_sc_mcu7t5v0__buf_1)
     2    0.022972    0.352389    0.550227    7.900910 v wire1947/Z (gf180mcu_fd_sc_mcu7t5v0__buf_1)
                                                         net1947 (net)
                      0.352393    0.000664    7.901575 v wire1946/I (gf180mcu_fd_sc_mcu7t5v0__buf_3)
    13    0.075071    0.376787    0.623012    8.524587 v wire1946/Z (gf180mcu_fd_sc_mcu7t5v0__buf_3)
                                                         net1946 (net)
                      0.376808    0.001594    8.526181 v wire1935/I (gf180mcu_fd_sc_mcu7t5v0__buf_3)
    16    0.083713    0.408403    0.655578    9.181759 v wire1935/Z (gf180mcu_fd_sc_mcu7t5v0__buf_3)
                                                         net1935 (net)
                      0.408420    0.001501    9.183260 v max_length1934/I (gf180mcu_fd_sc_mcu7t5v0__buf_2)
     8    0.045932    0.333403    0.550699    9.733959 v max_length1934/Z (gf180mcu_fd_sc_mcu7t5v0__buf_2)
                                                         net1934 (net)
                      0.333412    0.000950    9.734909 v wire1932/I (gf180mcu_fd_sc_mcu7t5v0__buf_2)
    10    0.056846    0.391593    0.571432   10.306341 v wire1932/Z (gf180mcu_fd_sc_mcu7t5v0__buf_2)
                                                         net1932 (net)
                      0.391600    0.000943   10.307284 v max_length1931/I (gf180mcu_fd_sc_mcu7t5v0__clkbuf_4)
    11    0.064953    0.397049    0.608959   10.916244 v max_length1931/Z (gf180mcu_fd_sc_mcu7t5v0__clkbuf_4)
                                                         net1931 (net)
                      0.397073    0.001708   10.917952 v wire1927/I (gf180mcu_fd_sc_mcu7t5v0__buf_3)
    13    0.076635    0.382942    0.641895   11.559846 v wire1927/Z (gf180mcu_fd_sc_mcu7t5v0__buf_3)
                                                         net1927 (net)
                      0.382955    0.001283   11.561129 v max_length1926/I (gf180mcu_fd_sc_mcu7t5v0__buf_4)
    15    0.084962    0.308700    0.506632   12.067760 v max_length1926/Z (gf180mcu_fd_sc_mcu7t5v0__buf_4)
                                                         net1926 (net)
                      0.308702    0.000376   12.068136 v max_length1925/I (gf180mcu_fd_sc_mcu7t5v0__buf_4)
     7    0.038718    0.179809    0.389346   12.457482 v max_length1925/Z (gf180mcu_fd_sc_mcu7t5v0__buf_4)
                                                         net1925 (net)
                      0.179810    0.000311   12.457793 v max_length1924/I (gf180mcu_fd_sc_mcu7t5v0__buf_2)
    10    0.053178    0.371910    0.508121   12.965914 v max_length1924/Z (gf180mcu_fd_sc_mcu7t5v0__buf_2)
                                                         net1924 (net)
                      0.371914    0.000720   12.966635 v max_length1923/I (gf180mcu_fd_sc_mcu7t5v0__buf_2)
     9    0.047921    0.343860    0.547488   13.514123 v max_length1923/Z (gf180mcu_fd_sc_mcu7t5v0__buf_2)
                                                         net1923 (net)
                      0.343867    0.000880   13.515003 v _35265_/I (gf180mcu_fd_sc_mcu7t5v0__clkinv_1)
     1    0.007645    0.276247    0.250801   13.765804 ^ _35265_/ZN (gf180mcu_fd_sc_mcu7t5v0__clkinv_1)
                                                         _00524_ (net)
                      0.276247    0.000017   13.765821 ^ _35763_/RN (gf180mcu_fd_sc_mcu7t5v0__dffrnq_1)
                                             13.765821   data arrival time

                                100.000000  100.000000   clock i_clk (rise edge)
                                  0.000000  100.000000   clock source latency
     1    0.076889    0.000000    0.000000  100.000000 ^ i_clk (in)
                                                         i_clk (net)
                      0.020075    0.008214  100.008209 ^ clkbuf_0_i_clk/I (gf180mcu_fd_sc_mcu7t5v0__clkbuf_16)
     4    0.113518    0.239192    0.362995  100.371208 ^ clkbuf_0_i_clk/Z (gf180mcu_fd_sc_mcu7t5v0__clkbuf_16)
                                                         clknet_0_i_clk (net)
                      0.239221    0.004007  100.375214 ^ clkbuf_2_3_0_i_clk/I (gf180mcu_fd_sc_mcu7t5v0__clkbuf_8)
     2    0.057659    0.238662    0.408349  100.783562 ^ clkbuf_2_3_0_i_clk/Z (gf180mcu_fd_sc_mcu7t5v0__clkbuf_8)
                                                         clknet_2_3_0_i_clk (net)
                      0.238663    0.001357  100.784920 ^ clkbuf_3_6__f_i_clk/I (gf180mcu_fd_sc_mcu7t5v0__clkbuf_16)
    17    0.263450    0.442287    0.547281  101.332199 ^ clkbuf_3_6__f_i_clk/Z (gf180mcu_fd_sc_mcu7t5v0__clkbuf_16)
                                                         clknet_3_6__leaf_i_clk (net)
                      0.442297    0.003041  101.335243 ^ clkbuf_leaf_32_i_clk/I (gf180mcu_fd_sc_mcu7t5v0__clkbuf_8)
    15    0.072014    0.279217    0.478018  101.813263 ^ clkbuf_leaf_32_i_clk/Z (gf180mcu_fd_sc_mcu7t5v0__clkbuf_8)
                                                         clknet_leaf_32_i_clk (net)
                      0.279217    0.000298  101.813560 ^ _35763_/CLK (gf180mcu_fd_sc_mcu7t5v0__dffrnq_1)
                                 -0.500000  101.313553   clock uncertainty
                                  0.000000  101.313553   clock reconvergence pessimism
                                  0.389655  101.703209   library recovery time
                                            101.703209   data required time
---------------------------------------------------------------------------------------------
                                            101.703209   data required time
                                            -13.765821   data arrival time
---------------------------------------------------------------------------------------------
                                             87.937393   slack (MET)


Startpoint: _36275_ (rising edge-triggered flip-flop clocked by i_clk)
Endpoint: _36498_ (rising edge-triggered flip-flop clocked by i_clk)
Path Group: i_clk
Path Type: max

Fanout         Cap        Slew       Delay        Time   Description
---------------------------------------------------------------------------------------------
                                  0.000000    0.000000   clock i_clk (rise edge)
                                  0.000000    0.000000   clock source latency
     1    0.076889    0.000000    0.000000    0.000000 ^ i_clk (in)
                                                         i_clk (net)
                      0.020075    0.008211    0.008211 ^ clkbuf_0_i_clk/I (gf180mcu_fd_sc_mcu7t5v0__clkbuf_16)
     4    0.113518    0.239192    0.362995    0.371206 ^ clkbuf_0_i_clk/Z (gf180mcu_fd_sc_mcu7t5v0__clkbuf_16)
                                                         clknet_0_i_clk (net)
                      0.239207    0.002947    0.374153 ^ clkbuf_2_2_0_i_clk/I (gf180mcu_fd_sc_mcu7t5v0__clkbuf_8)
     2    0.058131    0.239962    0.409369    0.783522 ^ clkbuf_2_2_0_i_clk/Z (gf180mcu_fd_sc_mcu7t5v0__clkbuf_8)
                                                         clknet_2_2_0_i_clk (net)
                      0.239962    0.001010    0.784532 ^ clkbuf_3_4__f_i_clk/I (gf180mcu_fd_sc_mcu7t5v0__clkbuf_16)
    11    0.219228    0.381341    0.510700    1.295232 ^ clkbuf_3_4__f_i_clk/Z (gf180mcu_fd_sc_mcu7t5v0__clkbuf_16)
                                                         clknet_3_4__leaf_i_clk (net)
                      0.381342    0.000632    1.295865 ^ clkbuf_leaf_60_i_clk/I (gf180mcu_fd_sc_mcu7t5v0__clkbuf_8)
    11    0.073265    0.281201    0.468197    1.764062 ^ clkbuf_leaf_60_i_clk/Z (gf180mcu_fd_sc_mcu7t5v0__clkbuf_8)
                                                         clknet_leaf_60_i_clk (net)
                      0.281201    0.000106    1.764168 ^ _36275_/CLK (gf180mcu_fd_sc_mcu7t5v0__dffrnq_2)
     9    0.120255    1.451887    2.142596    3.906764 ^ _36275_/Q (gf180mcu_fd_sc_mcu7t5v0__dffrnq_2)
                                                         u_integration_final.integration_inst.reg_bank_inst.rows_a[0] (net)
                      1.451887    0.000663    3.907427 ^ _17689_/I (gf180mcu_fd_sc_mcu7t5v0__clkinv_1)
     7    0.099855    2.085209    1.609755    5.517181 v _17689_/ZN (gf180mcu_fd_sc_mcu7t5v0__clkinv_1)
                                                         _10859_ (net)
                      2.085209    0.000318    5.517499 v _25087_/A1 (gf180mcu_fd_sc_mcu7t5v0__nor3_4)
     1    0.005027    0.550667    0.691293    6.208792 ^ _25087_/ZN (gf180mcu_fd_sc_mcu7t5v0__nor3_4)
                                                         _01889_ (net)
                      0.550667    0.000041    6.208834 ^ wire1707/I (gf180mcu_fd_sc_mcu7t5v0__buf_1)
     3    0.021848    0.579022    0.586655    6.795489 ^ wire1707/Z (gf180mcu_fd_sc_mcu7t5v0__buf_1)
                                                         net1707 (net)
                      0.579022    0.000550    6.796039 ^ wire1705/I (gf180mcu_fd_sc_mcu7t5v0__clkbuf_1)
     2    0.022012    0.573242    0.593410    7.389448 ^ wire1705/Z (gf180mcu_fd_sc_mcu7t5v0__clkbuf_1)
                                                         net1705 (net)
                      0.573244    0.000624    7.390073 ^ wire1704/I (gf180mcu_fd_sc_mcu7t5v0__clkbuf_1)
     2    0.021016    0.550638    0.579079    7.969152 ^ wire1704/Z (gf180mcu_fd_sc_mcu7t5v0__clkbuf_1)
                                                         net1704 (net)
                      0.550641    0.000700    7.969851 ^ wire1703/I (gf180mcu_fd_sc_mcu7t5v0__buf_2)
     7    0.041612    0.532858    0.550972    8.520823 ^ wire1703/Z (gf180mcu_fd_sc_mcu7t5v0__buf_2)
                                                         net1703 (net)
                      0.532858    0.000425    8.521249 ^ max_length1702/I (gf180mcu_fd_sc_mcu7t5v0__buf_2)
     4    0.026860    0.364907    0.449436    8.970685 ^ max_length1702/Z (gf180mcu_fd_sc_mcu7t5v0__buf_2)
                                                         net1702 (net)
                      0.364908    0.000534    8.971219 ^ wire1699/I (gf180mcu_fd_sc_mcu7t5v0__buf_2)
     8    0.048157    0.606209    0.572705    9.543924 ^ wire1699/Z (gf180mcu_fd_sc_mcu7t5v0__buf_2)
                                                         net1699 (net)
                      0.606209    0.000238    9.544162 ^ _26770_/A2 (gf180mcu_fd_sc_mcu7t5v0__aoi221_1)
     1    0.012126    0.603695    0.358397    9.902559 v _26770_/ZN (gf180mcu_fd_sc_mcu7t5v0__aoi221_1)
                                                         _03525_ (net)
                      0.603695    0.000255    9.902814 v _26771_/B2 (gf180mcu_fd_sc_mcu7t5v0__aoi22_1)
     1    0.006920    0.679404    0.639242   10.542055 ^ _26771_/ZN (gf180mcu_fd_sc_mcu7t5v0__aoi22_1)
                                                         _03526_ (net)
                      0.679404    0.000066   10.542121 ^ _26772_/B (gf180mcu_fd_sc_mcu7t5v0__aoi21_1)
     1    0.017802    0.575218    0.505970   11.048091 v _26772_/ZN (gf180mcu_fd_sc_mcu7t5v0__aoi21_1)
                                                         _03527_ (net)
                      0.575218    0.000022   11.048113 v _26774_/B1 (gf180mcu_fd_sc_mcu7t5v0__aoi221_4)
     1    0.015680    0.975928    0.797483   11.845596 ^ _26774_/ZN (gf180mcu_fd_sc_mcu7t5v0__aoi221_4)
                                                         _03529_ (net)
                      0.975928    0.000465   11.846062 ^ wire764/I (gf180mcu_fd_sc_mcu7t5v0__clkbuf_1)
     1    0.016567    0.453038    0.557542   12.403603 ^ wire764/Z (gf180mcu_fd_sc_mcu7t5v0__clkbuf_1)
                                                         net764 (net)
                      0.453039    0.000499   12.404102 ^ wire763/I (gf180mcu_fd_sc_mcu7t5v0__buf_2)
     1    0.018865    0.276036    0.385311   12.789413 ^ wire763/Z (gf180mcu_fd_sc_mcu7t5v0__buf_2)
                                                         net763 (net)
                      0.276036    0.000662   12.790075 ^ wire762/I (gf180mcu_fd_sc_mcu7t5v0__buf_2)
     2    0.018500    0.269887    0.360134   13.150209 ^ wire762/Z (gf180mcu_fd_sc_mcu7t5v0__buf_2)
                                                         net762 (net)
                      0.269887    0.000446   13.150655 ^ max_length761/I (gf180mcu_fd_sc_mcu7t5v0__clkbuf_1)
     2    0.017704    0.474383    0.490923   13.641578 ^ max_length761/Z (gf180mcu_fd_sc_mcu7t5v0__clkbuf_1)
                                                         net761 (net)
                      0.474383    0.000399   13.641976 ^ wire759/I (gf180mcu_fd_sc_mcu7t5v0__clkbuf_4)
    11    0.062628    0.421712    0.596101   14.238078 ^ wire759/Z (gf180mcu_fd_sc_mcu7t5v0__clkbuf_4)
                                                         net759 (net)
                      0.421712    0.000369   14.238446 ^ _26775_/A2 (gf180mcu_fd_sc_mcu7t5v0__nand2_1)
     3    0.019393    0.537620    0.362248   14.600695 v _26775_/ZN (gf180mcu_fd_sc_mcu7t5v0__nand2_1)
                                                         _03530_ (net)
                      0.537620    0.000011   14.600705 v _26866_/A1 (gf180mcu_fd_sc_mcu7t5v0__xnor2_1)
     2    0.012645    0.437487    0.735790   15.336495 v _26866_/ZN (gf180mcu_fd_sc_mcu7t5v0__xnor2_1)
                                                         _03620_ (net)
                      0.437487    0.000023   15.336518 v _26906_/B1 (gf180mcu_fd_sc_mcu7t5v0__oai22_1)
     2    0.014979    1.212817    0.833689   16.170206 ^ _26906_/ZN (gf180mcu_fd_sc_mcu7t5v0__oai22_1)
                                                         _03659_ (net)
                      1.212817    0.000201   16.170408 ^ _26913_/A1 (gf180mcu_fd_sc_mcu7t5v0__xnor2_1)
     2    0.012723    0.903134    0.717270   16.887678 ^ _26913_/ZN (gf180mcu_fd_sc_mcu7t5v0__xnor2_1)
                                                         _03666_ (net)
                      0.903134    0.000014   16.887691 ^ _26914_/A2 (gf180mcu_fd_sc_mcu7t5v0__xor2_1)
     2    0.012842    0.868240    0.766082   17.653774 ^ _26914_/Z (gf180mcu_fd_sc_mcu7t5v0__xor2_1)
                                                         _03667_ (net)
                      0.868240    0.000059   17.653833 ^ _26916_/A2 (gf180mcu_fd_sc_mcu7t5v0__xor2_1)
     2    0.013936    0.915325    0.793783   18.447615 ^ _26916_/Z (gf180mcu_fd_sc_mcu7t5v0__xor2_1)
                                                         _03669_ (net)
                      0.915325    0.000107   18.447721 ^ _26917_/A2 (gf180mcu_fd_sc_mcu7t5v0__xor2_1)
     2    0.012577    0.855664    0.759416   19.207138 ^ _26917_/Z (gf180mcu_fd_sc_mcu7t5v0__xor2_1)
                                                         _03670_ (net)
                      0.855664    0.000027   19.207165 ^ _26919_/A2 (gf180mcu_fd_sc_mcu7t5v0__xor2_1)
     2    0.014184    0.925876    0.800020   20.007185 ^ _26919_/Z (gf180mcu_fd_sc_mcu7t5v0__xor2_1)
                                                         _03672_ (net)
                      0.925876    0.000119   20.007303 ^ _26939_/A1 (gf180mcu_fd_sc_mcu7t5v0__xor2_1)
     3    0.015602    0.988627    0.907630   20.914932 ^ _26939_/Z (gf180mcu_fd_sc_mcu7t5v0__xor2_1)
                                                         _03692_ (net)
                      0.988627    0.000089   20.915022 ^ _26946_/A2 (gf180mcu_fd_sc_mcu7t5v0__xnor3_1)
     2    0.013689    0.959255    1.586553   22.501575 ^ _26946_/ZN (gf180mcu_fd_sc_mcu7t5v0__xnor3_1)
                                                         _03699_ (net)
                      0.959255    0.000048   22.501623 ^ _26947_/A2 (gf180mcu_fd_sc_mcu7t5v0__xor2_1)
     2    0.012290    0.844925    0.752589   23.254211 ^ _26947_/Z (gf180mcu_fd_sc_mcu7t5v0__xor2_1)
                                                         _03700_ (net)
                      0.844925    0.000018   23.254229 ^ _26949_/A2 (gf180mcu_fd_sc_mcu7t5v0__xor2_1)
     3    0.017683    1.081910    0.889502   24.143732 ^ _26949_/Z (gf180mcu_fd_sc_mcu7t5v0__xor2_1)
                                                         _03702_ (net)
                      1.081910    0.000082   24.143812 ^ _27025_/B2 (gf180mcu_fd_sc_mcu7t5v0__aoi221_1)
     2    0.009937    0.638498    0.488516   24.632328 v _27025_/ZN (gf180mcu_fd_sc_mcu7t5v0__aoi221_1)
                                                         _03777_ (net)
                      0.638498    0.000052   24.632380 v _27028_/A3 (gf180mcu_fd_sc_mcu7t5v0__oai31_1)
     2    0.013642    1.495771    1.086521   25.718901 ^ _27028_/ZN (gf180mcu_fd_sc_mcu7t5v0__oai31_1)
                                                         _03779_ (net)
                      1.495771    0.000066   25.718967 ^ _27105_/A1 (gf180mcu_fd_sc_mcu7t5v0__aoi21_1)
     2    0.013542    0.610940    0.409663   26.128632 v _27105_/ZN (gf180mcu_fd_sc_mcu7t5v0__aoi21_1)
                                                         _03855_ (net)
                      0.610940    0.000059   26.128689 v _27190_/A1 (gf180mcu_fd_sc_mcu7t5v0__oai21_1)
     2    0.013230    0.809267    0.650420   26.779110 ^ _27190_/ZN (gf180mcu_fd_sc_mcu7t5v0__oai21_1)
                                                         _03939_ (net)
                      0.809267    0.000036   26.779144 ^ _27283_/A1 (gf180mcu_fd_sc_mcu7t5v0__aoi21_1)
     3    0.018513    0.553213    0.439707   27.218851 v _27283_/ZN (gf180mcu_fd_sc_mcu7t5v0__aoi21_1)
                                                         _04031_ (net)
                      0.553213    0.000083   27.218935 v _27484_/A1 (gf180mcu_fd_sc_mcu7t5v0__oai31_1)
     3    0.022328    2.136037    1.358442   28.577377 ^ _27484_/ZN (gf180mcu_fd_sc_mcu7t5v0__oai31_1)
                                                         _04230_ (net)
                      2.136037    0.000385   28.577763 ^ _27699_/A1 (gf180mcu_fd_sc_mcu7t5v0__nand3_1)
     2    0.011172    0.785849    0.504372   29.082134 v _27699_/ZN (gf180mcu_fd_sc_mcu7t5v0__nand3_1)
                                                         _04443_ (net)
                      0.785849    0.000068   29.082203 v _27943_/A1 (gf180mcu_fd_sc_mcu7t5v0__aoi211_1)
     2    0.012012    1.287849    0.851657   29.933859 ^ _27943_/ZN (gf180mcu_fd_sc_mcu7t5v0__aoi211_1)
                                                         _04685_ (net)
                      1.287849    0.000131   29.933990 ^ _28199_/A1 (gf180mcu_fd_sc_mcu7t5v0__oai211_1)
     2    0.015944    0.765464    0.582361   30.516352 v _28199_/ZN (gf180mcu_fd_sc_mcu7t5v0__oai211_1)
                                                         _04939_ (net)
                      0.765464    0.000458   30.516809 v _28314_/A1 (gf180mcu_fd_sc_mcu7t5v0__aoi21_1)
     3    0.026837    1.482847    1.024361   31.541170 ^ _28314_/ZN (gf180mcu_fd_sc_mcu7t5v0__aoi21_1)
                                                         _05054_ (net)
                      1.482847    0.000114   31.541285 ^ _28536_/B3 (gf180mcu_fd_sc_mcu7t5v0__oai33_4)
     3    0.022767    0.620840    0.457174   31.998459 v _28536_/ZN (gf180mcu_fd_sc_mcu7t5v0__oai33_4)
                                                         _05274_ (net)
                      0.620840    0.000430   31.998888 v _28741_/A2 (gf180mcu_fd_sc_mcu7t5v0__oai211_1)
     2    0.010241    0.750179    0.602096   32.600983 ^ _28741_/ZN (gf180mcu_fd_sc_mcu7t5v0__oai211_1)
                                                         _05477_ (net)
                      0.750179    0.000050   32.601032 ^ _28743_/A3 (gf180mcu_fd_sc_mcu7t5v0__nand3_1)
     2    0.011860    0.532044    0.378055   32.979088 v _28743_/ZN (gf180mcu_fd_sc_mcu7t5v0__nand3_1)
                                                         _05479_ (net)
                      0.532044    0.000160   32.979248 v _28839_/A2 (gf180mcu_fd_sc_mcu7t5v0__aoi21_1)
     3    0.015530    0.974576    0.719830   33.699078 ^ _28839_/ZN (gf180mcu_fd_sc_mcu7t5v0__aoi21_1)
                                                         _05574_ (net)
                      0.974576    0.000096   33.699173 ^ _28924_/A2 (gf180mcu_fd_sc_mcu7t5v0__oai21_1)
     2    0.008807    0.457664    0.349264   34.048439 v _28924_/ZN (gf180mcu_fd_sc_mcu7t5v0__oai21_1)
                                                         _05658_ (net)
                      0.457664    0.000025   34.048462 v _29010_/A2 (gf180mcu_fd_sc_mcu7t5v0__aoi21_1)
     3    0.019464    1.120567    0.797410   34.845875 ^ _29010_/ZN (gf180mcu_fd_sc_mcu7t5v0__aoi21_1)
                                                         _05743_ (net)
                      1.120567    0.000362   34.846237 ^ _29092_/A2 (gf180mcu_fd_sc_mcu7t5v0__oai21_1)
     4    0.018652    0.665113    0.520188   35.366425 v _29092_/ZN (gf180mcu_fd_sc_mcu7t5v0__oai21_1)
                                                         _05824_ (net)
                      0.665113    0.000124   35.366547 v _29301_/A1 (gf180mcu_fd_sc_mcu7t5v0__aoi211_1)
     2    0.013519    1.387360    0.870493   36.237041 ^ _29301_/ZN (gf180mcu_fd_sc_mcu7t5v0__aoi211_1)
                                                         _06030_ (net)
                      1.387360    0.000195   36.237236 ^ _29419_/A1 (gf180mcu_fd_sc_mcu7t5v0__oai21_1)
     2    0.011958    0.566606    0.381121   36.618359 v _29419_/ZN (gf180mcu_fd_sc_mcu7t5v0__oai21_1)
                                                         _06145_ (net)
                      0.566606    0.000103   36.618462 v _29510_/A1 (gf180mcu_fd_sc_mcu7t5v0__aoi21_1)
     1    0.004954    0.517702    0.406615   37.025074 ^ _29510_/ZN (gf180mcu_fd_sc_mcu7t5v0__aoi21_1)
                                                         _06234_ (net)
                      0.517702    0.000011   37.025085 ^ _29511_/B1 (gf180mcu_fd_sc_mcu7t5v0__aoi221_1)
     2    0.012852    0.698143    0.502098   37.527184 v _29511_/ZN (gf180mcu_fd_sc_mcu7t5v0__aoi221_1)
                                                         _06235_ (net)
                      0.698143    0.000028   37.527214 v _29551_/B2 (gf180mcu_fd_sc_mcu7t5v0__oai32_1)
     3    0.018221    2.045321    0.786159   38.313370 ^ _29551_/ZN (gf180mcu_fd_sc_mcu7t5v0__oai32_1)
                                                         _06274_ (net)
                      2.045321    0.000050   38.313419 ^ _29613_/B2 (gf180mcu_fd_sc_mcu7t5v0__oai221_1)
     2    0.010881    0.768007    0.595346   38.908768 v _29613_/ZN (gf180mcu_fd_sc_mcu7t5v0__oai221_1)
                                                         _06335_ (net)
                      0.768007    0.000046   38.908813 v _29656_/A1 (gf180mcu_fd_sc_mcu7t5v0__aoi211_1)
     2    0.008325    1.044839    0.710195   39.619007 ^ _29656_/ZN (gf180mcu_fd_sc_mcu7t5v0__aoi211_1)
                                                         _06376_ (net)
                      1.044839    0.000021   39.619030 ^ _29661_/A2 (gf180mcu_fd_sc_mcu7t5v0__oai21_1)
     3    0.016574    0.598668    0.480821   40.099850 v _29661_/ZN (gf180mcu_fd_sc_mcu7t5v0__oai21_1)
                                                         _06380_ (net)
                      0.598668    0.000178   40.100029 v _29665_/A2 (gf180mcu_fd_sc_mcu7t5v0__xor2_1)
     1    0.003515    0.282651    0.771390   40.871418 v _29665_/Z (gf180mcu_fd_sc_mcu7t5v0__xor2_1)
                                                         _00146_ (net)
                      0.282651    0.000007   40.871426 v _36498_/D (gf180mcu_fd_sc_mcu7t5v0__dffrnq_1)
                                             40.871426   data arrival time

                                100.000000  100.000000   clock i_clk (rise edge)
                                  0.000000  100.000000   clock source latency
     1    0.076889    0.000000    0.000000  100.000000 ^ i_clk (in)
                                                         i_clk (net)
                      0.020075    0.008214  100.008209 ^ clkbuf_0_i_clk/I (gf180mcu_fd_sc_mcu7t5v0__clkbuf_16)
     4    0.113518    0.239192    0.362995  100.371208 ^ clkbuf_0_i_clk/Z (gf180mcu_fd_sc_mcu7t5v0__clkbuf_16)
                                                         clknet_0_i_clk (net)
                      0.239207    0.002942  100.374146 ^ clkbuf_2_2_0_i_clk/I (gf180mcu_fd_sc_mcu7t5v0__clkbuf_8)
     2    0.058131    0.239962    0.409372  100.783516 ^ clkbuf_2_2_0_i_clk/Z (gf180mcu_fd_sc_mcu7t5v0__clkbuf_8)
                                                         clknet_2_2_0_i_clk (net)
                      0.239963    0.001350  100.784866 ^ clkbuf_3_5__f_i_clk/I (gf180mcu_fd_sc_mcu7t5v0__clkbuf_16)
    14    0.231253    0.396217    0.518973  101.303841 ^ clkbuf_3_5__f_i_clk/Z (gf180mcu_fd_sc_mcu7t5v0__clkbuf_16)
                                                         clknet_3_5__leaf_i_clk (net)
                      0.396218    0.001023  101.304863 ^ clkbuf_leaf_63_i_clk/I (gf180mcu_fd_sc_mcu7t5v0__clkbuf_8)
    16    0.065318    0.261244    0.456438  101.761307 ^ clkbuf_leaf_63_i_clk/Z (gf180mcu_fd_sc_mcu7t5v0__clkbuf_8)
                                                         clknet_leaf_63_i_clk (net)
                      0.261244    0.000348  101.761650 ^ _36498_/CLK (gf180mcu_fd_sc_mcu7t5v0__dffrnq_1)
                                 -0.500000  101.261650   clock uncertainty
                                  0.000000  101.261650   clock reconvergence pessimism
                                 -0.225160  101.036484   library setup time
                                            101.036484   data required time
---------------------------------------------------------------------------------------------
                                            101.036484   data required time
                                            -40.871426   data arrival time
---------------------------------------------------------------------------------------------
                                             60.165066   slack (MET)




===========================================================================
report_checks --slack_max -0.01
============================================================================
======================= nom_tt_025C_3v30 Corner ===================================

No paths found.


===========================================================================
 report_check_types -max_slew -max_cap -max_fanout -violators
============================================================================
======================= nom_tt_025C_3v30 Corner ===================================



===========================================================================
report_parasitic_annotation -report_unannotated
============================================================================
Found 90 unannotated drivers.
 clkload0/ZN
 clkload1/ZN
 clkload10/ZN
 clkload11/ZN
 clkload12/ZN
 clkload13/ZN
 clkload14/ZN
 clkload15/ZN
 clkload16/Z
 clkload17/Z
 clkload18/Z
 clkload19/ZN
 clkload2/Z
 clkload20/ZN
 clkload21/ZN
 clkload22/ZN
 clkload23/Z
 clkload24/ZN
 clkload25/ZN
 clkload26/ZN
 clkload27/ZN
 clkload28/ZN
 clkload29/ZN
 clkload3/ZN
 clkload30/ZN
 clkload31/ZN
 clkload32/ZN
 clkload33/ZN
 clkload34/Z
 clkload35/ZN
 clkload36/ZN
 clkload37/ZN
 clkload38/Z
 clkload39/ZN
 clkload4/Z
 clkload40/Z
 clkload41/ZN
 clkload42/ZN
 clkload43/ZN
 clkload44/Z
 clkload45/ZN
 clkload46/ZN
 clkload47/Z
 clkload48/Z
 clkload49/ZN
 clkload5/Z
 clkload50/ZN
 clkload51/Z
 clkload52/Z
 clkload53/ZN
 clkload54/Z
 clkload55/ZN
 clkload56/ZN
 clkload57/ZN
 clkload58/ZN
 clkload59/ZN
 clkload6/Z
 clkload60/ZN
 clkload61/ZN
 clkload62/ZN
 clkload63/ZN
 clkload64/Z
 clkload65/Z
 clkload66/Z
 clkload67/Z
 clkload68/ZN
 clkload69/Z
 clkload7/ZN
 clkload70/Z
 clkload71/Z
 clkload72/ZN
 clkload73/ZN
 clkload74/ZN
 clkload75/Z
 clkload76/ZN
 clkload77/ZN
 clkload78/Z
 clkload79/Z
 clkload8/Z
 clkload80/Z
 clkload81/Z
 clkload82/ZN
 clkload83/Z
 clkload84/Z
 clkload85/ZN
 clkload86/Z
 clkload87/Z
 clkload88/ZN
 clkload89/Z
 clkload9/Z
Found 0 partially unannotated drivers.

===========================================================================
max slew violation count 0
Writing metric design__max_slew_violation__count__corner:nom_tt_025C_3v30: 0
max fanout violation count 0
Writing metric design__max_fanout_violation__count__corner:nom_tt_025C_3v30: 0
max cap violation count 0
Writing metric design__max_cap_violation__count__corner:nom_tt_025C_3v30: 0
============================================================================

===========================================================================
check_setup -verbose -unconstrained_endpoints -multiple_clock -no_clock -no_input_delay -loops -generated_clocks
===========================================================================
Warning: There is 1 input port missing set_input_delay.
  o_uart_tx_IN
Warning: There are 2 unconstrained endpoints.
  o_uart_tx_CS
  _36343_/D
