Clock: i_clk
Sources: i_clk 
Generated: no
Virtual: yes
Propagated: no
Period: 100.000000

===========================================================================
report_clock_properties
============================================================================
Clock                   Period          Waveform
----------------------------------------------------
i_clk               100.000000    0.000000 50.000000

===========================================================================
report_clock_latency
============================================================================
Clock i_clk
rise -> rise
    min     max
0.000000 0.000000 source latency
1.685876         network latency _35425_/CLK
        1.839987 network latency _35769_/CLK
---------------
1.685876 1.839987 latency
        0.154111 skew

fall -> fall
    min     max
0.000000 0.000000 source latency
1.781835         network latency _35425_/CLK
        1.937082 network latency _35769_/CLK
---------------
1.781835 1.937082 latency
        0.155246 skew



===========================================================================
report_clock_min_period
============================================================================
i_clk period_min = 39.83 fmax = 25.10
