Clock: i_clk
Sources: i_clk 
Generated: no
Virtual: yes
Propagated: no
Period: 100.000000

===========================================================================
report_clock_properties
============================================================================
Clock                   Period          Waveform
----------------------------------------------------
i_clk               100.000000    0.000000 50.000000

===========================================================================
report_clock_latency
============================================================================
Clock i_clk
rise -> rise
    min     max
0.000000 0.000000 source latency
1.653804         network latency _36158_/CLK
        1.826207 network latency _35550_/CLK
---------------
1.653804 1.826207 latency
        0.172403 skew

fall -> fall
    min     max
0.000000 0.000000 source latency
1.747921         network latency _36158_/CLK
        1.922544 network latency _35550_/CLK
---------------
1.747921 1.922544 latency
        0.174623 skew



===========================================================================
report_clock_min_period
============================================================================
i_clk period_min = 39.38 fmax = 25.39
