Reading timing models for corner max_ss_125C_3v00…
Reading timing library for the 'max_ss_125C_3v00' corner at '/foss/pdks/gf180mcuD/libs.ref/gf180mcu_fd_sc_mcu7t5v0/lib/gf180mcu_fd_sc_mcu7t5v0__ss_125C_3v00.lib'…
Reading timing models for corner min_ff_n40C_3v60…
Reading timing library for the 'min_ff_n40C_3v60' corner at '/foss/pdks/gf180mcuD/libs.ref/gf180mcu_fd_sc_mcu7t5v0/lib/gf180mcu_fd_sc_mcu7t5v0__ff_n40C_3v60.lib'…
Reading timing models for corner nom_tt_025C_3v30…
Reading timing library for the 'nom_tt_025C_3v30' corner at '/foss/pdks/gf180mcuD/libs.ref/gf180mcu_fd_sc_mcu7t5v0/lib/gf180mcu_fd_sc_mcu7t5v0__tt_025C_3v30.lib'…
Reading OpenROAD database at '/foss/designs/integration_final/runs/RUN_2026-09-03_11-08-35/43-openroad-repairantennas/1-openroad-diodeinsertion/A37_A.odb'…
Reading design constraints file at '/foss/designs/integration_final/constraints_core.sdc'…
[INFO] No information on clock propagation in input SDC file-- propagating all clocks.
[INFO] Setting signal min routing layer to: Metal2 and clock min routing layer to Metal2. 
[INFO] Setting signal max routing layer to: Metal5 and clock max routing layer to Metal3. 
+ global_route -congestion_iterations 50 -verbose -allow_congestion
[INFO GRT-0020] Min routing layer: Metal2
[INFO GRT-0021] Max routing layer: Metal5
[INFO GRT-0022] Global adjustment: 30%
[INFO GRT-0023] Grid origin: (0, 0)
[INFO GRT-0088] Layer Metal1  Track-Pitch = 0.5600  line-2-Via Pitch: 0.4750
[INFO GRT-0088] Layer Metal2  Track-Pitch = 0.5600  line-2-Via Pitch: 0.5600
[INFO GRT-0088] Layer Metal3  Track-Pitch = 0.5600  line-2-Via Pitch: 0.5600
[INFO GRT-0088] Layer Metal4  Track-Pitch = 0.5600  line-2-Via Pitch: 0.5600
[INFO GRT-0088] Layer Metal5  Track-Pitch = 0.9000  line-2-Via Pitch: 0.8200
[INFO GRT-0003] Macros: 0
[INFO GRT-0004] Blockages: 0
[INFO GRT-0019] Found 111 clock nets.
[INFO GRT-0001] Minimum degree: 2
[INFO GRT-0002] Maximum degree: 33

[INFO GRT-0053] Routing resources analysis:
          Routing      Original      Derated      Resource
Layer     Direction    Resources     Resources    Reduction (%)
---------------------------------------------------------------
Metal1     Horizontal          0             0          0.00%
Metal2     Vertical       229074        151466          33.88%
Metal3     Horizontal     249003        165244          33.64%
Metal4     Vertical       232755        154928          33.44%
Metal5     Horizontal     143533         96316          32.90%
---------------------------------------------------------------

[INFO GRT-0101] Running extra iterations to remove overflow.
[INFO GRT-0102] Start extra iteration 1/50
[INFO GRT-0102] Start extra iteration 2/50
[INFO GRT-0102] Start extra iteration 3/50
[INFO GRT-0197] Via related to pin nodes: 136929
[INFO GRT-0198] Via related Steiner nodes: 2955
[INFO GRT-0199] Via filling finished.
[INFO GRT-0111] Final number of vias: 173370
[INFO GRT-0112] Final usage 3D: 668964

[INFO GRT-0096] Final congestion report:
Layer         Resource        Demand        Usage (%)    Max H / Max V / Total Overflow
---------------------------------------------------------------------------------------
Metal1               0             0            0.00%             0 /  0 /  0
Metal2          151466         63848           42.15%             0 /  0 /  0
Metal3          165244         64606           39.10%             0 /  0 /  0
Metal4          154928         13199            8.52%             0 /  0 /  0
Metal5           96316          7201            7.48%             0 /  0 /  0
---------------------------------------------------------------------------------------
Total           567954        148854           26.21%             0 /  0 /  0

[INFO GRT-0018] Total wirelength: 1774323 um
[INFO GRT-0014] Routed nets: 23693
[INFO GRT-0303] Global routing runtime = 00:00:04
+ repair_timing -verbose -setup -setup_margin 0.5 -max_buffer_percent 50
[INFO RSZ-0100] Repair move sequence: UnbufferMove SizeUpMove SwapPinsMove BufferMove CloneMove SplitLoadMove 
[INFO RSZ-0098] No setup violations found
+ repair_timing -verbose -hold -setup_margin 0.5 -hold_margin 0.3 -max_buffer_percent 50
[INFO RSZ-0033] No hold violations found.
+ detailed_placement -max_displacement  500 100 
Placement Analysis
---------------------------------
total displacement          0.0 u
average displacement        0.0 u
max displacement            0.0 u
original HPWL         1164162.1 u
legalized HPWL        1182634.8 u
delta HPWL                    2 %

[INFO DPL-0020] Mirrored 8727 instances
[INFO DPL-0021] HPWL before          1182634.8 u
[INFO DPL-0022] HPWL after           1164162.1 u
[INFO DPL-0023] HPWL delta               -1.6 %
+ global_route -congestion_iterations 50 -verbose -allow_congestion
[INFO GRT-0020] Min routing layer: Metal2
[INFO GRT-0021] Max routing layer: Metal5
[INFO GRT-0022] Global adjustment: 30%
[INFO GRT-0023] Grid origin: (0, 0)
[INFO GRT-0088] Layer Metal1  Track-Pitch = 0.5600  line-2-Via Pitch: 0.4750
[INFO GRT-0088] Layer Metal2  Track-Pitch = 0.5600  line-2-Via Pitch: 0.5600
[INFO GRT-0088] Layer Metal3  Track-Pitch = 0.5600  line-2-Via Pitch: 0.5600
[INFO GRT-0088] Layer Metal4  Track-Pitch = 0.5600  line-2-Via Pitch: 0.5600
[INFO GRT-0088] Layer Metal5  Track-Pitch = 0.9000  line-2-Via Pitch: 0.8200
[INFO GRT-0003] Macros: 0
[INFO GRT-0004] Blockages: 0
[INFO GRT-0019] Found 111 clock nets.
[INFO GRT-0001] Minimum degree: 2
[INFO GRT-0002] Maximum degree: 33

[INFO GRT-0053] Routing resources analysis:
          Routing      Original      Derated      Resource
Layer     Direction    Resources     Resources    Reduction (%)
---------------------------------------------------------------
Metal1     Horizontal          0             0          0.00%
Metal2     Vertical       229074        151466          33.88%
Metal3     Horizontal     249003        165244          33.64%
Metal4     Vertical       232755        154928          33.44%
Metal5     Horizontal     143533         96316          32.90%
---------------------------------------------------------------

[INFO GRT-0101] Running extra iterations to remove overflow.
[INFO GRT-0102] Start extra iteration 1/50
[INFO GRT-0102] Start extra iteration 2/50
[INFO GRT-0102] Start extra iteration 3/50
[WARNING EST-0026] Missing route to pin _36338_/D in net _00001_.
[WARNING EST-0026] Missing route to pin _29689_/ZN in net _00001_.
[WARNING EST-0026] Missing route to pin _36338_/D in net _00001_.
[WARNING EST-0026] Missing route to pin _29689_/ZN in net _00001_.
[WARNING EST-0026] Missing route to pin _36338_/D in net _00001_.
[WARNING EST-0026] Missing route to pin _29689_/ZN in net _00001_.
[WARNING EST-0026] Missing route to pin _36340_/D in net _00003_.
[WARNING EST-0026] Missing route to pin _29686_/ZN in net _00003_.
[WARNING EST-0026] Missing route to pin _36340_/D in net _00003_.
[WARNING EST-0026] Missing route to pin _29686_/ZN in net _00003_.
[WARNING EST-0026] Missing route to pin _36340_/D in net _00003_.
[WARNING EST-0026] Missing route to pin _29686_/ZN in net _00003_.
[WARNING EST-0026] Missing route to pin _36341_/D in net _00004_.
[WARNING EST-0026] Missing route to pin _29683_/ZN in net _00004_.
[WARNING EST-0026] Missing route to pin _36341_/D in net _00004_.
[WARNING EST-0026] Missing route to pin _29683_/ZN in net _00004_.
[WARNING EST-0026] Missing route to pin _36341_/D in net _00004_.
[WARNING EST-0026] Missing route to pin _29683_/ZN in net _00004_.
[WARNING EST-0026] Missing route to pin _36342_/D in net _00005_.
[WARNING EST-0026] Missing route to pin _29679_/ZN in net _00005_.
[WARNING EST-0026] Missing route to pin _36342_/D in net _00005_.
[WARNING EST-0026] Missing route to pin _29679_/ZN in net _00005_.
[WARNING EST-0026] Missing route to pin _36342_/D in net _00005_.
[WARNING EST-0026] Missing route to pin _29679_/ZN in net _00005_.
[WARNING EST-0026] Missing route to pin _36510_/D in net _00007_.
[WARNING EST-0026] Missing route to pin _30287_/ZN in net _00007_.
[WARNING EST-0026] Missing route to pin _36510_/D in net _00007_.
[WARNING EST-0026] Missing route to pin _30287_/ZN in net _00007_.
[WARNING EST-0026] Missing route to pin _36510_/D in net _00007_.
[WARNING EST-0026] Missing route to pin _30287_/ZN in net _00007_.
[WARNING EST-0026] Missing route to pin _36511_/D in net _00008_.
[WARNING EST-0026] Missing route to pin _30293_/ZN in net _00008_.
[WARNING EST-0026] Missing route to pin _36511_/D in net _00008_.
[WARNING EST-0026] Missing route to pin _30293_/ZN in net _00008_.
[WARNING EST-0026] Missing route to pin _36511_/D in net _00008_.
[WARNING EST-0026] Missing route to pin _30293_/ZN in net _00008_.
[WARNING EST-0026] Missing route to pin _36512_/D in net _00009_.
[WARNING EST-0026] Missing route to pin _30302_/ZN in net _00009_.
[WARNING EST-0026] Missing route to pin _36512_/D in net _00009_.
[WARNING EST-0026] Missing route to pin _30302_/ZN in net _00009_.
[WARNING EST-0026] Missing route to pin _36512_/D in net _00009_.
[WARNING EST-0026] Missing route to pin _30302_/ZN in net _00009_.
[WARNING EST-0026] Missing route to pin _36513_/D in net _00010_.
[WARNING EST-0026] Missing route to pin _30309_/ZN in net _00010_.
[WARNING EST-0026] Missing route to pin _36513_/D in net _00010_.
[WARNING EST-0026] Missing route to pin _30309_/ZN in net _00010_.
[WARNING EST-0026] Missing route to pin _36513_/D in net _00010_.
[WARNING EST-0026] Missing route to pin _30309_/ZN in net _00010_.
[WARNING EST-0026] Missing route to pin _36514_/D in net _00011_.
[WARNING EST-0026] Missing route to pin _30315_/ZN in net _00011_.
[WARNING EST-0026] Missing route to pin _36514_/D in net _00011_.
[WARNING EST-0026] Missing route to pin _30315_/ZN in net _00011_.
[WARNING EST-0026] Missing route to pin _36514_/D in net _00011_.
[WARNING EST-0026] Missing route to pin _30315_/ZN in net _00011_.
[WARNING EST-0026] Missing route to pin _36515_/D in net _00012_.
[WARNING EST-0026] Missing route to pin _30320_/ZN in net _00012_.
[WARNING EST-0026] Missing route to pin _36515_/D in net _00012_.
[WARNING EST-0026] Missing route to pin _30320_/ZN in net _00012_.
[WARNING EST-0026] Missing route to pin _36515_/D in net _00012_.
[WARNING EST-0026] Missing route to pin _30320_/ZN in net _00012_.
[WARNING EST-0026] Missing route to pin _36516_/D in net _00013_.
[WARNING EST-0026] Missing route to pin _30333_/ZN in net _00013_.
[WARNING EST-0026] Missing route to pin _36516_/D in net _00013_.
[WARNING EST-0026] Missing route to pin _30333_/ZN in net _00013_.
[WARNING EST-0026] Missing route to pin _36516_/D in net _00013_.
[WARNING EST-0026] Missing route to pin _30333_/ZN in net _00013_.
[WARNING EST-0026] Missing route to pin _36517_/D in net _00014_.
[WARNING EST-0026] Missing route to pin _30339_/ZN in net _00014_.
[WARNING EST-0026] Missing route to pin _36517_/D in net _00014_.
[WARNING EST-0026] Missing route to pin _30339_/ZN in net _00014_.
[WARNING EST-0026] Missing route to pin _36517_/D in net _00014_.
[WARNING EST-0026] Missing route to pin _30339_/ZN in net _00014_.
[WARNING EST-0026] Missing route to pin _36518_/D in net _00015_.
[WARNING EST-0026] Missing route to pin _30346_/ZN in net _00015_.
[WARNING EST-0026] Missing route to pin _36518_/D in net _00015_.
[WARNING EST-0026] Missing route to pin _30346_/ZN in net _00015_.
[WARNING EST-0026] Missing route to pin _36518_/D in net _00015_.
[WARNING EST-0026] Missing route to pin _30346_/ZN in net _00015_.
[WARNING EST-0026] Missing route to pin _36519_/D in net _00016_.
[WARNING EST-0026] Missing route to pin _30350_/Z in net _00016_.
[WARNING EST-0026] Missing route to pin _36519_/D in net _00016_.
[WARNING EST-0026] Missing route to pin _30350_/Z in net _00016_.
[WARNING EST-0026] Missing route to pin _36519_/D in net _00016_.
[WARNING EST-0026] Missing route to pin _30350_/Z in net _00016_.
[WARNING EST-0026] Missing route to pin _36501_/D in net _00017_.
[WARNING EST-0026] Missing route to pin _30228_/ZN in net _00017_.
[WARNING EST-0026] Missing route to pin _36501_/D in net _00017_.
[WARNING EST-0026] Missing route to pin _30228_/ZN in net _00017_.
[WARNING EST-0026] Missing route to pin _36501_/D in net _00017_.
[WARNING EST-0026] Missing route to pin _30228_/ZN in net _00017_.
[WARNING EST-0026] Missing route to pin _36520_/D in net _00018_.
[WARNING EST-0026] Missing route to pin _30361_/ZN in net _00018_.
[WARNING EST-0026] Missing route to pin _36520_/D in net _00018_.
[WARNING EST-0026] Missing route to pin _30361_/ZN in net _00018_.
[WARNING EST-0026] Missing route to pin _36520_/D in net _00018_.
[WARNING EST-0026] Missing route to pin _30361_/ZN in net _00018_.
[WARNING EST-0026] Missing route to pin _36521_/D in net _00019_.
[WARNING EST-0026] Missing route to pin _30368_/ZN in net _00019_.
[WARNING EST-0026] Missing route to pin _36521_/D in net _00019_.
[WARNING EST-0026] Missing route to pin _30368_/ZN in net _00019_.
[WARNING EST-0026] Missing route to pin _36521_/D in net _00019_.
[WARNING EST-0026] Missing route to pin _30368_/ZN in net _00019_.
[WARNING EST-0026] Missing route to pin _36522_/D in net _00020_.
[WARNING EST-0026] Missing route to pin _30375_/ZN in net _00020_.
[WARNING EST-0026] Missing route to pin _36522_/D in net _00020_.
[WARNING EST-0026] Missing route to pin _30375_/ZN in net _00020_.
[WARNING EST-0026] Missing route to pin _36522_/D in net _00020_.
[WARNING EST-0026] Missing route to pin _30375_/ZN in net _00020_.
[WARNING EST-0026] Missing route to pin _36523_/D in net _00021_.
[WARNING EST-0026] Missing route to pin _30380_/ZN in net _00021_.
[WARNING EST-0026] Missing route to pin _36523_/D in net _00021_.
[WARNING EST-0026] Missing route to pin _30380_/ZN in net _00021_.
[WARNING EST-0026] Missing route to pin _36523_/D in net _00021_.
[WARNING EST-0026] Missing route to pin _30380_/ZN in net _00021_.
[WARNING EST-0026] Missing route to pin _36524_/D in net _00022_.
[WARNING EST-0026] Missing route to pin _30393_/ZN in net _00022_.
[WARNING EST-0026] Missing route to pin _36524_/D in net _00022_.
[WARNING EST-0026] Missing route to pin _30393_/ZN in net _00022_.
[WARNING EST-0026] Missing route to pin _36524_/D in net _00022_.
[WARNING EST-0026] Missing route to pin _30393_/ZN in net _00022_.
[WARNING EST-0026] Missing route to pin _36525_/D in net _00023_.
[WARNING EST-0026] Missing route to pin _30398_/ZN in net _00023_.
[WARNING EST-0026] Missing route to pin _36525_/D in net _00023_.
[WARNING EST-0026] Missing route to pin _30398_/ZN in net _00023_.
[WARNING EST-0026] Missing route to pin _36525_/D in net _00023_.
[WARNING EST-0026] Missing route to pin _30398_/ZN in net _00023_.
[WARNING EST-0026] Missing route to pin _36526_/D in net _00024_.
[WARNING EST-0026] Missing route to pin _30405_/ZN in net _00024_.
[WARNING EST-0026] Missing route to pin _36526_/D in net _00024_.
[WARNING EST-0026] Missing route to pin _30405_/ZN in net _00024_.
[WARNING EST-0026] Missing route to pin _36526_/D in net _00024_.
[WARNING EST-0026] Missing route to pin _30405_/ZN in net _00024_.
[WARNING EST-0026] Missing route to pin _36527_/D in net _00025_.
[WARNING EST-0026] Missing route to pin _30410_/ZN in net _00025_.
[WARNING EST-0026] Missing route to pin _36527_/D in net _00025_.
[WARNING EST-0026] Missing route to pin _30410_/ZN in net _00025_.
[WARNING EST-0026] Missing route to pin _36527_/D in net _00025_.
[WARNING EST-0026] Missing route to pin _30410_/ZN in net _00025_.
[WARNING EST-0026] Missing route to pin _36528_/D in net _00026_.
[WARNING EST-0026] Missing route to pin _30421_/Z in net _00026_.
[WARNING EST-0026] Missing route to pin _36528_/D in net _00026_.
[WARNING EST-0026] Missing route to pin _30421_/Z in net _00026_.
[WARNING EST-0026] Missing route to pin _36528_/D in net _00026_.
[WARNING EST-0026] Missing route to pin _30421_/Z in net _00026_.
[WARNING EST-0026] Missing route to pin _36529_/D in net _00027_.
[WARNING EST-0026] Missing route to pin _30428_/ZN in net _00027_.
[WARNING EST-0026] Missing route to pin _36529_/D in net _00027_.
[WARNING EST-0026] Missing route to pin _30428_/ZN in net _00027_.
[WARNING EST-0026] Missing route to pin _36529_/D in net _00027_.
[WARNING EST-0026] Missing route to pin _30428_/ZN in net _00027_.
[WARNING EST-0026] Missing route to pin _36502_/D in net _00028_.
[WARNING EST-0026] Missing route to pin _30234_/Z in net _00028_.
[WARNING EST-0026] Missing route to pin _36502_/D in net _00028_.
[WARNING EST-0026] Missing route to pin _30234_/Z in net _00028_.
[WARNING EST-0026] Missing route to pin _36502_/D in net _00028_.
[WARNING EST-0026] Missing route to pin _30234_/Z in net _00028_.
[WARNING EST-0026] Missing route to pin _36530_/D in net _00029_.
[WARNING EST-0026] Missing route to pin _30435_/ZN in net _00029_.
[WARNING EST-0026] Missing route to pin _36530_/D in net _00029_.
[WARNING EST-0026] Missing route to pin _30435_/ZN in net _00029_.
[WARNING EST-0026] Missing route to pin _36530_/D in net _00029_.
[WARNING EST-0026] Missing route to pin _30435_/ZN in net _00029_.
[WARNING EST-0026] Missing route to pin _36531_/D in net _00030_.
[WARNING EST-0026] Missing route to pin _30440_/ZN in net _00030_.
[WARNING EST-0026] Missing route to pin _36531_/D in net _00030_.
[WARNING EST-0026] Missing route to pin _30440_/ZN in net _00030_.
[WARNING EST-0026] Missing route to pin _36531_/D in net _00030_.
[WARNING EST-0026] Missing route to pin _30440_/ZN in net _00030_.
[WARNING EST-0026] Missing route to pin _36532_/D in net _00031_.
[WARNING EST-0026] Missing route to pin _30451_/ZN in net _00031_.
[WARNING EST-0026] Missing route to pin _36532_/D in net _00031_.
[WARNING EST-0026] Missing route to pin _30451_/ZN in net _00031_.
[WARNING EST-0026] Missing route to pin _36532_/D in net _00031_.
[WARNING EST-0026] Missing route to pin _30451_/ZN in net _00031_.
[WARNING EST-0026] Missing route to pin _36533_/D in net _00032_.
[WARNING EST-0026] Missing route to pin _30455_/Z in net _00032_.
[WARNING EST-0026] Missing route to pin _36533_/D in net _00032_.
[WARNING EST-0026] Missing route to pin _30455_/Z in net _00032_.
[WARNING EST-0026] Missing route to pin _36533_/D in net _00032_.
[WARNING EST-0026] Missing route to pin _30455_/Z in net _00032_.
[WARNING EST-0026] Missing route to pin _36534_/D in net _00033_.
[WARNING EST-0026] Missing route to pin _30463_/ZN in net _00033_.
[WARNING EST-0026] Missing route to pin _36534_/D in net _00033_.
[WARNING EST-0026] Missing route to pin _30463_/ZN in net _00033_.
[WARNING EST-0026] Missing route to pin _36534_/D in net _00033_.
[WARNING EST-0026] Missing route to pin _30463_/ZN in net _00033_.
[WARNING EST-0026] Missing route to pin _36535_/D in net _00034_.
[WARNING EST-0026] Missing route to pin _30468_/ZN in net _00034_.
[WARNING EST-0026] Missing route to pin _36535_/D in net _00034_.
[WARNING EST-0026] Missing route to pin _30468_/ZN in net _00034_.
[WARNING EST-0026] Missing route to pin _36535_/D in net _00034_.
[WARNING EST-0026] Missing route to pin _30468_/ZN in net _00034_.
[WARNING EST-0026] Missing route to pin _36536_/D in net _00035_.
[WARNING EST-0026] Missing route to pin _30477_/Z in net _00035_.
[WARNING EST-0026] Missing route to pin _36536_/D in net _00035_.
[WARNING EST-0026] Missing route to pin _30477_/Z in net _00035_.
[WARNING EST-0026] Missing route to pin _36536_/D in net _00035_.
[WARNING EST-0026] Missing route to pin _30477_/Z in net _00035_.
[WARNING EST-0026] Missing route to pin _36537_/D in net _00036_.
[WARNING EST-0026] Missing route to pin _30482_/Z in net _00036_.
[WARNING EST-0026] Missing route to pin _36537_/D in net _00036_.
[WARNING EST-0026] Missing route to pin _30482_/Z in net _00036_.
[WARNING EST-0026] Missing route to pin _36537_/D in net _00036_.
[WARNING EST-0026] Missing route to pin _30482_/Z in net _00036_.
[WARNING EST-0026] Missing route to pin _36538_/D in net _00037_.
[WARNING EST-0026] Missing route to pin _30487_/Z in net _00037_.
[WARNING EST-0026] Missing route to pin _36538_/D in net _00037_.
[WARNING EST-0026] Missing route to pin _30487_/Z in net _00037_.
[WARNING EST-0026] Missing route to pin _36538_/D in net _00037_.
[WARNING EST-0026] Missing route to pin _30487_/Z in net _00037_.
[WARNING EST-0026] Missing route to pin _36539_/D in net _00038_.
[WARNING EST-0026] Missing route to pin _30492_/ZN in net _00038_.
[WARNING EST-0026] Missing route to pin _36539_/D in net _00038_.
[WARNING EST-0026] Missing route to pin _30492_/ZN in net _00038_.
[WARNING EST-0026] Missing route to pin _36539_/D in net _00038_.
[WARNING EST-0026] Missing route to pin _30492_/ZN in net _00038_.
[WARNING EST-0026] Missing route to pin _36503_/D in net _00039_.
[WARNING EST-0026] Missing route to pin _30240_/ZN in net _00039_.
[WARNING EST-0026] Missing route to pin _36503_/D in net _00039_.
[WARNING EST-0026] Missing route to pin _30240_/ZN in net _00039_.
[WARNING EST-0026] Missing route to pin _36503_/D in net _00039_.
[WARNING EST-0026] Missing route to pin _30240_/ZN in net _00039_.
[WARNING EST-0026] Missing route to pin _36540_/D in net _00040_.
[WARNING EST-0026] Missing route to pin _30502_/ZN in net _00040_.
[WARNING EST-0026] Missing route to pin _36540_/D in net _00040_.
[WARNING EST-0026] Missing route to pin _30502_/ZN in net _00040_.
[WARNING EST-0026] Missing route to pin _36540_/D in net _00040_.
[WARNING EST-0026] Missing route to pin _30502_/ZN in net _00040_.
[WARNING EST-0026] Missing route to pin _36541_/D in net _00041_.
[WARNING EST-0026] Missing route to pin _30506_/Z in net _00041_.
[WARNING EST-0026] Missing route to pin _36541_/D in net _00041_.
[WARNING EST-0026] Missing route to pin _30506_/Z in net _00041_.
[WARNING EST-0026] Missing route to pin _36541_/D in net _00041_.
[WARNING EST-0026] Missing route to pin _30506_/Z in net _00041_.
[WARNING EST-0026] Missing route to pin _36542_/D in net _00042_.
[WARNING EST-0026] Missing route to pin _30516_/ZN in net _00042_.
[WARNING EST-0026] Missing route to pin _36542_/D in net _00042_.
[WARNING EST-0026] Missing route to pin _30516_/ZN in net _00042_.
[WARNING EST-0026] Missing route to pin _36542_/D in net _00042_.
[WARNING EST-0026] Missing route to pin _30516_/ZN in net _00042_.
[WARNING EST-0026] Missing route to pin _36543_/D in net _00043_.
[WARNING EST-0026] Missing route to pin _30521_/Z in net _00043_.
[WARNING EST-0026] Missing route to pin _36543_/D in net _00043_.
[WARNING EST-0026] Missing route to pin _30521_/Z in net _00043_.
[WARNING EST-0026] Missing route to pin _36543_/D in net _00043_.
[WARNING EST-0026] Missing route to pin _30521_/Z in net _00043_.
[WARNING EST-0026] Missing route to pin _36544_/D in net _00044_.
[WARNING EST-0026] Missing route to pin _30527_/Z in net _00044_.
[WARNING EST-0026] Missing route to pin _36544_/D in net _00044_.
[WARNING EST-0026] Missing route to pin _30527_/Z in net _00044_.
[WARNING EST-0026] Missing route to pin _36544_/D in net _00044_.
[WARNING EST-0026] Missing route to pin _30527_/Z in net _00044_.
[WARNING EST-0026] Missing route to pin _36545_/D in net _00045_.
[WARNING EST-0026] Missing route to pin _30531_/Z in net _00045_.
[WARNING EST-0026] Missing route to pin _36545_/D in net _00045_.
[WARNING EST-0026] Missing route to pin _30531_/Z in net _00045_.
[WARNING EST-0026] Missing route to pin _36545_/D in net _00045_.
[WARNING EST-0026] Missing route to pin _30531_/Z in net _00045_.
[WARNING EST-0026] Missing route to pin _36546_/D in net _00046_.
[WARNING EST-0026] Missing route to pin _30536_/ZN in net _00046_.
[WARNING EST-0026] Missing route to pin _36546_/D in net _00046_.
[WARNING EST-0026] Missing route to pin _30536_/ZN in net _00046_.
[WARNING EST-0026] Missing route to pin _36546_/D in net _00046_.
[WARNING EST-0026] Missing route to pin _30536_/ZN in net _00046_.
[WARNING EST-0026] Missing route to pin _36547_/D in net _00047_.
[WARNING EST-0026] Missing route to pin _30539_/ZN in net _00047_.
[WARNING EST-0026] Missing route to pin _36547_/D in net _00047_.
[WARNING EST-0026] Missing route to pin _30539_/ZN in net _00047_.
[WARNING EST-0026] Missing route to pin _36547_/D in net _00047_.
[WARNING EST-0026] Missing route to pin _30539_/ZN in net _00047_.
[WARNING EST-0026] Missing route to pin _36504_/D in net _00048_.
[WARNING EST-0026] Missing route to pin _30246_/ZN in net _00048_.
[WARNING EST-0026] Missing route to pin _36504_/D in net _00048_.
[WARNING EST-0026] Missing route to pin _30246_/ZN in net _00048_.
[WARNING EST-0026] Missing route to pin _36504_/D in net _00048_.
[WARNING EST-0026] Missing route to pin _30246_/ZN in net _00048_.
[WARNING EST-0026] Missing route to pin _36505_/D in net _00049_.
[WARNING EST-0026] Missing route to pin _30252_/ZN in net _00049_.
[WARNING EST-0026] Missing route to pin _36505_/D in net _00049_.
[WARNING EST-0026] Missing route to pin _30252_/ZN in net _00049_.
[WARNING EST-0026] Missing route to pin _36505_/D in net _00049_.
[WARNING EST-0026] Missing route to pin _30252_/ZN in net _00049_.
[WARNING EST-0026] Missing route to pin _36506_/D in net _00050_.
[WARNING EST-0026] Missing route to pin _30258_/ZN in net _00050_.
[WARNING EST-0026] Missing route to pin _36506_/D in net _00050_.
[WARNING EST-0026] Missing route to pin _30258_/ZN in net _00050_.
[WARNING EST-0026] Missing route to pin _36506_/D in net _00050_.
[WARNING EST-0026] Missing route to pin _30258_/ZN in net _00050_.
[WARNING EST-0026] Missing route to pin _36507_/D in net _00051_.
[WARNING EST-0026] Missing route to pin _30264_/ZN in net _00051_.
[WARNING EST-0026] Missing route to pin _36507_/D in net _00051_.
[WARNING EST-0026] Missing route to pin _30264_/ZN in net _00051_.
[WARNING EST-0026] Missing route to pin _36507_/D in net _00051_.
[WARNING EST-0026] Missing route to pin _30264_/ZN in net _00051_.
[WARNING EST-0026] Missing route to pin _36508_/D in net _00052_.
[WARNING EST-0026] Missing route to pin _30272_/ZN in net _00052_.
[WARNING EST-0026] Missing route to pin _36508_/D in net _00052_.
[WARNING EST-0026] Missing route to pin _30272_/ZN in net _00052_.
[WARNING EST-0026] Missing route to pin _36508_/D in net _00052_.
[WARNING EST-0026] Missing route to pin _30272_/ZN in net _00052_.
[WARNING EST-0026] Missing route to pin _36564_/D in net _00054_.
[WARNING EST-0026] Missing route to pin _29730_/A2 in net _00054_.
[WARNING EST-0026] Missing route to pin _29726_/Z in net _00054_.
[WARNING EST-0026] Missing route to pin _36564_/D in net _00054_.
[WARNING EST-0026] Missing route to pin _29730_/A2 in net _00054_.
[WARNING EST-0026] Missing route to pin _29726_/Z in net _00054_.
[WARNING EST-0026] Missing route to pin _36564_/D in net _00054_.
[WARNING EST-0026] Missing route to pin _29730_/A2 in net _00054_.
[WARNING EST-0026] Missing route to pin _29726_/Z in net _00054_.
[WARNING EST-0026] Missing route to pin _36401_/D in net _00055_.
[WARNING EST-0026] Missing route to pin _30060_/ZN in net _00055_.
[WARNING EST-0026] Missing route to pin _36401_/D in net _00055_.
[WARNING EST-0026] Missing route to pin _30060_/ZN in net _00055_.
[WARNING EST-0026] Missing route to pin _36401_/D in net _00055_.
[WARNING EST-0026] Missing route to pin _30060_/ZN in net _00055_.
[WARNING EST-0026] Missing route to pin _36412_/D in net _00057_.
[WARNING EST-0026] Missing route to pin _30126_/ZN in net _00057_.
[WARNING EST-0026] Missing route to pin _36412_/D in net _00057_.
[WARNING EST-0026] Missing route to pin _30126_/ZN in net _00057_.
[WARNING EST-0026] Missing route to pin _36412_/D in net _00057_.
[WARNING EST-0026] Missing route to pin _30126_/ZN in net _00057_.
[WARNING EST-0026] Missing route to pin _36413_/D in net _00058_.
[WARNING EST-0026] Missing route to pin _30132_/ZN in net _00058_.
[WARNING EST-0026] Missing route to pin _36413_/D in net _00058_.
[WARNING EST-0026] Missing route to pin _30132_/ZN in net _00058_.
[WARNING EST-0026] Missing route to pin _36413_/D in net _00058_.
[WARNING EST-0026] Missing route to pin _30132_/ZN in net _00058_.
[WARNING EST-0026] Missing route to pin _36416_/D in net _00061_.
[WARNING EST-0026] Missing route to pin _30149_/ZN in net _00061_.
[WARNING EST-0026] Missing route to pin _36416_/D in net _00061_.
[WARNING EST-0026] Missing route to pin _30149_/ZN in net _00061_.
[WARNING EST-0026] Missing route to pin _36416_/D in net _00061_.
[WARNING EST-0026] Missing route to pin _30149_/ZN in net _00061_.
[WARNING EST-0026] Missing route to pin _36417_/D in net _00062_.
[WARNING EST-0026] Missing route to pin _30154_/ZN in net _00062_.
[WARNING EST-0026] Missing route to pin _36417_/D in net _00062_.
[WARNING EST-0026] Missing route to pin _30154_/ZN in net _00062_.
[WARNING EST-0026] Missing route to pin _36417_/D in net _00062_.
[WARNING EST-0026] Missing route to pin _30154_/ZN in net _00062_.
[WARNING EST-0026] Missing route to pin _36419_/D in net _00064_.
[WARNING EST-0026] Missing route to pin _30164_/ZN in net _00064_.
[WARNING EST-0026] Missing route to pin _36419_/D in net _00064_.
[WARNING EST-0026] Missing route to pin _30164_/ZN in net _00064_.
[WARNING EST-0026] Missing route to pin _36419_/D in net _00064_.
[WARNING EST-0026] Missing route to pin _30164_/ZN in net _00064_.
[WARNING EST-0026] Missing route to pin _36420_/D in net _00065_.
[WARNING EST-0026] Missing route to pin _30168_/ZN in net _00065_.
[WARNING EST-0026] Missing route to pin _36420_/D in net _00065_.
[WARNING EST-0026] Missing route to pin _30168_/ZN in net _00065_.
[WARNING EST-0026] Missing route to pin _36420_/D in net _00065_.
[WARNING EST-0026] Missing route to pin _30168_/ZN in net _00065_.
[WARNING EST-0026] Missing route to pin _36402_/D in net _00066_.
[WARNING EST-0026] Missing route to pin _30065_/ZN in net _00066_.
[WARNING EST-0026] Missing route to pin _36402_/D in net _00066_.
[WARNING EST-0026] Missing route to pin _30065_/ZN in net _00066_.
[WARNING EST-0026] Missing route to pin _36402_/D in net _00066_.
[WARNING EST-0026] Missing route to pin _30065_/ZN in net _00066_.
[WARNING EST-0026] Missing route to pin _36421_/D in net _00067_.
[WARNING EST-0026] Missing route to pin _30172_/ZN in net _00067_.
[WARNING EST-0026] Missing route to pin _36421_/D in net _00067_.
[WARNING EST-0026] Missing route to pin _30172_/ZN in net _00067_.
[WARNING EST-0026] Missing route to pin _36421_/D in net _00067_.
[WARNING EST-0026] Missing route to pin _30172_/ZN in net _00067_.
[WARNING EST-0026] Missing route to pin _36425_/D in net _00071_.
[WARNING EST-0026] Missing route to pin _30189_/ZN in net _00071_.
[WARNING EST-0026] Missing route to pin _36425_/D in net _00071_.
[WARNING EST-0026] Missing route to pin _30189_/ZN in net _00071_.
[WARNING EST-0026] Missing route to pin _36425_/D in net _00071_.
[WARNING EST-0026] Missing route to pin _30189_/ZN in net _00071_.
[WARNING EST-0026] Missing route to pin _36426_/D in net _00072_.
[WARNING EST-0026] Missing route to pin _30193_/ZN in net _00072_.
[WARNING EST-0026] Missing route to pin _36426_/D in net _00072_.
[WARNING EST-0026] Missing route to pin _30193_/ZN in net _00072_.
[WARNING EST-0026] Missing route to pin _36426_/D in net _00072_.
[WARNING EST-0026] Missing route to pin _30193_/ZN in net _00072_.
[WARNING EST-0026] Missing route to pin _36427_/D in net _00073_.
[WARNING EST-0026] Missing route to pin _30197_/ZN in net _00073_.
[WARNING EST-0026] Missing route to pin _36427_/D in net _00073_.
[WARNING EST-0026] Missing route to pin _30197_/ZN in net _00073_.
[WARNING EST-0026] Missing route to pin _36427_/D in net _00073_.
[WARNING EST-0026] Missing route to pin _30197_/ZN in net _00073_.
[WARNING EST-0026] Missing route to pin _36428_/D in net _00074_.
[WARNING EST-0026] Missing route to pin _30202_/ZN in net _00074_.
[WARNING EST-0026] Missing route to pin _36428_/D in net _00074_.
[WARNING EST-0026] Missing route to pin _30202_/ZN in net _00074_.
[WARNING EST-0026] Missing route to pin _36428_/D in net _00074_.
[WARNING EST-0026] Missing route to pin _30202_/ZN in net _00074_.
[WARNING EST-0026] Missing route to pin _36429_/D in net _00075_.
[WARNING EST-0026] Missing route to pin _30207_/ZN in net _00075_.
[WARNING EST-0026] Missing route to pin _36429_/D in net _00075_.
[WARNING EST-0026] Missing route to pin _30207_/ZN in net _00075_.
[WARNING EST-0026] Missing route to pin _36429_/D in net _00075_.
[WARNING EST-0026] Missing route to pin _30207_/ZN in net _00075_.
[WARNING EST-0026] Missing route to pin _36430_/D in net _00076_.
[WARNING EST-0026] Missing route to pin _30211_/ZN in net _00076_.
[WARNING EST-0026] Missing route to pin _36430_/D in net _00076_.
[WARNING EST-0026] Missing route to pin _30211_/ZN in net _00076_.
[WARNING EST-0026] Missing route to pin _36430_/D in net _00076_.
[WARNING EST-0026] Missing route to pin _30211_/ZN in net _00076_.
[WARNING EST-0026] Missing route to pin _36403_/D in net _00077_.
[WARNING EST-0026] Missing route to pin _30072_/ZN in net _00077_.
[WARNING EST-0026] Missing route to pin _36403_/D in net _00077_.
[WARNING EST-0026] Missing route to pin _30072_/ZN in net _00077_.
[WARNING EST-0026] Missing route to pin _36403_/D in net _00077_.
[WARNING EST-0026] Missing route to pin _30072_/ZN in net _00077_.
[WARNING EST-0026] Missing route to pin _36431_/D in net _00078_.
[WARNING EST-0026] Missing route to pin _30215_/ZN in net _00078_.
[WARNING EST-0026] Missing route to pin _36431_/D in net _00078_.
[WARNING EST-0026] Missing route to pin _30215_/ZN in net _00078_.
[WARNING EST-0026] Missing route to pin _36431_/D in net _00078_.
[WARNING EST-0026] Missing route to pin _30215_/ZN in net _00078_.
[WARNING EST-0026] Missing route to pin wire12/I in net _00080_.
[WARNING EST-0026] Missing route to pin _36433_/D in net _00080_.
[WARNING EST-0026] Missing route to pin _30217_/Z in net _00080_.
[WARNING EST-0026] Missing route to pin wire12/I in net _00080_.
[WARNING EST-0026] Missing route to pin _36433_/D in net _00080_.
[WARNING EST-0026] Missing route to pin _30217_/Z in net _00080_.
[WARNING EST-0026] Missing route to pin wire12/I in net _00080_.
[WARNING EST-0026] Missing route to pin _36433_/D in net _00080_.
[WARNING EST-0026] Missing route to pin _30217_/Z in net _00080_.
[WARNING EST-0026] Missing route to pin _36436_/D in net _00083_.
[WARNING EST-0026] Missing route to pin _34883_/Z in net _00083_.
[WARNING EST-0026] Missing route to pin _36436_/D in net _00083_.
[WARNING EST-0026] Missing route to pin _34883_/Z in net _00083_.
[WARNING EST-0026] Missing route to pin _36436_/D in net _00083_.
[WARNING EST-0026] Missing route to pin _34883_/Z in net _00083_.
[WARNING EST-0026] Missing route to pin _36437_/D in net _00084_.
[WARNING EST-0026] Missing route to pin _34884_/Z in net _00084_.
[WARNING EST-0026] Missing route to pin _36437_/D in net _00084_.
[WARNING EST-0026] Missing route to pin _34884_/Z in net _00084_.
[WARNING EST-0026] Missing route to pin _36437_/D in net _00084_.
[WARNING EST-0026] Missing route to pin _34884_/Z in net _00084_.
[WARNING EST-0026] Missing route to pin _36438_/D in net _00085_.
[WARNING EST-0026] Missing route to pin _34885_/Z in net _00085_.
[WARNING EST-0026] Missing route to pin _36438_/D in net _00085_.
[WARNING EST-0026] Missing route to pin _34885_/Z in net _00085_.
[WARNING EST-0026] Missing route to pin _36438_/D in net _00085_.
[WARNING EST-0026] Missing route to pin _34885_/Z in net _00085_.
[WARNING EST-0026] Missing route to pin _36439_/D in net _00086_.
[WARNING EST-0026] Missing route to pin _34886_/Z in net _00086_.
[WARNING EST-0026] Missing route to pin _36439_/D in net _00086_.
[WARNING EST-0026] Missing route to pin _34886_/Z in net _00086_.
[WARNING EST-0026] Missing route to pin _36439_/D in net _00086_.
[WARNING EST-0026] Missing route to pin _34886_/Z in net _00086_.
[WARNING EST-0026] Missing route to pin _36440_/D in net _00087_.
[WARNING EST-0026] Missing route to pin _34887_/Z in net _00087_.
[WARNING EST-0026] Missing route to pin _36440_/D in net _00087_.
[WARNING EST-0026] Missing route to pin _34887_/Z in net _00087_.
[WARNING EST-0026] Missing route to pin _36440_/D in net _00087_.
[WARNING EST-0026] Missing route to pin _34887_/Z in net _00087_.
[WARNING EST-0026] Missing route to pin _36404_/D in net _00088_.
[WARNING EST-0026] Missing route to pin _30078_/ZN in net _00088_.
[WARNING EST-0026] Missing route to pin _36404_/D in net _00088_.
[WARNING EST-0026] Missing route to pin _30078_/ZN in net _00088_.
[WARNING EST-0026] Missing route to pin _36404_/D in net _00088_.
[WARNING EST-0026] Missing route to pin _30078_/ZN in net _00088_.
[WARNING EST-0026] Missing route to pin _36441_/D in net _00089_.
[WARNING EST-0026] Missing route to pin _34888_/Z in net _00089_.
[WARNING EST-0026] Missing route to pin _36441_/D in net _00089_.
[WARNING EST-0026] Missing route to pin _34888_/Z in net _00089_.
[WARNING EST-0026] Missing route to pin _36441_/D in net _00089_.
[WARNING EST-0026] Missing route to pin _34888_/Z in net _00089_.
[WARNING EST-0026] Missing route to pin _36442_/D in net _00090_.
[WARNING EST-0026] Missing route to pin _34889_/Z in net _00090_.
[WARNING EST-0026] Missing route to pin _36442_/D in net _00090_.
[WARNING EST-0026] Missing route to pin _34889_/Z in net _00090_.
[WARNING EST-0026] Missing route to pin _36442_/D in net _00090_.
[WARNING EST-0026] Missing route to pin _34889_/Z in net _00090_.
[WARNING EST-0026] Missing route to pin _36443_/D in net _00091_.
[WARNING EST-0026] Missing route to pin _34890_/Z in net _00091_.
[WARNING EST-0026] Missing route to pin _36443_/D in net _00091_.
[WARNING EST-0026] Missing route to pin _34890_/Z in net _00091_.
[WARNING EST-0026] Missing route to pin _36443_/D in net _00091_.
[WARNING EST-0026] Missing route to pin _34890_/Z in net _00091_.
[WARNING EST-0026] Missing route to pin _36444_/D in net _00092_.
[WARNING EST-0026] Missing route to pin _34891_/Z in net _00092_.
[WARNING EST-0026] Missing route to pin _36444_/D in net _00092_.
[WARNING EST-0026] Missing route to pin _34891_/Z in net _00092_.
[WARNING EST-0026] Missing route to pin _36444_/D in net _00092_.
[WARNING EST-0026] Missing route to pin _34891_/Z in net _00092_.
[WARNING EST-0026] Missing route to pin _36445_/D in net _00093_.
[WARNING EST-0026] Missing route to pin _34892_/Z in net _00093_.
[WARNING EST-0026] Missing route to pin _36445_/D in net _00093_.
[WARNING EST-0026] Missing route to pin _34892_/Z in net _00093_.
[WARNING EST-0026] Missing route to pin _36445_/D in net _00093_.
[WARNING EST-0026] Missing route to pin _34892_/Z in net _00093_.
[WARNING EST-0026] Missing route to pin _36448_/D in net _00096_.
[WARNING EST-0026] Missing route to pin _30220_/ZN in net _00096_.
[WARNING EST-0026] Missing route to pin _36448_/D in net _00096_.
[WARNING EST-0026] Missing route to pin _30220_/ZN in net _00096_.
[WARNING EST-0026] Missing route to pin _36448_/D in net _00096_.
[WARNING EST-0026] Missing route to pin _30220_/ZN in net _00096_.
[WARNING EST-0026] Missing route to pin _36405_/D in net _00097_.
[WARNING EST-0026] Missing route to pin _30084_/ZN in net _00097_.
[WARNING EST-0026] Missing route to pin _36405_/D in net _00097_.
[WARNING EST-0026] Missing route to pin _30084_/ZN in net _00097_.
[WARNING EST-0026] Missing route to pin _36405_/D in net _00097_.
[WARNING EST-0026] Missing route to pin _30084_/ZN in net _00097_.
[WARNING EST-0026] Missing route to pin _36406_/D in net _00098_.
[WARNING EST-0026] Missing route to pin _30090_/ZN in net _00098_.
[WARNING EST-0026] Missing route to pin _36406_/D in net _00098_.
[WARNING EST-0026] Missing route to pin _30090_/ZN in net _00098_.
[WARNING EST-0026] Missing route to pin _36406_/D in net _00098_.
[WARNING EST-0026] Missing route to pin _30090_/ZN in net _00098_.
[WARNING EST-0026] Missing route to pin _36407_/D in net _00099_.
[WARNING EST-0026] Missing route to pin _30095_/ZN in net _00099_.
[WARNING EST-0026] Missing route to pin _36407_/D in net _00099_.
[WARNING EST-0026] Missing route to pin _30095_/ZN in net _00099_.
[WARNING EST-0026] Missing route to pin _36407_/D in net _00099_.
[WARNING EST-0026] Missing route to pin _30095_/ZN in net _00099_.
[WARNING EST-0026] Missing route to pin _36408_/D in net _00100_.
[WARNING EST-0026] Missing route to pin _30101_/ZN in net _00100_.
[WARNING EST-0026] Missing route to pin _36408_/D in net _00100_.
[WARNING EST-0026] Missing route to pin _30101_/ZN in net _00100_.
[WARNING EST-0026] Missing route to pin _36408_/D in net _00100_.
[WARNING EST-0026] Missing route to pin _30101_/ZN in net _00100_.
[WARNING EST-0026] Missing route to pin _36409_/D in net _00101_.
[WARNING EST-0026] Missing route to pin _30107_/ZN in net _00101_.
[WARNING EST-0026] Missing route to pin _36409_/D in net _00101_.
[WARNING EST-0026] Missing route to pin _30107_/ZN in net _00101_.
[WARNING EST-0026] Missing route to pin _36409_/D in net _00101_.
[WARNING EST-0026] Missing route to pin _30107_/ZN in net _00101_.
[WARNING EST-0026] Missing route to pin _36347_/D in net _00103_.
[WARNING EST-0026] Missing route to pin _34795_/A2 in net _00103_.
[WARNING EST-0026] Missing route to pin _34794_/A2 in net _00103_.
[WARNING EST-0026] Missing route to pin _34793_/A2 in net _00103_.
[WARNING EST-0026] Missing route to pin _34792_/A2 in net _00103_.
[WARNING EST-0026] Missing route to pin _34790_/A2 in net _00103_.
[WARNING EST-0026] Missing route to pin _34789_/A2 in net _00103_.
[WARNING EST-0026] Missing route to pin _34788_/A2 in net _00103_.
[WARNING EST-0026] Missing route to pin _34787_/A2 in net _00103_.
[WARNING EST-0026] Missing route to pin _34785_/A2 in net _00103_.
[WARNING EST-0026] Missing route to pin _34784_/A2 in net _00103_.
[WARNING EST-0026] Missing route to pin _29699_/ZN in net _00103_.
[WARNING EST-0026] Missing route to pin _36347_/D in net _00103_.
[WARNING EST-0026] Missing route to pin _34795_/A2 in net _00103_.
[WARNING EST-0026] Missing route to pin _34794_/A2 in net _00103_.
[WARNING EST-0026] Missing route to pin _34793_/A2 in net _00103_.
[WARNING EST-0026] Missing route to pin _34792_/A2 in net _00103_.
[WARNING EST-0026] Missing route to pin _34790_/A2 in net _00103_.
[WARNING EST-0026] Missing route to pin _34789_/A2 in net _00103_.
[WARNING EST-0026] Missing route to pin _34788_/A2 in net _00103_.
[WARNING EST-0026] Missing route to pin _34787_/A2 in net _00103_.
[WARNING EST-0026] Missing route to pin _34785_/A2 in net _00103_.
[WARNING EST-0026] Missing route to pin _34784_/A2 in net _00103_.
[WARNING EST-0026] Missing route to pin _29699_/ZN in net _00103_.
[WARNING EST-0026] Missing route to pin _36347_/D in net _00103_.
[WARNING EST-0026] Missing route to pin _34795_/A2 in net _00103_.
[WARNING EST-0026] Missing route to pin _34794_/A2 in net _00103_.
[WARNING EST-0026] Missing route to pin _34793_/A2 in net _00103_.
[WARNING EST-0026] Missing route to pin _34792_/A2 in net _00103_.
[WARNING EST-0026] Missing route to pin _34790_/A2 in net _00103_.
[WARNING EST-0026] Missing route to pin _34789_/A2 in net _00103_.
[WARNING EST-0026] Missing route to pin _34788_/A2 in net _00103_.
[WARNING EST-0026] Missing route to pin _34787_/A2 in net _00103_.
[WARNING EST-0026] Missing route to pin _34785_/A2 in net _00103_.
[WARNING EST-0026] Missing route to pin _34784_/A2 in net _00103_.
[WARNING EST-0026] Missing route to pin _29699_/ZN in net _00103_.
[WARNING EST-0026] Missing route to pin wire1628/I in net _00104_.
[WARNING EST-0026] Missing route to pin _29727_/ZN in net _00104_.
[WARNING EST-0026] Missing route to pin wire1628/I in net _00104_.
[WARNING EST-0026] Missing route to pin _29727_/ZN in net _00104_.
[WARNING EST-0026] Missing route to pin wire1628/I in net _00104_.
[WARNING EST-0026] Missing route to pin _29727_/ZN in net _00104_.
[WARNING EST-0026] Missing route to pin _36452_/D in net _00105_.
[WARNING EST-0026] Missing route to pin _26605_/A2 in net _00105_.
[WARNING EST-0026] Missing route to pin _26493_/Z in net _00105_.
[WARNING EST-0026] Missing route to pin _36452_/D in net _00105_.
[WARNING EST-0026] Missing route to pin _26605_/A2 in net _00105_.
[WARNING EST-0026] Missing route to pin _26493_/Z in net _00105_.
[WARNING EST-0026] Missing route to pin _36452_/D in net _00105_.
[WARNING EST-0026] Missing route to pin _26605_/A2 in net _00105_.
[WARNING EST-0026] Missing route to pin _26493_/Z in net _00105_.
[WARNING EST-0026] Missing route to pin _36453_/D in net _00106_.
[WARNING EST-0026] Missing route to pin _29669_/ZN in net _00106_.
[WARNING EST-0026] Missing route to pin _36453_/D in net _00106_.
[WARNING EST-0026] Missing route to pin _29669_/ZN in net _00106_.
[WARNING EST-0026] Missing route to pin _36453_/D in net _00106_.
[WARNING EST-0026] Missing route to pin _29669_/ZN in net _00106_.
[WARNING EST-0026] Missing route to pin _36454_/D in net _00107_.
[WARNING EST-0026] Missing route to pin _29667_/Z in net _00107_.
[WARNING EST-0026] Missing route to pin _36454_/D in net _00107_.
[WARNING EST-0026] Missing route to pin _29667_/Z in net _00107_.
[WARNING EST-0026] Missing route to pin _36454_/D in net _00107_.
[WARNING EST-0026] Missing route to pin _29667_/Z in net _00107_.
[WARNING EST-0026] Missing route to pin _36455_/D in net _00108_.
[WARNING EST-0026] Missing route to pin _29666_/Z in net _00108_.
[WARNING EST-0026] Missing route to pin _36455_/D in net _00108_.
[WARNING EST-0026] Missing route to pin _29666_/Z in net _00108_.
[WARNING EST-0026] Missing route to pin _36455_/D in net _00108_.
[WARNING EST-0026] Missing route to pin _29666_/Z in net _00108_.
[WARNING EST-0026] Missing route to pin _36456_/D in net _00109_.
[WARNING EST-0026] Missing route to pin _29670_/Z in net _00109_.
[WARNING EST-0026] Missing route to pin _36456_/D in net _00109_.
[WARNING EST-0026] Missing route to pin _29670_/Z in net _00109_.
[WARNING EST-0026] Missing route to pin _36456_/D in net _00109_.
[WARNING EST-0026] Missing route to pin _29670_/Z in net _00109_.
[WARNING EST-0026] Missing route to pin _36462_/D in net _00110_.
[WARNING EST-0026] Missing route to pin _26882_/Z in net _00110_.
[WARNING EST-0026] Missing route to pin _36462_/D in net _00110_.
[WARNING EST-0026] Missing route to pin _26882_/Z in net _00110_.
[WARNING EST-0026] Missing route to pin _36462_/D in net _00110_.
[WARNING EST-0026] Missing route to pin _26882_/Z in net _00110_.
[WARNING EST-0026] Missing route to pin wire115/I in net _00111_.
[WARNING EST-0026] Missing route to pin _26951_/ZN in net _00111_.
[WARNING EST-0026] Missing route to pin wire115/I in net _00111_.
[WARNING EST-0026] Missing route to pin _26951_/ZN in net _00111_.
[WARNING EST-0026] Missing route to pin wire115/I in net _00111_.
[WARNING EST-0026] Missing route to pin _26951_/ZN in net _00111_.
[WARNING EST-0026] Missing route to pin wire104/I in net _00112_.
[WARNING EST-0026] Missing route to pin _27027_/ZN in net _00112_.
[WARNING EST-0026] Missing route to pin wire104/I in net _00112_.
[WARNING EST-0026] Missing route to pin _27027_/ZN in net _00112_.
[WARNING EST-0026] Missing route to pin wire104/I in net _00112_.
[WARNING EST-0026] Missing route to pin _27027_/ZN in net _00112_.
[WARNING EST-0026] Missing route to pin wire103/I in net _00113_.
[WARNING EST-0026] Missing route to pin _27104_/Z in net _00113_.
[WARNING EST-0026] Missing route to pin wire103/I in net _00113_.
[WARNING EST-0026] Missing route to pin _27104_/Z in net _00113_.
[WARNING EST-0026] Missing route to pin wire103/I in net _00113_.
[WARNING EST-0026] Missing route to pin _27104_/Z in net _00113_.
[WARNING EST-0026] Missing route to pin wire92/I in net _00114_.
[WARNING EST-0026] Missing route to pin _27189_/Z in net _00114_.
[WARNING EST-0026] Missing route to pin wire92/I in net _00114_.
[WARNING EST-0026] Missing route to pin _27189_/Z in net _00114_.
[WARNING EST-0026] Missing route to pin wire92/I in net _00114_.
[WARNING EST-0026] Missing route to pin _27189_/Z in net _00114_.
[WARNING EST-0026] Missing route to pin wire85/I in net _00115_.
[WARNING EST-0026] Missing route to pin _27282_/Z in net _00115_.
[WARNING EST-0026] Missing route to pin wire85/I in net _00115_.
[WARNING EST-0026] Missing route to pin _27282_/Z in net _00115_.
[WARNING EST-0026] Missing route to pin wire85/I in net _00115_.
[WARNING EST-0026] Missing route to pin _27282_/Z in net _00115_.
[WARNING EST-0026] Missing route to pin wire83/I in net _00116_.
[WARNING EST-0026] Missing route to pin _27381_/Z in net _00116_.
[WARNING EST-0026] Missing route to pin wire83/I in net _00116_.
[WARNING EST-0026] Missing route to pin _27381_/Z in net _00116_.
[WARNING EST-0026] Missing route to pin wire83/I in net _00116_.
[WARNING EST-0026] Missing route to pin _27381_/Z in net _00116_.
[WARNING EST-0026] Missing route to pin wire79/I in net _00117_.
[WARNING EST-0026] Missing route to pin _27482_/Z in net _00117_.
[WARNING EST-0026] Missing route to pin wire79/I in net _00117_.
[WARNING EST-0026] Missing route to pin _27482_/Z in net _00117_.
[WARNING EST-0026] Missing route to pin wire79/I in net _00117_.
[WARNING EST-0026] Missing route to pin _27482_/Z in net _00117_.
[WARNING EST-0026] Missing route to pin wire82/I in net _00118_.
[WARNING EST-0026] Missing route to pin _27588_/Z in net _00118_.
[WARNING EST-0026] Missing route to pin wire82/I in net _00118_.
[WARNING EST-0026] Missing route to pin _27588_/Z in net _00118_.
[WARNING EST-0026] Missing route to pin wire82/I in net _00118_.
[WARNING EST-0026] Missing route to pin _27588_/Z in net _00118_.
[WARNING EST-0026] Missing route to pin wire78/I in net _00119_.
[WARNING EST-0026] Missing route to pin _27698_/ZN in net _00119_.
[WARNING EST-0026] Missing route to pin wire78/I in net _00119_.
[WARNING EST-0026] Missing route to pin _27698_/ZN in net _00119_.
[WARNING EST-0026] Missing route to pin wire78/I in net _00119_.
[WARNING EST-0026] Missing route to pin _27698_/ZN in net _00119_.
[WARNING EST-0026] Missing route to pin wire75/I in net _00120_.
[WARNING EST-0026] Missing route to pin _27819_/Z in net _00120_.
[WARNING EST-0026] Missing route to pin wire75/I in net _00120_.
[WARNING EST-0026] Missing route to pin _27819_/Z in net _00120_.
[WARNING EST-0026] Missing route to pin wire75/I in net _00120_.
[WARNING EST-0026] Missing route to pin _27819_/Z in net _00120_.
[WARNING EST-0026] Missing route to pin wire73/I in net _00121_.
[WARNING EST-0026] Missing route to pin _27942_/Z in net _00121_.
[WARNING EST-0026] Missing route to pin wire73/I in net _00121_.
[WARNING EST-0026] Missing route to pin _27942_/Z in net _00121_.
[WARNING EST-0026] Missing route to pin wire73/I in net _00121_.
[WARNING EST-0026] Missing route to pin _27942_/Z in net _00121_.
[WARNING EST-0026] Missing route to pin wire74/I in net _00122_.
[WARNING EST-0026] Missing route to pin _28077_/Z in net _00122_.
[WARNING EST-0026] Missing route to pin wire74/I in net _00122_.
[WARNING EST-0026] Missing route to pin _28077_/Z in net _00122_.
[WARNING EST-0026] Missing route to pin wire74/I in net _00122_.
[WARNING EST-0026] Missing route to pin _28077_/Z in net _00122_.
[WARNING EST-0026] Missing route to pin wire72/I in net _00123_.
[WARNING EST-0026] Missing route to pin _28198_/ZN in net _00123_.
[WARNING EST-0026] Missing route to pin wire72/I in net _00123_.
[WARNING EST-0026] Missing route to pin _28198_/ZN in net _00123_.
[WARNING EST-0026] Missing route to pin wire72/I in net _00123_.
[WARNING EST-0026] Missing route to pin _28198_/ZN in net _00123_.
[WARNING EST-0026] Missing route to pin _36476_/D in net _00124_.
[WARNING EST-0026] Missing route to pin _28316_/ZN in net _00124_.
[WARNING EST-0026] Missing route to pin _36476_/D in net _00124_.
[WARNING EST-0026] Missing route to pin _28316_/ZN in net _00124_.
[WARNING EST-0026] Missing route to pin _36476_/D in net _00124_.
[WARNING EST-0026] Missing route to pin _28316_/ZN in net _00124_.
[WARNING EST-0026] Missing route to pin _36477_/D in net _00125_.
[WARNING EST-0026] Missing route to pin _28427_/Z in net _00125_.
[WARNING EST-0026] Missing route to pin _36477_/D in net _00125_.
[WARNING EST-0026] Missing route to pin _28427_/Z in net _00125_.
[WARNING EST-0026] Missing route to pin _36477_/D in net _00125_.
[WARNING EST-0026] Missing route to pin _28427_/Z in net _00125_.
[WARNING EST-0026] Missing route to pin _36478_/D in net _00126_.
[WARNING EST-0026] Missing route to pin _28537_/Z in net _00126_.
[WARNING EST-0026] Missing route to pin _36478_/D in net _00126_.
[WARNING EST-0026] Missing route to pin _28537_/Z in net _00126_.
[WARNING EST-0026] Missing route to pin _36478_/D in net _00126_.
[WARNING EST-0026] Missing route to pin _28537_/Z in net _00126_.
[WARNING EST-0026] Missing route to pin _36479_/D in net _00127_.
[WARNING EST-0026] Missing route to pin _28641_/ZN in net _00127_.
[WARNING EST-0026] Missing route to pin _36479_/D in net _00127_.
[WARNING EST-0026] Missing route to pin _28641_/ZN in net _00127_.
[WARNING EST-0026] Missing route to pin _36479_/D in net _00127_.
[WARNING EST-0026] Missing route to pin _28641_/ZN in net _00127_.
[WARNING EST-0026] Missing route to pin _36480_/D in net _00128_.
[WARNING EST-0026] Missing route to pin _28744_/Z in net _00128_.
[WARNING EST-0026] Missing route to pin _36480_/D in net _00128_.
[WARNING EST-0026] Missing route to pin _28744_/Z in net _00128_.
[WARNING EST-0026] Missing route to pin _36480_/D in net _00128_.
[WARNING EST-0026] Missing route to pin _28744_/Z in net _00128_.
[WARNING EST-0026] Missing route to pin _36481_/D in net _00129_.
[WARNING EST-0026] Missing route to pin _28841_/ZN in net _00129_.
[WARNING EST-0026] Missing route to pin _36481_/D in net _00129_.
[WARNING EST-0026] Missing route to pin _28841_/ZN in net _00129_.
[WARNING EST-0026] Missing route to pin _36481_/D in net _00129_.
[WARNING EST-0026] Missing route to pin _28841_/ZN in net _00129_.
[WARNING EST-0026] Missing route to pin _36482_/D in net _00130_.
[WARNING EST-0026] Missing route to pin _28925_/ZN in net _00130_.
[WARNING EST-0026] Missing route to pin _36482_/D in net _00130_.
[WARNING EST-0026] Missing route to pin _28925_/ZN in net _00130_.
[WARNING EST-0026] Missing route to pin _36482_/D in net _00130_.
[WARNING EST-0026] Missing route to pin _28925_/ZN in net _00130_.
[WARNING EST-0026] Missing route to pin _36483_/D in net _00131_.
[WARNING EST-0026] Missing route to pin _29012_/ZN in net _00131_.
[WARNING EST-0026] Missing route to pin _36483_/D in net _00131_.
[WARNING EST-0026] Missing route to pin _29012_/ZN in net _00131_.
[WARNING EST-0026] Missing route to pin _36483_/D in net _00131_.
[WARNING EST-0026] Missing route to pin _29012_/ZN in net _00131_.
[WARNING EST-0026] Missing route to pin _36485_/D in net _00133_.
[WARNING EST-0026] Missing route to pin _29167_/Z in net _00133_.
[WARNING EST-0026] Missing route to pin _36485_/D in net _00133_.
[WARNING EST-0026] Missing route to pin _29167_/Z in net _00133_.
[WARNING EST-0026] Missing route to pin _36485_/D in net _00133_.
[WARNING EST-0026] Missing route to pin _29167_/Z in net _00133_.
[WARNING EST-0026] Missing route to pin _36486_/D in net _00134_.
[WARNING EST-0026] Missing route to pin _29238_/Z in net _00134_.
[WARNING EST-0026] Missing route to pin _36486_/D in net _00134_.
[WARNING EST-0026] Missing route to pin _29238_/Z in net _00134_.
[WARNING EST-0026] Missing route to pin _36486_/D in net _00134_.
[WARNING EST-0026] Missing route to pin _29238_/Z in net _00134_.
[WARNING EST-0026] Missing route to pin _36487_/D in net _00135_.
[WARNING EST-0026] Missing route to pin _29303_/ZN in net _00135_.
[WARNING EST-0026] Missing route to pin _36487_/D in net _00135_.
[WARNING EST-0026] Missing route to pin _29303_/ZN in net _00135_.
[WARNING EST-0026] Missing route to pin _36487_/D in net _00135_.
[WARNING EST-0026] Missing route to pin _29303_/ZN in net _00135_.
[WARNING EST-0026] Missing route to pin _36488_/D in net _00136_.
[WARNING EST-0026] Missing route to pin _29364_/Z in net _00136_.
[WARNING EST-0026] Missing route to pin _36488_/D in net _00136_.
[WARNING EST-0026] Missing route to pin _29364_/Z in net _00136_.
[WARNING EST-0026] Missing route to pin _36488_/D in net _00136_.
[WARNING EST-0026] Missing route to pin _29364_/Z in net _00136_.
[WARNING EST-0026] Missing route to pin _36489_/D in net _00137_.
[WARNING EST-0026] Missing route to pin _29417_/Z in net _00137_.
[WARNING EST-0026] Missing route to pin _36489_/D in net _00137_.
[WARNING EST-0026] Missing route to pin _29417_/Z in net _00137_.
[WARNING EST-0026] Missing route to pin _36489_/D in net _00137_.
[WARNING EST-0026] Missing route to pin _29417_/Z in net _00137_.
[WARNING EST-0026] Missing route to pin _36490_/D in net _00138_.
[WARNING EST-0026] Missing route to pin _29469_/Z in net _00138_.
[WARNING EST-0026] Missing route to pin _36490_/D in net _00138_.
[WARNING EST-0026] Missing route to pin _29469_/Z in net _00138_.
[WARNING EST-0026] Missing route to pin _36490_/D in net _00138_.
[WARNING EST-0026] Missing route to pin _29469_/Z in net _00138_.
[WARNING EST-0026] Missing route to pin _36491_/D in net _00139_.
[WARNING EST-0026] Missing route to pin _29509_/Z in net _00139_.
[WARNING EST-0026] Missing route to pin _36491_/D in net _00139_.
[WARNING EST-0026] Missing route to pin _29509_/Z in net _00139_.
[WARNING EST-0026] Missing route to pin _36491_/D in net _00139_.
[WARNING EST-0026] Missing route to pin _29509_/Z in net _00139_.
[WARNING EST-0026] Missing route to pin _36492_/D in net _00140_.
[WARNING EST-0026] Missing route to pin _29550_/Z in net _00140_.
[WARNING EST-0026] Missing route to pin _36492_/D in net _00140_.
[WARNING EST-0026] Missing route to pin _29550_/Z in net _00140_.
[WARNING EST-0026] Missing route to pin _36492_/D in net _00140_.
[WARNING EST-0026] Missing route to pin _29550_/Z in net _00140_.
[WARNING EST-0026] Missing route to pin _36493_/D in net _00141_.
[WARNING EST-0026] Missing route to pin _29582_/Z in net _00141_.
[WARNING EST-0026] Missing route to pin _36493_/D in net _00141_.
[WARNING EST-0026] Missing route to pin _29582_/Z in net _00141_.
[WARNING EST-0026] Missing route to pin _36493_/D in net _00141_.
[WARNING EST-0026] Missing route to pin _29582_/Z in net _00141_.
[WARNING EST-0026] Missing route to pin _36494_/D in net _00142_.
[WARNING EST-0026] Missing route to pin _29614_/Z in net _00142_.
[WARNING EST-0026] Missing route to pin _36494_/D in net _00142_.
[WARNING EST-0026] Missing route to pin _29614_/Z in net _00142_.
[WARNING EST-0026] Missing route to pin _36494_/D in net _00142_.
[WARNING EST-0026] Missing route to pin _29614_/Z in net _00142_.
[WARNING EST-0026] Missing route to pin _36495_/D in net _00143_.
[WARNING EST-0026] Missing route to pin _29639_/ZN in net _00143_.
[WARNING EST-0026] Missing route to pin _36495_/D in net _00143_.
[WARNING EST-0026] Missing route to pin _29639_/ZN in net _00143_.
[WARNING EST-0026] Missing route to pin _36495_/D in net _00143_.
[WARNING EST-0026] Missing route to pin _29639_/ZN in net _00143_.
[WARNING EST-0026] Missing route to pin _36496_/D in net _00144_.
[WARNING EST-0026] Missing route to pin _29657_/ZN in net _00144_.
[WARNING EST-0026] Missing route to pin _36496_/D in net _00144_.
[WARNING EST-0026] Missing route to pin _29657_/ZN in net _00144_.
[WARNING EST-0026] Missing route to pin _36496_/D in net _00144_.
[WARNING EST-0026] Missing route to pin _29657_/ZN in net _00144_.
[WARNING EST-0026] Missing route to pin _36497_/D in net _00145_.
[WARNING EST-0026] Missing route to pin _29663_/Z in net _00145_.
[WARNING EST-0026] Missing route to pin _36497_/D in net _00145_.
[WARNING EST-0026] Missing route to pin _29663_/Z in net _00145_.
[WARNING EST-0026] Missing route to pin _36497_/D in net _00145_.
[WARNING EST-0026] Missing route to pin _29663_/Z in net _00145_.
[WARNING EST-0026] Missing route to pin _36498_/D in net _00146_.
[WARNING EST-0026] Missing route to pin _29665_/Z in net _00146_.
[WARNING EST-0026] Missing route to pin _36498_/D in net _00146_.
[WARNING EST-0026] Missing route to pin _29665_/Z in net _00146_.
[WARNING EST-0026] Missing route to pin _36498_/D in net _00146_.
[WARNING EST-0026] Missing route to pin _29665_/Z in net _00146_.
[WARNING EST-0026] Missing route to pin _36457_/D in net _00148_.
[WARNING EST-0026] Missing route to pin _26614_/ZN in net _00148_.
[WARNING EST-0026] Missing route to pin _36457_/D in net _00148_.
[WARNING EST-0026] Missing route to pin _26614_/ZN in net _00148_.
[WARNING EST-0026] Missing route to pin _36457_/D in net _00148_.
[WARNING EST-0026] Missing route to pin _26614_/ZN in net _00148_.
[WARNING EST-0026] Missing route to pin _36458_/D in net _00149_.
[WARNING EST-0026] Missing route to pin _26656_/Z in net _00149_.
[WARNING EST-0026] Missing route to pin _36458_/D in net _00149_.
[WARNING EST-0026] Missing route to pin _26656_/Z in net _00149_.
[WARNING EST-0026] Missing route to pin _36458_/D in net _00149_.
[WARNING EST-0026] Missing route to pin _26656_/Z in net _00149_.
[WARNING EST-0026] Missing route to pin _36459_/D in net _00150_.
[WARNING EST-0026] Missing route to pin _26708_/Z in net _00150_.
[WARNING EST-0026] Missing route to pin _36459_/D in net _00150_.
[WARNING EST-0026] Missing route to pin _26708_/Z in net _00150_.
[WARNING EST-0026] Missing route to pin _36459_/D in net _00150_.
[WARNING EST-0026] Missing route to pin _26708_/Z in net _00150_.
[WARNING EST-0026] Missing route to pin wire121/I in net _00151_.
[WARNING EST-0026] Missing route to pin _26760_/Z in net _00151_.
[WARNING EST-0026] Missing route to pin wire121/I in net _00151_.
[WARNING EST-0026] Missing route to pin _26760_/Z in net _00151_.
[WARNING EST-0026] Missing route to pin wire121/I in net _00151_.
[WARNING EST-0026] Missing route to pin _26760_/Z in net _00151_.
[WARNING EST-0026] Missing route to pin wire119/I in net _00152_.
[WARNING EST-0026] Missing route to pin _26820_/Z in net _00152_.
[WARNING EST-0026] Missing route to pin wire119/I in net _00152_.
[WARNING EST-0026] Missing route to pin _26820_/Z in net _00152_.
[WARNING EST-0026] Missing route to pin wire119/I in net _00152_.
[WARNING EST-0026] Missing route to pin _26820_/Z in net _00152_.
[WARNING EST-0026] Missing route to pin max_length1415/I in net _00153_.
[WARNING EST-0026] Missing route to pin wire1412/I in net _00153_.
[WARNING EST-0026] Missing route to pin _17912_/ZN in net _00153_.
[WARNING EST-0026] Missing route to pin max_length1415/I in net _00153_.
[WARNING EST-0026] Missing route to pin wire1412/I in net _00153_.
[WARNING EST-0026] Missing route to pin _17912_/ZN in net _00153_.
[WARNING EST-0026] Missing route to pin max_length1415/I in net _00153_.
[WARNING EST-0026] Missing route to pin wire1412/I in net _00153_.
[WARNING EST-0026] Missing route to pin _17912_/ZN in net _00153_.
[WARNING EST-0026] Missing route to pin _36378_/RN in net _00154_.
[WARNING EST-0026] Missing route to pin _34895_/ZN in net _00154_.
[WARNING EST-0026] Missing route to pin _36378_/RN in net _00154_.
[WARNING EST-0026] Missing route to pin _34895_/ZN in net _00154_.
[WARNING EST-0026] Missing route to pin _36378_/RN in net _00154_.
[WARNING EST-0026] Missing route to pin _34895_/ZN in net _00154_.
[WARNING EST-0026] Missing route to pin _35394_/RN in net _00155_.
[WARNING EST-0026] Missing route to pin _34896_/ZN in net _00155_.
[WARNING EST-0026] Missing route to pin _35394_/RN in net _00155_.
[WARNING EST-0026] Missing route to pin _34896_/ZN in net _00155_.
[WARNING EST-0026] Missing route to pin _35394_/RN in net _00155_.
[WARNING EST-0026] Missing route to pin _34896_/ZN in net _00155_.
[WARNING EST-0026] Missing route to pin _35395_/RN in net _00156_.
[WARNING EST-0026] Missing route to pin _34897_/ZN in net _00156_.
[WARNING EST-0026] Missing route to pin _35395_/RN in net _00156_.
[WARNING EST-0026] Missing route to pin _34897_/ZN in net _00156_.
[WARNING EST-0026] Missing route to pin _35395_/RN in net _00156_.
[WARNING EST-0026] Missing route to pin _34897_/ZN in net _00156_.
[WARNING EST-0026] Missing route to pin _35396_/RN in net _00157_.
[WARNING EST-0026] Missing route to pin _34898_/ZN in net _00157_.
[WARNING EST-0026] Missing route to pin _35396_/RN in net _00157_.
[WARNING EST-0026] Missing route to pin _34898_/ZN in net _00157_.
[WARNING EST-0026] Missing route to pin _35396_/RN in net _00157_.
[WARNING EST-0026] Missing route to pin _34898_/ZN in net _00157_.
[WARNING EST-0026] Missing route to pin _35398_/RN in net _00159_.
[WARNING EST-0026] Missing route to pin _34900_/ZN in net _00159_.
[WARNING EST-0026] Missing route to pin _35398_/RN in net _00159_.
[WARNING EST-0026] Missing route to pin _34900_/ZN in net _00159_.
[WARNING EST-0026] Missing route to pin _35398_/RN in net _00159_.
[WARNING EST-0026] Missing route to pin _34900_/ZN in net _00159_.
[WARNING EST-0026] Missing route to pin _35399_/RN in net _00160_.
[WARNING EST-0026] Missing route to pin _34901_/ZN in net _00160_.
[WARNING EST-0026] Missing route to pin _35399_/RN in net _00160_.
[WARNING EST-0026] Missing route to pin _34901_/ZN in net _00160_.
[WARNING EST-0026] Missing route to pin _35399_/RN in net _00160_.
[WARNING EST-0026] Missing route to pin _34901_/ZN in net _00160_.
[WARNING EST-0026] Missing route to pin _35401_/RN in net _00162_.
[WARNING EST-0026] Missing route to pin _34903_/ZN in net _00162_.
[WARNING EST-0026] Missing route to pin _35401_/RN in net _00162_.
[WARNING EST-0026] Missing route to pin _34903_/ZN in net _00162_.
[WARNING EST-0026] Missing route to pin _35401_/RN in net _00162_.
[WARNING EST-0026] Missing route to pin _34903_/ZN in net _00162_.
[WARNING EST-0026] Missing route to pin _35404_/RN in net _00165_.
[WARNING EST-0026] Missing route to pin _34906_/ZN in net _00165_.
[WARNING EST-0026] Missing route to pin _35404_/RN in net _00165_.
[WARNING EST-0026] Missing route to pin _34906_/ZN in net _00165_.
[WARNING EST-0026] Missing route to pin _35404_/RN in net _00165_.
[WARNING EST-0026] Missing route to pin _34906_/ZN in net _00165_.
[WARNING EST-0026] Missing route to pin _35405_/RN in net _00166_.
[WARNING EST-0026] Missing route to pin _34907_/ZN in net _00166_.
[WARNING EST-0026] Missing route to pin _35405_/RN in net _00166_.
[WARNING EST-0026] Missing route to pin _34907_/ZN in net _00166_.
[WARNING EST-0026] Missing route to pin _35405_/RN in net _00166_.
[WARNING EST-0026] Missing route to pin _34907_/ZN in net _00166_.
[WARNING EST-0026] Missing route to pin _35406_/RN in net _00167_.
[WARNING EST-0026] Missing route to pin _34908_/ZN in net _00167_.
[WARNING EST-0026] Missing route to pin _35406_/RN in net _00167_.
[WARNING EST-0026] Missing route to pin _34908_/ZN in net _00167_.
[WARNING EST-0026] Missing route to pin _35406_/RN in net _00167_.
[WARNING EST-0026] Missing route to pin _34908_/ZN in net _00167_.
[WARNING EST-0026] Missing route to pin _35407_/RN in net _00168_.
[WARNING EST-0026] Missing route to pin _34909_/ZN in net _00168_.
[WARNING EST-0026] Missing route to pin _35407_/RN in net _00168_.
[WARNING EST-0026] Missing route to pin _34909_/ZN in net _00168_.
[WARNING EST-0026] Missing route to pin _35407_/RN in net _00168_.
[WARNING EST-0026] Missing route to pin _34909_/ZN in net _00168_.
[WARNING EST-0026] Missing route to pin _35408_/RN in net _00169_.
[WARNING EST-0026] Missing route to pin _34910_/ZN in net _00169_.
[WARNING EST-0026] Missing route to pin _35408_/RN in net _00169_.
[WARNING EST-0026] Missing route to pin _34910_/ZN in net _00169_.
[WARNING EST-0026] Missing route to pin _35408_/RN in net _00169_.
[WARNING EST-0026] Missing route to pin _34910_/ZN in net _00169_.
[WARNING EST-0026] Missing route to pin _35410_/RN in net _00171_.
[WARNING EST-0026] Missing route to pin _34912_/ZN in net _00171_.
[WARNING EST-0026] Missing route to pin _35410_/RN in net _00171_.
[WARNING EST-0026] Missing route to pin _34912_/ZN in net _00171_.
[WARNING EST-0026] Missing route to pin _35410_/RN in net _00171_.
[WARNING EST-0026] Missing route to pin _34912_/ZN in net _00171_.
[WARNING EST-0026] Missing route to pin _35411_/RN in net _00172_.
[WARNING EST-0026] Missing route to pin _34913_/ZN in net _00172_.
[WARNING EST-0026] Missing route to pin _35411_/RN in net _00172_.
[WARNING EST-0026] Missing route to pin _34913_/ZN in net _00172_.
[WARNING EST-0026] Missing route to pin _35411_/RN in net _00172_.
[WARNING EST-0026] Missing route to pin _34913_/ZN in net _00172_.
[WARNING EST-0026] Missing route to pin _35412_/RN in net _00173_.
[WARNING EST-0026] Missing route to pin _34914_/ZN in net _00173_.
[WARNING EST-0026] Missing route to pin _35412_/RN in net _00173_.
[WARNING EST-0026] Missing route to pin _34914_/ZN in net _00173_.
[WARNING EST-0026] Missing route to pin _35412_/RN in net _00173_.
[WARNING EST-0026] Missing route to pin _34914_/ZN in net _00173_.
[WARNING EST-0026] Missing route to pin _35414_/RN in net _00175_.
[WARNING EST-0026] Missing route to pin _34916_/ZN in net _00175_.
[WARNING EST-0026] Missing route to pin _35414_/RN in net _00175_.
[WARNING EST-0026] Missing route to pin _34916_/ZN in net _00175_.
[WARNING EST-0026] Missing route to pin _35414_/RN in net _00175_.
[WARNING EST-0026] Missing route to pin _34916_/ZN in net _00175_.
[WARNING EST-0026] Missing route to pin _35416_/RN in net _00177_.
[WARNING EST-0026] Missing route to pin _34918_/ZN in net _00177_.
[WARNING EST-0026] Missing route to pin _35416_/RN in net _00177_.
[WARNING EST-0026] Missing route to pin _34918_/ZN in net _00177_.
[WARNING EST-0026] Missing route to pin _35416_/RN in net _00177_.
[WARNING EST-0026] Missing route to pin _34918_/ZN in net _00177_.
[WARNING EST-0026] Missing route to pin _35417_/RN in net _00178_.
[WARNING EST-0026] Missing route to pin _34919_/ZN in net _00178_.
[WARNING EST-0026] Missing route to pin _35417_/RN in net _00178_.
[WARNING EST-0026] Missing route to pin _34919_/ZN in net _00178_.
[WARNING EST-0026] Missing route to pin _35417_/RN in net _00178_.
[WARNING EST-0026] Missing route to pin _34919_/ZN in net _00178_.
[WARNING EST-0026] Missing route to pin _35418_/RN in net _00179_.
[WARNING EST-0026] Missing route to pin _34920_/ZN in net _00179_.
[WARNING EST-0026] Missing route to pin _35418_/RN in net _00179_.
[WARNING EST-0026] Missing route to pin _34920_/ZN in net _00179_.
[WARNING EST-0026] Missing route to pin _35418_/RN in net _00179_.
[WARNING EST-0026] Missing route to pin _34920_/ZN in net _00179_.
[WARNING EST-0026] Missing route to pin _35420_/RN in net _00181_.
[WARNING EST-0026] Missing route to pin _34922_/ZN in net _00181_.
[WARNING EST-0026] Missing route to pin _35420_/RN in net _00181_.
[WARNING EST-0026] Missing route to pin _34922_/ZN in net _00181_.
[WARNING EST-0026] Missing route to pin _35420_/RN in net _00181_.
[WARNING EST-0026] Missing route to pin _34922_/ZN in net _00181_.
[WARNING EST-0026] Missing route to pin _35421_/RN in net _00182_.
[WARNING EST-0026] Missing route to pin _34923_/ZN in net _00182_.
[WARNING EST-0026] Missing route to pin _35421_/RN in net _00182_.
[WARNING EST-0026] Missing route to pin _34923_/ZN in net _00182_.
[WARNING EST-0026] Missing route to pin _35421_/RN in net _00182_.
[WARNING EST-0026] Missing route to pin _34923_/ZN in net _00182_.
[WARNING EST-0026] Missing route to pin _35422_/RN in net _00183_.
[WARNING EST-0026] Missing route to pin _34924_/ZN in net _00183_.
[WARNING EST-0026] Missing route to pin _35422_/RN in net _00183_.
[WARNING EST-0026] Missing route to pin _34924_/ZN in net _00183_.
[WARNING EST-0026] Missing route to pin _35422_/RN in net _00183_.
[WARNING EST-0026] Missing route to pin _34924_/ZN in net _00183_.
[WARNING EST-0026] Missing route to pin _35423_/RN in net _00184_.
[WARNING EST-0026] Missing route to pin _34925_/ZN in net _00184_.
[WARNING EST-0026] Missing route to pin _35423_/RN in net _00184_.
[WARNING EST-0026] Missing route to pin _34925_/ZN in net _00184_.
[WARNING EST-0026] Missing route to pin _35423_/RN in net _00184_.
[WARNING EST-0026] Missing route to pin _34925_/ZN in net _00184_.
[WARNING EST-0026] Missing route to pin _35427_/RN in net _00188_.
[WARNING EST-0026] Missing route to pin _34929_/ZN in net _00188_.
[WARNING EST-0026] Missing route to pin _35427_/RN in net _00188_.
[WARNING EST-0026] Missing route to pin _34929_/ZN in net _00188_.
[WARNING EST-0026] Missing route to pin _35427_/RN in net _00188_.
[WARNING EST-0026] Missing route to pin _34929_/ZN in net _00188_.
[WARNING EST-0026] Missing route to pin _35428_/RN in net _00189_.
[WARNING EST-0026] Missing route to pin _34930_/ZN in net _00189_.
[WARNING EST-0026] Missing route to pin _35428_/RN in net _00189_.
[WARNING EST-0026] Missing route to pin _34930_/ZN in net _00189_.
[WARNING EST-0026] message limit (1000) reached. This message will no longer print.
[INFO GRT-0197] Via related to pin nodes: 136929
[INFO GRT-0198] Via related Steiner nodes: 2955
[INFO GRT-0199] Via filling finished.
[INFO GRT-0111] Final number of vias: 173370
[INFO GRT-0112] Final usage 3D: 668964

[INFO GRT-0096] Final congestion report:
Layer         Resource        Demand        Usage (%)    Max H / Max V / Total Overflow
---------------------------------------------------------------------------------------
Metal1               0             0            0.00%             0 /  0 /  0
Metal2          151466         63848           42.15%             0 /  0 /  0
Metal3          165244         64606           39.10%             0 /  0 /  0
Metal4          154928         13199            8.52%             0 /  0 /  0
Metal5           96316          7201            7.48%             0 /  0 /  0
---------------------------------------------------------------------------------------
Total           567954        148854           26.21%             0 /  0 /  0

[INFO GRT-0018] Total wirelength: 1774323 um
[INFO GRT-0014] Routed nets: 23693
[INFO GRT-0303] Global routing runtime = 00:00:02
Setting global connections for newly added cells…
[INFO] Setting global connections...
[INFO ODB-0403] 0 connections made, 0 conflicts skipped.
Updating metrics…
Cell type report:                       Count       Area
  Endcap cell                             534    2344.47
  Tap cell                               7132   31312.33
  Tie cell                                 13     114.15
  Clock buffer                            146    7898.33
  Timing Repair Buffer                   4637   86271.36
  Inverter                               1078    9707.17
  Clock inverter                           54    1071.26
  Sequential cell                        1291   96918.08
  Multi-Input combinational cell        16560  320551.88
  Total                                 31445  556189.04
Writing OpenROAD database to '/foss/designs/integration_final/runs/RUN_2026-09-03_11-08-35/44-openroad-resizertimingpostgrt/A37_A.odb'…
Writing netlist to '/foss/designs/integration_final/runs/RUN_2026-09-03_11-08-35/44-openroad-resizertimingpostgrt/A37_A.nl.v'…
Writing powered netlist to '/foss/designs/integration_final/runs/RUN_2026-09-03_11-08-35/44-openroad-resizertimingpostgrt/A37_A.pnl.v'…
Writing layout to '/foss/designs/integration_final/runs/RUN_2026-09-03_11-08-35/44-openroad-resizertimingpostgrt/A37_A.def'…
Writing timing constraints to '/foss/designs/integration_final/runs/RUN_2026-09-03_11-08-35/44-openroad-resizertimingpostgrt/A37_A.sdc'…
