
===========================================================================
report_checks -unconstrained
===========================================================================
======================= max_ss_125C_3v00 Corner ===================================

Startpoint: _36341_ (rising edge-triggered flip-flop clocked by i_clk)
Endpoint: _35763_ (recovery check against rising-edge clock i_clk)
Path Group: asynchronous
Path Type: max

Fanout         Cap        Slew       Delay        Time   Description
---------------------------------------------------------------------------------------------
                                  0.000000    0.000000   clock i_clk (rise edge)
                                  0.000000    0.000000   clock source latency
     1    0.155098    0.000000    0.000000    0.000000 ^ i_clk (in)
                                                         i_clk (net)
                      0.063179    0.025842    0.025842 ^ clkbuf_0_i_clk/I (gf180mcu_fd_sc_mcu7t5v0__clkbuf_16)
     4    0.216231    0.702802    0.871074    0.896917 ^ clkbuf_0_i_clk/Z (gf180mcu_fd_sc_mcu7t5v0__clkbuf_16)
                                                         clknet_0_i_clk (net)
                      0.702977    0.016052    0.912969 ^ clkbuf_2_0_0_i_clk/I (gf180mcu_fd_sc_mcu7t5v0__clkbuf_8)
     2    0.097498    0.645909    0.984412    1.897381 ^ clkbuf_2_0_0_i_clk/Z (gf180mcu_fd_sc_mcu7t5v0__clkbuf_8)
                                                         clknet_2_0_0_i_clk (net)
                      0.645918    0.003835    1.901216 ^ clkbuf_3_1__f_i_clk/I (gf180mcu_fd_sc_mcu7t5v0__clkbuf_16)
    12    0.297716    0.912004    1.148829    3.050045 ^ clkbuf_3_1__f_i_clk/Z (gf180mcu_fd_sc_mcu7t5v0__clkbuf_16)
                                                         clknet_3_1__leaf_i_clk (net)
                      0.912605    0.014440    3.064486 ^ clkbuf_leaf_80_i_clk/I (gf180mcu_fd_sc_mcu7t5v0__clkbuf_8)
    18    0.103857    0.681485    1.053087    4.117573 ^ clkbuf_leaf_80_i_clk/Z (gf180mcu_fd_sc_mcu7t5v0__clkbuf_8)
                                                         clknet_leaf_80_i_clk (net)
                      0.681487    0.002159    4.119732 ^ _36341_/CLK (gf180mcu_fd_sc_mcu7t5v0__dffrnq_4)
     4    0.049059    0.515850    2.628171    6.747903 v _36341_/Q (gf180mcu_fd_sc_mcu7t5v0__dffrnq_4)
                                                         u_integration_final.integration_inst.quant_ip_reset (net)
                      0.515850    0.000360    6.748263 v max_length2518/I (gf180mcu_fd_sc_mcu7t5v0__buf_2)
     3    0.041447    0.555558    0.933886    7.682149 v max_length2518/Z (gf180mcu_fd_sc_mcu7t5v0__buf_2)
                                                         net2518 (net)
                      0.555590    0.002333    7.684483 v wire2517/I (gf180mcu_fd_sc_mcu7t5v0__buf_2)
     4    0.062229    0.760342    1.092537    8.777020 v wire2517/Z (gf180mcu_fd_sc_mcu7t5v0__buf_2)
                                                         net2517 (net)
                      0.760406    0.003864    8.780883 v wire2516/I (gf180mcu_fd_sc_mcu7t5v0__clkbuf_8)
    13    0.157187    0.895137    1.288037   10.068920 v wire2516/Z (gf180mcu_fd_sc_mcu7t5v0__clkbuf_8)
                                                         net2516 (net)
                      0.895222    0.004842   10.073763 v _17686_/I (gf180mcu_fd_sc_mcu7t5v0__inv_4)
     1    0.009803    0.330272    0.387186   10.460949 ^ _17686_/ZN (gf180mcu_fd_sc_mcu7t5v0__inv_4)
                                                         _10856_ (net)
                      0.330272    0.000179   10.461128 ^ wire2388/I (gf180mcu_fd_sc_mcu7t5v0__buf_2)
     3    0.052823    1.220463    1.072412   11.533541 ^ wire2388/Z (gf180mcu_fd_sc_mcu7t5v0__buf_2)
                                                         net2388 (net)
                      1.220478    0.002419   11.535960 ^ wire2382/I (gf180mcu_fd_sc_mcu7t5v0__buf_2)
     1    0.006619    0.282750    0.646019   12.181979 ^ wire2382/Z (gf180mcu_fd_sc_mcu7t5v0__buf_2)
                                                         net2382 (net)
                      0.282750    0.000077   12.182056 ^ wire4282/I (gf180mcu_fd_sc_mcu7t5v0__buf_2)
     3    0.067947    1.540241    1.247595   13.429651 ^ wire4282/Z (gf180mcu_fd_sc_mcu7t5v0__buf_2)
                                                         net4282 (net)
                      1.540267    0.003578   13.433229 ^ max_length2381/I (gf180mcu_fd_sc_mcu7t5v0__clkbuf_1)
     2    0.045498    2.052581    1.773304   15.206533 ^ max_length2381/Z (gf180mcu_fd_sc_mcu7t5v0__clkbuf_1)
                                                         net2381 (net)
                      2.052581    0.001080   15.207613 ^ max_length2380/I (gf180mcu_fd_sc_mcu7t5v0__buf_2)
     3    0.065677    1.493940    1.444407   16.652021 ^ max_length2380/Z (gf180mcu_fd_sc_mcu7t5v0__buf_2)
                                                         net2380 (net)
                      1.493947    0.001844   16.653864 ^ _17911_/A1 (gf180mcu_fd_sc_mcu7t5v0__nand2_4)
     3    0.034659    0.686554    0.559453   17.213318 v _17911_/ZN (gf180mcu_fd_sc_mcu7t5v0__nand2_4)
                                                         _11081_ (net)
                      0.686554    0.000226   17.213543 v max_length1948/I (gf180mcu_fd_sc_mcu7t5v0__clkbuf_1)
     1    0.025730    1.002527    1.150815   18.364357 v max_length1948/Z (gf180mcu_fd_sc_mcu7t5v0__clkbuf_1)
                                                         net1948 (net)
                      1.002532    0.001302   18.365660 v wire1947/I (gf180mcu_fd_sc_mcu7t5v0__buf_1)
     2    0.044730    1.078809    1.557021   19.922682 v wire1947/Z (gf180mcu_fd_sc_mcu7t5v0__buf_1)
                                                         net1947 (net)
                      1.078825    0.002323   19.925005 v wire1946/I (gf180mcu_fd_sc_mcu7t5v0__buf_3)
    13    0.100951    0.855441    1.452014   21.377018 v wire1946/Z (gf180mcu_fd_sc_mcu7t5v0__buf_3)
                                                         net1946 (net)
                      0.855536    0.004993   21.382011 v wire1935/I (gf180mcu_fd_sc_mcu7t5v0__buf_3)
     3    0.017684    0.315745    0.936373   22.318384 v wire1935/Z (gf180mcu_fd_sc_mcu7t5v0__buf_3)
                                                         net1935 (net)
                      0.315745    0.000155   22.318539 v wire4140/I (gf180mcu_fd_sc_mcu7t5v0__buf_3)
    14    0.108339    0.899023    1.220300   23.538839 v wire4140/Z (gf180mcu_fd_sc_mcu7t5v0__buf_3)
                                                         net4140 (net)
                      0.899214    0.007299   23.546139 v max_length1934/I (gf180mcu_fd_sc_mcu7t5v0__buf_2)
     8    0.062700    0.767930    1.210003   24.756142 v max_length1934/Z (gf180mcu_fd_sc_mcu7t5v0__buf_2)
                                                         net1934 (net)
                      0.767981    0.003482   24.759623 v wire1932/I (gf180mcu_fd_sc_mcu7t5v0__buf_2)
    10    0.091222    1.058855    1.354071   26.113693 v wire1932/Z (gf180mcu_fd_sc_mcu7t5v0__buf_2)
                                                         net1932 (net)
                      1.058884    0.003149   26.116842 v max_length1931/I (gf180mcu_fd_sc_mcu7t5v0__clkbuf_4)
    11    0.105697    1.099422    1.518025   27.634867 v max_length1931/Z (gf180mcu_fd_sc_mcu7t5v0__clkbuf_4)
                                                         net1931 (net)
                      1.099510    0.005556   27.640425 v wire1927/I (gf180mcu_fd_sc_mcu7t5v0__buf_3)
    13    0.106953    0.895212    1.485878   29.126303 v wire1927/Z (gf180mcu_fd_sc_mcu7t5v0__buf_3)
                                                         net1927 (net)
                      0.895262    0.003752   29.130054 v max_length1926/I (gf180mcu_fd_sc_mcu7t5v0__buf_4)
    15    0.112733    0.692423    1.115684   30.245737 v max_length1926/Z (gf180mcu_fd_sc_mcu7t5v0__buf_4)
                                                         net1926 (net)
                      0.692439    0.001851   30.247589 v max_length1925/I (gf180mcu_fd_sc_mcu7t5v0__buf_4)
     7    0.056083    0.418013    0.851109   31.098698 v max_length1925/Z (gf180mcu_fd_sc_mcu7t5v0__buf_4)
                                                         net1925 (net)
                      0.418013    0.001229   31.099928 v max_length1924/I (gf180mcu_fd_sc_mcu7t5v0__buf_2)
    10    0.072445    0.864845    1.113712   32.213638 v max_length1924/Z (gf180mcu_fd_sc_mcu7t5v0__buf_2)
                                                         net1924 (net)
                      0.864883    0.003205   32.216843 v max_length1923/I (gf180mcu_fd_sc_mcu7t5v0__buf_2)
     9    0.071470    0.857063    1.256400   33.473244 v max_length1923/Z (gf180mcu_fd_sc_mcu7t5v0__buf_2)
                                                         net1923 (net)
                      0.857113    0.003642   33.476883 v _35265_/I (gf180mcu_fd_sc_mcu7t5v0__clkinv_1)
     1    0.007967    0.569284    0.555048   34.031933 ^ _35265_/ZN (gf180mcu_fd_sc_mcu7t5v0__clkinv_1)
                                                         _00524_ (net)
                      0.569284    0.000089   34.032021 ^ _35763_/RN (gf180mcu_fd_sc_mcu7t5v0__dffrnq_1)
                                             34.032021   data arrival time

                                100.000000  100.000000   clock i_clk (rise edge)
                                  0.000000  100.000000   clock source latency
     1    0.155098    0.000000    0.000000  100.000000 ^ i_clk (in)
                                                         i_clk (net)
                      0.063179    0.025842  100.025841 ^ clkbuf_0_i_clk/I (gf180mcu_fd_sc_mcu7t5v0__clkbuf_16)
     4    0.216231    0.702802    0.871076  100.896912 ^ clkbuf_0_i_clk/Z (gf180mcu_fd_sc_mcu7t5v0__clkbuf_16)
                                                         clknet_0_i_clk (net)
                      0.702912    0.013067  100.909981 ^ clkbuf_2_3_0_i_clk/I (gf180mcu_fd_sc_mcu7t5v0__clkbuf_8)
     2    0.092854    0.622022    0.969379  101.879364 ^ clkbuf_2_3_0_i_clk/Z (gf180mcu_fd_sc_mcu7t5v0__clkbuf_8)
                                                         clknet_2_3_0_i_clk (net)
                      0.622034    0.004164  101.883522 ^ clkbuf_3_6__f_i_clk/I (gf180mcu_fd_sc_mcu7t5v0__clkbuf_16)
    17    0.401698    1.179727    1.308067  103.191589 ^ clkbuf_3_6__f_i_clk/Z (gf180mcu_fd_sc_mcu7t5v0__clkbuf_16)
                                                         clknet_3_6__leaf_i_clk (net)
                      1.180002    0.010004  103.201599 ^ clkbuf_leaf_32_i_clk/I (gf180mcu_fd_sc_mcu7t5v0__clkbuf_8)
    15    0.096929    0.650166    1.092559  104.294151 ^ clkbuf_leaf_32_i_clk/Z (gf180mcu_fd_sc_mcu7t5v0__clkbuf_8)
                                                         clknet_leaf_32_i_clk (net)
                      0.650170    0.002530  104.296684 ^ _35763_/CLK (gf180mcu_fd_sc_mcu7t5v0__dffrnq_1)
                                 -0.500000  103.796684   clock uncertainty
                                  0.000000  103.796684   clock reconvergence pessimism
                                  0.817396  104.614075   library recovery time
                                            104.614075   data required time
---------------------------------------------------------------------------------------------
                                            104.614075   data required time
                                            -34.032021   data arrival time
---------------------------------------------------------------------------------------------
                                             70.582054   slack (MET)


Startpoint: _35274_ (rising edge-triggered flip-flop clocked by i_clk)
Endpoint: _36498_ (rising edge-triggered flip-flop clocked by i_clk)
Path Group: i_clk
Path Type: max

Fanout         Cap        Slew       Delay        Time   Description
---------------------------------------------------------------------------------------------
                                  0.000000    0.000000   clock i_clk (rise edge)
                                  0.000000    0.000000   clock source latency
     1    0.155098    0.000000    0.000000    0.000000 ^ i_clk (in)
                                                         i_clk (net)
                      0.063179    0.025842    0.025842 ^ clkbuf_0_i_clk/I (gf180mcu_fd_sc_mcu7t5v0__clkbuf_16)
     4    0.216231    0.702802    0.871074    0.896917 ^ clkbuf_0_i_clk/Z (gf180mcu_fd_sc_mcu7t5v0__clkbuf_16)
                                                         clknet_0_i_clk (net)
                      0.702879    0.010999    0.907916 ^ clkbuf_2_2_0_i_clk/I (gf180mcu_fd_sc_mcu7t5v0__clkbuf_8)
     2    0.090946    0.612775    0.963841    1.871758 ^ clkbuf_2_2_0_i_clk/Z (gf180mcu_fd_sc_mcu7t5v0__clkbuf_8)
                                                         clknet_2_2_0_i_clk (net)
                      0.612785    0.003774    1.875532 ^ clkbuf_3_4__f_i_clk/I (gf180mcu_fd_sc_mcu7t5v0__clkbuf_16)
    11    0.318016    0.966715    1.176198    3.051730 ^ clkbuf_3_4__f_i_clk/Z (gf180mcu_fd_sc_mcu7t5v0__clkbuf_16)
                                                         clknet_3_4__leaf_i_clk (net)
                      0.966756    0.003054    3.054784 ^ clkbuf_leaf_60_i_clk/I (gf180mcu_fd_sc_mcu7t5v0__clkbuf_8)
    11    0.112875    0.727356    1.093487    4.148271 ^ clkbuf_leaf_60_i_clk/Z (gf180mcu_fd_sc_mcu7t5v0__clkbuf_8)
                                                         clknet_leaf_60_i_clk (net)
                      0.727360    0.002806    4.151077 ^ _35274_/CLK (gf180mcu_fd_sc_mcu7t5v0__dffrnq_2)
     2    0.026002    0.797028    3.118588    7.269665 ^ _35274_/Q (gf180mcu_fd_sc_mcu7t5v0__dffrnq_2)
                                                         u_integration_final.integration_inst.reg_bank_inst.cols_a[0] (net)
                      0.797028    0.000427    7.270092 ^ max_length3912/I (gf180mcu_fd_sc_mcu7t5v0__buf_2)
     4    0.068591    1.552092    1.357262    8.627355 ^ max_length3912/Z (gf180mcu_fd_sc_mcu7t5v0__buf_2)
                                                         net3912 (net)
                      1.552092    0.001103    8.628457 ^ max_length3911/I (gf180mcu_fd_sc_mcu7t5v0__buf_4)
     7    0.124350    1.414679    1.317363    9.945821 ^ max_length3911/Z (gf180mcu_fd_sc_mcu7t5v0__buf_4)
                                                         net3911 (net)
                      1.414744    0.005387    9.951207 ^ _17930_/A2 (gf180mcu_fd_sc_mcu7t5v0__or2_2)
     6    0.115817    2.548959    2.097807   12.049015 ^ _17930_/Z (gf180mcu_fd_sc_mcu7t5v0__or2_2)
                                                         _11097_ (net)
                      2.548959    0.001664   12.050679 ^ _25087_/A3 (gf180mcu_fd_sc_mcu7t5v0__nor3_4)
     1    0.013571    0.955399    0.689011   12.739690 v _25087_/ZN (gf180mcu_fd_sc_mcu7t5v0__nor3_4)
                                                         _01889_ (net)
                      0.955399    0.000423   12.740112 v wire1707/I (gf180mcu_fd_sc_mcu7t5v0__buf_1)
     3    0.049495    1.174554    1.603767   14.343880 v wire1707/Z (gf180mcu_fd_sc_mcu7t5v0__buf_1)
                                                         net1707 (net)
                      1.174570    0.002487   14.346366 v wire1705/I (gf180mcu_fd_sc_mcu7t5v0__clkbuf_1)
     1    0.005196    0.348989    0.833266   15.179632 v wire1705/Z (gf180mcu_fd_sc_mcu7t5v0__clkbuf_1)
                                                         net1705 (net)
                      0.348989    0.000064   15.179696 v wire4292/I (gf180mcu_fd_sc_mcu7t5v0__buf_1)
     2    0.042362    1.028921    1.291426   16.471123 v wire4292/Z (gf180mcu_fd_sc_mcu7t5v0__buf_1)
                                                         net4292 (net)
                      1.028942    0.002581   16.473703 v wire1704/I (gf180mcu_fd_sc_mcu7t5v0__clkbuf_1)
     2    0.032552    1.236971    1.391021   17.864723 v wire1704/Z (gf180mcu_fd_sc_mcu7t5v0__clkbuf_1)
                                                         net1704 (net)
                      1.236978    0.001714   17.866438 v wire1703/I (gf180mcu_fd_sc_mcu7t5v0__buf_2)
     7    0.073952    0.884568    1.394884   19.261322 v wire1703/Z (gf180mcu_fd_sc_mcu7t5v0__buf_2)
                                                         net1703 (net)
                      0.884568    0.000828   19.262150 v _26542_/A2 (gf180mcu_fd_sc_mcu7t5v0__aoi221_1)
     1    0.008349    2.278479    1.540318   20.802467 ^ _26542_/ZN (gf180mcu_fd_sc_mcu7t5v0__aoi221_1)
                                                         _03301_ (net)
                      2.278479    0.000124   20.802591 ^ _26543_/A2 (gf180mcu_fd_sc_mcu7t5v0__nand2_1)
     1    0.017832    1.036448    0.809626   21.612219 v _26543_/ZN (gf180mcu_fd_sc_mcu7t5v0__nand2_1)
                                                         _03302_ (net)
                      1.036448    0.000721   21.612940 v wire991/I (gf180mcu_fd_sc_mcu7t5v0__dlyb_1)
     1    0.022425    0.965974    3.771914   25.384853 v wire991/Z (gf180mcu_fd_sc_mcu7t5v0__dlyb_1)
                                                         net991 (net)
                      0.965974    0.000947   25.385801 v _26544_/B2 (gf180mcu_fd_sc_mcu7t5v0__oai22_1)
     1    0.018452    2.653196    1.905901   27.291702 ^ _26544_/ZN (gf180mcu_fd_sc_mcu7t5v0__oai22_1)
                                                         _03303_ (net)
                      2.653196    0.000194   27.291895 ^ _26546_/B1 (gf180mcu_fd_sc_mcu7t5v0__aoi221_4)
     1    0.021383    1.215214    0.966361   28.258257 v _26546_/ZN (gf180mcu_fd_sc_mcu7t5v0__aoi221_4)
                                                         _03305_ (net)
                      1.215214    0.000862   28.259119 v wire805/I (gf180mcu_fd_sc_mcu7t5v0__clkbuf_1)
     1    0.020066    0.818035    1.178540   29.437658 v wire805/Z (gf180mcu_fd_sc_mcu7t5v0__clkbuf_1)
                                                         net805 (net)
                      0.818035    0.000755   29.438414 v wire804/I (gf180mcu_fd_sc_mcu7t5v0__clkbuf_1)
     1    0.025986    1.011902    1.193174   30.631586 v wire804/Z (gf180mcu_fd_sc_mcu7t5v0__clkbuf_1)
                                                         net804 (net)
                      1.011907    0.001354   30.632940 v wire4119/I (gf180mcu_fd_sc_mcu7t5v0__dlyb_1)
     1    0.024320    1.006822    3.804153   34.437096 v wire4119/Z (gf180mcu_fd_sc_mcu7t5v0__dlyb_1)
                                                         net4119 (net)
                      1.006823    0.001133   34.438229 v wire803/I (gf180mcu_fd_sc_mcu7t5v0__buf_2)
     4    0.052933    0.673548    1.178581   35.616810 v wire803/Z (gf180mcu_fd_sc_mcu7t5v0__buf_2)
                                                         net803 (net)
                      0.673607    0.003570   35.620380 v wire801/I (gf180mcu_fd_sc_mcu7t5v0__buf_2)
     1    0.007028    0.224450    0.705665   36.326042 v wire801/Z (gf180mcu_fd_sc_mcu7t5v0__buf_2)
                                                         net801 (net)
                      0.224450    0.000082   36.326126 v wire4089/I (gf180mcu_fd_sc_mcu7t5v0__clkbuf_4)
    10    0.085668    0.918600    1.122999   37.449123 v wire4089/Z (gf180mcu_fd_sc_mcu7t5v0__clkbuf_4)
                                                         net4089 (net)
                      0.918673    0.004587   37.453709 v _26666_/A4 (gf180mcu_fd_sc_mcu7t5v0__nand4_1)
     2    0.010541    1.314078    1.147942   38.601654 ^ _26666_/ZN (gf180mcu_fd_sc_mcu7t5v0__nand4_1)
                                                         _03423_ (net)
                      1.314078    0.000156   38.601810 ^ _26667_/I (gf180mcu_fd_sc_mcu7t5v0__clkinv_1)
     4    0.027753    1.161067    1.054310   39.656120 v _26667_/ZN (gf180mcu_fd_sc_mcu7t5v0__clkinv_1)
                                                         _03424_ (net)
                      1.161067    0.000451   39.656570 v _26669_/A1 (gf180mcu_fd_sc_mcu7t5v0__nor2_1)
     1    0.009456    1.202733    1.034977   40.691547 ^ _26669_/ZN (gf180mcu_fd_sc_mcu7t5v0__nor2_1)
                                                         _03426_ (net)
                      1.202733    0.000224   40.691772 ^ _26679_/A1 (gf180mcu_fd_sc_mcu7t5v0__xor3_1)
     2    0.012991    1.738819    3.401659   44.093430 ^ _26679_/Z (gf180mcu_fd_sc_mcu7t5v0__xor3_1)
                                                         _03436_ (net)
                      1.738819    0.000249   44.093678 ^ _26698_/A1 (gf180mcu_fd_sc_mcu7t5v0__xnor2_1)
     2    0.012400    1.746573    1.401062   45.494743 ^ _26698_/ZN (gf180mcu_fd_sc_mcu7t5v0__xnor2_1)
                                                         _03455_ (net)
                      1.746573    0.000078   45.494820 ^ _26699_/A2 (gf180mcu_fd_sc_mcu7t5v0__nor2_1)
     2    0.013639    0.893608    0.791360   46.286179 v _26699_/ZN (gf180mcu_fd_sc_mcu7t5v0__nor2_1)
                                                         _03456_ (net)
                      0.893608    0.000203   46.286381 v _26714_/A1 (gf180mcu_fd_sc_mcu7t5v0__xor2_1)
     3    0.015343    1.149388    1.749889   48.036270 v _26714_/Z (gf180mcu_fd_sc_mcu7t5v0__xor2_1)
                                                         _03470_ (net)
                      1.149388    0.000224   48.036495 v _26754_/A2 (gf180mcu_fd_sc_mcu7t5v0__xor3_1)
     2    0.016426    1.068231    3.664916   51.701412 v _26754_/Z (gf180mcu_fd_sc_mcu7t5v0__xor3_1)
                                                         _03510_ (net)
                      1.068231    0.000341   51.701752 v _26755_/A2 (gf180mcu_fd_sc_mcu7t5v0__xor2_1)
     2    0.013097    0.893213    1.751037   53.452789 v _26755_/Z (gf180mcu_fd_sc_mcu7t5v0__xor2_1)
                                                         _03511_ (net)
                      0.893213    0.000117   53.452908 v _26757_/A2 (gf180mcu_fd_sc_mcu7t5v0__xnor2_1)
     2    0.012514    1.756562    1.355861   54.808765 ^ _26757_/ZN (gf180mcu_fd_sc_mcu7t5v0__xnor2_1)
                                                         _03513_ (net)
                      1.756562    0.000114   54.808880 ^ _26759_/A2 (gf180mcu_fd_sc_mcu7t5v0__xor2_1)
     2    0.014019    1.794166    1.616282   56.425163 ^ _26759_/Z (gf180mcu_fd_sc_mcu7t5v0__xor2_1)
                                                         _03515_ (net)
                      1.794166    0.000270   56.425434 ^ _26761_/A2 (gf180mcu_fd_sc_mcu7t5v0__aoi21_1)
     2    0.013471    0.902223    0.677037   57.102470 v _26761_/ZN (gf180mcu_fd_sc_mcu7t5v0__aoi21_1)
                                                         _03516_ (net)
                      0.902223    0.000114   57.102585 v _26821_/A1 (gf180mcu_fd_sc_mcu7t5v0__oai21_1)
     3    0.020569    2.210753    1.577874   58.680458 ^ _26821_/ZN (gf180mcu_fd_sc_mcu7t5v0__oai21_1)
                                                         _03575_ (net)
                      2.210753    0.000288   58.680744 ^ _27025_/A1 (gf180mcu_fd_sc_mcu7t5v0__aoi221_1)
     2    0.011619    1.314422    0.893984   59.574730 v _27025_/ZN (gf180mcu_fd_sc_mcu7t5v0__aoi221_1)
                                                         _03777_ (net)
                      1.314422    0.000238   59.574966 v _27028_/A3 (gf180mcu_fd_sc_mcu7t5v0__oai31_1)
     2    0.015561    3.291863    2.420841   61.995808 ^ _27028_/ZN (gf180mcu_fd_sc_mcu7t5v0__oai31_1)
                                                         _03779_ (net)
                      3.291863    0.000242   61.996048 ^ _27105_/A1 (gf180mcu_fd_sc_mcu7t5v0__aoi21_1)
     2    0.014291    1.267305    0.894744   62.890793 v _27105_/ZN (gf180mcu_fd_sc_mcu7t5v0__aoi21_1)
                                                         _03855_ (net)
                      1.267305    0.000163   62.890957 v _27190_/A1 (gf180mcu_fd_sc_mcu7t5v0__oai21_1)
     2    0.013937    1.641934    1.357719   64.248672 ^ _27190_/ZN (gf180mcu_fd_sc_mcu7t5v0__oai21_1)
                                                         _03939_ (net)
                      1.641934    0.000135   64.248810 ^ _27283_/A1 (gf180mcu_fd_sc_mcu7t5v0__aoi21_1)
     3    0.027726    1.316232    1.122118   65.370926 v _27283_/ZN (gf180mcu_fd_sc_mcu7t5v0__aoi21_1)
                                                         _04031_ (net)
                      1.316232    0.000490   65.371422 v _27484_/A1 (gf180mcu_fd_sc_mcu7t5v0__oai31_2)
     3    0.032068    3.217983    2.269957   67.641373 ^ _27484_/ZN (gf180mcu_fd_sc_mcu7t5v0__oai31_2)
                                                         _04230_ (net)
                      3.217983    0.001030   67.642403 ^ _27699_/A1 (gf180mcu_fd_sc_mcu7t5v0__nand3_1)
     2    0.014590    1.531744    1.139462   68.781868 v _27699_/ZN (gf180mcu_fd_sc_mcu7t5v0__nand3_1)
                                                         _04443_ (net)
                      1.531744    0.000391   68.782257 v _27943_/A1 (gf180mcu_fd_sc_mcu7t5v0__aoi211_1)
     2    0.021482    3.799377    2.434646   71.216904 ^ _27943_/ZN (gf180mcu_fd_sc_mcu7t5v0__aoi211_1)
                                                         _04685_ (net)
                      3.799377    0.000618   71.217522 ^ _28199_/A1 (gf180mcu_fd_sc_mcu7t5v0__oai211_1)
     2    0.032395    2.478599    1.974826   73.192345 v _28199_/ZN (gf180mcu_fd_sc_mcu7t5v0__oai211_1)
                                                         _04939_ (net)
                      2.478599    0.001997   73.194344 v _28314_/A1 (gf180mcu_fd_sc_mcu7t5v0__aoi21_1)
     3    0.028638    3.036235    2.441212   75.635559 ^ _28314_/ZN (gf180mcu_fd_sc_mcu7t5v0__aoi21_1)
                                                         _05054_ (net)
                      3.036235    0.000590   75.636147 ^ _28536_/B3 (gf180mcu_fd_sc_mcu7t5v0__oai33_4)
     3    0.030792    1.308401    1.023871   76.660019 v _28536_/ZN (gf180mcu_fd_sc_mcu7t5v0__oai33_4)
                                                         _05274_ (net)
                      1.308401    0.000888   76.660904 v _28741_/A2 (gf180mcu_fd_sc_mcu7t5v0__oai211_1)
     2    0.012421    1.663534    1.349434   78.010338 ^ _28741_/ZN (gf180mcu_fd_sc_mcu7t5v0__oai211_1)
                                                         _05477_ (net)
                      1.663534    0.000249   78.010590 ^ _28743_/A3 (gf180mcu_fd_sc_mcu7t5v0__nand3_1)
     2    0.018938    1.364152    1.016623   79.027214 v _28743_/ZN (gf180mcu_fd_sc_mcu7t5v0__nand3_1)
                                                         _05479_ (net)
                      1.364152    0.000604   79.027817 v _28839_/A2 (gf180mcu_fd_sc_mcu7t5v0__aoi21_1)
     3    0.020243    2.308862    1.774069   80.801888 ^ _28839_/ZN (gf180mcu_fd_sc_mcu7t5v0__aoi21_1)
                                                         _05574_ (net)
                      2.308862    0.000398   80.802284 ^ _28924_/A2 (gf180mcu_fd_sc_mcu7t5v0__oai21_1)
     2    0.012264    1.080455    0.874287   81.676567 v _28924_/ZN (gf180mcu_fd_sc_mcu7t5v0__oai21_1)
                                                         _05658_ (net)
                      1.080455    0.000220   81.676788 v _29010_/A2 (gf180mcu_fd_sc_mcu7t5v0__aoi21_1)
     3    0.034648    3.447701    2.401968   84.078758 ^ _29010_/ZN (gf180mcu_fd_sc_mcu7t5v0__aoi21_1)
                                                         _05743_ (net)
                      3.447701    0.001464   84.080223 ^ _29092_/A2 (gf180mcu_fd_sc_mcu7t5v0__oai21_1)
     4    0.023212    1.687525    1.327138   85.407356 v _29092_/ZN (gf180mcu_fd_sc_mcu7t5v0__oai21_1)
                                                         _05824_ (net)
                      1.687525    0.000519   85.407875 v _29301_/A1 (gf180mcu_fd_sc_mcu7t5v0__aoi211_1)
     2    0.017506    3.278818    2.182560   87.590439 ^ _29301_/ZN (gf180mcu_fd_sc_mcu7t5v0__aoi211_1)
                                                         _06030_ (net)
                      3.278818    0.000512   87.590950 ^ _29419_/A1 (gf180mcu_fd_sc_mcu7t5v0__oai21_1)
     2    0.014772    1.270046    0.924239   88.515190 v _29419_/ZN (gf180mcu_fd_sc_mcu7t5v0__oai21_1)
                                                         _06145_ (net)
                      1.270046    0.000334   88.515526 v _29510_/A1 (gf180mcu_fd_sc_mcu7t5v0__aoi21_1)
     1    0.006195    1.100138    0.936424   89.451950 ^ _29510_/ZN (gf180mcu_fd_sc_mcu7t5v0__aoi21_1)
                                                         _06234_ (net)
                      1.100138    0.000128   89.452072 ^ _29511_/B1 (gf180mcu_fd_sc_mcu7t5v0__aoi221_1)
     2    0.018376    1.585187    1.161212   90.613289 v _29511_/ZN (gf180mcu_fd_sc_mcu7t5v0__aoi221_1)
                                                         _06235_ (net)
                      1.585187    0.000199   90.613487 v _29551_/B2 (gf180mcu_fd_sc_mcu7t5v0__oai32_2)
     3    0.019466    3.271487    1.325212   91.938698 ^ _29551_/ZN (gf180mcu_fd_sc_mcu7t5v0__oai32_2)
                                                         _06274_ (net)
                      3.271487    0.000277   91.938972 ^ _29613_/B2 (gf180mcu_fd_sc_mcu7t5v0__oai221_1)
     2    0.012785    1.484276    1.313921   93.252899 v _29613_/ZN (gf180mcu_fd_sc_mcu7t5v0__oai221_1)
                                                         _06335_ (net)
                      1.484276    0.000142   93.253036 v _29656_/A1 (gf180mcu_fd_sc_mcu7t5v0__aoi211_1)
     2    0.009176    2.186856    1.497661   94.750702 ^ _29656_/ZN (gf180mcu_fd_sc_mcu7t5v0__aoi211_1)
                                                         _06376_ (net)
                      2.186856    0.000085   94.750786 ^ _29661_/A2 (gf180mcu_fd_sc_mcu7t5v0__oai21_1)
     3    0.023840    1.392137    1.197101   95.947884 v _29661_/ZN (gf180mcu_fd_sc_mcu7t5v0__oai21_1)
                                                         _06380_ (net)
                      1.392137    0.000703   95.948586 v _29665_/A2 (gf180mcu_fd_sc_mcu7t5v0__xor2_1)
     1    0.003834    0.635537    1.667445   97.616035 v _29665_/Z (gf180mcu_fd_sc_mcu7t5v0__xor2_1)
                                                         _00146_ (net)
                      0.635537    0.000071   97.616104 v _36498_/D (gf180mcu_fd_sc_mcu7t5v0__dffrnq_1)
                                             97.616104   data arrival time

                                100.000000  100.000000   clock i_clk (rise edge)
                                  0.000000  100.000000   clock source latency
     1    0.155098    0.000000    0.000000  100.000000 ^ i_clk (in)
                                                         i_clk (net)
                      0.063179    0.025842  100.025841 ^ clkbuf_0_i_clk/I (gf180mcu_fd_sc_mcu7t5v0__clkbuf_16)
     4    0.216231    0.702802    0.871076  100.896912 ^ clkbuf_0_i_clk/Z (gf180mcu_fd_sc_mcu7t5v0__clkbuf_16)
                                                         clknet_0_i_clk (net)
                      0.702879    0.010999  100.907913 ^ clkbuf_2_2_0_i_clk/I (gf180mcu_fd_sc_mcu7t5v0__clkbuf_8)
     2    0.090946    0.612775    0.963837  101.871750 ^ clkbuf_2_2_0_i_clk/Z (gf180mcu_fd_sc_mcu7t5v0__clkbuf_8)
                                                         clknet_2_2_0_i_clk (net)
                      0.612784    0.003610  101.875359 ^ clkbuf_3_5__f_i_clk/I (gf180mcu_fd_sc_mcu7t5v0__clkbuf_16)
    14    0.335022    1.006291    1.198629  103.073990 ^ clkbuf_3_5__f_i_clk/Z (gf180mcu_fd_sc_mcu7t5v0__clkbuf_16)
                                                         clknet_3_5__leaf_i_clk (net)
                      1.006546    0.008228  103.082214 ^ clkbuf_leaf_63_i_clk/I (gf180mcu_fd_sc_mcu7t5v0__clkbuf_8)
    16    0.077889    0.554848    0.989324  104.071541 ^ clkbuf_leaf_63_i_clk/Z (gf180mcu_fd_sc_mcu7t5v0__clkbuf_8)
                                                         clknet_leaf_63_i_clk (net)
                      0.554848    0.000888  104.072433 ^ _36498_/CLK (gf180mcu_fd_sc_mcu7t5v0__dffrnq_1)
                                 -0.500000  103.572426   clock uncertainty
                                  0.000000  103.572426   clock reconvergence pessimism
                                 -0.486909  103.085526   library setup time
                                            103.085526   data required time
---------------------------------------------------------------------------------------------
                                            103.085526   data required time
                                            -97.616104   data arrival time
---------------------------------------------------------------------------------------------
                                              5.469417   slack (MET)




===========================================================================
report_checks --slack_max -0.01
============================================================================
======================= max_ss_125C_3v00 Corner ===================================

No paths found.


===========================================================================
 report_check_types -max_slew -max_cap -max_fanout -violators
============================================================================
======================= max_ss_125C_3v00 Corner ===================================

max slew

Pin                                        Limit        Slew       Slack
------------------------------------------------------------------------
_34624_/ZN                              6.000000    7.165486   -1.165486 (VIOLATED)
_34625_/C                               6.000000    7.165486   -1.165486 (VIOLATED)
_34097_/ZN                              6.000000    6.921341   -0.921341 (VIOLATED)
_34098_/B2                              6.000000    6.921341   -0.921341 (VIOLATED)
_23439_/ZN                              6.000000    6.724811   -0.724811 (VIOLATED)
_23446_/A1                              6.000000    6.724811   -0.724811 (VIOLATED)
_23447_/A1                              6.000000    6.724811   -0.724811 (VIOLATED)
_24273_/A1                              6.000000    6.724811   -0.724811 (VIOLATED)
_25705_/A1                              6.000000    6.724811   -0.724811 (VIOLATED)
_32253_/ZN                              6.000000    6.710286   -0.710286 (VIOLATED)
_32255_/A2                              6.000000    6.710286   -0.710286 (VIOLATED)
_32362_/A1                              6.000000    6.710286   -0.710286 (VIOLATED)
_33007_/A1                              6.000000    6.710286   -0.710286 (VIOLATED)
_33649_/A1                              6.000000    6.710286   -0.710286 (VIOLATED)
_19261_/ZN                              6.000000    6.572132   -0.572132 (VIOLATED)
_19264_/A1                              6.000000    6.572132   -0.572132 (VIOLATED)
_34431_/ZN                              6.000000    6.401315   -0.401315 (VIOLATED)
_34439_/S                               6.000000    6.401315   -0.401315 (VIOLATED)
_34508_/ZN                              6.000000    6.379846   -0.379846 (VIOLATED)
_34510_/A2                              6.000000    6.379846   -0.379846 (VIOLATED)
_21779_/ZN                              6.000000    6.076013   -0.076013 (VIOLATED)
_21780_/B                               6.000000    6.076013   -0.076013 (VIOLATED)
_25192_/ZN                              6.000000    6.045256   -0.045256 (VIOLATED)
_25194_/B1                              6.000000    6.045256   -0.045256 (VIOLATED)



===========================================================================
report_parasitic_annotation -report_unannotated
============================================================================
Found 90 unannotated drivers.
 clkload0/ZN
 clkload1/ZN
 clkload10/ZN
 clkload11/ZN
 clkload12/ZN
 clkload13/ZN
 clkload14/ZN
 clkload15/ZN
 clkload16/Z
 clkload17/Z
 clkload18/Z
 clkload19/ZN
 clkload2/Z
 clkload20/ZN
 clkload21/ZN
 clkload22/ZN
 clkload23/Z
 clkload24/ZN
 clkload25/ZN
 clkload26/ZN
 clkload27/ZN
 clkload28/ZN
 clkload29/ZN
 clkload3/ZN
 clkload30/ZN
 clkload31/ZN
 clkload32/ZN
 clkload33/ZN
 clkload34/Z
 clkload35/ZN
 clkload36/ZN
 clkload37/ZN
 clkload38/Z
 clkload39/ZN
 clkload4/Z
 clkload40/Z
 clkload41/ZN
 clkload42/ZN
 clkload43/ZN
 clkload44/Z
 clkload45/ZN
 clkload46/ZN
 clkload47/Z
 clkload48/Z
 clkload49/ZN
 clkload5/Z
 clkload50/ZN
 clkload51/Z
 clkload52/Z
 clkload53/ZN
 clkload54/Z
 clkload55/ZN
 clkload56/ZN
 clkload57/ZN
 clkload58/ZN
 clkload59/ZN
 clkload6/Z
 clkload60/ZN
 clkload61/ZN
 clkload62/ZN
 clkload63/ZN
 clkload64/Z
 clkload65/Z
 clkload66/Z
 clkload67/Z
 clkload68/ZN
 clkload69/Z
 clkload7/ZN
 clkload70/Z
 clkload71/Z
 clkload72/ZN
 clkload73/ZN
 clkload74/ZN
 clkload75/Z
 clkload76/ZN
 clkload77/ZN
 clkload78/Z
 clkload79/Z
 clkload8/Z
 clkload80/Z
 clkload81/Z
 clkload82/ZN
 clkload83/Z
 clkload84/Z
 clkload85/ZN
 clkload86/Z
 clkload87/Z
 clkload88/ZN
 clkload89/Z
 clkload9/Z
Found 0 partially unannotated drivers.

===========================================================================
max slew violation count 24
max fanout violation count 0
max cap violation count 0
============================================================================

===========================================================================
check_setup -verbose -unconstrained_endpoints -multiple_clock -no_clock -no_input_delay -loops -generated_clocks
===========================================================================
Warning: There is 1 input port missing set_input_delay.
  o_uart_tx_IN
Warning: There are 2 unconstrained endpoints.
  o_uart_tx_CS
  _36343_/D
