Clock: i_clk
Sources: i_clk 
Generated: no
Virtual: yes
Propagated: no
Period: 100.000000

===========================================================================
report_clock_properties
============================================================================
Clock                   Period          Waveform
----------------------------------------------------
i_clk               100.000000    0.000000 50.000000

===========================================================================
report_clock_latency
============================================================================
Clock i_clk
rise -> rise
    min     max
0.000000 0.000000 source latency
3.929304         network latency _35475_/CLK
        4.376366 network latency _36234_/CLK
---------------
3.929304 4.376366 latency
        0.447062 skew

fall -> fall
    min     max
0.000000 0.000000 source latency
4.140595         network latency _35475_/CLK
        4.584933 network latency _36234_/CLK
---------------
4.140595 4.584933 latency
        0.444338 skew



===========================================================================
report_clock_min_period
============================================================================
i_clk period_min = 96.51 fmax = 10.36
