
===========================================================================
 report_power
============================================================================
======================= max_ss_125C_3v00 Corner ===================================

Group                    Internal    Switching      Leakage        Total
                            Power        Power        Power        Power (Watts)
------------------------------------------------------------------------
Sequential           2.558182e-03 1.923527e-05 9.351439e-07 2.578352e-03  54.2%
Combinational        7.136534e-05 8.764690e-05 8.761675e-06 1.677739e-04   3.5%
Clock                8.130244e-04 1.183393e-03 1.640100e-05 2.012818e-03  42.3%
Macro                0.000000e+00 0.000000e+00 0.000000e+00 0.000000e+00   0.0%
Pad                  0.000000e+00 0.000000e+00 0.000000e+00 0.000000e+00   0.0%
------------------------------------------------------------------------
Total                3.442572e-03 1.290275e-03 2.609766e-05 4.758945e-03 100.0%
                            72.3%        27.1%         0.5%

