
===========================================================================
report_checks -unconstrained
===========================================================================
======================= nom_tt_025C_3v30 Corner ===================================

Startpoint: _36341_ (rising edge-triggered flip-flop clocked by i_clk)
Endpoint: _35759_ (recovery check against rising-edge clock i_clk)
Path Group: asynchronous
Path Type: max

Fanout         Cap        Slew       Delay        Time   Description
---------------------------------------------------------------------------------------------
                                  0.000000    0.000000   clock i_clk (rise edge)
                                  0.000000    0.000000   clock source latency
     1    0.095611    0.000000    0.000000    0.000000 ^ i_clk (in)
                                                         i_clk (net)
                      0.030605    0.012519    0.012519 ^ clkbuf_0_i_clk/I (gf180mcu_fd_sc_mcu7t5v0__clkbuf_16)
     4    0.135352    0.266420    0.383176    0.395695 ^ clkbuf_0_i_clk/Z (gf180mcu_fd_sc_mcu7t5v0__clkbuf_16)
                                                         clknet_0_i_clk (net)
                      0.266542    0.008215    0.403910 ^ clkbuf_2_0_0_i_clk/I (gf180mcu_fd_sc_mcu7t5v0__clkbuf_8)
     2    0.063438    0.253222    0.425061    0.828972 ^ clkbuf_2_0_0_i_clk/Z (gf180mcu_fd_sc_mcu7t5v0__clkbuf_8)
                                                         clknet_2_0_0_i_clk (net)
                      0.253232    0.002364    0.831335 ^ clkbuf_3_1__f_i_clk/I (gf180mcu_fd_sc_mcu7t5v0__clkbuf_16)
    12    0.202806    0.356196    0.496324    1.327659 ^ clkbuf_3_1__f_i_clk/Z (gf180mcu_fd_sc_mcu7t5v0__clkbuf_16)
                                                         clknet_3_1__leaf_i_clk (net)
                      0.356394    0.010702    1.338361 ^ clkbuf_leaf_80_i_clk/I (gf180mcu_fd_sc_mcu7t5v0__clkbuf_8)
    18    0.086863    0.314637    0.487414    1.825775 ^ clkbuf_leaf_80_i_clk/Z (gf180mcu_fd_sc_mcu7t5v0__clkbuf_8)
                                                         clknet_leaf_80_i_clk (net)
                      0.314650    0.001766    1.827541 ^ _36341_/CLK (gf180mcu_fd_sc_mcu7t5v0__dffrnq_4)
     4    0.031299    0.224512    1.250228    3.077769 v _36341_/Q (gf180mcu_fd_sc_mcu7t5v0__dffrnq_4)
                                                         u_integration_final.integration_inst.quant_ip_reset (net)
                      0.224512    0.000232    3.078001 v max_length2518/I (gf180mcu_fd_sc_mcu7t5v0__buf_2)
     3    0.028229    0.234609    0.421968    3.499969 v max_length2518/Z (gf180mcu_fd_sc_mcu7t5v0__buf_2)
                                                         net2518 (net)
                      0.234611    0.001085    3.501054 v wire2517/I (gf180mcu_fd_sc_mcu7t5v0__buf_2)
     4    0.050744    0.358286    0.514963    4.016017 v wire2517/Z (gf180mcu_fd_sc_mcu7t5v0__buf_2)
                                                         net2517 (net)
                      0.358331    0.002260    4.018277 v wire2516/I (gf180mcu_fd_sc_mcu7t5v0__clkbuf_8)
    13    0.146334    0.453593    0.636825    4.655103 v wire2516/Z (gf180mcu_fd_sc_mcu7t5v0__clkbuf_8)
                                                         net2516 (net)
                      0.453669    0.003225    4.658328 v _17686_/I (gf180mcu_fd_sc_mcu7t5v0__inv_4)
     1    0.008861    0.163892    0.189492    4.847819 ^ _17686_/ZN (gf180mcu_fd_sc_mcu7t5v0__inv_4)
                                                         _10856_ (net)
                      0.163892    0.000167    4.847987 ^ wire2388/I (gf180mcu_fd_sc_mcu7t5v0__buf_2)
     3    0.044345    0.561612    0.509461    5.357447 ^ wire2388/Z (gf180mcu_fd_sc_mcu7t5v0__buf_2)
                                                         net2388 (net)
                      0.561627    0.001650    5.359097 ^ wire2382/I (gf180mcu_fd_sc_mcu7t5v0__buf_2)
     1    0.006862    0.150084    0.316418    5.675515 ^ wire2382/Z (gf180mcu_fd_sc_mcu7t5v0__buf_2)
                                                         net2382 (net)
                      0.150084    0.000155    5.675670 ^ wire4282/I (gf180mcu_fd_sc_mcu7t5v0__buf_2)
     3    0.053742    0.669206    0.569817    6.245487 ^ wire4282/Z (gf180mcu_fd_sc_mcu7t5v0__buf_2)
                                                         net4282 (net)
                      0.669228    0.002157    6.247644 ^ max_length2381/I (gf180mcu_fd_sc_mcu7t5v0__clkbuf_1)
     2    0.023051    0.596760    0.619719    6.867363 ^ max_length2381/Z (gf180mcu_fd_sc_mcu7t5v0__clkbuf_1)
                                                         net2381 (net)
                      0.596760    0.000546    6.867909 ^ max_length2380/I (gf180mcu_fd_sc_mcu7t5v0__buf_2)
     3    0.042889    0.547472    0.564635    7.432544 ^ max_length2380/Z (gf180mcu_fd_sc_mcu7t5v0__buf_2)
                                                         net2380 (net)
                      0.547480    0.001170    7.433714 ^ _17911_/A1 (gf180mcu_fd_sc_mcu7t5v0__nand2_4)
     3    0.023156    0.262557    0.207167    7.640881 v _17911_/ZN (gf180mcu_fd_sc_mcu7t5v0__nand2_4)
                                                         _11081_ (net)
                      0.262557    0.000258    7.641139 v max_length1948/I (gf180mcu_fd_sc_mcu7t5v0__clkbuf_1)
     1    0.014077    0.328476    0.442076    8.083215 v max_length1948/Z (gf180mcu_fd_sc_mcu7t5v0__clkbuf_1)
                                                         net1948 (net)
                      0.328477    0.000535    8.083749 v wire1947/I (gf180mcu_fd_sc_mcu7t5v0__buf_1)
     2    0.028049    0.407957    0.618956    8.702704 v wire1947/Z (gf180mcu_fd_sc_mcu7t5v0__buf_1)
                                                         net1947 (net)
                      0.407971    0.001312    8.704017 v wire1946/I (gf180mcu_fd_sc_mcu7t5v0__buf_3)
    13    0.082431    0.404248    0.660628    9.364644 v wire1946/Z (gf180mcu_fd_sc_mcu7t5v0__buf_3)
                                                         net1946 (net)
                      0.404338    0.003420    9.368065 v wire1935/I (gf180mcu_fd_sc_mcu7t5v0__buf_3)
     3    0.017660    0.170203    0.464646    9.832711 v wire1935/Z (gf180mcu_fd_sc_mcu7t5v0__buf_3)
                                                         net1935 (net)
                      0.170203    0.000288    9.832998 v wire4140/I (gf180mcu_fd_sc_mcu7t5v0__buf_3)
    14    0.083927    0.408111    0.587905   10.420903 v wire4140/Z (gf180mcu_fd_sc_mcu7t5v0__buf_3)
                                                         net4140 (net)
                      0.408198    0.003373   10.424277 v max_length1934/I (gf180mcu_fd_sc_mcu7t5v0__buf_2)
     8    0.051024    0.361493    0.570579   10.994856 v max_length1934/Z (gf180mcu_fd_sc_mcu7t5v0__buf_2)
                                                         net1934 (net)
                      0.361519    0.001751   10.996608 v wire1932/I (gf180mcu_fd_sc_mcu7t5v0__buf_2)
    10    0.063772    0.431844    0.605251   11.601858 v wire1932/Z (gf180mcu_fd_sc_mcu7t5v0__buf_2)
                                                         net1932 (net)
                      0.431871    0.001911   11.603770 v max_length1931/I (gf180mcu_fd_sc_mcu7t5v0__clkbuf_4)
    11    0.074923    0.445123    0.651956   12.255726 v max_length1931/Z (gf180mcu_fd_sc_mcu7t5v0__clkbuf_4)
                                                         net1931 (net)
                      0.445204    0.003348   12.259073 v wire1927/I (gf180mcu_fd_sc_mcu7t5v0__buf_3)
    13    0.084852    0.410498    0.679290   12.938363 v wire1927/Z (gf180mcu_fd_sc_mcu7t5v0__buf_3)
                                                         net1927 (net)
                      0.410560    0.002670   12.941032 v max_length1926/I (gf180mcu_fd_sc_mcu7t5v0__buf_4)
    15    0.095834    0.338076    0.535003   13.476036 v max_length1926/Z (gf180mcu_fd_sc_mcu7t5v0__buf_4)
                                                         net1926 (net)
                      0.338113    0.002006   13.478043 v max_length1925/I (gf180mcu_fd_sc_mcu7t5v0__buf_4)
     7    0.045087    0.198246    0.412979   13.891021 v max_length1925/Z (gf180mcu_fd_sc_mcu7t5v0__buf_4)
                                                         net1925 (net)
                      0.198264    0.001124   13.892145 v max_length1924/I (gf180mcu_fd_sc_mcu7t5v0__buf_2)
    10    0.060626    0.412807    0.542145   14.434290 v max_length1924/Z (gf180mcu_fd_sc_mcu7t5v0__buf_2)
                                                         net1924 (net)
                      0.412839    0.002059   14.436349 v max_length1923/I (gf180mcu_fd_sc_mcu7t5v0__buf_2)
     9    0.054793    0.382501    0.587046   15.023395 v max_length1923/Z (gf180mcu_fd_sc_mcu7t5v0__buf_2)
                                                         net1923 (net)
                      0.382519    0.001515   15.024910 v _35261_/I (gf180mcu_fd_sc_mcu7t5v0__clkinv_1)
     1    0.009365    0.309692    0.286507   15.311417 ^ _35261_/ZN (gf180mcu_fd_sc_mcu7t5v0__clkinv_1)
                                                         _00520_ (net)
                      0.309692    0.000217   15.311633 ^ _35759_/RN (gf180mcu_fd_sc_mcu7t5v0__dffrnq_1)
                                             15.311633   data arrival time

                                100.000000  100.000000   clock i_clk (rise edge)
                                  0.000000  100.000000   clock source latency
     1    0.095611    0.000000    0.000000  100.000000 ^ i_clk (in)
                                                         i_clk (net)
                      0.030605    0.012520  100.012520 ^ clkbuf_0_i_clk/I (gf180mcu_fd_sc_mcu7t5v0__clkbuf_16)
     4    0.135352    0.266420    0.383174  100.395691 ^ clkbuf_0_i_clk/Z (gf180mcu_fd_sc_mcu7t5v0__clkbuf_16)
                                                         clknet_0_i_clk (net)
                      0.266551    0.008420  100.404114 ^ clkbuf_2_3_0_i_clk/I (gf180mcu_fd_sc_mcu7t5v0__clkbuf_8)
     2    0.064472    0.255796    0.426851  100.830963 ^ clkbuf_2_3_0_i_clk/Z (gf180mcu_fd_sc_mcu7t5v0__clkbuf_8)
                                                         clknet_2_3_0_i_clk (net)
                      0.255807    0.002544  100.833504 ^ clkbuf_3_6__f_i_clk/I (gf180mcu_fd_sc_mcu7t5v0__clkbuf_16)
    17    0.286803    0.472729    0.569017  101.402519 ^ clkbuf_3_6__f_i_clk/Z (gf180mcu_fd_sc_mcu7t5v0__clkbuf_16)
                                                         clknet_3_6__leaf_i_clk (net)
                      0.472935    0.005244  101.407768 ^ clkbuf_leaf_33_i_clk/I (gf180mcu_fd_sc_mcu7t5v0__clkbuf_8)
    15    0.082629    0.306484    0.503391  101.911156 ^ clkbuf_leaf_33_i_clk/Z (gf180mcu_fd_sc_mcu7t5v0__clkbuf_8)
                                                         clknet_leaf_33_i_clk (net)
                      0.306487    0.001421  101.912582 ^ _35759_/CLK (gf180mcu_fd_sc_mcu7t5v0__dffrnq_1)
                                 -0.500000  101.412575   clock uncertainty
                                  0.000000  101.412575   clock reconvergence pessimism
                                  0.395874  101.808449   library recovery time
                                            101.808449   data required time
---------------------------------------------------------------------------------------------
                                            101.808449   data required time
                                            -15.311633   data arrival time
---------------------------------------------------------------------------------------------
                                             86.496811   slack (MET)


Startpoint: _35274_ (rising edge-triggered flip-flop clocked by i_clk)
Endpoint: _36498_ (rising edge-triggered flip-flop clocked by i_clk)
Path Group: i_clk
Path Type: max

Fanout         Cap        Slew       Delay        Time   Description
---------------------------------------------------------------------------------------------
                                  0.000000    0.000000   clock i_clk (rise edge)
                                  0.000000    0.000000   clock source latency
     1    0.095611    0.000000    0.000000    0.000000 ^ i_clk (in)
                                                         i_clk (net)
                      0.030605    0.012519    0.012519 ^ clkbuf_0_i_clk/I (gf180mcu_fd_sc_mcu7t5v0__clkbuf_16)
     4    0.135352    0.266420    0.383176    0.395695 ^ clkbuf_0_i_clk/Z (gf180mcu_fd_sc_mcu7t5v0__clkbuf_16)
                                                         clknet_0_i_clk (net)
                      0.266512    0.007289    0.402984 ^ clkbuf_2_2_0_i_clk/I (gf180mcu_fd_sc_mcu7t5v0__clkbuf_8)
     2    0.065151    0.257609    0.428217    0.831201 ^ clkbuf_2_2_0_i_clk/Z (gf180mcu_fd_sc_mcu7t5v0__clkbuf_8)
                                                         clknet_2_2_0_i_clk (net)
                      0.257617    0.002191    0.833392 ^ clkbuf_3_4__f_i_clk/I (gf180mcu_fd_sc_mcu7t5v0__clkbuf_16)
    11    0.233444    0.399298    0.525039    1.358431 ^ clkbuf_3_4__f_i_clk/Z (gf180mcu_fd_sc_mcu7t5v0__clkbuf_16)
                                                         clknet_3_4__leaf_i_clk (net)
                      0.399309    0.003039    1.361470 ^ clkbuf_leaf_60_i_clk/I (gf180mcu_fd_sc_mcu7t5v0__clkbuf_8)
    11    0.081446    0.301620    0.486023    1.847494 ^ clkbuf_leaf_60_i_clk/Z (gf180mcu_fd_sc_mcu7t5v0__clkbuf_8)
                                                         clknet_leaf_60_i_clk (net)
                      0.301624    0.001760    1.849253 ^ _35274_/CLK (gf180mcu_fd_sc_mcu7t5v0__dffrnq_2)
     2    0.024489    0.402020    1.483325    3.332578 ^ _35274_/Q (gf180mcu_fd_sc_mcu7t5v0__dffrnq_2)
                                                         u_integration_final.integration_inst.reg_bank_inst.cols_a[0] (net)
                      0.402020    0.000440    3.333018 ^ max_length3912/I (gf180mcu_fd_sc_mcu7t5v0__buf_2)
     4    0.044726    0.566871    0.553328    3.886346 ^ max_length3912/Z (gf180mcu_fd_sc_mcu7t5v0__buf_2)
                                                         net3912 (net)
                      0.566876    0.000925    3.887271 ^ max_length3911/I (gf180mcu_fd_sc_mcu7t5v0__buf_4)
     7    0.086543    0.548061    0.542928    4.430200 ^ max_length3911/Z (gf180mcu_fd_sc_mcu7t5v0__buf_4)
                                                         net3911 (net)
                      0.548121    0.003161    4.433362 ^ _17930_/A2 (gf180mcu_fd_sc_mcu7t5v0__or2_2)
     6    0.100266    1.202076    0.981037    5.414398 ^ _17930_/Z (gf180mcu_fd_sc_mcu7t5v0__or2_2)
                                                         _11097_ (net)
                      1.202080    0.001327    5.415725 ^ _25087_/A3 (gf180mcu_fd_sc_mcu7t5v0__nor3_4)
     1    0.006984    0.454212    0.286122    5.701847 v _25087_/ZN (gf180mcu_fd_sc_mcu7t5v0__nor3_4)
                                                         _01889_ (net)
                      0.454212    0.000170    5.702017 v wire1707/I (gf180mcu_fd_sc_mcu7t5v0__buf_1)
     3    0.024653    0.372380    0.633218    6.335235 v wire1707/Z (gf180mcu_fd_sc_mcu7t5v0__buf_1)
                                                         net1707 (net)
                      0.372388    0.000977    6.336211 v wire1705/I (gf180mcu_fd_sc_mcu7t5v0__clkbuf_1)
     1    0.004069    0.156155    0.345737    6.681949 v wire1705/Z (gf180mcu_fd_sc_mcu7t5v0__clkbuf_1)
                                                         net1705 (net)
                      0.156155    0.000047    6.681995 v wire4292/I (gf180mcu_fd_sc_mcu7t5v0__buf_1)
     2    0.023855    0.361696    0.527811    7.209807 v wire4292/Z (gf180mcu_fd_sc_mcu7t5v0__buf_1)
                                                         net4292 (net)
                      0.361704    0.000946    7.210753 v wire1704/I (gf180mcu_fd_sc_mcu7t5v0__clkbuf_1)
     2    0.023024    0.494863    0.573179    7.783932 v wire1704/Z (gf180mcu_fd_sc_mcu7t5v0__clkbuf_1)
                                                         net1704 (net)
                      0.494870    0.001050    7.784982 v wire1703/I (gf180mcu_fd_sc_mcu7t5v0__buf_2)
     7    0.049163    0.352343    0.589727    8.374708 v wire1703/Z (gf180mcu_fd_sc_mcu7t5v0__buf_2)
                                                         net1703 (net)
                      0.352348    0.000754    8.375463 v _26542_/A2 (gf180mcu_fd_sc_mcu7t5v0__aoi221_1)
     1    0.006774    1.048173    0.664962    9.040424 ^ _26542_/ZN (gf180mcu_fd_sc_mcu7t5v0__aoi221_1)
                                                         _03301_ (net)
                      1.048173    0.000100    9.040525 ^ _26543_/A2 (gf180mcu_fd_sc_mcu7t5v0__nand2_1)
     1    0.011537    0.421176    0.305057    9.345582 v _26543_/ZN (gf180mcu_fd_sc_mcu7t5v0__nand2_1)
                                                         _03302_ (net)
                      0.421176    0.000428    9.346010 v wire991/I (gf180mcu_fd_sc_mcu7t5v0__dlyb_1)
     1    0.012438    0.387928    1.677254   11.023264 v wire991/Z (gf180mcu_fd_sc_mcu7t5v0__dlyb_1)
                                                         net991 (net)
                      0.387928    0.000393   11.023658 v _26544_/B2 (gf180mcu_fd_sc_mcu7t5v0__oai22_1)
     1    0.018358    1.365098    0.922078   11.945736 ^ _26544_/ZN (gf180mcu_fd_sc_mcu7t5v0__oai22_1)
                                                         _03303_ (net)
                      1.365098    0.000219   11.945955 ^ _26546_/B1 (gf180mcu_fd_sc_mcu7t5v0__aoi221_4)
     1    0.013279    0.609693    0.425392   12.371347 v _26546_/ZN (gf180mcu_fd_sc_mcu7t5v0__aoi221_4)
                                                         _03305_ (net)
                      0.609693    0.000543   12.371890 v wire805/I (gf180mcu_fd_sc_mcu7t5v0__clkbuf_1)
     1    0.011764    0.292754    0.502034   12.873924 v wire805/Z (gf180mcu_fd_sc_mcu7t5v0__clkbuf_1)
                                                         net805 (net)
                      0.292754    0.000310   12.874234 v wire804/I (gf180mcu_fd_sc_mcu7t5v0__clkbuf_1)
     1    0.011912    0.288913    0.425397   13.299631 v wire804/Z (gf180mcu_fd_sc_mcu7t5v0__clkbuf_1)
                                                         net804 (net)
                      0.288913    0.000424   13.300055 v wire4119/I (gf180mcu_fd_sc_mcu7t5v0__dlyb_1)
     1    0.014455    0.410917    1.651580   14.951635 v wire4119/Z (gf180mcu_fd_sc_mcu7t5v0__dlyb_1)
                                                         net4119 (net)
                      0.410917    0.000627   14.952262 v wire803/I (gf180mcu_fd_sc_mcu7t5v0__buf_2)
     4    0.034383    0.270038    0.504244   15.456506 v wire803/Z (gf180mcu_fd_sc_mcu7t5v0__buf_2)
                                                         net803 (net)
                      0.270072    0.001682   15.458188 v wire801/I (gf180mcu_fd_sc_mcu7t5v0__buf_2)
     1    0.006727    0.116608    0.333969   15.792157 v wire801/Z (gf180mcu_fd_sc_mcu7t5v0__buf_2)
                                                         net801 (net)
                      0.116608    0.000087   15.792244 v wire4089/I (gf180mcu_fd_sc_mcu7t5v0__clkbuf_4)
    10    0.063205    0.386113    0.518163   16.310408 v wire4089/Z (gf180mcu_fd_sc_mcu7t5v0__clkbuf_4)
                                                         net4089 (net)
                      0.386149    0.002048   16.312456 v _26666_/A4 (gf180mcu_fd_sc_mcu7t5v0__nand4_1)
     2    0.011775    0.734199    0.582746   16.895203 ^ _26666_/ZN (gf180mcu_fd_sc_mcu7t5v0__nand4_1)
                                                         _03423_ (net)
                      0.734199    0.000238   16.895441 ^ _26667_/I (gf180mcu_fd_sc_mcu7t5v0__clkinv_1)
     4    0.020578    0.530007    0.465013   17.360453 v _26667_/ZN (gf180mcu_fd_sc_mcu7t5v0__clkinv_1)
                                                         _03424_ (net)
                      0.530007    0.000369   17.360823 v _26669_/A1 (gf180mcu_fd_sc_mcu7t5v0__nor2_1)
     1    0.006828    0.493390    0.430168   17.790991 ^ _26669_/ZN (gf180mcu_fd_sc_mcu7t5v0__nor2_1)
                                                         _03426_ (net)
                      0.493390    0.000146   17.791136 ^ _26679_/A1 (gf180mcu_fd_sc_mcu7t5v0__xor3_1)
     2    0.013999    0.912018    1.654792   19.445929 ^ _26679_/Z (gf180mcu_fd_sc_mcu7t5v0__xor3_1)
                                                         _03436_ (net)
                      0.912018    0.000279   19.446207 ^ _26698_/A1 (gf180mcu_fd_sc_mcu7t5v0__xnor2_1)
     2    0.012397    0.887085    0.698114   20.144321 ^ _26698_/ZN (gf180mcu_fd_sc_mcu7t5v0__xnor2_1)
                                                         _03455_ (net)
                      0.887085    0.000089   20.144409 ^ _26699_/A2 (gf180mcu_fd_sc_mcu7t5v0__nor2_1)
     2    0.014327    0.475274    0.409379   20.553789 v _26699_/ZN (gf180mcu_fd_sc_mcu7t5v0__nor2_1)
                                                         _03456_ (net)
                      0.475274    0.000254   20.554043 v _26714_/A1 (gf180mcu_fd_sc_mcu7t5v0__xor2_1)
     3    0.014941    0.568966    0.859695   21.413736 v _26714_/Z (gf180mcu_fd_sc_mcu7t5v0__xor2_1)
                                                         _03470_ (net)
                      0.568966    0.000286   21.414022 v _26754_/A2 (gf180mcu_fd_sc_mcu7t5v0__xor3_1)
     2    0.015154    0.530343    1.767255   23.181278 v _26754_/Z (gf180mcu_fd_sc_mcu7t5v0__xor3_1)
                                                         _03510_ (net)
                      0.530343    0.000194   23.181471 v _26755_/A2 (gf180mcu_fd_sc_mcu7t5v0__xor2_1)
     2    0.013573    0.466959    0.860808   24.042280 v _26755_/Z (gf180mcu_fd_sc_mcu7t5v0__xor2_1)
                                                         _03511_ (net)
                      0.466959    0.000149   24.042429 v _26757_/A2 (gf180mcu_fd_sc_mcu7t5v0__xnor2_1)
     2    0.012749    0.902691    0.679600   24.722029 ^ _26757_/ZN (gf180mcu_fd_sc_mcu7t5v0__xnor2_1)
                                                         _03513_ (net)
                      0.902691    0.000124   24.722155 ^ _26759_/A2 (gf180mcu_fd_sc_mcu7t5v0__xor2_1)
     2    0.014318    0.911473    0.803860   25.526014 ^ _26759_/Z (gf180mcu_fd_sc_mcu7t5v0__xor2_1)
                                                         _03515_ (net)
                      0.911473    0.000229   25.526243 ^ _26761_/A2 (gf180mcu_fd_sc_mcu7t5v0__aoi21_1)
     2    0.014731    0.492113    0.353161   25.879404 v _26761_/ZN (gf180mcu_fd_sc_mcu7t5v0__aoi21_1)
                                                         _03516_ (net)
                      0.492113    0.000313   25.879717 v _26821_/A1 (gf180mcu_fd_sc_mcu7t5v0__oai21_1)
     3    0.020543    1.131000    0.801192   26.680908 ^ _26821_/ZN (gf180mcu_fd_sc_mcu7t5v0__oai21_1)
                                                         _03575_ (net)
                      1.131000    0.000384   26.681293 ^ _27025_/A1 (gf180mcu_fd_sc_mcu7t5v0__aoi221_1)
     2    0.010516    0.654338    0.414582   27.095875 v _27025_/ZN (gf180mcu_fd_sc_mcu7t5v0__aoi221_1)
                                                         _03777_ (net)
                      0.654338    0.000220   27.096094 v _27028_/A3 (gf180mcu_fd_sc_mcu7t5v0__oai31_1)
     2    0.015282    1.616853    1.157925   28.254021 ^ _27028_/ZN (gf180mcu_fd_sc_mcu7t5v0__oai31_1)
                                                         _03779_ (net)
                      1.616853    0.000245   28.254265 ^ _27105_/A1 (gf180mcu_fd_sc_mcu7t5v0__aoi21_1)
     2    0.014430    0.652108    0.431578   28.685844 v _27105_/ZN (gf180mcu_fd_sc_mcu7t5v0__aoi21_1)
                                                         _03855_ (net)
                      0.652108    0.000163   28.686007 v _27190_/A1 (gf180mcu_fd_sc_mcu7t5v0__oai21_1)
     2    0.015789    0.894545    0.727104   29.413111 ^ _27190_/ZN (gf180mcu_fd_sc_mcu7t5v0__oai21_1)
                                                         _03939_ (net)
                      0.894545    0.000362   29.413473 ^ _27283_/A1 (gf180mcu_fd_sc_mcu7t5v0__aoi21_1)
     3    0.024727    0.653093    0.535595   29.949068 v _27283_/ZN (gf180mcu_fd_sc_mcu7t5v0__aoi21_1)
                                                         _04031_ (net)
                      0.653093    0.000320   29.949389 v _27484_/A1 (gf180mcu_fd_sc_mcu7t5v0__oai31_2)
     3    0.024789    1.341251    0.954895   30.904284 ^ _27484_/ZN (gf180mcu_fd_sc_mcu7t5v0__oai31_2)
                                                         _04230_ (net)
                      1.341251    0.000831   30.905113 ^ _27699_/A1 (gf180mcu_fd_sc_mcu7t5v0__nand3_1)
     2    0.012994    0.674080    0.500211   31.405325 v _27699_/ZN (gf180mcu_fd_sc_mcu7t5v0__nand3_1)
                                                         _04443_ (net)
                      0.674080    0.000309   31.405634 v _27943_/A1 (gf180mcu_fd_sc_mcu7t5v0__aoi211_1)
     2    0.014673    1.431950    0.915911   32.321545 ^ _27943_/ZN (gf180mcu_fd_sc_mcu7t5v0__aoi211_1)
                                                         _04685_ (net)
                      1.431950    0.000430   32.321976 ^ _28199_/A1 (gf180mcu_fd_sc_mcu7t5v0__oai211_1)
     2    0.022423    0.938355    0.719318   33.041294 v _28199_/ZN (gf180mcu_fd_sc_mcu7t5v0__oai211_1)
                                                         _04939_ (net)
                      0.938356    0.001119   33.042412 v _28314_/A1 (gf180mcu_fd_sc_mcu7t5v0__aoi21_1)
     3    0.028705    1.519998    1.125397   34.167809 ^ _28314_/ZN (gf180mcu_fd_sc_mcu7t5v0__aoi21_1)
                                                         _05054_ (net)
                      1.519998    0.000657   34.168465 ^ _28536_/B3 (gf180mcu_fd_sc_mcu7t5v0__oai33_4)
     3    0.023476    0.638788    0.460869   34.629333 v _28536_/ZN (gf180mcu_fd_sc_mcu7t5v0__oai33_4)
                                                         _05274_ (net)
                      0.638788    0.000561   34.629898 v _28741_/A2 (gf180mcu_fd_sc_mcu7t5v0__oai211_1)
     2    0.011433    0.801094    0.636053   35.265949 ^ _28741_/ZN (gf180mcu_fd_sc_mcu7t5v0__oai211_1)
                                                         _05477_ (net)
                      0.801094    0.000195   35.266144 ^ _28743_/A3 (gf180mcu_fd_sc_mcu7t5v0__nand3_1)
     2    0.012879    0.561825    0.396266   35.662411 v _28743_/ZN (gf180mcu_fd_sc_mcu7t5v0__nand3_1)
                                                         _05479_ (net)
                      0.561825    0.000398   35.662807 v _28839_/A2 (gf180mcu_fd_sc_mcu7t5v0__aoi21_1)
     3    0.016589    1.022258    0.755719   36.418530 ^ _28839_/ZN (gf180mcu_fd_sc_mcu7t5v0__aoi21_1)
                                                         _05574_ (net)
                      1.022258    0.000298   36.418827 ^ _28924_/A2 (gf180mcu_fd_sc_mcu7t5v0__oai21_1)
     2    0.010547    0.489404    0.381721   36.800549 v _28924_/ZN (gf180mcu_fd_sc_mcu7t5v0__oai21_1)
                                                         _05658_ (net)
                      0.489404    0.000217   36.800766 v _29010_/A2 (gf180mcu_fd_sc_mcu7t5v0__aoi21_1)
     3    0.024014    1.317264    0.922494   37.723259 ^ _29010_/ZN (gf180mcu_fd_sc_mcu7t5v0__aoi21_1)
                                                         _05743_ (net)
                      1.317264    0.000838   37.724098 ^ _29092_/A2 (gf180mcu_fd_sc_mcu7t5v0__oai21_1)
     4    0.020424    0.721479    0.572125   38.296223 v _29092_/ZN (gf180mcu_fd_sc_mcu7t5v0__oai21_1)
                                                         _05824_ (net)
                      0.721479    0.000401   38.296623 v _29301_/A1 (gf180mcu_fd_sc_mcu7t5v0__aoi211_1)
     2    0.015557    1.487803    0.963251   39.259876 ^ _29301_/ZN (gf180mcu_fd_sc_mcu7t5v0__aoi211_1)
                                                         _06030_ (net)
                      1.487803    0.000426   39.260300 ^ _29419_/A1 (gf180mcu_fd_sc_mcu7t5v0__oai21_1)
     2    0.013559    0.600174    0.415721   39.676022 v _29419_/ZN (gf180mcu_fd_sc_mcu7t5v0__oai21_1)
                                                         _06145_ (net)
                      0.600174    0.000348   39.676369 v _29510_/A1 (gf180mcu_fd_sc_mcu7t5v0__aoi21_1)
     1    0.006852    0.590884    0.468525   40.144894 ^ _29510_/ZN (gf180mcu_fd_sc_mcu7t5v0__aoi21_1)
                                                         _06234_ (net)
                      0.590884    0.000153   40.145046 ^ _29511_/B1 (gf180mcu_fd_sc_mcu7t5v0__aoi221_1)
     2    0.019762    0.836991    0.615781   40.760830 v _29511_/ZN (gf180mcu_fd_sc_mcu7t5v0__aoi221_1)
                                                         _06235_ (net)
                      0.836991    0.000473   40.761303 v _29551_/B2 (gf180mcu_fd_sc_mcu7t5v0__oai32_2)
     3    0.019546    1.647034    0.663633   41.424934 ^ _29551_/ZN (gf180mcu_fd_sc_mcu7t5v0__oai32_2)
                                                         _06274_ (net)
                      1.647034    0.000192   41.425125 ^ _29613_/B2 (gf180mcu_fd_sc_mcu7t5v0__oai221_1)
     2    0.012228    0.744955    0.615479   42.040604 v _29613_/ZN (gf180mcu_fd_sc_mcu7t5v0__oai221_1)
                                                         _06335_ (net)
                      0.744955    0.000139   42.040745 v _29656_/A1 (gf180mcu_fd_sc_mcu7t5v0__aoi211_1)
     2    0.009972    1.152773    0.762981   42.803726 ^ _29656_/ZN (gf180mcu_fd_sc_mcu7t5v0__aoi211_1)
                                                         _06376_ (net)
                      1.152773    0.000107   42.803829 ^ _29661_/A2 (gf180mcu_fd_sc_mcu7t5v0__oai21_1)
     3    0.019831    0.674899    0.541444   43.345276 v _29661_/ZN (gf180mcu_fd_sc_mcu7t5v0__oai21_1)
                                                         _06380_ (net)
                      0.674899    0.000586   43.345863 v _29665_/A2 (gf180mcu_fd_sc_mcu7t5v0__xor2_1)
     1    0.004264    0.310687    0.806129   44.151989 v _29665_/Z (gf180mcu_fd_sc_mcu7t5v0__xor2_1)
                                                         _00146_ (net)
                      0.310687    0.000085   44.152077 v _36498_/D (gf180mcu_fd_sc_mcu7t5v0__dffrnq_1)
                                             44.152077   data arrival time

                                100.000000  100.000000   clock i_clk (rise edge)
                                  0.000000  100.000000   clock source latency
     1    0.095611    0.000000    0.000000  100.000000 ^ i_clk (in)
                                                         i_clk (net)
                      0.030605    0.012520  100.012520 ^ clkbuf_0_i_clk/I (gf180mcu_fd_sc_mcu7t5v0__clkbuf_16)
     4    0.135352    0.266420    0.383174  100.395691 ^ clkbuf_0_i_clk/Z (gf180mcu_fd_sc_mcu7t5v0__clkbuf_16)
                                                         clknet_0_i_clk (net)
                      0.266512    0.007290  100.402985 ^ clkbuf_2_2_0_i_clk/I (gf180mcu_fd_sc_mcu7t5v0__clkbuf_8)
     2    0.065151    0.257609    0.428216  100.831200 ^ clkbuf_2_2_0_i_clk/Z (gf180mcu_fd_sc_mcu7t5v0__clkbuf_8)
                                                         clknet_2_2_0_i_clk (net)
                      0.257620    0.002608  100.833801 ^ clkbuf_3_5__f_i_clk/I (gf180mcu_fd_sc_mcu7t5v0__clkbuf_16)
    14    0.254655    0.427452    0.540112  101.373917 ^ clkbuf_3_5__f_i_clk/Z (gf180mcu_fd_sc_mcu7t5v0__clkbuf_16)
                                                         clknet_3_5__leaf_i_clk (net)
                      0.427599    0.005919  101.379837 ^ clkbuf_leaf_63_i_clk/I (gf180mcu_fd_sc_mcu7t5v0__clkbuf_8)
    16    0.072672    0.280047    0.475616  101.855453 ^ clkbuf_leaf_63_i_clk/Z (gf180mcu_fd_sc_mcu7t5v0__clkbuf_8)
                                                         clknet_leaf_63_i_clk (net)
                      0.280050    0.001485  101.856934 ^ _36498_/CLK (gf180mcu_fd_sc_mcu7t5v0__dffrnq_1)
                                 -0.500000  101.356934   clock uncertainty
                                  0.000000  101.356934   clock reconvergence pessimism
                                 -0.229668  101.127266   library setup time
                                            101.127266   data required time
---------------------------------------------------------------------------------------------
                                            101.127266   data required time
                                            -44.152077   data arrival time
---------------------------------------------------------------------------------------------
                                             56.975189   slack (MET)




===========================================================================
report_checks --slack_max -0.01
============================================================================
======================= nom_tt_025C_3v30 Corner ===================================

No paths found.


===========================================================================
 report_check_types -max_slew -max_cap -max_fanout -violators
============================================================================
======================= nom_tt_025C_3v30 Corner ===================================



===========================================================================
report_parasitic_annotation -report_unannotated
============================================================================
Found 90 unannotated drivers.
 clkload0/ZN
 clkload1/ZN
 clkload10/ZN
 clkload11/ZN
 clkload12/ZN
 clkload13/ZN
 clkload14/ZN
 clkload15/ZN
 clkload16/Z
 clkload17/Z
 clkload18/Z
 clkload19/ZN
 clkload2/Z
 clkload20/ZN
 clkload21/ZN
 clkload22/ZN
 clkload23/Z
 clkload24/ZN
 clkload25/ZN
 clkload26/ZN
 clkload27/ZN
 clkload28/ZN
 clkload29/ZN
 clkload3/ZN
 clkload30/ZN
 clkload31/ZN
 clkload32/ZN
 clkload33/ZN
 clkload34/Z
 clkload35/ZN
 clkload36/ZN
 clkload37/ZN
 clkload38/Z
 clkload39/ZN
 clkload4/Z
 clkload40/Z
 clkload41/ZN
 clkload42/ZN
 clkload43/ZN
 clkload44/Z
 clkload45/ZN
 clkload46/ZN
 clkload47/Z
 clkload48/Z
 clkload49/ZN
 clkload5/Z
 clkload50/ZN
 clkload51/Z
 clkload52/Z
 clkload53/ZN
 clkload54/Z
 clkload55/ZN
 clkload56/ZN
 clkload57/ZN
 clkload58/ZN
 clkload59/ZN
 clkload6/Z
 clkload60/ZN
 clkload61/ZN
 clkload62/ZN
 clkload63/ZN
 clkload64/Z
 clkload65/Z
 clkload66/Z
 clkload67/Z
 clkload68/ZN
 clkload69/Z
 clkload7/ZN
 clkload70/Z
 clkload71/Z
 clkload72/ZN
 clkload73/ZN
 clkload74/ZN
 clkload75/Z
 clkload76/ZN
 clkload77/ZN
 clkload78/Z
 clkload79/Z
 clkload8/Z
 clkload80/Z
 clkload81/Z
 clkload82/ZN
 clkload83/Z
 clkload84/Z
 clkload85/ZN
 clkload86/Z
 clkload87/Z
 clkload88/ZN
 clkload89/Z
 clkload9/Z
Found 0 partially unannotated drivers.

===========================================================================
max slew violation count 0
Writing metric design__max_slew_violation__count__corner:nom_tt_025C_3v30: 0
max fanout violation count 0
Writing metric design__max_fanout_violation__count__corner:nom_tt_025C_3v30: 0
max cap violation count 0
Writing metric design__max_cap_violation__count__corner:nom_tt_025C_3v30: 0
============================================================================

===========================================================================
check_setup -verbose -unconstrained_endpoints -multiple_clock -no_clock -no_input_delay -loops -generated_clocks
===========================================================================
Warning: There is 1 input port missing set_input_delay.
  o_uart_tx_IN
Warning: There are 2 unconstrained endpoints.
  o_uart_tx_CS
  _36343_/D
