Clock: i_clk
Sources: i_clk 
Generated: no
Virtual: yes
Propagated: no
Period: 100.000000

===========================================================================
report_clock_properties
============================================================================
Clock                   Period          Waveform
----------------------------------------------------
i_clk               100.000000    0.000000 50.000000

===========================================================================
report_clock_latency
============================================================================
Clock i_clk
rise -> rise
    min     max
0.000000 0.000000 source latency
1.712220         network latency _36158_/CLK
        1.937654 network latency _35566_/CLK
---------------
1.712220 1.937654 latency
        0.225435 skew

fall -> fall
    min     max
0.000000 0.000000 source latency
1.808655         network latency _36158_/CLK
        2.036337 network latency _35566_/CLK
---------------
1.808655 2.036337 latency
        0.227683 skew



===========================================================================
report_clock_min_period
============================================================================
i_clk period_min = 43.54 fmax = 22.97
