
===========================================================================
 report_power
============================================================================
======================= nom_tt_025C_3v30 Corner ===================================

Group                    Internal    Switching      Leakage        Total
                            Power        Power        Power        Power (Watts)
------------------------------------------------------------------------
Sequential           2.994973e-03 2.213976e-05 2.521928e-07 3.017365e-03  57.7%
Combinational        8.796024e-05 9.805447e-05 1.200184e-06 1.872149e-04   3.6%
Clock                9.400650e-04 1.082839e-03 1.916009e-07 2.023096e-03  38.7%
Macro                0.000000e+00 0.000000e+00 0.000000e+00 0.000000e+00   0.0%
Pad                  0.000000e+00 0.000000e+00 0.000000e+00 0.000000e+00   0.0%
------------------------------------------------------------------------
Total                4.023000e-03 1.203033e-03 1.644337e-06 5.227678e-03 100.0%
                            77.0%        23.0%         0.0%
Writing metric power__internal__total: 0.004023000132292509
Writing metric power__switching__total: 0.0012030332582071424
Writing metric power__leakage__total: 1.6443373169749975e-6
Writing metric power__total: 0.005227677524089813

