Reading timing models for corner nom_tt_025C_3v30…
Reading timing library for the 'nom_tt_025C_3v30' corner at '/foss/pdks/gf180mcuD/libs.ref/gf180mcu_fd_sc_mcu7t5v0/lib/gf180mcu_fd_sc_mcu7t5v0__tt_025C_3v30.lib'…
Reading OpenROAD database at '/foss/designs/integration_final/runs/RUN_2026-08-30_15-35-49/27-odb-applydeftemplate/A37_A.odb'…
Reading design constraints file at '/foss/designs/integration_final/constraints_core.sdc'…
[INFO] No information on clock propagation in input SDC file-- propagating all clocks.
[INFO] Setting signal min routing layer to: Metal2 and clock min routing layer to Metal2. 
[INFO] Setting signal max routing layer to: Metal5 and clock max routing layer to Metal3. 
+ global_placement -density 0.507986 -routability_driven -pad_right 0 -pad_left 0 -init_wirelength_coef 0.25
[INFO GPL-0001] ---- Initialize GPL Main Data Structures
[INFO GPL-0002] DBU: 2000
[INFO GPL-0003] SiteSize: (  0.560  3.920 ) um
[INFO GPL-0004] CoreBBox: ( 30.240 31.360 ) ( 1079.680 1078.000 ) um
[INFO GPL-0036] Movable instances area:     414469.126 um^2
[INFO GPL-0037] Total instances area:       445781.459 um^2
[INFO GPL-0035] Pin density area adjust:     60157.364 um^2
[INFO GPL-0032] ---- Initialize Region: Top-level
[INFO GPL-0006] Number of instances:             26074
[INFO GPL-0007] Movable instances:               18942
[INFO GPL-0008] Fixed instances:                  7132
[INFO GPL-0009] Dummy instances:                     0
[INFO GPL-0010] Number of nets:                  18946
[INFO GPL-0011] Number of pins:                  67724
[INFO GPL-0012] Die BBox:  (  0.000  0.000 ) ( 1110.000 1110.000 ) um
[INFO GPL-0013] Core BBox: ( 30.240 31.360 ) ( 1079.680 1078.000 ) um
[INFO GPL-0016] Core area:                  1098385.882 um^2
[INFO GPL-0014] Region name: top-level.
[INFO GPL-0015] Region area:                1098385.882 um^2
[INFO GPL-0017] Fixed instances area:        31312.333 um^2
[INFO GPL-0018] Movable instances area:     474626.491 um^2
[INFO GPL-0019] Utilization:                    44.479 %
[INFO GPL-0020] Standard cells area:        474626.491 um^2
[INFO GPL-0021] Large instances area:            0.000 um^2
[INFO GPL-0005] ---- Execute Conjugate Gradient Initial Placement.
[INFO GPL-0051] Source of initial instance position counters:
	Odb location = 0	Core center = 18942	Region center = 0
[InitialPlace]  Iter: 1 conjugate gradient residual: 0.00194420 HPWL: 474434210
[InitialPlace]  Iter: 2 conjugate gradient residual: 0.00028605 HPWL: 491939137
[InitialPlace]  Iter: 3 conjugate gradient residual: 0.00074604 HPWL: 494994047
[InitialPlace]  Iter: 4 conjugate gradient residual: 0.00006065 HPWL: 497117928
[InitialPlace]  Iter: 5 conjugate gradient residual: 0.00004932 HPWL: 497677765
[InitialPlace]  Iter: 6 conjugate gradient residual: 0.00004028 HPWL: 498549301
[InitialPlace]  Iter: 7 conjugate gradient residual: 0.00003731 HPWL: 498469381
[InitialPlace]  Iter: 8 conjugate gradient residual: 0.00003832 HPWL: 499055196
[InitialPlace]  Iter: 9 conjugate gradient residual: 0.00004061 HPWL: 498916352
[InitialPlace]  Iter: 10 conjugate gradient residual: 0.00004458 HPWL: 499408061
[InitialPlace]  Iter: 11 conjugate gradient residual: 0.00004564 HPWL: 499117141
[InitialPlace]  Iter: 12 conjugate gradient residual: 0.00003957 HPWL: 499593538
[InitialPlace]  Iter: 13 conjugate gradient residual: 0.00003538 HPWL: 499267142
[InitialPlace]  Iter: 14 conjugate gradient residual: 0.00004658 HPWL: 499663684
[InitialPlace]  Iter: 15 conjugate gradient residual: 0.00003483 HPWL: 499376387
[InitialPlace]  Iter: 16 conjugate gradient residual: 0.00003985 HPWL: 499785713
[InitialPlace]  Iter: 17 conjugate gradient residual: 0.00003696 HPWL: 499417284
[InitialPlace]  Iter: 18 conjugate gradient residual: 0.00003609 HPWL: 499749369
[InitialPlace]  Iter: 19 conjugate gradient residual: 0.00003529 HPWL: 499470060
[InitialPlace]  Iter: 20 conjugate gradient residual: 0.00003843 HPWL: 499840971
[INFO GPL-0033] ---- Initialize Nesterov Region: Top-level
[INFO GPL-0023] Placement target density:       0.5080
[INFO GPL-0024] Movable insts average area:     25.057 um^2
[INFO GPL-0025] Ideal bin area:                 49.326 um^2
[INFO GPL-0026] Ideal bin count:                 22267
[INFO GPL-0027] Total bin area:             1098385.882 um^2
[INFO GPL-0028] Bin count (X, Y):         128 ,    128
[INFO GPL-0029] Bin size (W * H):       8.199 *  8.177 um
[INFO GPL-0030] Number of bins:                  16384
[INFO GPL-0007] ---- Execute Nesterov Global Placement.
[INFO GPL-0031] HPWL: Half-Perimeter Wirelength
Iteration | Overflow |     HPWL (um) |  HPWL(%) |   Penalty | Group
---------------------------------------------------------------
        0 |   0.9971 |  5.604880e+04 |   +0.00% |  1.25e-17 |      
       10 |   0.9963 |  4.849841e+04 |  -13.47% |  2.04e-17 |      
       20 |   0.9960 |  4.848837e+04 |   -0.02% |  3.32e-17 |      
       30 |   0.9957 |  4.885746e+04 |   +0.76% |  5.40e-17 |      
       40 |   0.9952 |  4.930146e+04 |   +0.91% |  8.80e-17 |      
       50 |   0.9950 |  4.966060e+04 |   +0.73% |  1.43e-16 |      
       60 |   0.9949 |  4.987093e+04 |   +0.42% |  2.34e-16 |      
       70 |   0.9950 |  4.991078e+04 |   +0.08% |  3.80e-16 |      
       80 |   0.9951 |  4.982576e+04 |   -0.17% |  6.20e-16 |      
       90 |   0.9951 |  4.969592e+04 |   -0.26% |  1.01e-15 |      
      100 |   0.9952 |  4.959686e+04 |   -0.20% |  1.64e-15 |      
      110 |   0.9952 |  4.958628e+04 |   -0.02% |  2.68e-15 |      
      120 |   0.9950 |  4.973663e+04 |   +0.30% |  4.36e-15 |      
      130 |   0.9948 |  5.023118e+04 |   +0.99% |  7.10e-15 |      
      140 |   0.9945 |  5.154331e+04 |   +2.61% |  1.16e-14 |      
      150 |   0.9940 |  5.451025e+04 |   +5.76% |  1.88e-14 |      
      160 |   0.9922 |  6.008820e+04 |  +10.23% |  3.06e-14 |      
      170 |   0.9899 |  6.995269e+04 |  +16.42% |  4.98e-14 |      
      180 |   0.9853 |  8.556124e+04 |  +22.31% |  8.09e-14 |      
      190 |   0.9797 |  1.067097e+05 |  +24.72% |  1.31e-13 |      
      200 |   0.9717 |  1.321175e+05 |  +23.81% |  2.12e-13 |      
      210 |   0.9610 |  1.599133e+05 |  +21.04% |  3.44e-13 |      
      220 |   0.9475 |  1.922319e+05 |  +20.21% |  5.56e-13 |      
      230 |   0.9294 |  2.308369e+05 |  +20.08% |  8.99e-13 |      
      240 |   0.9064 |  2.745556e+05 |  +18.94% |  1.45e-12 |      
      250 |   0.8791 |  3.227102e+05 |  +17.54% |  2.34e-12 |      
      260 |   0.8498 |  3.739392e+05 |  +15.87% |  3.77e-12 |      
      270 |   0.8175 |  4.261012e+05 |  +13.95% |  6.06e-12 |      
      280 |   0.7834 |  4.786720e+05 |  +12.34% |  9.77e-12 |      
      290 |   0.7475 |  5.295838e+05 |  +10.64% |  1.57e-11 |      
      300 |   0.7086 |  5.775065e+05 |   +9.05% |  2.54e-11 |      
      310 |   0.6665 |  6.203615e+05 |   +7.42% |  4.09e-11 |      
      320 |   0.6204 |  6.583952e+05 |   +6.13% |  6.61e-11 |      
[INFO GPL-0038] Routability snapshot saved at iter = 326
      325 |   0.5967 |  6.774958e+05 |          |           |      
      330 |   0.5734 |  6.988386e+05 |   +6.14% |  1.07e-10 |      
      340 |   0.5234 |  7.439515e+05 |   +6.46% |  1.72e-10 |      
      350 |   0.4797 |  7.844090e+05 |   +5.44% |  2.78e-10 |      
      360 |   0.4367 |  8.106212e+05 |   +3.34% |  4.50e-10 |      
      370 |   0.3902 |  8.258552e+05 |   +1.88% |  7.30e-10 |      
      380 |   0.3499 |  8.384279e+05 |   +1.52% |  1.19e-09 |      
      390 |   0.3190 |  8.470862e+05 |   +1.03% |  1.76e-09 |      
[INFO GPL-0040] Routability iteration: 1
[WARNING GRT-0281] Net i_clk has a large fanout of 1292 terminals.
[INFO GPL-0041] Total routing overflow: 15.3865
[INFO GPL-0042] Number of overflowed tiles: 192 (1.10%)
[INFO GPL-0043] Average top 0.5% routing congestion: 1.1321
[INFO GPL-0044] Average top 1.0% routing congestion: 1.0873
[INFO GPL-0045] Average top 2.0% routing congestion: 1.0275
[INFO GPL-0046] Average top 5.0% routing congestion: 0.9362
[INFO GPL-0047] Routability iteration weighted routing congestion: 1.1097
[INFO GPL-0048] Routing congestion (1.1097) lower than previous minimum (1e+30). Updating minimum.
[INFO GPL-0051] Inflated area:                2035.084 um^2 (+0.43%)
[INFO GPL-0052] Placement target density:       0.5080
[INFO GPL-0076] Removing fillers, count: Before: 2819, After: 2734 (-3.02%)
[INFO GPL-0077] Filler area (um^2)     : Before: 67431.923, After: 65381.691 (-3.04%)
[INFO GPL-0078] Removed fillers count: 85, area removed: 2032.715 um^2. Remaining area to be compensated by modifying density: 2.368 um^2
[INFO GPL-0058] White space area:           1067073.549 um^2 (+0.00%)
[INFO GPL-0059] Movable instances area:     542058.414 um^2 (+0.00%)
[INFO GPL-0060] Total filler area:           65381.691 um^2 (-3.04%)
[INFO GPL-0061] Total non-inflated area:    542043.265 um^2 (-0.00%)
[INFO GPL-0062] Total inflated area:        544078.349 um^2 (-0.00%)
[INFO GPL-0063] New Target Density:             0.5080
[INFO GPL-0087] Routability end iteration: increase inflation and revert back to snapshot.
Iteration | Overflow |     HPWL (um) |  HPWL(%) |   Penalty | Group
---------------------------------------------------------------
      400 |   0.5898 |  6.859427e+05 |  -19.02% |  9.16e-11 |      
      410 |   0.5476 |  7.252506e+05 |   +5.73% |  1.34e-10 |      
      420 |   0.5147 |  7.555967e+05 |   +4.18% |  1.96e-10 |      
      430 |   0.4732 |  7.805578e+05 |   +3.30% |  2.88e-10 |      
      440 |   0.4389 |  7.980601e+05 |   +2.24% |  4.23e-10 |      
      450 |   0.4031 |  8.159685e+05 |   +2.24% |  6.21e-10 |      
      460 |   0.3713 |  8.277569e+05 |   +1.44% |  9.13e-10 |      
      470 |   0.3412 |  8.382943e+05 |   +1.27% |  1.34e-09 |      
      480 |   0.3102 |  8.458439e+05 |   +0.90% |  1.97e-09 |      
[INFO GPL-0040] Routability iteration: 2
[INFO GPL-0041] Total routing overflow: 16.4842
[INFO GPL-0042] Number of overflowed tiles: 186 (1.07%)
[INFO GPL-0043] Average top 0.5% routing congestion: 1.1418
[INFO GPL-0044] Average top 1.0% routing congestion: 1.0939
[INFO GPL-0045] Average top 2.0% routing congestion: 1.0307
[INFO GPL-0046] Average top 5.0% routing congestion: 0.9379
[INFO GPL-0047] Routability iteration weighted routing congestion: 1.1179
[INFO GPL-0049] Routing congestion (1.1179) higher than minimum (1.1097). Consecutive non-improvement count: 1.
[INFO GPL-0051] Inflated area:                1947.609 um^2 (+0.41%)
[INFO GPL-0052] Placement target density:       0.5080
[INFO GPL-0076] Removing fillers, count: Before: 2734, After: 2653 (-2.96%)
[INFO GPL-0077] Filler area (um^2)     : Before: 65381.691, After: 63444.633 (-2.96%)
[INFO GPL-0078] Removed fillers count: 81, area removed: 1937.058 um^2. Remaining area to be compensated by modifying density: 10.551 um^2
[INFO GPL-0058] White space area:           1067073.549 um^2 (+0.00%)
[INFO GPL-0059] Movable instances area:     542058.414 um^2 (+0.00%)
[INFO GPL-0060] Total filler area:           63444.633 um^2 (-2.96%)
[INFO GPL-0061] Total non-inflated area:    542053.816 um^2 (+0.00%)
[INFO GPL-0062] Total inflated area:        544001.425 um^2 (+0.00%)
[INFO GPL-0063] New Target Density:             0.5080
[INFO GPL-0087] Routability end iteration: increase inflation and revert back to snapshot.
Iteration | Overflow |     HPWL (um) |  HPWL(%) |   Penalty | Group
---------------------------------------------------------------
      490 |   0.5705 |  7.084956e+05 |  -16.24% |  1.07e-10 |      
      500 |   0.5331 |  7.442228e+05 |   +5.04% |  1.56e-10 |      
      510 |   0.4999 |  7.719855e+05 |   +3.73% |  2.29e-10 |      
      520 |   0.4601 |  7.921576e+05 |   +2.61% |  3.35e-10 |      
      530 |   0.4262 |  8.100783e+05 |   +2.26% |  4.93e-10 |      
      540 |   0.3910 |  8.265769e+05 |   +2.04% |  7.24e-10 |      
      550 |   0.3606 |  8.379977e+05 |   +1.38% |  1.06e-09 |      
      560 |   0.3289 |  8.472250e+05 |   +1.10% |  1.56e-09 |      
      570 |   0.2981 |  8.536044e+05 |   +0.75% |  2.30e-09 |      
[INFO GPL-0040] Routability iteration: 3
[INFO GPL-0041] Total routing overflow: 14.8291
[INFO GPL-0042] Number of overflowed tiles: 168 (0.96%)
[INFO GPL-0043] Average top 0.5% routing congestion: 1.1388
[INFO GPL-0044] Average top 1.0% routing congestion: 1.0847
[INFO GPL-0045] Average top 2.0% routing congestion: 1.0224
[INFO GPL-0046] Average top 5.0% routing congestion: 0.9322
[INFO GPL-0047] Routability iteration weighted routing congestion: 1.1117
[INFO GPL-0049] Routing congestion (1.1117) higher than minimum (1.1097). Consecutive non-improvement count: 2.
[INFO GPL-0051] Inflated area:                2011.317 um^2 (+0.42%)
[INFO GPL-0052] Placement target density:       0.5080
[INFO GPL-0076] Removing fillers, count: Before: 2653, After: 2569 (-3.17%)
[INFO GPL-0077] Filler area (um^2)     : Before: 63444.633, After: 61435.832 (-3.17%)
[INFO GPL-0078] Removed fillers count: 84, area removed: 2008.801 um^2. Remaining area to be compensated by modifying density: 2.516 um^2
[INFO GPL-0058] White space area:           1067073.549 um^2 (+0.00%)
[INFO GPL-0059] Movable instances area:     542058.414 um^2 (+0.00%)
[INFO GPL-0060] Total filler area:           61435.832 um^2 (-3.17%)
[INFO GPL-0061] Total non-inflated area:    542056.332 um^2 (+0.00%)
[INFO GPL-0062] Total inflated area:        544067.649 um^2 (+0.00%)
[INFO GPL-0063] New Target Density:             0.5080
[INFO GPL-0087] Routability end iteration: increase inflation and revert back to snapshot.
Iteration | Overflow |     HPWL (um) |  HPWL(%) |   Penalty | Group
---------------------------------------------------------------
      580 |   0.5524 |  7.306908e+05 |  -14.40% |  1.24e-10 |      
      590 |   0.5208 |  7.617981e+05 |   +4.26% |  1.81e-10 |      
      600 |   0.4822 |  7.871181e+05 |   +3.32% |  2.66e-10 |      
      610 |   0.4448 |  8.038611e+05 |   +2.13% |  3.91e-10 |      
      620 |   0.4099 |  8.243565e+05 |   +2.55% |  5.74e-10 |      
      630 |   0.3776 |  8.367954e+05 |   +1.51% |  8.43e-10 |      
      640 |   0.3482 |  8.466213e+05 |   +1.17% |  1.24e-09 |      
      650 |   0.3172 |  8.552119e+05 |   +1.01% |  1.82e-09 |      
[INFO GPL-0040] Routability iteration: 4
[INFO GPL-0041] Total routing overflow: 12.6994
[INFO GPL-0042] Number of overflowed tiles: 154 (0.88%)
[INFO GPL-0043] Average top 0.5% routing congestion: 1.1220
[INFO GPL-0044] Average top 1.0% routing congestion: 1.0717
[INFO GPL-0045] Average top 2.0% routing congestion: 1.0123
[INFO GPL-0046] Average top 5.0% routing congestion: 0.9281
[INFO GPL-0047] Routability iteration weighted routing congestion: 1.0968
[INFO GPL-0048] Routing congestion (1.0968) lower than previous minimum (1.11). Updating minimum.
[INFO GPL-0051] Inflated area:                1578.902 um^2 (+0.33%)
[INFO GPL-0052] Placement target density:       0.5080
[INFO GPL-0076] Removing fillers, count: Before: 2569, After: 2503 (-2.57%)
[INFO GPL-0077] Filler area (um^2)     : Before: 61435.832, After: 59857.488 (-2.57%)
[INFO GPL-0078] Removed fillers count: 66, area removed: 1578.344 um^2. Remaining area to be compensated by modifying density: 0.559 um^2
[INFO GPL-0058] White space area:           1067073.549 um^2 (+0.00%)
[INFO GPL-0059] Movable instances area:     542058.414 um^2 (+0.00%)
[INFO GPL-0060] Total filler area:           59857.488 um^2 (-2.57%)
[INFO GPL-0061] Total non-inflated area:    542056.891 um^2 (+0.00%)
[INFO GPL-0062] Total inflated area:        543635.793 um^2 (+0.00%)
[INFO GPL-0063] New Target Density:             0.5080
[INFO GPL-0087] Routability end iteration: increase inflation and revert back to snapshot.
Iteration | Overflow |     HPWL (um) |  HPWL(%) |   Penalty | Group
---------------------------------------------------------------
      660 |   0.5811 |  7.030898e+05 |  -17.79% |  9.87e-11 |      
      670 |   0.5378 |  7.491334e+05 |   +6.55% |  1.44e-10 |      
      680 |   0.5097 |  7.765890e+05 |   +3.66% |  2.11e-10 |      
      690 |   0.4668 |  7.981666e+05 |   +2.78% |  3.10e-10 |      
      700 |   0.4335 |  8.148434e+05 |   +2.09% |  4.56e-10 |      
      710 |   0.3979 |  8.351855e+05 |   +2.50% |  6.69e-10 |      
      720 |   0.3637 |  8.454413e+05 |   +1.23% |  9.83e-10 |      
      730 |   0.3355 |  8.545066e+05 |   +1.07% |  1.45e-09 |      
      740 |   0.3058 |  8.625030e+05 |   +0.94% |  2.13e-09 |      
[INFO GPL-0040] Routability iteration: 5
[INFO GPL-0041] Total routing overflow: 13.5600
[INFO GPL-0042] Number of overflowed tiles: 167 (0.96%)
[INFO GPL-0043] Average top 0.5% routing congestion: 1.1268
[INFO GPL-0044] Average top 1.0% routing congestion: 1.0773
[INFO GPL-0045] Average top 2.0% routing congestion: 1.0165
[INFO GPL-0046] Average top 5.0% routing congestion: 0.9295
[INFO GPL-0047] Routability iteration weighted routing congestion: 1.1021
[INFO GPL-0049] Routing congestion (1.1021) higher than minimum (1.0968). Consecutive non-improvement count: 1.
[INFO GPL-0051] Inflated area:                1706.730 um^2 (+0.35%)
[INFO GPL-0052] Placement target density:       0.5080
[INFO GPL-0076] Removing fillers, count: Before: 2503, After: 2432 (-2.84%)
[INFO GPL-0077] Filler area (um^2)     : Before: 59857.488, After: 58159.573 (-2.84%)
[INFO GPL-0078] Removed fillers count: 71, area removed: 1697.915 um^2. Remaining area to be compensated by modifying density: 8.815 um^2
[INFO GPL-0058] White space area:           1067073.549 um^2 (+0.00%)
[INFO GPL-0059] Movable instances area:     542058.414 um^2 (+0.00%)
[INFO GPL-0060] Total filler area:           58159.573 um^2 (-2.84%)
[INFO GPL-0061] Total non-inflated area:    542065.705 um^2 (+0.00%)
[INFO GPL-0062] Total inflated area:        543772.435 um^2 (+0.00%)
[INFO GPL-0063] New Target Density:             0.5080
[INFO GPL-0087] Routability end iteration: increase inflation and revert back to snapshot.
Iteration | Overflow |     HPWL (um) |  HPWL(%) |   Penalty | Group
---------------------------------------------------------------
      750 |   0.5595 |  7.319247e+05 |  -15.14% |  1.15e-10 |      
      760 |   0.5267 |  7.660566e+05 |   +4.66% |  1.68e-10 |      
      770 |   0.4935 |  7.918690e+05 |   +3.37% |  2.46e-10 |      
      780 |   0.4545 |  8.081234e+05 |   +2.05% |  3.61e-10 |      
      790 |   0.4191 |  8.290423e+05 |   +2.59% |  5.31e-10 |      
      800 |   0.3856 |  8.447160e+05 |   +1.89% |  7.79e-10 |      
      810 |   0.3543 |  8.537815e+05 |   +1.07% |  1.15e-09 |      
      820 |   0.3217 |  8.627328e+05 |   +1.05% |  1.69e-09 |      
[INFO GPL-0040] Routability iteration: 6
[INFO GPL-0041] Total routing overflow: 10.7538
[INFO GPL-0042] Number of overflowed tiles: 162 (0.93%)
[INFO GPL-0043] Average top 0.5% routing congestion: 1.0987
[INFO GPL-0044] Average top 1.0% routing congestion: 1.0611
[INFO GPL-0045] Average top 2.0% routing congestion: 1.0083
[INFO GPL-0046] Average top 5.0% routing congestion: 0.9214
[INFO GPL-0047] Routability iteration weighted routing congestion: 1.0799
[INFO GPL-0048] Routing congestion (1.0799) lower than previous minimum (1.097). Updating minimum.
[INFO GPL-0051] Inflated area:                1061.448 um^2 (+0.22%)
[INFO GPL-0052] Placement target density:       0.5080
[INFO GPL-0076] Removing fillers, count: Before: 2432, After: 2388 (-1.81%)
[INFO GPL-0077] Filler area (um^2)     : Before: 58159.573, After: 57107.344 (-1.81%)
[INFO GPL-0078] Removed fillers count: 44, area removed: 1052.229 um^2. Remaining area to be compensated by modifying density: 9.219 um^2
[INFO GPL-0058] White space area:           1067073.549 um^2 (+0.00%)
[INFO GPL-0059] Movable instances area:     542058.414 um^2 (+0.00%)
[INFO GPL-0060] Total filler area:           57107.344 um^2 (-1.81%)
[INFO GPL-0061] Total non-inflated area:    542074.925 um^2 (+0.00%)
[INFO GPL-0062] Total inflated area:        543136.373 um^2 (+0.00%)
[INFO GPL-0063] New Target Density:             0.5080
[INFO GPL-0087] Routability end iteration: increase inflation and revert back to snapshot.
Iteration | Overflow |     HPWL (um) |  HPWL(%) |   Penalty | Group
---------------------------------------------------------------
      830 |   0.5957 |  6.873858e+05 |  -20.32% |  9.16e-11 |      
      840 |   0.5440 |  7.513330e+05 |   +9.30% |  1.33e-10 |      
      850 |   0.5160 |  7.799140e+05 |   +3.80% |  1.95e-10 |      
      860 |   0.4741 |  8.027372e+05 |   +2.93% |  2.87e-10 |      
      870 |   0.4386 |  8.183020e+05 |   +1.94% |  4.21e-10 |      
      880 |   0.4042 |  8.411421e+05 |   +2.79% |  6.18e-10 |      
      890 |   0.3720 |  8.508120e+05 |   +1.15% |  9.09e-10 |      
      900 |   0.3421 |  8.597044e+05 |   +1.05% |  1.34e-09 |      
      910 |   0.3104 |  8.691139e+05 |   +1.09% |  1.97e-09 |      
[INFO GPL-0040] Routability iteration: 7
[INFO GPL-0041] Total routing overflow: 12.6045
[INFO GPL-0042] Number of overflowed tiles: 186 (1.07%)
[INFO GPL-0043] Average top 0.5% routing congestion: 1.1068
[INFO GPL-0044] Average top 1.0% routing congestion: 1.0718
[INFO GPL-0045] Average top 2.0% routing congestion: 1.0161
[INFO GPL-0046] Average top 5.0% routing congestion: 0.9258
[INFO GPL-0047] Routability iteration weighted routing congestion: 1.0893
[INFO GPL-0049] Routing congestion (1.0893) higher than minimum (1.0799). Consecutive non-improvement count: 1.
[INFO GPL-0051] Inflated area:                1315.031 um^2 (+0.27%)
[INFO GPL-0052] Placement target density:       0.5080
[INFO GPL-0076] Removing fillers, count: Before: 2388, After: 2334 (-2.26%)
[INFO GPL-0077] Filler area (um^2)     : Before: 57107.344, After: 55815.972 (-2.26%)
[INFO GPL-0078] Removed fillers count: 54, area removed: 1291.372 um^2. Remaining area to be compensated by modifying density: 23.659 um^2
[INFO GPL-0058] White space area:           1067073.549 um^2 (+0.00%)
[INFO GPL-0059] Movable instances area:     542058.414 um^2 (+0.00%)
[INFO GPL-0060] Total filler area:           55815.972 um^2 (-2.26%)
[INFO GPL-0061] Total non-inflated area:    542098.584 um^2 (+0.00%)
[INFO GPL-0062] Total inflated area:        543413.615 um^2 (+0.00%)
[INFO GPL-0063] New Target Density:             0.5080
[INFO GPL-0087] Routability end iteration: increase inflation and revert back to snapshot.
Iteration | Overflow |     HPWL (um) |  HPWL(%) |   Penalty | Group
---------------------------------------------------------------
      920 |   0.5766 |  7.168833e+05 |  -17.52% |  1.02e-10 |      
      930 |   0.5345 |  7.652951e+05 |   +6.75% |  1.49e-10 |      
      940 |   0.5055 |  7.911586e+05 |   +3.38% |  2.19e-10 |      
      950 |   0.4648 |  8.100240e+05 |   +2.38% |  3.22e-10 |      
      960 |   0.4303 |  8.277569e+05 |   +2.19% |  4.73e-10 |      
      970 |   0.3938 |  8.484386e+05 |   +2.50% |  6.93e-10 |      
      980 |   0.3616 |  8.573312e+05 |   +1.05% |  1.02e-09 |      
      990 |   0.3327 |  8.661242e+05 |   +1.03% |  1.50e-09 |      
     1000 |   0.3026 |  8.733335e+05 |   +0.83% |  2.21e-09 |      
[INFO GPL-0040] Routability iteration: 8
[INFO GPL-0041] Total routing overflow: 11.3887
[INFO GPL-0042] Number of overflowed tiles: 166 (0.95%)
[INFO GPL-0043] Average top 0.5% routing congestion: 1.1056
[INFO GPL-0044] Average top 1.0% routing congestion: 1.0649
[INFO GPL-0045] Average top 2.0% routing congestion: 1.0101
[INFO GPL-0046] Average top 5.0% routing congestion: 0.9234
[INFO GPL-0047] Routability iteration weighted routing congestion: 1.0852
[INFO GPL-0049] Routing congestion (1.0852) higher than minimum (1.0799). Consecutive non-improvement count: 2.
[INFO GPL-0051] Inflated area:                1319.297 um^2 (+0.27%)
[INFO GPL-0052] Placement target density:       0.5080
[INFO GPL-0076] Removing fillers, count: Before: 2334, After: 2279 (-2.36%)
[INFO GPL-0077] Filler area (um^2)     : Before: 55815.972, After: 54500.685 (-2.36%)
[INFO GPL-0078] Removed fillers count: 55, area removed: 1315.286 um^2. Remaining area to be compensated by modifying density: 4.010 um^2
[INFO GPL-0058] White space area:           1067073.549 um^2 (+0.00%)
[INFO GPL-0059] Movable instances area:     542058.414 um^2 (+0.00%)
[INFO GPL-0060] Total filler area:           54500.685 um^2 (-2.36%)
[INFO GPL-0061] Total non-inflated area:    542102.594 um^2 (+0.00%)
[INFO GPL-0062] Total inflated area:        543421.891 um^2 (+0.00%)
[INFO GPL-0063] New Target Density:             0.5080
[INFO GPL-0087] Routability end iteration: increase inflation and revert back to snapshot.
Iteration | Overflow |     HPWL (um) |  HPWL(%) |   Penalty | Group
---------------------------------------------------------------
     1010 |   0.5528 |  7.498499e+05 |  -14.14% |  1.19e-10 |      
     1020 |   0.5246 |  7.803892e+05 |   +4.07% |  1.74e-10 |      
     1030 |   0.4891 |  8.042733e+05 |   +3.06% |  2.55e-10 |      
     1040 |   0.4508 |  8.194637e+05 |   +1.89% |  3.75e-10 |      
     1050 |   0.4147 |  8.416357e+05 |   +2.71% |  5.50e-10 |      
     1060 |   0.3818 |  8.557293e+05 |   +1.67% |  8.09e-10 |      
     1070 |   0.3513 |  8.632529e+05 |   +0.88% |  1.19e-09 |      
     1080 |   0.3198 |  8.726145e+05 |   +1.08% |  1.75e-09 |      
[INFO GPL-0040] Routability iteration: 9
[INFO GPL-0041] Total routing overflow: 12.0398
[INFO GPL-0042] Number of overflowed tiles: 176 (1.01%)
[INFO GPL-0043] Average top 0.5% routing congestion: 1.1093
[INFO GPL-0044] Average top 1.0% routing congestion: 1.0688
[INFO GPL-0045] Average top 2.0% routing congestion: 1.0135
[INFO GPL-0046] Average top 5.0% routing congestion: 0.9264
[INFO GPL-0047] Routability iteration weighted routing congestion: 1.0890
[INFO GPL-0049] Routing congestion (1.0890) higher than minimum (1.0799). Consecutive non-improvement count: 3.
[INFO GPL-0051] Inflated area:                1214.719 um^2 (+0.25%)
[INFO GPL-0052] Placement target density:       0.5080
[INFO GPL-0076] Removing fillers, count: Before: 2279, After: 2229 (-2.19%)
[INFO GPL-0077] Filler area (um^2)     : Before: 54500.685, After: 53304.970 (-2.19%)
[INFO GPL-0078] Removed fillers count: 50, area removed: 1195.715 um^2. Remaining area to be compensated by modifying density: 19.004 um^2
[INFO GPL-0054] No improvement in routing congestion for 3 consecutive iterations (limit is 3).
[INFO GPL-0055] Reverting inflation values and target density from the iteration with minimum observed routing congestion.
[INFO GPL-0056] Minimum observed routing congestion: 1.0799
[INFO GPL-0057] Target density at minimum routing congestion: 0.5080
[INFO GPL-0080] Restoring 203 previously removed fillers.
[INFO GPL-0081] Number of fillers before restoration 2229 and after 2432 . Relative change: +9.11%%
[INFO GPL-0082] Total filler area before restoration 53304.97 and after 58159.57 (um^2). Relative change: +9.11%%
[INFO GPL-0089] Routability finished. Reverting to minimal observed routing congestion, could not reach target.
Iteration | Overflow |     HPWL (um) |  HPWL(%) |   Penalty | Group
---------------------------------------------------------------
     1090 |   0.5839 |  6.954011e+05 |  -20.31% |  9.51e-11 |      
     1100 |   0.5395 |  7.494059e+05 |   +7.77% |  1.39e-10 |      
     1110 |   0.5108 |  7.780200e+05 |   +3.82% |  2.03e-10 |      
     1120 |   0.4684 |  8.004972e+05 |   +2.89% |  2.98e-10 |      
     1130 |   0.4340 |  8.168084e+05 |   +2.04% |  4.38e-10 |      
     1140 |   0.3988 |  8.384279e+05 |   +2.65% |  6.43e-10 |      
     1150 |   0.3661 |  8.492588e+05 |   +1.29% |  9.45e-10 |      
     1160 |   0.3366 |  8.574524e+05 |   +0.96% |  1.39e-09 |      
     1170 |   0.3079 |  8.663025e+05 |   +1.03% |  2.05e-09 |      
     1180 |   0.2796 |  8.712532e+05 |   +0.57% |  3.01e-09 |      
     1190 |   0.2519 |  8.747407e+05 |   +0.40% |  4.43e-09 |      
     1200 |   0.2278 |  8.772559e+05 |   +0.29% |  6.53e-09 |      
     1210 |   0.2037 |  8.793131e+05 |   +0.23% |  9.61e-09 |      
     1220 |   0.1826 |  8.813258e+05 |   +0.23% |  1.42e-08 |      
     1230 |   0.1628 |  8.830334e+05 |   +0.19% |  2.08e-08 |      
     1240 |   0.1442 |  8.843859e+05 |   +0.15% |  3.07e-08 |      
     1250 |   0.1292 |  8.859247e+05 |   +0.17% |  4.52e-08 |      
     1260 |   0.1137 |  8.875629e+05 |   +0.18% |  6.66e-08 |      
     1270 |   0.0983 |  8.896497e+05 |   +0.24% |  9.80e-08 |      
     1270 |   0.0983 |  8.896497e+05 |          |  1.02e-07 |      
---------------------------------------------------------------
[INFO GPL-1001] Global placement finished at iteration 1270
[INFO GPL-1003] Routability mode iteration count: 838
[INFO GPL-1005] Routability final weighted congestion: 1.0472
[INFO GPL-1002] Placed Cell Area            487601.9091
[INFO GPL-1003] Available Free Area         1067073.5488
[INFO GPL-1004] Minimum Feasible Density        0.4500 (cell_area / free_area)
[INFO GPL-1006]   Suggested Target Densities:
[INFO GPL-1007]     - For 90% usage of free space: 0.5077
[INFO GPL-1008]     - For 80% usage of free space: 0.5712
[INFO GPL-1009]     - For 50% usage of free space: 0.9139
[INFO GPL-1011] Original area (um^2): 474626.49
[INFO GPL-1012] Total routability artificial inflation: 9279.64 (+1.96%)
[INFO GPL-1014] Final placement area: 487601.91 (+2.73%)
Setting global connections for newly added cells…
[INFO] Setting global connections...
[INFO ODB-0403] 0 connections made, 0 conflicts skipped.
Updating metrics…
Cell type report:                       Count       Area
  Endcap cell                             534    2344.47
  Tap cell                               7132   31312.33
  Tie cell                                 13     114.15
  Inverter                               1078    9465.70
  Sequential cell                        1291   95956.58
  Multi-Input combinational cell        16560  308932.69
  Total                                 26608  448125.93
Writing OpenROAD database to '/foss/designs/integration_final/runs/RUN_2026-08-30_15-35-49/28-openroad-globalplacement/A37_A.odb'…
Writing netlist to '/foss/designs/integration_final/runs/RUN_2026-08-30_15-35-49/28-openroad-globalplacement/A37_A.nl.v'…
Writing powered netlist to '/foss/designs/integration_final/runs/RUN_2026-08-30_15-35-49/28-openroad-globalplacement/A37_A.pnl.v'…
Writing layout to '/foss/designs/integration_final/runs/RUN_2026-08-30_15-35-49/28-openroad-globalplacement/A37_A.def'…
Writing timing constraints to '/foss/designs/integration_final/runs/RUN_2026-08-30_15-35-49/28-openroad-globalplacement/A37_A.sdc'…
