                                                                        Cells by Master                                                                         
┏━━━━━━━━━━━━━━━━━━━━━━━━━━━━━━━━━━━━━━━━━━━━━━━━━━━━━━━━━━━━━━━━━━━━━━━━━━━━━━━━━━━━━━━━━━━━━━━━━━━━━━━━━━━━━━━━━━━━━━━━━━━━━━━━━━━━━┳━━━━━━━━━━━━━━━━━━━━━━━━┓
┃ Cell                                                                                                                                ┃ Count                  ┃
┡━━━━━━━━━━━━━━━━━━━━━━━━━━━━━━━━━━━━━━━━━━━━━━━━━━━━━━━━━━━━━━━━━━━━━━━━━━━━━━━━━━━━━━━━━━━━━━━━━━━━━━━━━━━━━━━━━━━━━━━━━━━━━━━━━━━━━╇━━━━━━━━━━━━━━━━━━━━━━━━┩
│ gf180mcu_fd_sc_mcu7t5v0__and2_1                                                                                                     │ 505                    │
│ gf180mcu_fd_sc_mcu7t5v0__and2_2                                                                                                     │ 5                      │
│ gf180mcu_fd_sc_mcu7t5v0__and2_4                                                                                                     │ 3                      │
│ gf180mcu_fd_sc_mcu7t5v0__and3_1                                                                                                     │ 86                     │
│ gf180mcu_fd_sc_mcu7t5v0__and3_2                                                                                                     │ 2                      │
│ gf180mcu_fd_sc_mcu7t5v0__and4_1                                                                                                     │ 34                     │
│ gf180mcu_fd_sc_mcu7t5v0__aoi211_1                                                                                                   │ 126                    │
│ gf180mcu_fd_sc_mcu7t5v0__aoi211_2                                                                                                   │ 4                      │
│ gf180mcu_fd_sc_mcu7t5v0__aoi211_4                                                                                                   │ 4                      │
│ gf180mcu_fd_sc_mcu7t5v0__aoi21_1                                                                                                    │ 1129                   │
│ gf180mcu_fd_sc_mcu7t5v0__aoi21_2                                                                                                    │ 41                     │
│ gf180mcu_fd_sc_mcu7t5v0__aoi21_4                                                                                                    │ 14                     │
│ gf180mcu_fd_sc_mcu7t5v0__aoi221_1                                                                                                   │ 603                    │
│ gf180mcu_fd_sc_mcu7t5v0__aoi221_2                                                                                                   │ 4                      │
│ gf180mcu_fd_sc_mcu7t5v0__aoi221_4                                                                                                   │ 14                     │
│ gf180mcu_fd_sc_mcu7t5v0__aoi222_1                                                                                                   │ 36                     │
│ gf180mcu_fd_sc_mcu7t5v0__aoi222_2                                                                                                   │ 2                      │
│ gf180mcu_fd_sc_mcu7t5v0__aoi22_1                                                                                                    │ 576                    │
│ gf180mcu_fd_sc_mcu7t5v0__aoi22_2                                                                                                    │ 1                      │
│ gf180mcu_fd_sc_mcu7t5v0__aoi22_4                                                                                                    │ 2                      │
│ gf180mcu_fd_sc_mcu7t5v0__buf_1                                                                                                      │ 443                    │
│ gf180mcu_fd_sc_mcu7t5v0__buf_12                                                                                                     │ 3                      │
│ gf180mcu_fd_sc_mcu7t5v0__buf_2                                                                                                      │ 1726                   │
│ gf180mcu_fd_sc_mcu7t5v0__buf_20                                                                                                     │ 1                      │
│ gf180mcu_fd_sc_mcu7t5v0__buf_3                                                                                                      │ 88                     │
│ gf180mcu_fd_sc_mcu7t5v0__buf_4                                                                                                      │ 166                    │
│ gf180mcu_fd_sc_mcu7t5v0__buf_8                                                                                                      │ 47                     │
│ gf180mcu_fd_sc_mcu7t5v0__clkbuf_1                                                                                                   │ 1209                   │
│ gf180mcu_fd_sc_mcu7t5v0__clkbuf_16                                                                                                  │ 9                      │
│ gf180mcu_fd_sc_mcu7t5v0__clkbuf_2                                                                                                   │ 582                    │
│ gf180mcu_fd_sc_mcu7t5v0__clkbuf_4                                                                                                   │ 178                    │
│ gf180mcu_fd_sc_mcu7t5v0__clkbuf_8                                                                                                   │ 139                    │
│ gf180mcu_fd_sc_mcu7t5v0__clkinv_1                                                                                                   │ 1053                   │
│ gf180mcu_fd_sc_mcu7t5v0__clkinv_12                                                                                                  │ 1                      │
│ gf180mcu_fd_sc_mcu7t5v0__clkinv_2                                                                                                   │ 15                     │
│ gf180mcu_fd_sc_mcu7t5v0__clkinv_4                                                                                                   │ 4                      │
│ gf180mcu_fd_sc_mcu7t5v0__clkinv_8                                                                                                   │ 9                      │
│ gf180mcu_fd_sc_mcu7t5v0__dffq_1                                                                                                     │ 38                     │
│ gf180mcu_fd_sc_mcu7t5v0__dffrnq_1                                                                                                   │ 1070                   │
│ gf180mcu_fd_sc_mcu7t5v0__dffrnq_2                                                                                                   │ 162                    │
│ gf180mcu_fd_sc_mcu7t5v0__dffrnq_4                                                                                                   │ 17                     │
│ gf180mcu_fd_sc_mcu7t5v0__dffsnq_1                                                                                                   │ 3                      │
│ gf180mcu_fd_sc_mcu7t5v0__dffsnq_2                                                                                                   │ 1                      │
│ gf180mcu_fd_sc_mcu7t5v0__dlyb_1                                                                                                     │ 240                    │
│ gf180mcu_fd_sc_mcu7t5v0__endcap                                                                                                     │ 534                    │
│ gf180mcu_fd_sc_mcu7t5v0__fill_1                                                                                                     │ 10324                  │
│ gf180mcu_fd_sc_mcu7t5v0__fill_2                                                                                                     │ 9780                   │
│ gf180mcu_fd_sc_mcu7t5v0__fillcap_16                                                                                                 │ 3541                   │
│ gf180mcu_fd_sc_mcu7t5v0__fillcap_32                                                                                                 │ 1176                   │
│ gf180mcu_fd_sc_mcu7t5v0__fillcap_4                                                                                                  │ 9034                   │
│ gf180mcu_fd_sc_mcu7t5v0__fillcap_64                                                                                                 │ 542                    │
│ gf180mcu_fd_sc_mcu7t5v0__fillcap_8                                                                                                  │ 6428                   │
│ gf180mcu_fd_sc_mcu7t5v0__filltie                                                                                                    │ 7132                   │
│ gf180mcu_fd_sc_mcu7t5v0__inv_2                                                                                                      │ 13                     │
│ gf180mcu_fd_sc_mcu7t5v0__inv_3                                                                                                      │ 13                     │
│ gf180mcu_fd_sc_mcu7t5v0__inv_4                                                                                                      │ 26                     │
│ gf180mcu_fd_sc_mcu7t5v0__mux2_2                                                                                                     │ 638                    │
│ gf180mcu_fd_sc_mcu7t5v0__mux4_1                                                                                                     │ 18                     │
│ gf180mcu_fd_sc_mcu7t5v0__nand2_1                                                                                                    │ 4304                   │
│ gf180mcu_fd_sc_mcu7t5v0__nand2_2                                                                                                    │ 45                     │
│ gf180mcu_fd_sc_mcu7t5v0__nand2_4                                                                                                    │ 34                     │
│ gf180mcu_fd_sc_mcu7t5v0__nand3_1                                                                                                    │ 385                    │
│ gf180mcu_fd_sc_mcu7t5v0__nand3_2                                                                                                    │ 6                      │
│ gf180mcu_fd_sc_mcu7t5v0__nand3_4                                                                                                    │ 2                      │
│ gf180mcu_fd_sc_mcu7t5v0__nand4_1                                                                                                    │ 71                     │
│ gf180mcu_fd_sc_mcu7t5v0__nand4_2                                                                                                    │ 2                      │
│ gf180mcu_fd_sc_mcu7t5v0__nand4_4                                                                                                    │ 1                      │
│ gf180mcu_fd_sc_mcu7t5v0__nor2_1                                                                                                     │ 1794                   │
│ gf180mcu_fd_sc_mcu7t5v0__nor2_2                                                                                                     │ 84                     │
│ gf180mcu_fd_sc_mcu7t5v0__nor2_4                                                                                                     │ 79                     │
│ gf180mcu_fd_sc_mcu7t5v0__nor3_1                                                                                                     │ 162                    │
│ gf180mcu_fd_sc_mcu7t5v0__nor3_2                                                                                                     │ 8                      │
│ gf180mcu_fd_sc_mcu7t5v0__nor3_4                                                                                                     │ 15                     │
│ gf180mcu_fd_sc_mcu7t5v0__nor4_1                                                                                                     │ 55                     │
│ gf180mcu_fd_sc_mcu7t5v0__nor4_2                                                                                                     │ 6                      │
│ gf180mcu_fd_sc_mcu7t5v0__nor4_4                                                                                                     │ 11                     │
│ gf180mcu_fd_sc_mcu7t5v0__oai211_1                                                                                                   │ 368                    │
│ gf180mcu_fd_sc_mcu7t5v0__oai211_2                                                                                                   │ 27                     │
│ gf180mcu_fd_sc_mcu7t5v0__oai211_4                                                                                                   │ 3                      │
│ gf180mcu_fd_sc_mcu7t5v0__oai21_1                                                                                                    │ 1406                   │
│ gf180mcu_fd_sc_mcu7t5v0__oai21_2                                                                                                    │ 12                     │
│ gf180mcu_fd_sc_mcu7t5v0__oai21_4                                                                                                    │ 22                     │
│ gf180mcu_fd_sc_mcu7t5v0__oai221_1                                                                                                   │ 93                     │
│ gf180mcu_fd_sc_mcu7t5v0__oai221_2                                                                                                   │ 2                      │
│ gf180mcu_fd_sc_mcu7t5v0__oai221_4                                                                                                   │ 3                      │
│ gf180mcu_fd_sc_mcu7t5v0__oai222_1                                                                                                   │ 36                     │
│ gf180mcu_fd_sc_mcu7t5v0__oai222_2                                                                                                   │ 1                      │
│ gf180mcu_fd_sc_mcu7t5v0__oai22_1                                                                                                    │ 276                    │
│ gf180mcu_fd_sc_mcu7t5v0__oai22_2                                                                                                    │ 3                      │
│ gf180mcu_fd_sc_mcu7t5v0__oai22_4                                                                                                    │ 5                      │
│ gf180mcu_fd_sc_mcu7t5v0__oai31_1                                                                                                    │ 328                    │
│ gf180mcu_fd_sc_mcu7t5v0__oai31_2                                                                                                    │ 5                      │
│ gf180mcu_fd_sc_mcu7t5v0__oai31_4                                                                                                    │ 2                      │
│ gf180mcu_fd_sc_mcu7t5v0__oai32_1                                                                                                    │ 30                     │
│ gf180mcu_fd_sc_mcu7t5v0__oai32_2                                                                                                    │ 9                      │
│ gf180mcu_fd_sc_mcu7t5v0__oai33_4                                                                                                    │ 6                      │
│ gf180mcu_fd_sc_mcu7t5v0__or2_1                                                                                                      │ 344                    │
│ gf180mcu_fd_sc_mcu7t5v0__or2_2                                                                                                      │ 2                      │
│ gf180mcu_fd_sc_mcu7t5v0__or2_4                                                                                                      │ 3                      │
│ gf180mcu_fd_sc_mcu7t5v0__or3_1                                                                                                      │ 54                     │
│ gf180mcu_fd_sc_mcu7t5v0__or4_1                                                                                                      │ 7                      │
│ gf180mcu_fd_sc_mcu7t5v0__tieh                                                                                                       │ 3                      │
│ gf180mcu_fd_sc_mcu7t5v0__tiel                                                                                                       │ 10                     │
│ gf180mcu_fd_sc_mcu7t5v0__xnor2_1                                                                                                    │ 821                    │
│ gf180mcu_fd_sc_mcu7t5v0__xnor2_2                                                                                                    │ 2                      │
│ gf180mcu_fd_sc_mcu7t5v0__xnor3_1                                                                                                    │ 106                    │
│ gf180mcu_fd_sc_mcu7t5v0__xor2_1                                                                                                     │ 1520                   │
│ gf180mcu_fd_sc_mcu7t5v0__xor2_2                                                                                                     │ 15                     │
│ gf180mcu_fd_sc_mcu7t5v0__xor3_1                                                                                                     │ 138                    │
└─────────────────────────────────────────────────────────────────────────────────────────────────────────────────────────────────────┴────────────────────────┘
