[WARNING ORD-0039] .openroad ignored with -python
                                Cells by Master                                 
┏━━━━━━━━━━━━━━━━━━━━━━━━━━━━━━━━━━━━━━━━━━━━━━━━━━━━━━━━━━━━━━━━━┳━━━━━━━━━━━━┓
┃ Cell                                                            ┃ Count      ┃
┡━━━━━━━━━━━━━━━━━━━━━━━━━━━━━━━━━━━━━━━━━━━━━━━━━━━━━━━━━━━━━━━━━╇━━━━━━━━━━━━┩
│ gf180mcu_fd_sc_mcu7t5v0__and2_1                                 │ 505        │
│ gf180mcu_fd_sc_mcu7t5v0__and2_2                                 │ 5          │
│ gf180mcu_fd_sc_mcu7t5v0__and2_4                                 │ 3          │
│ gf180mcu_fd_sc_mcu7t5v0__and3_1                                 │ 86         │
│ gf180mcu_fd_sc_mcu7t5v0__and3_2                                 │ 2          │
│ gf180mcu_fd_sc_mcu7t5v0__and4_1                                 │ 34         │
│ gf180mcu_fd_sc_mcu7t5v0__aoi211_1                               │ 126        │
│ gf180mcu_fd_sc_mcu7t5v0__aoi211_2                               │ 4          │
│ gf180mcu_fd_sc_mcu7t5v0__aoi211_4                               │ 4          │
│ gf180mcu_fd_sc_mcu7t5v0__aoi21_1                                │ 1131       │
│ gf180mcu_fd_sc_mcu7t5v0__aoi21_2                                │ 40         │
│ gf180mcu_fd_sc_mcu7t5v0__aoi21_4                                │ 13         │
│ gf180mcu_fd_sc_mcu7t5v0__aoi221_1                               │ 605        │
│ gf180mcu_fd_sc_mcu7t5v0__aoi221_2                               │ 2          │
│ gf180mcu_fd_sc_mcu7t5v0__aoi221_4                               │ 14         │
│ gf180mcu_fd_sc_mcu7t5v0__aoi222_1                               │ 36         │
│ gf180mcu_fd_sc_mcu7t5v0__aoi222_2                               │ 2          │
│ gf180mcu_fd_sc_mcu7t5v0__aoi22_1                                │ 576        │
│ gf180mcu_fd_sc_mcu7t5v0__aoi22_2                                │ 1          │
│ gf180mcu_fd_sc_mcu7t5v0__aoi22_4                                │ 2          │
│ gf180mcu_fd_sc_mcu7t5v0__buf_1                                  │ 491        │
│ gf180mcu_fd_sc_mcu7t5v0__buf_12                                 │ 3          │
│ gf180mcu_fd_sc_mcu7t5v0__buf_2                                  │ 1683       │
│ gf180mcu_fd_sc_mcu7t5v0__buf_20                                 │ 1          │
│ gf180mcu_fd_sc_mcu7t5v0__buf_3                                  │ 92         │
│ gf180mcu_fd_sc_mcu7t5v0__buf_4                                  │ 174        │
│ gf180mcu_fd_sc_mcu7t5v0__buf_8                                  │ 49         │
│ gf180mcu_fd_sc_mcu7t5v0__clkbuf_1                               │ 1171       │
│ gf180mcu_fd_sc_mcu7t5v0__clkbuf_12                              │ 2          │
│ gf180mcu_fd_sc_mcu7t5v0__clkbuf_16                              │ 9          │
│ gf180mcu_fd_sc_mcu7t5v0__clkbuf_2                               │ 580        │
│ gf180mcu_fd_sc_mcu7t5v0__clkbuf_4                               │ 154        │
│ gf180mcu_fd_sc_mcu7t5v0__clkbuf_8                               │ 135        │
│ gf180mcu_fd_sc_mcu7t5v0__clkinv_1                               │ 1056       │
│ gf180mcu_fd_sc_mcu7t5v0__clkinv_12                              │ 1          │
│ gf180mcu_fd_sc_mcu7t5v0__clkinv_2                               │ 22         │
│ gf180mcu_fd_sc_mcu7t5v0__clkinv_4                               │ 4          │
│ gf180mcu_fd_sc_mcu7t5v0__clkinv_8                               │ 4          │
│ gf180mcu_fd_sc_mcu7t5v0__dffq_1                                 │ 38         │
│ gf180mcu_fd_sc_mcu7t5v0__dffrnq_1                               │ 1065       │
│ gf180mcu_fd_sc_mcu7t5v0__dffrnq_2                               │ 167        │
│ gf180mcu_fd_sc_mcu7t5v0__dffrnq_4                               │ 17         │
│ gf180mcu_fd_sc_mcu7t5v0__dffsnq_1                               │ 3          │
│ gf180mcu_fd_sc_mcu7t5v0__dffsnq_2                               │ 1          │
│ gf180mcu_fd_sc_mcu7t5v0__dlyb_1                                 │ 239        │
│ gf180mcu_fd_sc_mcu7t5v0__endcap                                 │ 534        │
│ gf180mcu_fd_sc_mcu7t5v0__fill_1                                 │ 10234      │
│ gf180mcu_fd_sc_mcu7t5v0__fill_2                                 │ 9653       │
│ gf180mcu_fd_sc_mcu7t5v0__fillcap_16                             │ 3488       │
│ gf180mcu_fd_sc_mcu7t5v0__fillcap_32                             │ 1136       │
│ gf180mcu_fd_sc_mcu7t5v0__fillcap_4                              │ 9229       │
│ gf180mcu_fd_sc_mcu7t5v0__fillcap_64                             │ 563        │
│ gf180mcu_fd_sc_mcu7t5v0__fillcap_8                              │ 6543       │
│ gf180mcu_fd_sc_mcu7t5v0__filltie                                │ 7132       │
│ gf180mcu_fd_sc_mcu7t5v0__inv_12                                 │ 1          │
│ gf180mcu_fd_sc_mcu7t5v0__inv_2                                  │ 9          │
│ gf180mcu_fd_sc_mcu7t5v0__inv_3                                  │ 7          │
│ gf180mcu_fd_sc_mcu7t5v0__inv_4                                  │ 28         │
│ gf180mcu_fd_sc_mcu7t5v0__mux2_2                                 │ 638        │
│ gf180mcu_fd_sc_mcu7t5v0__mux4_1                                 │ 18         │
│ gf180mcu_fd_sc_mcu7t5v0__nand2_1                                │ 4301       │
│ gf180mcu_fd_sc_mcu7t5v0__nand2_2                                │ 48         │
│ gf180mcu_fd_sc_mcu7t5v0__nand2_4                                │ 34         │
│ gf180mcu_fd_sc_mcu7t5v0__nand3_1                                │ 385        │
│ gf180mcu_fd_sc_mcu7t5v0__nand3_2                                │ 6          │
│ gf180mcu_fd_sc_mcu7t5v0__nand3_4                                │ 2          │
│ gf180mcu_fd_sc_mcu7t5v0__nand4_1                                │ 71         │
│ gf180mcu_fd_sc_mcu7t5v0__nand4_2                                │ 2          │
│ gf180mcu_fd_sc_mcu7t5v0__nand4_4                                │ 1          │
│ gf180mcu_fd_sc_mcu7t5v0__nor2_1                                 │ 1796       │
│ gf180mcu_fd_sc_mcu7t5v0__nor2_2                                 │ 85         │
│ gf180mcu_fd_sc_mcu7t5v0__nor2_4                                 │ 76         │
│ gf180mcu_fd_sc_mcu7t5v0__nor3_1                                 │ 162        │
│ gf180mcu_fd_sc_mcu7t5v0__nor3_2                                 │ 9          │
│ gf180mcu_fd_sc_mcu7t5v0__nor3_4                                 │ 14         │
│ gf180mcu_fd_sc_mcu7t5v0__nor4_1                                 │ 55         │
│ gf180mcu_fd_sc_mcu7t5v0__nor4_2                                 │ 6          │
│ gf180mcu_fd_sc_mcu7t5v0__nor4_4                                 │ 11         │
│ gf180mcu_fd_sc_mcu7t5v0__oai211_1                               │ 366        │
│ gf180mcu_fd_sc_mcu7t5v0__oai211_2                               │ 29         │
│ gf180mcu_fd_sc_mcu7t5v0__oai211_4                               │ 3          │
│ gf180mcu_fd_sc_mcu7t5v0__oai21_1                                │ 1406       │
│ gf180mcu_fd_sc_mcu7t5v0__oai21_2                                │ 13         │
│ gf180mcu_fd_sc_mcu7t5v0__oai21_4                                │ 21         │
│ gf180mcu_fd_sc_mcu7t5v0__oai221_1                               │ 93         │
│ gf180mcu_fd_sc_mcu7t5v0__oai221_2                               │ 2          │
│ gf180mcu_fd_sc_mcu7t5v0__oai221_4                               │ 3          │
│ gf180mcu_fd_sc_mcu7t5v0__oai222_1                               │ 37         │
│ gf180mcu_fd_sc_mcu7t5v0__oai22_1                                │ 276        │
│ gf180mcu_fd_sc_mcu7t5v0__oai22_2                                │ 3          │
│ gf180mcu_fd_sc_mcu7t5v0__oai22_4                                │ 5          │
│ gf180mcu_fd_sc_mcu7t5v0__oai31_1                                │ 327        │
│ gf180mcu_fd_sc_mcu7t5v0__oai31_2                                │ 6          │
│ gf180mcu_fd_sc_mcu7t5v0__oai31_4                                │ 2          │
│ gf180mcu_fd_sc_mcu7t5v0__oai32_1                                │ 27         │
│ gf180mcu_fd_sc_mcu7t5v0__oai32_2                                │ 12         │
│ gf180mcu_fd_sc_mcu7t5v0__oai33_4                                │ 6          │
│ gf180mcu_fd_sc_mcu7t5v0__or2_1                                  │ 344        │
│ gf180mcu_fd_sc_mcu7t5v0__or2_2                                  │ 2          │
│ gf180mcu_fd_sc_mcu7t5v0__or2_4                                  │ 3          │
│ gf180mcu_fd_sc_mcu7t5v0__or3_1                                  │ 54         │
│ gf180mcu_fd_sc_mcu7t5v0__or4_1                                  │ 7          │
│ gf180mcu_fd_sc_mcu7t5v0__tieh                                   │ 3          │
│ gf180mcu_fd_sc_mcu7t5v0__tiel                                   │ 10         │
│ gf180mcu_fd_sc_mcu7t5v0__xnor2_1                                │ 821        │
│ gf180mcu_fd_sc_mcu7t5v0__xnor2_2                                │ 2          │
│ gf180mcu_fd_sc_mcu7t5v0__xnor3_1                                │ 106        │
│ gf180mcu_fd_sc_mcu7t5v0__xor2_1                                 │ 1520       │
│ gf180mcu_fd_sc_mcu7t5v0__xor2_2                                 │ 15         │
│ gf180mcu_fd_sc_mcu7t5v0__xor3_1                                 │ 138        │
└─────────────────────────────────────────────────────────────────┴────────────┘
                               Cells by Function                                
┏━━━━━━━━━━━━━━━━━━━━━━━━━━━━━━━━━━━━━━━━━━━━━━━━━━━━━━━━━━━━━━━━┳━━━━━━━━━━━━━┓
┃ Cell Function                                                  ┃ Count       ┃
┡━━━━━━━━━━━━━━━━━━━━━━━━━━━━━━━━━━━━━━━━━━━━━━━━━━━━━━━━━━━━━━━━╇━━━━━━━━━━━━━┩
│ gf180mcu_fd_sc_mcu7t5v0__and2                                  │ 513         │
│ gf180mcu_fd_sc_mcu7t5v0__and3                                  │ 88          │
│ gf180mcu_fd_sc_mcu7t5v0__and4                                  │ 34          │
│ gf180mcu_fd_sc_mcu7t5v0__aoi21                                 │ 1184        │
│ gf180mcu_fd_sc_mcu7t5v0__aoi211                                │ 134         │
│ gf180mcu_fd_sc_mcu7t5v0__aoi22                                 │ 579         │
│ gf180mcu_fd_sc_mcu7t5v0__aoi221                                │ 621         │
│ gf180mcu_fd_sc_mcu7t5v0__aoi222                                │ 38          │
│ gf180mcu_fd_sc_mcu7t5v0__buf                                   │ 2493        │
│ gf180mcu_fd_sc_mcu7t5v0__clkbuf                                │ 2051        │
│ gf180mcu_fd_sc_mcu7t5v0__clkinv                                │ 1087        │
│ gf180mcu_fd_sc_mcu7t5v0__dffq                                  │ 38          │
│ gf180mcu_fd_sc_mcu7t5v0__dffrnq                                │ 1249        │
│ gf180mcu_fd_sc_mcu7t5v0__dffsnq                                │ 4           │
│ gf180mcu_fd_sc_mcu7t5v0__dlyb                                  │ 239         │
│ gf180mcu_fd_sc_mcu7t5v0__fill                                  │ 19887       │
│ gf180mcu_fd_sc_mcu7t5v0__fillcap                               │ 20959       │
│ gf180mcu_fd_sc_mcu7t5v0__inv                                   │ 45          │
│ gf180mcu_fd_sc_mcu7t5v0__mux2                                  │ 638         │
│ gf180mcu_fd_sc_mcu7t5v0__mux4                                  │ 18          │
│ gf180mcu_fd_sc_mcu7t5v0__nand2                                 │ 4383        │
│ gf180mcu_fd_sc_mcu7t5v0__nand3                                 │ 393         │
│ gf180mcu_fd_sc_mcu7t5v0__nand4                                 │ 74          │
│ gf180mcu_fd_sc_mcu7t5v0__nor2                                  │ 1957        │
│ gf180mcu_fd_sc_mcu7t5v0__nor3                                  │ 185         │
│ gf180mcu_fd_sc_mcu7t5v0__nor4                                  │ 72          │
│ gf180mcu_fd_sc_mcu7t5v0__oai21                                 │ 1440        │
│ gf180mcu_fd_sc_mcu7t5v0__oai211                                │ 398         │
│ gf180mcu_fd_sc_mcu7t5v0__oai22                                 │ 284         │
│ gf180mcu_fd_sc_mcu7t5v0__oai221                                │ 98          │
│ gf180mcu_fd_sc_mcu7t5v0__oai222                                │ 37          │
│ gf180mcu_fd_sc_mcu7t5v0__oai31                                 │ 335         │
│ gf180mcu_fd_sc_mcu7t5v0__oai32                                 │ 39          │
│ gf180mcu_fd_sc_mcu7t5v0__oai33                                 │ 6           │
│ gf180mcu_fd_sc_mcu7t5v0__or2                                   │ 349         │
│ gf180mcu_fd_sc_mcu7t5v0__or3                                   │ 54          │
│ gf180mcu_fd_sc_mcu7t5v0__or4                                   │ 7           │
│ gf180mcu_fd_sc_mcu7t5v0__xnor2                                 │ 823         │
│ gf180mcu_fd_sc_mcu7t5v0__xnor3                                 │ 106         │
│ gf180mcu_fd_sc_mcu7t5v0__xor2                                  │ 1535        │
│ gf180mcu_fd_sc_mcu7t5v0__xor3                                  │ 138         │
└────────────────────────────────────────────────────────────────┴─────────────┘
                                  Cells by SCL                                  
┏━━━━━━━━━━━━━━━━━━━━━━━━━━━━━━━━━━━━━━━━━━━━━━━━━━━━━━━━━━━━━┳━━━━━━━━━━━━━━━━┓
┃ SCL                                                         ┃ Count          ┃
┡━━━━━━━━━━━━━━━━━━━━━━━━━━━━━━━━━━━━━━━━━━━━━━━━━━━━━━━━━━━━━╇━━━━━━━━━━━━━━━━┩
│ gf180mcu_fd_sc_mcu7t5v0                                     │ 64612          │
└─────────────────────────────────────────────────────────────┴────────────────┘
                             Buffers by Cell Master                             
┏━━━━━━━━━━━━━━━━━━━━━━━━━━━━━━━━━━━━━━━━━━━━━━━━━━━━━━━━━━━━━━━━━┳━━━━━━━━━━━━┓
┃ Buffer                                                          ┃ Count      ┃
┡━━━━━━━━━━━━━━━━━━━━━━━━━━━━━━━━━━━━━━━━━━━━━━━━━━━━━━━━━━━━━━━━━╇━━━━━━━━━━━━┩
│ gf180mcu_fd_sc_mcu7t5v0__buf_1                                  │ 491        │
│ gf180mcu_fd_sc_mcu7t5v0__buf_12                                 │ 3          │
│ gf180mcu_fd_sc_mcu7t5v0__buf_2                                  │ 1683       │
│ gf180mcu_fd_sc_mcu7t5v0__buf_20                                 │ 1          │
│ gf180mcu_fd_sc_mcu7t5v0__buf_3                                  │ 92         │
│ gf180mcu_fd_sc_mcu7t5v0__buf_4                                  │ 174        │
│ gf180mcu_fd_sc_mcu7t5v0__buf_8                                  │ 49         │
│ gf180mcu_fd_sc_mcu7t5v0__clkbuf_1                               │ 1171       │
│ gf180mcu_fd_sc_mcu7t5v0__clkbuf_12                              │ 2          │
│ gf180mcu_fd_sc_mcu7t5v0__clkbuf_16                              │ 9          │
│ gf180mcu_fd_sc_mcu7t5v0__clkbuf_2                               │ 580        │
│ gf180mcu_fd_sc_mcu7t5v0__clkbuf_4                               │ 154        │
│ gf180mcu_fd_sc_mcu7t5v0__clkbuf_8                               │ 135        │
│ gf180mcu_fd_sc_mcu7t5v0__dlyb_1                                 │ 239        │
└─────────────────────────────────────────────────────────────────┴────────────┘
