OpenROAD 26Q3-771-g7cfb2105c9 
Features included (+) or not (-): +GPU +GUI +Python
This program is licensed under the BSD-3 license. See the LICENSE file for details.
Components of this program may be licensed under more restrictive licenses which must be honored.
[INFO ORD-0030] Using 28 thread(s).
read_liberty /mnt/c/Users/balir/ChipathonTest/OpenROAD-flow-scripts/flow/platforms/gf180/lib/gf180mcu_fd_sc_mcu9t5v0__ff_n40C_5v50.lib.gz
[INFO ODB-0388] unsupported LEF58_EOLENCLOSURE property for layer Via1 :"
  	EOLENCLOSURE 0.34 0.06 ;"
[INFO ODB-0388] unsupported LEF58_EOLENCLOSURE property for layer Via2 :" EOLENCLOSURE 0.34 0.06 ; "
[INFO ODB-0388] unsupported LEF58_EOLENCLOSURE property for layer Via3 :" EOLENCLOSURE 0.34 0.06 ; "
[INFO ODB-0388] unsupported LEF58_EOLENCLOSURE property for layer Via4 :" EOLENCLOSURE 0.34 0.06 ; "
[INFO ODB-0227] LEF file: /mnt/c/Users/balir/ChipathonTest/OpenROAD-flow-scripts/flow/platforms/gf180/lef/gf180mcu_5LM_1TM_9K_9t_tech.lef, created 13 layers, 60 vias
[INFO ODB-0227] LEF file: /mnt/c/Users/balir/ChipathonTest/OpenROAD-flow-scripts/flow/platforms/gf180/lef/gf180mcu_5LM_1TM_9K_9t_sc.lef, created 229 library cells
link_design integration_final
read_sdc ./results/gf180/integration_final/base/1_2_yosys.sdc
source /mnt/c/Users/balir/ChipathonTest/OpenROAD-flow-scripts/flow/platforms/gf180/setRC.tcl
eliminate_dead_logic
Removed 0 unused instances and 0 unused nets.
Design area 726754 um^2 100% utilization.
write_db ./results/gf180/integration_final/base/1_synth.odb
write_sdc -no_timestamp ./results/gf180/integration_final/base/1_synth.sdc
Elapsed time: 0:03.56[h:]min:sec. CPU time: user 1.08 sys 0.29 (38%). Peak memory: 273464KB.
Log                       Ext     Elapsed/s Peak Memory/MB sha1sum result [0:20)
1_synth                   .v              3            267 da39a3ee5e6b4b0d3255
1_synth                   .odb                             03abcf89a0ec9d0ef316
1_synth                   .sdc                             9ab537d731bd6dec3a6a
