OpenROAD 26Q3-771-g7cfb2105c9 
Features included (+) or not (-): +GPU +GUI +Python
This program is licensed under the BSD-3 license. See the LICENSE file for details.
Components of this program may be licensed under more restrictive licenses which must be honored.
[INFO ORD-0030] Using 28 thread(s).
read_liberty /mnt/c/Users/balir/ChipathonTest/OpenROAD-flow-scripts/flow/platforms/gf180/lib/gf180mcu_fd_sc_mcu9t5v0__ff_n40C_5v50.lib.gz
read_db ./results/gf180/integration_final/base/1_synth.odb
read_sdc ./results/gf180/integration_final/base/1_synth.sdc
source /mnt/c/Users/balir/ChipathonTest/OpenROAD-flow-scripts/flow/platforms/gf180/setRC.tcl

==========================================================================
Floorplan check_setup
--------------------------------------------------------------------------
number instances in verilog is 32501
[INFO IFP-0107] Defining die area using utilization: 45.00% and aspect ratio: 1.
[WARNING IFP-0028] Core area lower left (1.000, 1.000) snapped to (1.120, 5.040).
[INFO IFP-0001] Added 251 rows of 2269 site GF018hv5v_green_sc9.
[INFO IFP-0100] Die BBox:  (  0.000  0.000 ) ( 1272.830 1272.830 ) um
[INFO IFP-0101] Core BBox: (  1.120  5.040 ) ( 1271.760 1270.080 ) um
[INFO IFP-0102] Core area:                      1607410.426 um^2
[INFO IFP-0103] Total instances area:            726753.888 um^2
[INFO IFP-0104] Effective utilization:                0.452
[INFO IFP-0105] Number of instances:                  32501
source /mnt/c/Users/balir/ChipathonTest/OpenROAD-flow-scripts/flow/platforms/gf180/fastroute.tcl
Repair tie lo fanout...
[INFO RSZ-0042] Inserted 137 tie gf180mcu_fd_sc_mcu9t5v0__tiel instances.
Repair tie hi fanout...
[INFO RSZ-0042] Inserted 8 tie gf180mcu_fd_sc_mcu9t5v0__tieh instances.
repair_timing -setup_margin 0 -hold_margin 0 -repair_tns 100 -setup -skip_last_gasp -sequence unbuffer,sizeup,swap,vt_swap -verbose
[WARNING EST-0027] no estimated parasitics. Using wire load models.
[INFO RSZ-0100] Repair move sequence: UnbufferMove SizeUpMove SwapPinsMove 
[INFO RSZ-0094] Found 387 endpoints with setup violations.
[INFO RSZ-0099] Repairing 387 out of 387 (100.00%) violating endpoints...
   Iter   | Removed | Resized | Inserted | Cloned |  Pin  |   Area   |    WNS   |   StTNS    |   EnTNS    |  Viol  |  Worst  
          | Buffers |  Gates  | Buffers  |  Gates | Swaps |          |          |            |            | Endpts | St/EnPt 
------------------------------------------------------------------------------------------------------------------------------
       0* |       0 |       0 |        0 |      0 |     0 |    +0.0% |   -8.651 |      -25.9 |    -3348.0 |    387 | integration_inst.mac_grid_inst.ROW_LOOP\[0\].COL_LOOP\[0\].mac_inst._2706_/RN
      10* |       0 |       8 |        0 |      0 |     1 |    +0.0% |   -1.764 |       -5.2 |     -682.8 |    387 | integration_inst.mac_grid_inst.ROW_LOOP\[0\].COL_LOOP\[0\].mac_inst._2706_/RN
      17* |       0 |      15 |        0 |      0 |     1 |    +0.0% |    9.678 |        0.0 |        0.0 |    387 | integration_inst.reg_bank_inst._21748_/D
      18* |       0 |      15 |        0 |      0 |     1 |    +0.0% |    9.678 |        0.0 |        0.0 |    387 | integration_inst.reg_bank_inst._21748_/D
      19* |       0 |      15 |        0 |      0 |     1 |    +0.0% |    9.678 |        0.0 |        0.0 |    387 | integration_inst.reg_bank_inst._21748_/D
      20* |       0 |      15 |        0 |      0 |     1 |    +0.0% |    9.678 |        0.0 |        0.0 |    387 | integration_inst.reg_bank_inst._21748_/D
      20* |       0 |      15 |        0 |      0 |     1 |    +0.0% |    9.678 |        0.0 |        0.0 |    387 | integration_inst.reg_bank_inst._21748_/D
      21* |       0 |      15 |        0 |      0 |     1 |    +0.0% |    9.678 |        0.0 |        0.0 |    387 | integration_inst.reg_bank_inst._21748_/D
      22* |       0 |      15 |        0 |      0 |     1 |    +0.0% |    9.678 |        0.0 |        0.0 |    387 | integration_inst.reg_bank_inst._21748_/D
      23* |       0 |      15 |        0 |      0 |     1 |    +0.0% |    9.678 |        0.0 |        0.0 |    387 | integration_inst.reg_bank_inst._21748_/D
      24* |       0 |      15 |        0 |      0 |     1 |    +0.0% |    9.678 |        0.0 |        0.0 |    387 | integration_inst.reg_bank_inst._21748_/D
      25* |       0 |      15 |        0 |      0 |     1 |    +0.0% |    9.678 |        0.0 |        0.0 |    387 | integration_inst.reg_bank_inst._21748_/D
      26* |       0 |      15 |        0 |      0 |     1 |    +0.0% |    9.678 |        0.0 |        0.0 |    387 | integration_inst.reg_bank_inst._21748_/D
      27* |       0 |      15 |        0 |      0 |     1 |    +0.0% |    9.678 |        0.0 |        0.0 |    387 | integration_inst.reg_bank_inst._21748_/D
      28* |       0 |      15 |        0 |      0 |     1 |    +0.0% |    9.678 |        0.0 |        0.0 |    387 | integration_inst.reg_bank_inst._21748_/D
      29* |       0 |      15 |        0 |      0 |     1 |    +0.0% |    9.678 |        0.0 |        0.0 |    387 | integration_inst.reg_bank_inst._21748_/D
      30* |       0 |      15 |        0 |      0 |     1 |    +0.0% |    9.678 |        0.0 |        0.0 |    387 | integration_inst.reg_bank_inst._21748_/D
      30* |       0 |      15 |        0 |      0 |     1 |    +0.0% |    9.678 |        0.0 |        0.0 |    387 | integration_inst.reg_bank_inst._21748_/D
      31* |       0 |      15 |        0 |      0 |     1 |    +0.0% |    9.678 |        0.0 |        0.0 |    387 | integration_inst.reg_bank_inst._21748_/D
      32* |       0 |      15 |        0 |      0 |     1 |    +0.0% |    9.678 |        0.0 |        0.0 |    387 | integration_inst.reg_bank_inst._21748_/D
      33* |       0 |      15 |        0 |      0 |     1 |    +0.0% |    9.678 |        0.0 |        0.0 |    387 | integration_inst.reg_bank_inst._21748_/D
      34* |       0 |      15 |        0 |      0 |     1 |    +0.0% |    9.678 |        0.0 |        0.0 |    387 | integration_inst.reg_bank_inst._21748_/D
      35* |       0 |      15 |        0 |      0 |     1 |    +0.0% |    9.678 |        0.0 |        0.0 |    387 | integration_inst.reg_bank_inst._21748_/D
      36* |       0 |      15 |        0 |      0 |     1 |    +0.0% |    9.678 |        0.0 |        0.0 |    387 | integration_inst.reg_bank_inst._21748_/D
      37* |       0 |      15 |        0 |      0 |     1 |    +0.0% |    9.678 |        0.0 |        0.0 |    387 | integration_inst.reg_bank_inst._21748_/D
      38* |       0 |      15 |        0 |      0 |     1 |    +0.0% |    9.678 |        0.0 |        0.0 |    387 | integration_inst.reg_bank_inst._21748_/D
      39* |       0 |      15 |        0 |      0 |     1 |    +0.0% |    9.678 |        0.0 |        0.0 |    387 | integration_inst.reg_bank_inst._21748_/D
      40* |       0 |      15 |        0 |      0 |     1 |    +0.0% |    9.678 |        0.0 |        0.0 |    387 | integration_inst.reg_bank_inst._21748_/D
      40* |       0 |      15 |        0 |      0 |     1 |    +0.0% |    9.678 |        0.0 |        0.0 |    387 | integration_inst.reg_bank_inst._21748_/D
      41* |       0 |      15 |        0 |      0 |     1 |    +0.0% |    9.678 |        0.0 |        0.0 |    387 | integration_inst.reg_bank_inst._21748_/D
      42* |       0 |      15 |        0 |      0 |     1 |    +0.0% |    9.678 |        0.0 |        0.0 |    387 | integration_inst.reg_bank_inst._21748_/D
      43* |       0 |      15 |        0 |      0 |     1 |    +0.0% |    9.678 |        0.0 |        0.0 |    387 | integration_inst.reg_bank_inst._21748_/D
      44* |       0 |      15 |        0 |      0 |     1 |    +0.0% |    9.678 |        0.0 |        0.0 |    387 | integration_inst.reg_bank_inst._21748_/D
      45* |       0 |      15 |        0 |      0 |     1 |    +0.0% |    9.678 |        0.0 |        0.0 |    387 | integration_inst.reg_bank_inst._21748_/D
      46* |       0 |      15 |        0 |      0 |     1 |    +0.0% |    9.678 |        0.0 |        0.0 |    387 | integration_inst.reg_bank_inst._21748_/D
      47* |       0 |      15 |        0 |      0 |     1 |    +0.0% |    9.678 |        0.0 |        0.0 |    387 | integration_inst.reg_bank_inst._21748_/D
      48* |       0 |      15 |        0 |      0 |     1 |    +0.0% |    9.678 |        0.0 |        0.0 |    387 | integration_inst.reg_bank_inst._21748_/D
      49* |       0 |      15 |        0 |      0 |     1 |    +0.0% |    9.678 |        0.0 |        0.0 |    387 | integration_inst.reg_bank_inst._21748_/D
      50* |       0 |      15 |        0 |      0 |     1 |    +0.0% |    9.678 |        0.0 |        0.0 |    387 | integration_inst.reg_bank_inst._21748_/D
      50* |       0 |      15 |        0 |      0 |     1 |    +0.0% |    9.678 |        0.0 |        0.0 |    387 | integration_inst.reg_bank_inst._21748_/D
      51* |       0 |      15 |        0 |      0 |     1 |    +0.0% |    9.678 |        0.0 |        0.0 |    387 | integration_inst.reg_bank_inst._21748_/D
      52* |       0 |      15 |        0 |      0 |     1 |    +0.0% |    9.678 |        0.0 |        0.0 |    387 | integration_inst.reg_bank_inst._21748_/D
      53* |       0 |      15 |        0 |      0 |     1 |    +0.0% |    9.678 |        0.0 |        0.0 |    387 | integration_inst.reg_bank_inst._21748_/D
      54* |       0 |      15 |        0 |      0 |     1 |    +0.0% |    9.678 |        0.0 |        0.0 |    387 | integration_inst.reg_bank_inst._21748_/D
      55* |       0 |      15 |        0 |      0 |     1 |    +0.0% |    9.678 |        0.0 |        0.0 |    387 | integration_inst.reg_bank_inst._21748_/D
      56* |       0 |      15 |        0 |      0 |     1 |    +0.0% |    9.678 |        0.0 |        0.0 |    387 | integration_inst.reg_bank_inst._21748_/D
      57* |       0 |      15 |        0 |      0 |     1 |    +0.0% |    9.678 |        0.0 |        0.0 |    387 | integration_inst.reg_bank_inst._21748_/D
      58* |       0 |      15 |        0 |      0 |     1 |    +0.0% |    9.678 |        0.0 |        0.0 |    387 | integration_inst.reg_bank_inst._21748_/D
      59* |       0 |      15 |        0 |      0 |     1 |    +0.0% |    9.678 |        0.0 |        0.0 |    387 | integration_inst.reg_bank_inst._21748_/D
      60* |       0 |      15 |        0 |      0 |     1 |    +0.0% |    9.678 |        0.0 |        0.0 |    387 | integration_inst.reg_bank_inst._21748_/D
      60* |       0 |      15 |        0 |      0 |     1 |    +0.0% |    9.678 |        0.0 |        0.0 |    387 | integration_inst.reg_bank_inst._21748_/D
      61* |       0 |      15 |        0 |      0 |     1 |    +0.0% |    9.678 |        0.0 |        0.0 |    387 | integration_inst.reg_bank_inst._21748_/D
      62* |       0 |      15 |        0 |      0 |     1 |    +0.0% |    9.678 |        0.0 |        0.0 |    387 | integration_inst.reg_bank_inst._21748_/D
      63* |       0 |      15 |        0 |      0 |     1 |    +0.0% |    9.678 |        0.0 |        0.0 |    387 | integration_inst.reg_bank_inst._21748_/D
      64* |       0 |      15 |        0 |      0 |     1 |    +0.0% |    9.678 |        0.0 |        0.0 |    387 | integration_inst.reg_bank_inst._21748_/D
      65* |       0 |      15 |        0 |      0 |     1 |    +0.0% |    9.678 |        0.0 |        0.0 |    387 | integration_inst.reg_bank_inst._21748_/D
      66* |       0 |      15 |        0 |      0 |     1 |    +0.0% |    9.678 |        0.0 |        0.0 |    387 | integration_inst.reg_bank_inst._21748_/D
      67* |       0 |      15 |        0 |      0 |     1 |    +0.0% |    9.678 |        0.0 |        0.0 |    387 | integration_inst.reg_bank_inst._21748_/D
      68* |       0 |      15 |        0 |      0 |     1 |    +0.0% |    9.678 |        0.0 |        0.0 |    387 | integration_inst.reg_bank_inst._21748_/D
      69* |       0 |      15 |        0 |      0 |     1 |    +0.0% |    9.678 |        0.0 |        0.0 |    387 | integration_inst.reg_bank_inst._21748_/D
      70* |       0 |      15 |        0 |      0 |     1 |    +0.0% |    9.678 |        0.0 |        0.0 |    387 | integration_inst.reg_bank_inst._21748_/D
      70* |       0 |      15 |        0 |      0 |     1 |    +0.0% |    9.678 |        0.0 |        0.0 |    387 | integration_inst.reg_bank_inst._21748_/D
      71* |       0 |      15 |        0 |      0 |     1 |    +0.0% |    9.678 |        0.0 |        0.0 |    387 | integration_inst.reg_bank_inst._21748_/D
      72* |       0 |      15 |        0 |      0 |     1 |    +0.0% |    9.678 |        0.0 |        0.0 |    387 | integration_inst.reg_bank_inst._21748_/D
      73* |       0 |      15 |        0 |      0 |     1 |    +0.0% |    9.678 |        0.0 |        0.0 |    387 | integration_inst.reg_bank_inst._21748_/D
      74* |       0 |      15 |        0 |      0 |     1 |    +0.0% |    9.678 |        0.0 |        0.0 |    387 | integration_inst.reg_bank_inst._21748_/D
      75* |       0 |      15 |        0 |      0 |     1 |    +0.0% |    9.678 |        0.0 |        0.0 |    387 | integration_inst.reg_bank_inst._21748_/D
      76* |       0 |      15 |        0 |      0 |     1 |    +0.0% |    9.678 |        0.0 |        0.0 |    387 | integration_inst.reg_bank_inst._21748_/D
      77* |       0 |      15 |        0 |      0 |     1 |    +0.0% |    9.678 |        0.0 |        0.0 |    387 | integration_inst.reg_bank_inst._21748_/D
      78* |       0 |      15 |        0 |      0 |     1 |    +0.0% |    9.678 |        0.0 |        0.0 |    387 | integration_inst.reg_bank_inst._21748_/D
      79* |       0 |      15 |        0 |      0 |     1 |    +0.0% |    9.678 |        0.0 |        0.0 |    387 | integration_inst.reg_bank_inst._21748_/D
      80* |       0 |      15 |        0 |      0 |     1 |    +0.0% |    9.678 |        0.0 |        0.0 |    387 | integration_inst.reg_bank_inst._21748_/D
      80* |       0 |      15 |        0 |      0 |     1 |    +0.0% |    9.678 |        0.0 |        0.0 |    387 | integration_inst.reg_bank_inst._21748_/D
      81* |       0 |      15 |        0 |      0 |     1 |    +0.0% |    9.678 |        0.0 |        0.0 |    387 | integration_inst.reg_bank_inst._21748_/D
      82* |       0 |      15 |        0 |      0 |     1 |    +0.0% |    9.678 |        0.0 |        0.0 |    387 | integration_inst.reg_bank_inst._21748_/D
      83* |       0 |      15 |        0 |      0 |     1 |    +0.0% |    9.678 |        0.0 |        0.0 |    387 | integration_inst.reg_bank_inst._21748_/D
      84* |       0 |      15 |        0 |      0 |     1 |    +0.0% |    9.678 |        0.0 |        0.0 |    387 | integration_inst.reg_bank_inst._21748_/D
      85* |       0 |      15 |        0 |      0 |     1 |    +0.0% |    9.678 |        0.0 |        0.0 |    387 | integration_inst.reg_bank_inst._21748_/D
      86* |       0 |      15 |        0 |      0 |     1 |    +0.0% |    9.678 |        0.0 |        0.0 |    387 | integration_inst.reg_bank_inst._21748_/D
      87* |       0 |      15 |        0 |      0 |     1 |    +0.0% |    9.678 |        0.0 |        0.0 |    387 | integration_inst.reg_bank_inst._21748_/D
      88* |       0 |      15 |        0 |      0 |     1 |    +0.0% |    9.678 |        0.0 |        0.0 |    387 | integration_inst.reg_bank_inst._21748_/D
      89* |       0 |      15 |        0 |      0 |     1 |    +0.0% |    9.678 |        0.0 |        0.0 |    387 | integration_inst.reg_bank_inst._21748_/D
      90* |       0 |      15 |        0 |      0 |     1 |    +0.0% |    9.678 |        0.0 |        0.0 |    387 | integration_inst.reg_bank_inst._21748_/D
      90* |       0 |      15 |        0 |      0 |     1 |    +0.0% |    9.678 |        0.0 |        0.0 |    387 | integration_inst.reg_bank_inst._21748_/D
      91* |       0 |      15 |        0 |      0 |     1 |    +0.0% |    9.678 |        0.0 |        0.0 |    387 | integration_inst.reg_bank_inst._21748_/D
      92* |       0 |      15 |        0 |      0 |     1 |    +0.0% |    9.678 |        0.0 |        0.0 |    387 | integration_inst.reg_bank_inst._21748_/D
      93* |       0 |      15 |        0 |      0 |     1 |    +0.0% |    9.678 |        0.0 |        0.0 |    387 | integration_inst.reg_bank_inst._21748_/D
      94* |       0 |      15 |        0 |      0 |     1 |    +0.0% |    9.678 |        0.0 |        0.0 |    387 | integration_inst.reg_bank_inst._21748_/D
      95* |       0 |      15 |        0 |      0 |     1 |    +0.0% |    9.678 |        0.0 |        0.0 |    387 | integration_inst.reg_bank_inst._21748_/D
      96* |       0 |      15 |        0 |      0 |     1 |    +0.0% |    9.678 |        0.0 |        0.0 |    387 | integration_inst.reg_bank_inst._21748_/D
      97* |       0 |      15 |        0 |      0 |     1 |    +0.0% |    9.678 |        0.0 |        0.0 |    387 | integration_inst.reg_bank_inst._21748_/D
      98* |       0 |      15 |        0 |      0 |     1 |    +0.0% |    9.678 |        0.0 |        0.0 |    387 | integration_inst.reg_bank_inst._21748_/D
      99* |       0 |      15 |        0 |      0 |     1 |    +0.0% |    9.678 |        0.0 |        0.0 |    387 | integration_inst.reg_bank_inst._21748_/D
     100* |       0 |      15 |        0 |      0 |     1 |    +0.0% |    9.678 |        0.0 |        0.0 |    387 | integration_inst.reg_bank_inst._21748_/D
     100* |       0 |      15 |        0 |      0 |     1 |    +0.0% |    9.678 |        0.0 |        0.0 |    387 | integration_inst.reg_bank_inst._21748_/D
     101* |       0 |      15 |        0 |      0 |     1 |    +0.0% |    9.678 |        0.0 |        0.0 |    387 | integration_inst.reg_bank_inst._21748_/D
     102* |       0 |      15 |        0 |      0 |     1 |    +0.0% |    9.678 |        0.0 |        0.0 |    387 | integration_inst.reg_bank_inst._21748_/D
     103* |       0 |      15 |        0 |      0 |     1 |    +0.0% |    9.678 |        0.0 |        0.0 |    387 | integration_inst.reg_bank_inst._21748_/D
     104* |       0 |      15 |        0 |      0 |     1 |    +0.0% |    9.678 |        0.0 |        0.0 |    387 | integration_inst.reg_bank_inst._21748_/D
     105* |       0 |      15 |        0 |      0 |     1 |    +0.0% |    9.678 |        0.0 |        0.0 |    387 | integration_inst.reg_bank_inst._21748_/D
     106* |       0 |      15 |        0 |      0 |     1 |    +0.0% |    9.678 |        0.0 |        0.0 |    387 | integration_inst.reg_bank_inst._21748_/D
     107* |       0 |      15 |        0 |      0 |     1 |    +0.0% |    9.678 |        0.0 |        0.0 |    387 | integration_inst.reg_bank_inst._21748_/D
     108* |       0 |      15 |        0 |      0 |     1 |    +0.0% |    9.678 |        0.0 |        0.0 |    387 | integration_inst.reg_bank_inst._21748_/D
     109* |       0 |      15 |        0 |      0 |     1 |    +0.0% |    9.678 |        0.0 |        0.0 |    387 | integration_inst.reg_bank_inst._21748_/D
     110* |       0 |      15 |        0 |      0 |     1 |    +0.0% |    9.678 |        0.0 |        0.0 |    387 | integration_inst.reg_bank_inst._21748_/D
     110* |       0 |      15 |        0 |      0 |     1 |    +0.0% |    9.678 |        0.0 |        0.0 |    387 | integration_inst.reg_bank_inst._21748_/D
     111* |       0 |      15 |        0 |      0 |     1 |    +0.0% |    9.678 |        0.0 |        0.0 |    387 | integration_inst.reg_bank_inst._21748_/D
     112* |       0 |      15 |        0 |      0 |     1 |    +0.0% |    9.678 |        0.0 |        0.0 |    387 | integration_inst.reg_bank_inst._21748_/D
     113* |       0 |      15 |        0 |      0 |     1 |    +0.0% |    9.678 |        0.0 |        0.0 |    387 | integration_inst.reg_bank_inst._21748_/D
     114* |       0 |      15 |        0 |      0 |     1 |    +0.0% |    9.678 |        0.0 |        0.0 |    387 | integration_inst.reg_bank_inst._21748_/D
     115* |       0 |      15 |        0 |      0 |     1 |    +0.0% |    9.678 |        0.0 |        0.0 |    387 | integration_inst.reg_bank_inst._21748_/D
     116* |       0 |      15 |        0 |      0 |     1 |    +0.0% |    9.678 |        0.0 |        0.0 |    387 | integration_inst.reg_bank_inst._21748_/D
     117* |       0 |      15 |        0 |      0 |     1 |    +0.0% |    9.678 |        0.0 |        0.0 |    387 | integration_inst.reg_bank_inst._21748_/D
     118* |       0 |      15 |        0 |      0 |     1 |    +0.0% |    9.678 |        0.0 |        0.0 |    387 | integration_inst.reg_bank_inst._21748_/D
     119* |       0 |      15 |        0 |      0 |     1 |    +0.0% |    9.678 |        0.0 |        0.0 |    387 | integration_inst.reg_bank_inst._21748_/D
     120* |       0 |      15 |        0 |      0 |     1 |    +0.0% |    9.678 |        0.0 |        0.0 |    387 | integration_inst.reg_bank_inst._21748_/D
     120* |       0 |      15 |        0 |      0 |     1 |    +0.0% |    9.678 |        0.0 |        0.0 |    387 | integration_inst.reg_bank_inst._21748_/D
     121* |       0 |      15 |        0 |      0 |     1 |    +0.0% |    9.678 |        0.0 |        0.0 |    387 | integration_inst.reg_bank_inst._21748_/D
     122* |       0 |      15 |        0 |      0 |     1 |    +0.0% |    9.678 |        0.0 |        0.0 |    387 | integration_inst.reg_bank_inst._21748_/D
     123* |       0 |      15 |        0 |      0 |     1 |    +0.0% |    9.678 |        0.0 |        0.0 |    387 | integration_inst.reg_bank_inst._21748_/D
     124* |       0 |      15 |        0 |      0 |     1 |    +0.0% |    9.678 |        0.0 |        0.0 |    387 | integration_inst.reg_bank_inst._21748_/D
     125* |       0 |      15 |        0 |      0 |     1 |    +0.0% |    9.678 |        0.0 |        0.0 |    387 | integration_inst.reg_bank_inst._21748_/D
     126* |       0 |      15 |        0 |      0 |     1 |    +0.0% |    9.678 |        0.0 |        0.0 |    387 | integration_inst.reg_bank_inst._21748_/D
     127* |       0 |      15 |        0 |      0 |     1 |    +0.0% |    9.678 |        0.0 |        0.0 |    387 | integration_inst.reg_bank_inst._21748_/D
     128* |       0 |      15 |        0 |      0 |     1 |    +0.0% |    9.678 |        0.0 |        0.0 |    387 | integration_inst.reg_bank_inst._21748_/D
     129* |       0 |      15 |        0 |      0 |     1 |    +0.0% |    9.678 |        0.0 |        0.0 |    387 | integration_inst.reg_bank_inst._21748_/D
     130* |       0 |      15 |        0 |      0 |     1 |    +0.0% |    9.678 |        0.0 |        0.0 |    387 | integration_inst.reg_bank_inst._21748_/D
     130* |       0 |      15 |        0 |      0 |     1 |    +0.0% |    9.678 |        0.0 |        0.0 |    387 | integration_inst.reg_bank_inst._21748_/D
     131* |       0 |      15 |        0 |      0 |     1 |    +0.0% |    9.678 |        0.0 |        0.0 |    387 | integration_inst.reg_bank_inst._21748_/D
     132* |       0 |      15 |        0 |      0 |     1 |    +0.0% |    9.678 |        0.0 |        0.0 |    387 | integration_inst.reg_bank_inst._21748_/D
     133* |       0 |      15 |        0 |      0 |     1 |    +0.0% |    9.678 |        0.0 |        0.0 |    387 | integration_inst.reg_bank_inst._21748_/D
     134* |       0 |      15 |        0 |      0 |     1 |    +0.0% |    9.678 |        0.0 |        0.0 |    387 | integration_inst.reg_bank_inst._21748_/D
     135* |       0 |      15 |        0 |      0 |     1 |    +0.0% |    9.678 |        0.0 |        0.0 |    387 | integration_inst.reg_bank_inst._21748_/D
     136* |       0 |      15 |        0 |      0 |     1 |    +0.0% |    9.678 |        0.0 |        0.0 |    387 | integration_inst.reg_bank_inst._21748_/D
     137* |       0 |      15 |        0 |      0 |     1 |    +0.0% |    9.678 |        0.0 |        0.0 |    387 | integration_inst.reg_bank_inst._21748_/D
     138* |       0 |      15 |        0 |      0 |     1 |    +0.0% |    9.678 |        0.0 |        0.0 |    387 | integration_inst.reg_bank_inst._21748_/D
     139* |       0 |      15 |        0 |      0 |     1 |    +0.0% |    9.678 |        0.0 |        0.0 |    387 | integration_inst.reg_bank_inst._21748_/D
     140* |       0 |      15 |        0 |      0 |     1 |    +0.0% |    9.678 |        0.0 |        0.0 |    387 | integration_inst.reg_bank_inst._21748_/D
     140* |       0 |      15 |        0 |      0 |     1 |    +0.0% |    9.678 |        0.0 |        0.0 |    387 | integration_inst.reg_bank_inst._21748_/D
     141* |       0 |      15 |        0 |      0 |     1 |    +0.0% |    9.678 |        0.0 |        0.0 |    387 | integration_inst.reg_bank_inst._21748_/D
     142* |       0 |      15 |        0 |      0 |     1 |    +0.0% |    9.678 |        0.0 |        0.0 |    387 | integration_inst.reg_bank_inst._21748_/D
     143* |       0 |      15 |        0 |      0 |     1 |    +0.0% |    9.678 |        0.0 |        0.0 |    387 | integration_inst.reg_bank_inst._21748_/D
     144* |       0 |      15 |        0 |      0 |     1 |    +0.0% |    9.678 |        0.0 |        0.0 |    387 | integration_inst.reg_bank_inst._21748_/D
     145* |       0 |      15 |        0 |      0 |     1 |    +0.0% |    9.678 |        0.0 |        0.0 |    387 | integration_inst.reg_bank_inst._21748_/D
     146* |       0 |      15 |        0 |      0 |     1 |    +0.0% |    9.678 |        0.0 |        0.0 |    387 | integration_inst.reg_bank_inst._21748_/D
     147* |       0 |      15 |        0 |      0 |     1 |    +0.0% |    9.678 |        0.0 |        0.0 |    387 | integration_inst.reg_bank_inst._21748_/D
     148* |       0 |      15 |        0 |      0 |     1 |    +0.0% |    9.678 |        0.0 |        0.0 |    387 | integration_inst.reg_bank_inst._21748_/D
     149* |       0 |      15 |        0 |      0 |     1 |    +0.0% |    9.678 |        0.0 |        0.0 |    387 | integration_inst.reg_bank_inst._21748_/D
     150* |       0 |      15 |        0 |      0 |     1 |    +0.0% |    9.678 |        0.0 |        0.0 |    387 | integration_inst.reg_bank_inst._21748_/D
     150* |       0 |      15 |        0 |      0 |     1 |    +0.0% |    9.678 |        0.0 |        0.0 |    387 | integration_inst.reg_bank_inst._21748_/D
     151* |       0 |      15 |        0 |      0 |     1 |    +0.0% |    9.678 |        0.0 |        0.0 |    387 | integration_inst.reg_bank_inst._21748_/D
     152* |       0 |      15 |        0 |      0 |     1 |    +0.0% |    9.678 |        0.0 |        0.0 |    387 | integration_inst.reg_bank_inst._21748_/D
     153* |       0 |      15 |        0 |      0 |     1 |    +0.0% |    9.678 |        0.0 |        0.0 |    387 | integration_inst.reg_bank_inst._21748_/D
     154* |       0 |      15 |        0 |      0 |     1 |    +0.0% |    9.678 |        0.0 |        0.0 |    387 | integration_inst.reg_bank_inst._21748_/D
     155* |       0 |      15 |        0 |      0 |     1 |    +0.0% |    9.678 |        0.0 |        0.0 |    387 | integration_inst.reg_bank_inst._21748_/D
     156* |       0 |      15 |        0 |      0 |     1 |    +0.0% |    9.678 |        0.0 |        0.0 |    387 | integration_inst.reg_bank_inst._21748_/D
     157* |       0 |      15 |        0 |      0 |     1 |    +0.0% |    9.678 |        0.0 |        0.0 |    387 | integration_inst.reg_bank_inst._21748_/D
     158* |       0 |      15 |        0 |      0 |     1 |    +0.0% |    9.678 |        0.0 |        0.0 |    387 | integration_inst.reg_bank_inst._21748_/D
     159* |       0 |      15 |        0 |      0 |     1 |    +0.0% |    9.678 |        0.0 |        0.0 |    387 | integration_inst.reg_bank_inst._21748_/D
     160* |       0 |      15 |        0 |      0 |     1 |    +0.0% |    9.678 |        0.0 |        0.0 |    387 | integration_inst.reg_bank_inst._21748_/D
     160* |       0 |      15 |        0 |      0 |     1 |    +0.0% |    9.678 |        0.0 |        0.0 |    387 | integration_inst.reg_bank_inst._21748_/D
     161* |       0 |      15 |        0 |      0 |     1 |    +0.0% |    9.678 |        0.0 |        0.0 |    387 | integration_inst.reg_bank_inst._21748_/D
     162* |       0 |      15 |        0 |      0 |     1 |    +0.0% |    9.678 |        0.0 |        0.0 |    387 | integration_inst.reg_bank_inst._21748_/D
     163* |       0 |      15 |        0 |      0 |     1 |    +0.0% |    9.678 |        0.0 |        0.0 |    387 | integration_inst.reg_bank_inst._21748_/D
     164* |       0 |      15 |        0 |      0 |     1 |    +0.0% |    9.678 |        0.0 |        0.0 |    387 | integration_inst.reg_bank_inst._21748_/D
     165* |       0 |      15 |        0 |      0 |     1 |    +0.0% |    9.678 |        0.0 |        0.0 |    387 | integration_inst.reg_bank_inst._21748_/D
     166* |       0 |      15 |        0 |      0 |     1 |    +0.0% |    9.678 |        0.0 |        0.0 |    387 | integration_inst.reg_bank_inst._21748_/D
     167* |       0 |      15 |        0 |      0 |     1 |    +0.0% |    9.678 |        0.0 |        0.0 |    387 | integration_inst.reg_bank_inst._21748_/D
     168* |       0 |      15 |        0 |      0 |     1 |    +0.0% |    9.678 |        0.0 |        0.0 |    387 | integration_inst.reg_bank_inst._21748_/D
     169* |       0 |      15 |        0 |      0 |     1 |    +0.0% |    9.678 |        0.0 |        0.0 |    387 | integration_inst.reg_bank_inst._21748_/D
     170* |       0 |      15 |        0 |      0 |     1 |    +0.0% |    9.678 |        0.0 |        0.0 |    387 | integration_inst.reg_bank_inst._21748_/D
     170* |       0 |      15 |        0 |      0 |     1 |    +0.0% |    9.678 |        0.0 |        0.0 |    387 | integration_inst.reg_bank_inst._21748_/D
     171* |       0 |      15 |        0 |      0 |     1 |    +0.0% |    9.678 |        0.0 |        0.0 |    387 | integration_inst.reg_bank_inst._21748_/D
     172* |       0 |      15 |        0 |      0 |     1 |    +0.0% |    9.678 |        0.0 |        0.0 |    387 | integration_inst.reg_bank_inst._21748_/D
     173* |       0 |      15 |        0 |      0 |     1 |    +0.0% |    9.678 |        0.0 |        0.0 |    387 | integration_inst.reg_bank_inst._21748_/D
     174* |       0 |      15 |        0 |      0 |     1 |    +0.0% |    9.678 |        0.0 |        0.0 |    387 | integration_inst.reg_bank_inst._21748_/D
     175* |       0 |      15 |        0 |      0 |     1 |    +0.0% |    9.678 |        0.0 |        0.0 |    387 | integration_inst.reg_bank_inst._21748_/D
     176* |       0 |      15 |        0 |      0 |     1 |    +0.0% |    9.678 |        0.0 |        0.0 |    387 | integration_inst.reg_bank_inst._21748_/D
     177* |       0 |      15 |        0 |      0 |     1 |    +0.0% |    9.678 |        0.0 |        0.0 |    387 | integration_inst.reg_bank_inst._21748_/D
     178* |       0 |      15 |        0 |      0 |     1 |    +0.0% |    9.678 |        0.0 |        0.0 |    387 | integration_inst.reg_bank_inst._21748_/D
     179* |       0 |      15 |        0 |      0 |     1 |    +0.0% |    9.678 |        0.0 |        0.0 |    387 | integration_inst.reg_bank_inst._21748_/D
     180* |       0 |      15 |        0 |      0 |     1 |    +0.0% |    9.678 |        0.0 |        0.0 |    387 | integration_inst.reg_bank_inst._21748_/D
     180* |       0 |      15 |        0 |      0 |     1 |    +0.0% |    9.678 |        0.0 |        0.0 |    387 | integration_inst.reg_bank_inst._21748_/D
     181* |       0 |      15 |        0 |      0 |     1 |    +0.0% |    9.678 |        0.0 |        0.0 |    387 | integration_inst.reg_bank_inst._21748_/D
     182* |       0 |      15 |        0 |      0 |     1 |    +0.0% |    9.678 |        0.0 |        0.0 |    387 | integration_inst.reg_bank_inst._21748_/D
     183* |       0 |      15 |        0 |      0 |     1 |    +0.0% |    9.678 |        0.0 |        0.0 |    387 | integration_inst.reg_bank_inst._21748_/D
     184* |       0 |      15 |        0 |      0 |     1 |    +0.0% |    9.678 |        0.0 |        0.0 |    387 | integration_inst.reg_bank_inst._21748_/D
     185* |       0 |      15 |        0 |      0 |     1 |    +0.0% |    9.678 |        0.0 |        0.0 |    387 | integration_inst.reg_bank_inst._21748_/D
     186* |       0 |      15 |        0 |      0 |     1 |    +0.0% |    9.678 |        0.0 |        0.0 |    387 | integration_inst.reg_bank_inst._21748_/D
     187* |       0 |      15 |        0 |      0 |     1 |    +0.0% |    9.678 |        0.0 |        0.0 |    387 | integration_inst.reg_bank_inst._21748_/D
     188* |       0 |      15 |        0 |      0 |     1 |    +0.0% |    9.678 |        0.0 |        0.0 |    387 | integration_inst.reg_bank_inst._21748_/D
     189* |       0 |      15 |        0 |      0 |     1 |    +0.0% |    9.678 |        0.0 |        0.0 |    387 | integration_inst.reg_bank_inst._21748_/D
     190* |       0 |      15 |        0 |      0 |     1 |    +0.0% |    9.678 |        0.0 |        0.0 |    387 | integration_inst.reg_bank_inst._21748_/D
     190* |       0 |      15 |        0 |      0 |     1 |    +0.0% |    9.678 |        0.0 |        0.0 |    387 | integration_inst.reg_bank_inst._21748_/D
     191* |       0 |      15 |        0 |      0 |     1 |    +0.0% |    9.678 |        0.0 |        0.0 |    387 | integration_inst.reg_bank_inst._21748_/D
     192* |       0 |      15 |        0 |      0 |     1 |    +0.0% |    9.678 |        0.0 |        0.0 |    387 | integration_inst.reg_bank_inst._21748_/D
     193* |       0 |      15 |        0 |      0 |     1 |    +0.0% |    9.678 |        0.0 |        0.0 |    387 | integration_inst.reg_bank_inst._21748_/D
     194* |       0 |      15 |        0 |      0 |     1 |    +0.0% |    9.678 |        0.0 |        0.0 |    387 | integration_inst.reg_bank_inst._21748_/D
     195* |       0 |      15 |        0 |      0 |     1 |    +0.0% |    9.678 |        0.0 |        0.0 |    387 | integration_inst.reg_bank_inst._21748_/D
     196* |       0 |      15 |        0 |      0 |     1 |    +0.0% |    9.678 |        0.0 |        0.0 |    387 | integration_inst.reg_bank_inst._21748_/D
     197* |       0 |      15 |        0 |      0 |     1 |    +0.0% |    9.678 |        0.0 |        0.0 |    387 | integration_inst.reg_bank_inst._21748_/D
     198* |       0 |      15 |        0 |      0 |     1 |    +0.0% |    9.678 |        0.0 |        0.0 |    387 | integration_inst.reg_bank_inst._21748_/D
     199* |       0 |      15 |        0 |      0 |     1 |    +0.0% |    9.678 |        0.0 |        0.0 |    387 | integration_inst.reg_bank_inst._21748_/D
     200* |       0 |      15 |        0 |      0 |     1 |    +0.0% |    9.678 |        0.0 |        0.0 |    387 | integration_inst.reg_bank_inst._21748_/D
     200* |       0 |      15 |        0 |      0 |     1 |    +0.0% |    9.678 |        0.0 |        0.0 |    387 | integration_inst.reg_bank_inst._21748_/D
     201* |       0 |      15 |        0 |      0 |     1 |    +0.0% |    9.678 |        0.0 |        0.0 |    387 | integration_inst.reg_bank_inst._21748_/D
     202* |       0 |      15 |        0 |      0 |     1 |    +0.0% |    9.678 |        0.0 |        0.0 |    387 | integration_inst.reg_bank_inst._21748_/D
     203* |       0 |      15 |        0 |      0 |     1 |    +0.0% |    9.678 |        0.0 |        0.0 |    387 | integration_inst.reg_bank_inst._21748_/D
     204* |       0 |      15 |        0 |      0 |     1 |    +0.0% |    9.678 |        0.0 |        0.0 |    387 | integration_inst.reg_bank_inst._21748_/D
     205* |       0 |      15 |        0 |      0 |     1 |    +0.0% |    9.678 |        0.0 |        0.0 |    387 | integration_inst.reg_bank_inst._21748_/D
     206* |       0 |      15 |        0 |      0 |     1 |    +0.0% |    9.678 |        0.0 |        0.0 |    387 | integration_inst.reg_bank_inst._21748_/D
     207* |       0 |      15 |        0 |      0 |     1 |    +0.0% |    9.678 |        0.0 |        0.0 |    387 | integration_inst.reg_bank_inst._21748_/D
     208* |       0 |      15 |        0 |      0 |     1 |    +0.0% |    9.678 |        0.0 |        0.0 |    387 | integration_inst.reg_bank_inst._21748_/D
     209* |       0 |      15 |        0 |      0 |     1 |    +0.0% |    9.678 |        0.0 |        0.0 |    387 | integration_inst.reg_bank_inst._21748_/D
     210* |       0 |      15 |        0 |      0 |     1 |    +0.0% |    9.678 |        0.0 |        0.0 |    387 | integration_inst.reg_bank_inst._21748_/D
     210* |       0 |      15 |        0 |      0 |     1 |    +0.0% |    9.678 |        0.0 |        0.0 |    387 | integration_inst.reg_bank_inst._21748_/D
     211* |       0 |      15 |        0 |      0 |     1 |    +0.0% |    9.678 |        0.0 |        0.0 |    387 | integration_inst.reg_bank_inst._21748_/D
     212* |       0 |      15 |        0 |      0 |     1 |    +0.0% |    9.678 |        0.0 |        0.0 |    387 | integration_inst.reg_bank_inst._21748_/D
     213* |       0 |      15 |        0 |      0 |     1 |    +0.0% |    9.678 |        0.0 |        0.0 |    387 | integration_inst.reg_bank_inst._21748_/D
     214* |       0 |      15 |        0 |      0 |     1 |    +0.0% |    9.678 |        0.0 |        0.0 |    387 | integration_inst.reg_bank_inst._21748_/D
     215* |       0 |      15 |        0 |      0 |     1 |    +0.0% |    9.678 |        0.0 |        0.0 |    387 | integration_inst.reg_bank_inst._21748_/D
     216* |       0 |      15 |        0 |      0 |     1 |    +0.0% |    9.678 |        0.0 |        0.0 |    387 | integration_inst.reg_bank_inst._21748_/D
     217* |       0 |      15 |        0 |      0 |     1 |    +0.0% |    9.678 |        0.0 |        0.0 |    387 | integration_inst.reg_bank_inst._21748_/D
     218* |       0 |      15 |        0 |      0 |     1 |    +0.0% |    9.678 |        0.0 |        0.0 |    387 | integration_inst.reg_bank_inst._21748_/D
     219* |       0 |      15 |        0 |      0 |     1 |    +0.0% |    9.678 |        0.0 |        0.0 |    387 | integration_inst.reg_bank_inst._21748_/D
     220* |       0 |      15 |        0 |      0 |     1 |    +0.0% |    9.678 |        0.0 |        0.0 |    387 | integration_inst.reg_bank_inst._21748_/D
     220* |       0 |      15 |        0 |      0 |     1 |    +0.0% |    9.678 |        0.0 |        0.0 |    387 | integration_inst.reg_bank_inst._21748_/D
     221* |       0 |      15 |        0 |      0 |     1 |    +0.0% |    9.678 |        0.0 |        0.0 |    387 | integration_inst.reg_bank_inst._21748_/D
     222* |       0 |      15 |        0 |      0 |     1 |    +0.0% |    9.678 |        0.0 |        0.0 |    387 | integration_inst.reg_bank_inst._21748_/D
     223* |       0 |      15 |        0 |      0 |     1 |    +0.0% |    9.678 |        0.0 |        0.0 |    387 | integration_inst.reg_bank_inst._21748_/D
     224* |       0 |      15 |        0 |      0 |     1 |    +0.0% |    9.678 |        0.0 |        0.0 |    387 | integration_inst.reg_bank_inst._21748_/D
     225* |       0 |      15 |        0 |      0 |     1 |    +0.0% |    9.678 |        0.0 |        0.0 |    387 | integration_inst.reg_bank_inst._21748_/D
     226* |       0 |      15 |        0 |      0 |     1 |    +0.0% |    9.678 |        0.0 |        0.0 |    387 | integration_inst.reg_bank_inst._21748_/D
     227* |       0 |      15 |        0 |      0 |     1 |    +0.0% |    9.678 |        0.0 |        0.0 |    387 | integration_inst.reg_bank_inst._21748_/D
     228* |       0 |      15 |        0 |      0 |     1 |    +0.0% |    9.678 |        0.0 |        0.0 |    387 | integration_inst.reg_bank_inst._21748_/D
     229* |       0 |      15 |        0 |      0 |     1 |    +0.0% |    9.678 |        0.0 |        0.0 |    387 | integration_inst.reg_bank_inst._21748_/D
     230* |       0 |      15 |        0 |      0 |     1 |    +0.0% |    9.678 |        0.0 |        0.0 |    387 | integration_inst.reg_bank_inst._21748_/D
     230* |       0 |      15 |        0 |      0 |     1 |    +0.0% |    9.678 |        0.0 |        0.0 |    387 | integration_inst.reg_bank_inst._21748_/D
     231* |       0 |      15 |        0 |      0 |     1 |    +0.0% |    9.678 |        0.0 |        0.0 |    387 | integration_inst.reg_bank_inst._21748_/D
     232* |       0 |      15 |        0 |      0 |     1 |    +0.0% |    9.678 |        0.0 |        0.0 |    387 | integration_inst.reg_bank_inst._21748_/D
     233* |       0 |      15 |        0 |      0 |     1 |    +0.0% |    9.678 |        0.0 |        0.0 |    387 | integration_inst.reg_bank_inst._21748_/D
     234* |       0 |      15 |        0 |      0 |     1 |    +0.0% |    9.678 |        0.0 |        0.0 |    387 | integration_inst.reg_bank_inst._21748_/D
     235* |       0 |      15 |        0 |      0 |     1 |    +0.0% |    9.678 |        0.0 |        0.0 |    387 | integration_inst.reg_bank_inst._21748_/D
     236* |       0 |      15 |        0 |      0 |     1 |    +0.0% |    9.678 |        0.0 |        0.0 |    387 | integration_inst.reg_bank_inst._21748_/D
     237* |       0 |      15 |        0 |      0 |     1 |    +0.0% |    9.678 |        0.0 |        0.0 |    387 | integration_inst.reg_bank_inst._21748_/D
     238* |       0 |      15 |        0 |      0 |     1 |    +0.0% |    9.678 |        0.0 |        0.0 |    387 | integration_inst.reg_bank_inst._21748_/D
     239* |       0 |      15 |        0 |      0 |     1 |    +0.0% |    9.678 |        0.0 |        0.0 |    387 | integration_inst.reg_bank_inst._21748_/D
     240* |       0 |      15 |        0 |      0 |     1 |    +0.0% |    9.678 |        0.0 |        0.0 |    387 | integration_inst.reg_bank_inst._21748_/D
     240* |       0 |      15 |        0 |      0 |     1 |    +0.0% |    9.678 |        0.0 |        0.0 |    387 | integration_inst.reg_bank_inst._21748_/D
     241* |       0 |      15 |        0 |      0 |     1 |    +0.0% |    9.678 |        0.0 |        0.0 |    387 | integration_inst.reg_bank_inst._21748_/D
     242* |       0 |      15 |        0 |      0 |     1 |    +0.0% |    9.678 |        0.0 |        0.0 |    387 | integration_inst.reg_bank_inst._21748_/D
     243* |       0 |      15 |        0 |      0 |     1 |    +0.0% |    9.678 |        0.0 |        0.0 |    387 | integration_inst.reg_bank_inst._21748_/D
     244* |       0 |      15 |        0 |      0 |     1 |    +0.0% |    9.678 |        0.0 |        0.0 |    387 | integration_inst.reg_bank_inst._21748_/D
     245* |       0 |      15 |        0 |      0 |     1 |    +0.0% |    9.678 |        0.0 |        0.0 |    387 | integration_inst.reg_bank_inst._21748_/D
     246* |       0 |      15 |        0 |      0 |     1 |    +0.0% |    9.678 |        0.0 |        0.0 |    387 | integration_inst.reg_bank_inst._21748_/D
     247* |       0 |      15 |        0 |      0 |     1 |    +0.0% |    9.678 |        0.0 |        0.0 |    387 | integration_inst.reg_bank_inst._21748_/D
     248* |       0 |      15 |        0 |      0 |     1 |    +0.0% |    9.678 |        0.0 |        0.0 |    387 | integration_inst.reg_bank_inst._21748_/D
     249* |       0 |      15 |        0 |      0 |     1 |    +0.0% |    9.678 |        0.0 |        0.0 |    387 | integration_inst.reg_bank_inst._21748_/D
     250* |       0 |      15 |        0 |      0 |     1 |    +0.0% |    9.678 |        0.0 |        0.0 |    387 | integration_inst.reg_bank_inst._21748_/D
     250* |       0 |      15 |        0 |      0 |     1 |    +0.0% |    9.678 |        0.0 |        0.0 |    387 | integration_inst.reg_bank_inst._21748_/D
     251* |       0 |      15 |        0 |      0 |     1 |    +0.0% |    9.678 |        0.0 |        0.0 |    387 | integration_inst.reg_bank_inst._21748_/D
     252* |       0 |      15 |        0 |      0 |     1 |    +0.0% |    9.678 |        0.0 |        0.0 |    387 | integration_inst.reg_bank_inst._21748_/D
     253* |       0 |      15 |        0 |      0 |     1 |    +0.0% |    9.678 |        0.0 |        0.0 |    387 | integration_inst.reg_bank_inst._21748_/D
     254* |       0 |      15 |        0 |      0 |     1 |    +0.0% |    9.678 |        0.0 |        0.0 |    387 | integration_inst.reg_bank_inst._21748_/D
     255* |       0 |      15 |        0 |      0 |     1 |    +0.0% |    9.678 |        0.0 |        0.0 |    387 | integration_inst.reg_bank_inst._21748_/D
     256* |       0 |      15 |        0 |      0 |     1 |    +0.0% |    9.678 |        0.0 |        0.0 |    387 | integration_inst.reg_bank_inst._21748_/D
     257* |       0 |      15 |        0 |      0 |     1 |    +0.0% |    9.678 |        0.0 |        0.0 |    387 | integration_inst.reg_bank_inst._21748_/D
     258* |       0 |      15 |        0 |      0 |     1 |    +0.0% |    9.678 |        0.0 |        0.0 |    387 | integration_inst.reg_bank_inst._21748_/D
     259* |       0 |      15 |        0 |      0 |     1 |    +0.0% |    9.678 |        0.0 |        0.0 |    387 | integration_inst.reg_bank_inst._21748_/D
     260* |       0 |      15 |        0 |      0 |     1 |    +0.0% |    9.678 |        0.0 |        0.0 |    387 | integration_inst.reg_bank_inst._21748_/D
     260* |       0 |      15 |        0 |      0 |     1 |    +0.0% |    9.678 |        0.0 |        0.0 |    387 | integration_inst.reg_bank_inst._21748_/D
     261* |       0 |      15 |        0 |      0 |     1 |    +0.0% |    9.678 |        0.0 |        0.0 |    387 | integration_inst.reg_bank_inst._21748_/D
     262* |       0 |      15 |        0 |      0 |     1 |    +0.0% |    9.678 |        0.0 |        0.0 |    387 | integration_inst.reg_bank_inst._21748_/D
     263* |       0 |      15 |        0 |      0 |     1 |    +0.0% |    9.678 |        0.0 |        0.0 |    387 | integration_inst.reg_bank_inst._21748_/D
     264* |       0 |      15 |        0 |      0 |     1 |    +0.0% |    9.678 |        0.0 |        0.0 |    387 | integration_inst.reg_bank_inst._21748_/D
     265* |       0 |      15 |        0 |      0 |     1 |    +0.0% |    9.678 |        0.0 |        0.0 |    387 | integration_inst.reg_bank_inst._21748_/D
     266* |       0 |      15 |        0 |      0 |     1 |    +0.0% |    9.678 |        0.0 |        0.0 |    387 | integration_inst.reg_bank_inst._21748_/D
     267* |       0 |      15 |        0 |      0 |     1 |    +0.0% |    9.678 |        0.0 |        0.0 |    387 | integration_inst.reg_bank_inst._21748_/D
     268* |       0 |      15 |        0 |      0 |     1 |    +0.0% |    9.678 |        0.0 |        0.0 |    387 | integration_inst.reg_bank_inst._21748_/D
     269* |       0 |      15 |        0 |      0 |     1 |    +0.0% |    9.678 |        0.0 |        0.0 |    387 | integration_inst.reg_bank_inst._21748_/D
     270* |       0 |      15 |        0 |      0 |     1 |    +0.0% |    9.678 |        0.0 |        0.0 |    387 | integration_inst.reg_bank_inst._21748_/D
     270* |       0 |      15 |        0 |      0 |     1 |    +0.0% |    9.678 |        0.0 |        0.0 |    387 | integration_inst.reg_bank_inst._21748_/D
     271* |       0 |      15 |        0 |      0 |     1 |    +0.0% |    9.678 |        0.0 |        0.0 |    387 | integration_inst.reg_bank_inst._21748_/D
     272* |       0 |      15 |        0 |      0 |     1 |    +0.0% |    9.678 |        0.0 |        0.0 |    387 | integration_inst.reg_bank_inst._21748_/D
     273* |       0 |      15 |        0 |      0 |     1 |    +0.0% |    9.678 |        0.0 |        0.0 |    387 | integration_inst.reg_bank_inst._21748_/D
     274* |       0 |      15 |        0 |      0 |     1 |    +0.0% |    9.678 |        0.0 |        0.0 |    387 | integration_inst.reg_bank_inst._21748_/D
     275* |       0 |      15 |        0 |      0 |     1 |    +0.0% |    9.678 |        0.0 |        0.0 |    387 | integration_inst.reg_bank_inst._21748_/D
     276* |       0 |      15 |        0 |      0 |     1 |    +0.0% |    9.678 |        0.0 |        0.0 |    387 | integration_inst.reg_bank_inst._21748_/D
     277* |       0 |      15 |        0 |      0 |     1 |    +0.0% |    9.678 |        0.0 |        0.0 |    387 | integration_inst.reg_bank_inst._21748_/D
     278* |       0 |      15 |        0 |      0 |     1 |    +0.0% |    9.678 |        0.0 |        0.0 |    387 | integration_inst.reg_bank_inst._21748_/D
     279* |       0 |      15 |        0 |      0 |     1 |    +0.0% |    9.678 |        0.0 |        0.0 |    387 | integration_inst.reg_bank_inst._21748_/D
     280* |       0 |      15 |        0 |      0 |     1 |    +0.0% |    9.678 |        0.0 |        0.0 |    387 | integration_inst.reg_bank_inst._21748_/D
     280* |       0 |      15 |        0 |      0 |     1 |    +0.0% |    9.678 |        0.0 |        0.0 |    387 | integration_inst.reg_bank_inst._21748_/D
     281* |       0 |      15 |        0 |      0 |     1 |    +0.0% |    9.678 |        0.0 |        0.0 |    387 | integration_inst.reg_bank_inst._21748_/D
     282* |       0 |      15 |        0 |      0 |     1 |    +0.0% |    9.678 |        0.0 |        0.0 |    387 | integration_inst.reg_bank_inst._21748_/D
     283* |       0 |      15 |        0 |      0 |     1 |    +0.0% |    9.678 |        0.0 |        0.0 |    387 | integration_inst.reg_bank_inst._21748_/D
     284* |       0 |      15 |        0 |      0 |     1 |    +0.0% |    9.678 |        0.0 |        0.0 |    387 | integration_inst.reg_bank_inst._21748_/D
     285* |       0 |      15 |        0 |      0 |     1 |    +0.0% |    9.678 |        0.0 |        0.0 |    387 | integration_inst.reg_bank_inst._21748_/D
     286* |       0 |      15 |        0 |      0 |     1 |    +0.0% |    9.678 |        0.0 |        0.0 |    387 | integration_inst.reg_bank_inst._21748_/D
     287* |       0 |      15 |        0 |      0 |     1 |    +0.0% |    9.678 |        0.0 |        0.0 |    387 | integration_inst.reg_bank_inst._21748_/D
     288* |       0 |      15 |        0 |      0 |     1 |    +0.0% |    9.678 |        0.0 |        0.0 |    387 | integration_inst.reg_bank_inst._21748_/D
     289* |       0 |      15 |        0 |      0 |     1 |    +0.0% |    9.678 |        0.0 |        0.0 |    387 | integration_inst.reg_bank_inst._21748_/D
     290* |       0 |      15 |        0 |      0 |     1 |    +0.0% |    9.678 |        0.0 |        0.0 |    387 | integration_inst.reg_bank_inst._21748_/D
     290* |       0 |      15 |        0 |      0 |     1 |    +0.0% |    9.678 |        0.0 |        0.0 |    387 | integration_inst.reg_bank_inst._21748_/D
     291* |       0 |      15 |        0 |      0 |     1 |    +0.0% |    9.678 |        0.0 |        0.0 |    387 | integration_inst.reg_bank_inst._21748_/D
     292* |       0 |      15 |        0 |      0 |     1 |    +0.0% |    9.678 |        0.0 |        0.0 |    387 | integration_inst.reg_bank_inst._21748_/D
     293* |       0 |      15 |        0 |      0 |     1 |    +0.0% |    9.678 |        0.0 |        0.0 |    387 | integration_inst.reg_bank_inst._21748_/D
     294* |       0 |      15 |        0 |      0 |     1 |    +0.0% |    9.678 |        0.0 |        0.0 |    387 | integration_inst.reg_bank_inst._21748_/D
     295* |       0 |      15 |        0 |      0 |     1 |    +0.0% |    9.678 |        0.0 |        0.0 |    387 | integration_inst.reg_bank_inst._21748_/D
     296* |       0 |      15 |        0 |      0 |     1 |    +0.0% |    9.678 |        0.0 |        0.0 |    387 | integration_inst.reg_bank_inst._21748_/D
     297* |       0 |      15 |        0 |      0 |     1 |    +0.0% |    9.678 |        0.0 |        0.0 |    387 | integration_inst.reg_bank_inst._21748_/D
     298* |       0 |      15 |        0 |      0 |     1 |    +0.0% |    9.678 |        0.0 |        0.0 |    387 | integration_inst.reg_bank_inst._21748_/D
     299* |       0 |      15 |        0 |      0 |     1 |    +0.0% |    9.678 |        0.0 |        0.0 |    387 | integration_inst.reg_bank_inst._21748_/D
     300* |       0 |      15 |        0 |      0 |     1 |    +0.0% |    9.678 |        0.0 |        0.0 |    387 | integration_inst.reg_bank_inst._21748_/D
     300* |       0 |      15 |        0 |      0 |     1 |    +0.0% |    9.678 |        0.0 |        0.0 |    387 | integration_inst.reg_bank_inst._21748_/D
     301* |       0 |      15 |        0 |      0 |     1 |    +0.0% |    9.678 |        0.0 |        0.0 |    387 | integration_inst.reg_bank_inst._21748_/D
     302* |       0 |      15 |        0 |      0 |     1 |    +0.0% |    9.678 |        0.0 |        0.0 |    387 | integration_inst.reg_bank_inst._21748_/D
     303* |       0 |      15 |        0 |      0 |     1 |    +0.0% |    9.678 |        0.0 |        0.0 |    387 | integration_inst.reg_bank_inst._21748_/D
     304* |       0 |      15 |        0 |      0 |     1 |    +0.0% |    9.678 |        0.0 |        0.0 |    387 | integration_inst.reg_bank_inst._21748_/D
     305* |       0 |      15 |        0 |      0 |     1 |    +0.0% |    9.678 |        0.0 |        0.0 |    387 | integration_inst.reg_bank_inst._21748_/D
     306* |       0 |      15 |        0 |      0 |     1 |    +0.0% |    9.678 |        0.0 |        0.0 |    387 | integration_inst.reg_bank_inst._21748_/D
     307* |       0 |      15 |        0 |      0 |     1 |    +0.0% |    9.678 |        0.0 |        0.0 |    387 | integration_inst.reg_bank_inst._21748_/D
     308* |       0 |      15 |        0 |      0 |     1 |    +0.0% |    9.678 |        0.0 |        0.0 |    387 | integration_inst.reg_bank_inst._21748_/D
     309* |       0 |      15 |        0 |      0 |     1 |    +0.0% |    9.678 |        0.0 |        0.0 |    387 | integration_inst.reg_bank_inst._21748_/D
     310* |       0 |      15 |        0 |      0 |     1 |    +0.0% |    9.678 |        0.0 |        0.0 |    387 | integration_inst.reg_bank_inst._21748_/D
     310* |       0 |      15 |        0 |      0 |     1 |    +0.0% |    9.678 |        0.0 |        0.0 |    387 | integration_inst.reg_bank_inst._21748_/D
     311* |       0 |      15 |        0 |      0 |     1 |    +0.0% |    9.678 |        0.0 |        0.0 |    387 | integration_inst.reg_bank_inst._21748_/D
     312* |       0 |      15 |        0 |      0 |     1 |    +0.0% |    9.678 |        0.0 |        0.0 |    387 | integration_inst.reg_bank_inst._21748_/D
     313* |       0 |      15 |        0 |      0 |     1 |    +0.0% |    9.678 |        0.0 |        0.0 |    387 | integration_inst.reg_bank_inst._21748_/D
     314* |       0 |      15 |        0 |      0 |     1 |    +0.0% |    9.678 |        0.0 |        0.0 |    387 | integration_inst.reg_bank_inst._21748_/D
     315* |       0 |      15 |        0 |      0 |     1 |    +0.0% |    9.678 |        0.0 |        0.0 |    387 | integration_inst.reg_bank_inst._21748_/D
     316* |       0 |      15 |        0 |      0 |     1 |    +0.0% |    9.678 |        0.0 |        0.0 |    387 | integration_inst.reg_bank_inst._21748_/D
     317* |       0 |      15 |        0 |      0 |     1 |    +0.0% |    9.678 |        0.0 |        0.0 |    387 | integration_inst.reg_bank_inst._21748_/D
     318* |       0 |      15 |        0 |      0 |     1 |    +0.0% |    9.678 |        0.0 |        0.0 |    387 | integration_inst.reg_bank_inst._21748_/D
     319* |       0 |      15 |        0 |      0 |     1 |    +0.0% |    9.678 |        0.0 |        0.0 |    387 | integration_inst.reg_bank_inst._21748_/D
     320* |       0 |      15 |        0 |      0 |     1 |    +0.0% |    9.678 |        0.0 |        0.0 |    387 | integration_inst.reg_bank_inst._21748_/D
     320* |       0 |      15 |        0 |      0 |     1 |    +0.0% |    9.678 |        0.0 |        0.0 |    387 | integration_inst.reg_bank_inst._21748_/D
     321* |       0 |      15 |        0 |      0 |     1 |    +0.0% |    9.678 |        0.0 |        0.0 |    387 | integration_inst.reg_bank_inst._21748_/D
     322* |       0 |      15 |        0 |      0 |     1 |    +0.0% |    9.678 |        0.0 |        0.0 |    387 | integration_inst.reg_bank_inst._21748_/D
     323* |       0 |      15 |        0 |      0 |     1 |    +0.0% |    9.678 |        0.0 |        0.0 |    387 | integration_inst.reg_bank_inst._21748_/D
     324* |       0 |      15 |        0 |      0 |     1 |    +0.0% |    9.678 |        0.0 |        0.0 |    387 | integration_inst.reg_bank_inst._21748_/D
     325* |       0 |      15 |        0 |      0 |     1 |    +0.0% |    9.678 |        0.0 |        0.0 |    387 | integration_inst.reg_bank_inst._21748_/D
     326* |       0 |      15 |        0 |      0 |     1 |    +0.0% |    9.678 |        0.0 |        0.0 |    387 | integration_inst.reg_bank_inst._21748_/D
     327* |       0 |      15 |        0 |      0 |     1 |    +0.0% |    9.678 |        0.0 |        0.0 |    387 | integration_inst.reg_bank_inst._21748_/D
     328* |       0 |      15 |        0 |      0 |     1 |    +0.0% |    9.678 |        0.0 |        0.0 |    387 | integration_inst.reg_bank_inst._21748_/D
     329* |       0 |      15 |        0 |      0 |     1 |    +0.0% |    9.678 |        0.0 |        0.0 |    387 | integration_inst.reg_bank_inst._21748_/D
     330* |       0 |      15 |        0 |      0 |     1 |    +0.0% |    9.678 |        0.0 |        0.0 |    387 | integration_inst.reg_bank_inst._21748_/D
     330* |       0 |      15 |        0 |      0 |     1 |    +0.0% |    9.678 |        0.0 |        0.0 |    387 | integration_inst.reg_bank_inst._21748_/D
     331* |       0 |      15 |        0 |      0 |     1 |    +0.0% |    9.678 |        0.0 |        0.0 |    387 | integration_inst.reg_bank_inst._21748_/D
     332* |       0 |      15 |        0 |      0 |     1 |    +0.0% |    9.678 |        0.0 |        0.0 |    387 | integration_inst.reg_bank_inst._21748_/D
     333* |       0 |      15 |        0 |      0 |     1 |    +0.0% |    9.678 |        0.0 |        0.0 |    387 | integration_inst.reg_bank_inst._21748_/D
     334* |       0 |      15 |        0 |      0 |     1 |    +0.0% |    9.678 |        0.0 |        0.0 |    387 | integration_inst.reg_bank_inst._21748_/D
     335* |       0 |      15 |        0 |      0 |     1 |    +0.0% |    9.678 |        0.0 |        0.0 |    387 | integration_inst.reg_bank_inst._21748_/D
     336* |       0 |      15 |        0 |      0 |     1 |    +0.0% |    9.678 |        0.0 |        0.0 |    387 | integration_inst.reg_bank_inst._21748_/D
     337* |       0 |      15 |        0 |      0 |     1 |    +0.0% |    9.678 |        0.0 |        0.0 |    387 | integration_inst.reg_bank_inst._21748_/D
     338* |       0 |      15 |        0 |      0 |     1 |    +0.0% |    9.678 |        0.0 |        0.0 |    387 | integration_inst.reg_bank_inst._21748_/D
     339* |       0 |      15 |        0 |      0 |     1 |    +0.0% |    9.678 |        0.0 |        0.0 |    387 | integration_inst.reg_bank_inst._21748_/D
     340* |       0 |      15 |        0 |      0 |     1 |    +0.0% |    9.678 |        0.0 |        0.0 |    387 | integration_inst.reg_bank_inst._21748_/D
     340* |       0 |      15 |        0 |      0 |     1 |    +0.0% |    9.678 |        0.0 |        0.0 |    387 | integration_inst.reg_bank_inst._21748_/D
     341* |       0 |      15 |        0 |      0 |     1 |    +0.0% |    9.678 |        0.0 |        0.0 |    387 | integration_inst.reg_bank_inst._21748_/D
     342* |       0 |      15 |        0 |      0 |     1 |    +0.0% |    9.678 |        0.0 |        0.0 |    387 | integration_inst.reg_bank_inst._21748_/D
     343* |       0 |      15 |        0 |      0 |     1 |    +0.0% |    9.678 |        0.0 |        0.0 |    387 | integration_inst.reg_bank_inst._21748_/D
     344* |       0 |      15 |        0 |      0 |     1 |    +0.0% |    9.678 |        0.0 |        0.0 |    387 | integration_inst.reg_bank_inst._21748_/D
     345* |       0 |      15 |        0 |      0 |     1 |    +0.0% |    9.678 |        0.0 |        0.0 |    387 | integration_inst.reg_bank_inst._21748_/D
     346* |       0 |      15 |        0 |      0 |     1 |    +0.0% |    9.678 |        0.0 |        0.0 |    387 | integration_inst.reg_bank_inst._21748_/D
     347* |       0 |      15 |        0 |      0 |     1 |    +0.0% |    9.678 |        0.0 |        0.0 |    387 | integration_inst.reg_bank_inst._21748_/D
     348* |       0 |      15 |        0 |      0 |     1 |    +0.0% |    9.678 |        0.0 |        0.0 |    387 | integration_inst.reg_bank_inst._21748_/D
     349* |       0 |      15 |        0 |      0 |     1 |    +0.0% |    9.678 |        0.0 |        0.0 |    387 | integration_inst.reg_bank_inst._21748_/D
     350* |       0 |      15 |        0 |      0 |     1 |    +0.0% |    9.678 |        0.0 |        0.0 |    387 | integration_inst.reg_bank_inst._21748_/D
     350* |       0 |      15 |        0 |      0 |     1 |    +0.0% |    9.678 |        0.0 |        0.0 |    387 | integration_inst.reg_bank_inst._21748_/D
     351* |       0 |      15 |        0 |      0 |     1 |    +0.0% |    9.678 |        0.0 |        0.0 |    387 | integration_inst.reg_bank_inst._21748_/D
     352* |       0 |      15 |        0 |      0 |     1 |    +0.0% |    9.678 |        0.0 |        0.0 |    387 | integration_inst.reg_bank_inst._21748_/D
     353* |       0 |      15 |        0 |      0 |     1 |    +0.0% |    9.678 |        0.0 |        0.0 |    387 | integration_inst.reg_bank_inst._21748_/D
     354* |       0 |      15 |        0 |      0 |     1 |    +0.0% |    9.678 |        0.0 |        0.0 |    387 | integration_inst.reg_bank_inst._21748_/D
     355* |       0 |      15 |        0 |      0 |     1 |    +0.0% |    9.678 |        0.0 |        0.0 |    387 | integration_inst.reg_bank_inst._21748_/D
     356* |       0 |      15 |        0 |      0 |     1 |    +0.0% |    9.678 |        0.0 |        0.0 |    387 | integration_inst.reg_bank_inst._21748_/D
     357* |       0 |      15 |        0 |      0 |     1 |    +0.0% |    9.678 |        0.0 |        0.0 |    387 | integration_inst.reg_bank_inst._21748_/D
     358* |       0 |      15 |        0 |      0 |     1 |    +0.0% |    9.678 |        0.0 |        0.0 |    387 | integration_inst.reg_bank_inst._21748_/D
     359* |       0 |      15 |        0 |      0 |     1 |    +0.0% |    9.678 |        0.0 |        0.0 |    387 | integration_inst.reg_bank_inst._21748_/D
     360* |       0 |      15 |        0 |      0 |     1 |    +0.0% |    9.678 |        0.0 |        0.0 |    387 | integration_inst.reg_bank_inst._21748_/D
     360* |       0 |      15 |        0 |      0 |     1 |    +0.0% |    9.678 |        0.0 |        0.0 |    387 | integration_inst.reg_bank_inst._21748_/D
     361* |       0 |      15 |        0 |      0 |     1 |    +0.0% |    9.678 |        0.0 |        0.0 |    387 | integration_inst.reg_bank_inst._21748_/D
     362* |       0 |      15 |        0 |      0 |     1 |    +0.0% |    9.678 |        0.0 |        0.0 |    387 | integration_inst.reg_bank_inst._21748_/D
     363* |       0 |      15 |        0 |      0 |     1 |    +0.0% |    9.678 |        0.0 |        0.0 |    387 | integration_inst.reg_bank_inst._21748_/D
     364* |       0 |      15 |        0 |      0 |     1 |    +0.0% |    9.678 |        0.0 |        0.0 |    387 | integration_inst.reg_bank_inst._21748_/D
     365* |       0 |      15 |        0 |      0 |     1 |    +0.0% |    9.678 |        0.0 |        0.0 |    387 | integration_inst.reg_bank_inst._21748_/D
     366* |       0 |      15 |        0 |      0 |     1 |    +0.0% |    9.678 |        0.0 |        0.0 |    387 | integration_inst.reg_bank_inst._21748_/D
     367* |       0 |      15 |        0 |      0 |     1 |    +0.0% |    9.678 |        0.0 |        0.0 |    387 | integration_inst.reg_bank_inst._21748_/D
     368* |       0 |      15 |        0 |      0 |     1 |    +0.0% |    9.678 |        0.0 |        0.0 |    387 | integration_inst.reg_bank_inst._21748_/D
     369* |       0 |      15 |        0 |      0 |     1 |    +0.0% |    9.678 |        0.0 |        0.0 |    387 | integration_inst.reg_bank_inst._21748_/D
     370* |       0 |      15 |        0 |      0 |     1 |    +0.0% |    9.678 |        0.0 |        0.0 |    387 | integration_inst.reg_bank_inst._21748_/D
     370* |       0 |      15 |        0 |      0 |     1 |    +0.0% |    9.678 |        0.0 |        0.0 |    387 | integration_inst.reg_bank_inst._21748_/D
     371* |       0 |      15 |        0 |      0 |     1 |    +0.0% |    9.678 |        0.0 |        0.0 |    387 | integration_inst.reg_bank_inst._21748_/D
     372* |       0 |      15 |        0 |      0 |     1 |    +0.0% |    9.678 |        0.0 |        0.0 |    387 | integration_inst.reg_bank_inst._21748_/D
     373* |       0 |      15 |        0 |      0 |     1 |    +0.0% |    9.678 |        0.0 |        0.0 |    387 | integration_inst.reg_bank_inst._21748_/D
     374* |       0 |      15 |        0 |      0 |     1 |    +0.0% |    9.678 |        0.0 |        0.0 |    387 | integration_inst.reg_bank_inst._21748_/D
     375* |       0 |      15 |        0 |      0 |     1 |    +0.0% |    9.678 |        0.0 |        0.0 |    387 | integration_inst.reg_bank_inst._21748_/D
     376* |       0 |      15 |        0 |      0 |     1 |    +0.0% |    9.678 |        0.0 |        0.0 |    387 | integration_inst.reg_bank_inst._21748_/D
     377* |       0 |      15 |        0 |      0 |     1 |    +0.0% |    9.678 |        0.0 |        0.0 |    387 | integration_inst.reg_bank_inst._21748_/D
     378* |       0 |      15 |        0 |      0 |     1 |    +0.0% |    9.678 |        0.0 |        0.0 |    387 | integration_inst.reg_bank_inst._21748_/D
     379* |       0 |      15 |        0 |      0 |     1 |    +0.0% |    9.678 |        0.0 |        0.0 |    387 | integration_inst.reg_bank_inst._21748_/D
     380* |       0 |      15 |        0 |      0 |     1 |    +0.0% |    9.678 |        0.0 |        0.0 |    387 | integration_inst.reg_bank_inst._21748_/D
     380* |       0 |      15 |        0 |      0 |     1 |    +0.0% |    9.678 |        0.0 |        0.0 |    387 | integration_inst.reg_bank_inst._21748_/D
     381* |       0 |      15 |        0 |      0 |     1 |    +0.0% |    9.678 |        0.0 |        0.0 |    387 | integration_inst.reg_bank_inst._21748_/D
     382* |       0 |      15 |        0 |      0 |     1 |    +0.0% |    9.678 |        0.0 |        0.0 |    387 | integration_inst.reg_bank_inst._21748_/D
     383* |       0 |      15 |        0 |      0 |     1 |    +0.0% |    9.678 |        0.0 |        0.0 |    387 | integration_inst.reg_bank_inst._21748_/D
     384* |       0 |      15 |        0 |      0 |     1 |    +0.0% |    9.678 |        0.0 |        0.0 |    387 | integration_inst.reg_bank_inst._21748_/D
     385* |       0 |      15 |        0 |      0 |     1 |    +0.0% |    9.678 |        0.0 |        0.0 |    387 | integration_inst.reg_bank_inst._21748_/D
     386* |       0 |      15 |        0 |      0 |     1 |    +0.0% |    9.678 |        0.0 |        0.0 |    387 | integration_inst.reg_bank_inst._21748_/D
     387* |       0 |      15 |        0 |      0 |     1 |    +0.0% |    9.678 |        0.0 |        0.0 |    387 | integration_inst.reg_bank_inst._21748_/D
     388* |       0 |      15 |        0 |      0 |     1 |    +0.0% |    9.678 |        0.0 |        0.0 |    387 | integration_inst.reg_bank_inst._21748_/D
     389* |       0 |      15 |        0 |      0 |     1 |    +0.0% |    9.678 |        0.0 |        0.0 |    387 | integration_inst.reg_bank_inst._21748_/D
     390* |       0 |      15 |        0 |      0 |     1 |    +0.0% |    9.678 |        0.0 |        0.0 |    387 | integration_inst.reg_bank_inst._21748_/D
     390* |       0 |      15 |        0 |      0 |     1 |    +0.0% |    9.678 |        0.0 |        0.0 |    387 | integration_inst.reg_bank_inst._21748_/D
     391* |       0 |      15 |        0 |      0 |     1 |    +0.0% |    9.678 |        0.0 |        0.0 |    387 | integration_inst.reg_bank_inst._21748_/D
     392* |       0 |      15 |        0 |      0 |     1 |    +0.0% |    9.678 |        0.0 |        0.0 |    387 | integration_inst.reg_bank_inst._21748_/D
     393* |       0 |      15 |        0 |      0 |     1 |    +0.0% |    9.678 |        0.0 |        0.0 |    387 | integration_inst.reg_bank_inst._21748_/D
     394* |       0 |      15 |        0 |      0 |     1 |    +0.0% |    9.678 |        0.0 |        0.0 |    387 | integration_inst.reg_bank_inst._21748_/D
     395* |       0 |      15 |        0 |      0 |     1 |    +0.0% |    9.678 |        0.0 |        0.0 |    387 | integration_inst.reg_bank_inst._21748_/D
     396* |       0 |      15 |        0 |      0 |     1 |    +0.0% |    9.678 |        0.0 |        0.0 |    387 | integration_inst.reg_bank_inst._21748_/D
     397* |       0 |      15 |        0 |      0 |     1 |    +0.0% |    9.678 |        0.0 |        0.0 |    387 | integration_inst.reg_bank_inst._21748_/D
     398* |       0 |      15 |        0 |      0 |     1 |    +0.0% |    9.678 |        0.0 |        0.0 |    387 | integration_inst.reg_bank_inst._21748_/D
     399* |       0 |      15 |        0 |      0 |     1 |    +0.0% |    9.678 |        0.0 |        0.0 |    387 | integration_inst.reg_bank_inst._21748_/D
     400* |       0 |      15 |        0 |      0 |     1 |    +0.0% |    9.678 |        0.0 |        0.0 |    387 | integration_inst.reg_bank_inst._21748_/D
     400* |       0 |      15 |        0 |      0 |     1 |    +0.0% |    9.678 |        0.0 |        0.0 |    387 | integration_inst.reg_bank_inst._21748_/D
     401* |       0 |      15 |        0 |      0 |     1 |    +0.0% |    9.678 |        0.0 |        0.0 |    387 | integration_inst.reg_bank_inst._21748_/D
     402* |       0 |      15 |        0 |      0 |     1 |    +0.0% |    9.678 |        0.0 |        0.0 |    387 | integration_inst.reg_bank_inst._21748_/D
     403* |       0 |      15 |        0 |      0 |     1 |    +0.0% |    9.678 |        0.0 |        0.0 |    387 | integration_inst.reg_bank_inst._21748_/D
     403* |       0 |      15 |        0 |      0 |     1 |    +0.0% |    9.678 |        0.0 |        0.0 |    387 | integration_inst.reg_bank_inst._21748_/D
    final |       0 |      15 |        0 |      0 |     1 |    +0.0% |    9.678 |        0.0 |        0.0 |      0 | integration_inst.reg_bank_inst._21748_/D
------------------------------------------------------------------------------------------------------------------------------
[INFO RSZ-0051] Resized 15 instances: 15 up, 0 up match, 0 down, 0 VT
[INFO RSZ-0043] Swapped pins on 1 instances.
[INFO RSZ-0505] Runtime: 7.67s
Took 8 seconds: repair_timing -setup_margin 0 -hold_margin 0 -repair_tns 100 -setup -skip_last_gasp -sequence unbuffer,sizeup,swap,vt_swap -verbose
Default units for flow
 time 1ns
 capacitance 1pF
 resistance 1ohm
 voltage 1v
 current 1mA
 power 1uW
 distance 1um
   Layer   | Unit Resistance | Unit Capacitance 
           |        (ohm/um) |          (pF/um)
------------------------------------------------
    Metal1 |        3.91e-01 |         9.06e-06
    Metal2 |        2.26e-04 |         1.35e-04
    Metal3 |        2.26e-04 |         1.46e-04
    Metal4 |        2.26e-04 |         1.51e-04
    Metal5 |        5.86e-05 |         1.56e-04
------------------------------------------------

   Layer   | Via Resistance 
           |          (ohm) 
----------------------------
      Via1 |       4.23e+00 
      Via2 |       4.23e+00 
      Via3 |       4.23e+00 
      Via4 |       4.23e+00 
----------------------------
Report metrics stage 2, floorplan final...

==========================================================================
floorplan final report_design_area
--------------------------------------------------------------------------
Design area 728540 um^2 45% utilization.
write_db ./results/gf180/integration_final/base/2_1_floorplan.odb
write_sdc -no_timestamp ./results/gf180/integration_final/base/2_1_floorplan.sdc
Elapsed time: 0:12.42[h:]min:sec. CPU time: user 18.06 sys 22.64 (327%). Peak memory: 275984KB.
Log                       Ext     Elapsed/s Peak Memory/MB sha1sum result [0:20)
2_1_floorplan             .odb           12            269 c1d1a948f1ae98465a5d
2_1_floorplan             .sdc                             9ab537d731bd6dec3a6a
