OpenROAD 26Q3-771-g7cfb2105c9 
Features included (+) or not (-): +GPU +GUI +Python
This program is licensed under the BSD-3 license. See the LICENSE file for details.
Components of this program may be licensed under more restrictive licenses which must be honored.
[INFO ORD-0030] Using 28 thread(s).
read_liberty /mnt/c/Users/balir/ChipathonTest/OpenROAD-flow-scripts/flow/platforms/gf180/lib/gf180mcu_fd_sc_mcu9t5v0__ff_n40C_5v50.lib.gz
read_db ./results/gf180/integration_final/base/2_floorplan.odb
read_sdc ./results/gf180/integration_final/base/2_floorplan.sdc
source /mnt/c/Users/balir/ChipathonTest/OpenROAD-flow-scripts/flow/platforms/gf180/setRC.tcl
[INFO GPL-0022] Initialize gpl and calculate uniform density.
Placement density is 0.5689999914169311, computed from PLACE_DENSITY_LB_ADDON  0.1 and lower bound 0.5099999904632568
global_placement -skip_io -density 0.5689999914169311 -pad_left 0 -pad_right 0
[INFO GPL-0001] ---- Initialize GPL Main Data Structures
[INFO GPL-0002] DBU: 2000
[INFO GPL-0003] SiteSize: (  0.560  5.040 ) um
[INFO GPL-0004] CoreBBox: (  1.120  5.040 ) ( 1271.760 1270.080 ) um
[INFO GPL-0016] Core area:                  1607410.426 um^2
[INFO GPL-0036] Movable instances area:     728540.467 um^2
[INFO GPL-0037] Total instances area:       737109.274 um^2
[INFO GPL-0035] Pin density area adjust:     85582.901 um^2
[INFO GPL-0032] ---- Initialize Region: Top-level
[INFO GPL-0006] Number of instances:             34162
[INFO GPL-0007] Movable instances:               32644
[INFO GPL-0008] Fixed instances:                  1518
[INFO GPL-0009] Dummy instances:                     0
[INFO GPL-0010] Number of nets:                  32647
[INFO GPL-0011] Number of pins:                 114723
[INFO GPL-0012] Die BBox:       (  0.000  0.000 ) ( 1272.830 1272.830 ) um
[INFO GPL-0013] Placement BBox: (  1.120  5.040 ) ( 1271.760 1270.080 ) um
[INFO GPL-0014] Region name: top-level.
[INFO GPL-0015] Region area:                1607410.426 um^2
[INFO GPL-0017] Fixed instances area:         8568.806 um^2
[INFO GPL-0018] Movable instances area:     814123.368 um^2
[INFO GPL-0019] Utilization:                    50.920 %
[INFO GPL-0020] Standard cells area:        814123.368 um^2
[INFO GPL-0021] Large instances area:            0.000 um^2
[INFO GPL-0005] ---- Execute Conjugate Gradient Initial Placement.
[INFO GPL-0051] Source of initial instance position counters:
	Odb location = 0	Core center = 32644	Region center = 0
[INFO GPL-0033] ---- Initialize Nesterov Region: Top-level
[INFO GPL-0023] Placement target density:       0.5690
[INFO GPL-0024] Movable insts average area:     24.939 um^2
[INFO GPL-0025] Ideal bin area:                 43.830 um^2
[INFO GPL-0026] Ideal bin count:                 36673
[INFO GPL-0027] Total bin area:             1607410.426 um^2
[INFO GPL-0028] Bin count (X, Y):         128 ,    128
[INFO GPL-0029] Bin size (W * H):       9.927 *  9.883 um
[INFO GPL-0030] Number of bins:                  16384
[INFO GPL-0084] ---- Execute Nesterov Global Placement.
[INFO GPL-0031] HPWL: Half-Perimeter Wirelength
Iteration | Overflow |     HPWL (um) |  HPWL(%) |   Penalty | Group
---------------------------------------------------------------
        0 |   0.9996 |  7.316118e+04 |   +0.00% |  7.56e-17 |      
       10 |   0.9992 |  5.941751e+04 |  -18.79% |  1.23e-16 |      
       20 |   0.9991 |  5.871346e+04 |   -1.18% |  2.01e-16 |      
       30 |   0.9990 |  5.831155e+04 |   -0.68% |  3.27e-16 |      
       40 |   0.9990 |  5.809142e+04 |   -0.38% |  5.32e-16 |      
       50 |   0.9990 |  5.795737e+04 |   -0.23% |  8.67e-16 |      
       60 |   0.9990 |  5.787859e+04 |   -0.14% |  1.41e-15 |      
       70 |   0.9988 |  5.790882e+04 |   +0.05% |  2.30e-15 |      
       80 |   0.9988 |  5.824531e+04 |   +0.58% |  3.75e-15 |      
       90 |   0.9986 |  5.961370e+04 |   +2.35% |  6.10e-15 |      
      100 |   0.9984 |  6.319253e+04 |   +6.00% |  9.93e-15 |      
      110 |   0.9977 |  7.040666e+04 |  +11.42% |  1.61e-14 |      
      120 |   0.9966 |  8.215151e+04 |  +16.68% |  2.62e-14 |      
      130 |   0.9939 |  1.011192e+05 |  +23.09% |  4.26e-14 |      
      140 |   0.9890 |  1.298560e+05 |  +28.42% |  6.89e-14 |      
      150 |   0.9814 |  1.691152e+05 |  +30.23% |  1.11e-13 |      
      160 |   0.9704 |  2.166188e+05 |  +28.09% |  1.80e-13 |      
      170 |   0.9583 |  2.668865e+05 |  +23.21% |  2.89e-13 |      
      180 |   0.9434 |  3.204372e+05 |  +20.06% |  4.66e-13 |      
      190 |   0.9239 |  3.841662e+05 |  +19.89% |  7.48e-13 |      
      200 |   0.9005 |  4.544448e+05 |  +18.29% |  1.20e-12 |      
      210 |   0.8745 |  5.301281e+05 |  +16.65% |  1.92e-12 |      
      220 |   0.8453 |  6.116132e+05 |  +15.37% |  3.08e-12 |      
      230 |   0.8118 |  6.957159e+05 |  +13.75% |  4.92e-12 |      
      240 |   0.7784 |  7.761644e+05 |  +11.56% |  7.88e-12 |      
      250 |   0.7436 |  8.523137e+05 |   +9.81% |  1.26e-11 |      
      260 |   0.7084 |  9.121438e+05 |   +7.02% |  2.03e-11 |      
      270 |   0.6702 |  9.729975e+05 |   +6.67% |  3.26e-11 |      
      280 |   0.6295 |  1.038985e+06 |   +6.78% |  5.23e-11 |      
      290 |   0.5838 |  1.105233e+06 |   +6.38% |  8.40e-11 |      
      300 |   0.5364 |  1.162213e+06 |   +5.16% |  1.35e-10 |      
      310 |   0.4908 |  1.222833e+06 |   +5.22% |  2.17e-10 |      
      320 |   0.4451 |  1.290595e+06 |   +5.54% |  3.49e-10 |      
      330 |   0.3985 |  1.338170e+06 |   +3.69% |  5.62e-10 |      
      340 |   0.3603 |  1.363079e+06 |   +1.86% |  9.10e-10 |      
      350 |   0.3288 |  1.381462e+06 |   +1.35% |  1.39e-09 |      
      360 |   0.3018 |  1.389857e+06 |   +0.61% |  2.04e-09 |      
      370 |   0.2732 |  1.396234e+06 |   +0.46% |  3.01e-09 |      
      380 |   0.2487 |  1.400931e+06 |   +0.34% |  4.43e-09 |      
      390 |   0.2247 |  1.402979e+06 |   +0.15% |  6.52e-09 |      
      400 |   0.2015 |  1.405182e+06 |   +0.16% |  9.60e-09 |      
      410 |   0.1804 |  1.407762e+06 |   +0.18% |  1.41e-08 |      
      420 |   0.1613 |  1.409368e+06 |   +0.11% |  2.08e-08 |      
      430 |   0.1437 |  1.411891e+06 |   +0.18% |  3.07e-08 |      
      440 |   0.1261 |  1.414094e+06 |   +0.16% |  4.52e-08 |      
      450 |   0.1103 |  1.416872e+06 |   +0.20% |  6.65e-08 |      
      457 |   0.0985 |  1.418867e+06 |          |  9.06e-08 |      
---------------------------------------------------------------
[INFO GPL-1001] Global placement finished at iteration 457
[INFO GPL-1002] Placed Cell Area            814123.3684
[INFO GPL-1003] Available Free Area         1598841.6192
[INFO GPL-1004] Minimum Feasible Density        0.5100 (cell_area / free_area)
[INFO GPL-1006]   Suggested Target Densities:
[INFO GPL-1007]     - For 90% usage of free space: 0.5658
[INFO GPL-1008]     - For 80% usage of free space: 0.6365
[INFO GPL-1014] Final placement area: 814123.37 (+0.00%)
Design area 739943 um^2 46% utilization.
write_db ./results/gf180/integration_final/base/3_1_place_gp_skip_io.odb
Elapsed time: 0:09.14[h:]min:sec. CPU time: user 97.43 sys 0.39 (1069%). Peak memory: 258372KB.
Log                       Ext     Elapsed/s Peak Memory/MB sha1sum result [0:20)
3_1_place_gp_skip_io      .odb            9            252 53d8080d947198792f9c
