OpenROAD 26Q3-771-g7cfb2105c9 
Features included (+) or not (-): +GPU +GUI +Python
This program is licensed under the BSD-3 license. See the LICENSE file for details.
Components of this program may be licensed under more restrictive licenses which must be honored.
[INFO ORD-0030] Using 28 thread(s).
read_liberty /mnt/c/Users/balir/ChipathonTest/OpenROAD-flow-scripts/flow/platforms/gf180/lib/gf180mcu_fd_sc_mcu9t5v0__ff_n40C_5v50.lib.gz
read_db ./results/gf180/integration_final/base/3_1_place_gp_skip_io.odb
read_sdc ./results/gf180/integration_final/base/2_floorplan.sdc
source /mnt/c/Users/balir/ChipathonTest/OpenROAD-flow-scripts/flow/platforms/gf180/setRC.tcl
place_pins -hor_layers Metal3 -ver_layers Metal4
Found 0 macro blocks.
Using 2 tracks default min distance between IO pins.
[INFO PPL-0001] Number of available slots 4536
[INFO PPL-0002] Number of I/O             4
[INFO PPL-0003] Number of I/O w/sink      4
[INFO PPL-0004] Number of I/O w/o sink    0
[INFO PPL-0005] Slots per section         200
[INFO PPL-0008] Successfully assigned pins to sections.
[INFO PPL-0012] I/O nets HPWL: 4637.67 um.
Design area 739943 um^2 46% utilization.
write_db ./results/gf180/integration_final/base/3_2_place_iop.odb
Elapsed time: 0:04.49[h:]min:sec. CPU time: user 0.65 sys 0.35 (22%). Peak memory: 211004KB.
Log                       Ext     Elapsed/s Peak Memory/MB sha1sum result [0:20)
3_2_place_iop             .odb            4            206 064723ee06cfdc419e6c
