OpenROAD 26Q3-771-g7cfb2105c9 
Features included (+) or not (-): +GPU +GUI +Python
This program is licensed under the BSD-3 license. See the LICENSE file for details.
Components of this program may be licensed under more restrictive licenses which must be honored.
[INFO ORD-0030] Using 28 thread(s).
read_liberty /mnt/c/Users/balir/ChipathonTest/OpenROAD-flow-scripts/flow/platforms/gf180/lib/gf180mcu_fd_sc_mcu9t5v0__ff_n40C_5v50.lib.gz
read_db ./results/gf180/integration_final/base/3_2_place_iop.odb
read_sdc ./results/gf180/integration_final/base/2_floorplan.sdc
source /mnt/c/Users/balir/ChipathonTest/OpenROAD-flow-scripts/flow/platforms/gf180/setRC.tcl
[INFO RSZ-0026] Removed 0 buffers.
Perform port buffering...
[INFO RSZ-0027] Inserted 2 gf180mcu_fd_sc_mcu9t5v0__dlyb_2 input buffers.
[INFO RSZ-0028] Inserted 1 gf180mcu_fd_sc_mcu9t5v0__dlyb_2 output buffers.
[INFO GPL-0022] Initialize gpl and calculate uniform density.
Placement density is 0.5689999914169311, computed from PLACE_DENSITY_LB_ADDON  0.1 and lower bound 0.5099999904632568
global_placement -density 0.5689999914169311 -pad_left 0 -pad_right 0 -routability_driven -timing_driven -force_center_initial_place -min_phi_coef 0.95 -max_phi_coef 1.05
[INFO GPL-0001] ---- Initialize GPL Main Data Structures
[INFO GPL-0002] DBU: 2000
[INFO GPL-0003] SiteSize: (  0.560  5.040 ) um
[INFO GPL-0004] CoreBBox: (  1.120  5.040 ) ( 1271.760 1270.080 ) um
[INFO GPL-0016] Core area:                  1607410.426 um^2
[INFO GPL-0036] Movable instances area:     728667.475 um^2
[INFO GPL-0037] Total instances area:       737236.282 um^2
[INFO GPL-0035] Pin density area adjust:     85776.161 um^2
[INFO GPL-0032] ---- Initialize Region: Top-level
[INFO GPL-0006] Number of instances:             34165
[INFO GPL-0007] Movable instances:               32647
[INFO GPL-0008] Fixed instances:                  1518
[INFO GPL-0009] Dummy instances:                     0
[INFO GPL-0010] Number of nets:                  32650
[INFO GPL-0011] Number of pins:                 114733
[INFO GPL-0012] Die BBox:       (  0.000  0.000 ) ( 1272.830 1272.830 ) um
[INFO GPL-0013] Placement BBox: (  1.120  5.040 ) ( 1271.760 1270.080 ) um
[INFO GPL-0014] Region name: top-level.
[INFO GPL-0015] Region area:                1607410.426 um^2
[INFO GPL-0017] Fixed instances area:         8568.806 um^2
[INFO GPL-0018] Movable instances area:     814443.637 um^2
[INFO GPL-0019] Utilization:                    50.940 %
[INFO GPL-0020] Standard cells area:        814443.637 um^2
[INFO GPL-0021] Large instances area:            0.000 um^2
[INFO GPL-0005] ---- Execute Conjugate Gradient Initial Placement.
[INFO GPL-0051] Source of initial instance position counters:
	Odb location = 0	Core center = 32647	Region center = 0
[InitialPlace]  Iter: 1 conjugate gradient residual: 0.00082515 HPWL: 3500269010
[InitialPlace]  Iter: 2 conjugate gradient residual: 0.00052216 HPWL: 774376595
[InitialPlace]  Iter: 3 conjugate gradient residual: 0.00030717 HPWL: 779266703
[InitialPlace]  Iter: 4 conjugate gradient residual: 0.00021239 HPWL: 782583701
[InitialPlace]  Iter: 5 conjugate gradient residual: 0.00013632 HPWL: 782584886
[InitialPlace]  Iter: 6 conjugate gradient residual: 0.00011103 HPWL: 783926414
[InitialPlace]  Iter: 7 conjugate gradient residual: 0.00007115 HPWL: 783382911
[InitialPlace]  Iter: 8 conjugate gradient residual: 0.00003471 HPWL: 784404731
[InitialPlace]  Iter: 9 conjugate gradient residual: 0.00008110 HPWL: 783796422
[InitialPlace]  Iter: 10 conjugate gradient residual: 0.00008767 HPWL: 784681223
[InitialPlace]  Iter: 11 conjugate gradient residual: 0.00008428 HPWL: 784068323
[InitialPlace]  Iter: 12 conjugate gradient residual: 0.00002600 HPWL: 784866735
[InitialPlace]  Iter: 13 conjugate gradient residual: 0.00007636 HPWL: 784172221
[InitialPlace]  Iter: 14 conjugate gradient residual: 0.00013195 HPWL: 784997509
[InitialPlace]  Iter: 15 conjugate gradient residual: 0.00008224 HPWL: 784345646
[InitialPlace]  Iter: 16 conjugate gradient residual: 0.00003105 HPWL: 785090167
[InitialPlace]  Iter: 17 conjugate gradient residual: 0.00006319 HPWL: 784362885
[InitialPlace]  Iter: 18 conjugate gradient residual: 0.00007791 HPWL: 785121500
[InitialPlace]  Iter: 19 conjugate gradient residual: 0.00005926 HPWL: 784510315
[InitialPlace]  Iter: 20 conjugate gradient residual: 0.00006943 HPWL: 785211939
[INFO GPL-0033] ---- Initialize Nesterov Region: Top-level
[INFO GPL-0023] Placement target density:       0.5690
[INFO GPL-0024] Movable insts average area:     24.947 um^2
[INFO GPL-0025] Ideal bin area:                 43.844 um^2
[INFO GPL-0026] Ideal bin count:                 36662
[INFO GPL-0027] Total bin area:             1607410.426 um^2
[INFO GPL-0028] Bin count (X, Y):         128 ,    128
[INFO GPL-0029] Bin size (W * H):       9.927 *  9.883 um
[INFO GPL-0030] Number of bins:                  16384
[INFO GPL-0084] ---- Execute Nesterov Global Placement.
[INFO GPL-0031] HPWL: Half-Perimeter Wirelength
Iteration | Overflow |     HPWL (um) |  HPWL(%) |   Penalty | Group
---------------------------------------------------------------
        0 |   0.9985 |  5.903749e+04 |   +0.00% |  4.07e-18 |      
       10 |   0.9979 |  6.243105e+04 |   +5.75% |  6.63e-18 |      
       20 |   0.9976 |  6.230491e+04 |   -0.20% |  1.08e-17 |      
       30 |   0.9974 |  6.249473e+04 |   +0.30% |  1.76e-17 |      
       40 |   0.9971 |  6.274218e+04 |   +0.40% |  2.86e-17 |      
       50 |   0.9969 |  6.297659e+04 |   +0.37% |  4.67e-17 |      
       60 |   0.9969 |  6.319751e+04 |   +0.35% |  7.60e-17 |      
       70 |   0.9968 |  6.336520e+04 |   +0.27% |  1.24e-16 |      
       80 |   0.9968 |  6.344925e+04 |   +0.13% |  2.02e-16 |      
       90 |   0.9967 |  6.346461e+04 |   +0.02% |  3.28e-16 |      
      100 |   0.9967 |  6.345070e+04 |   -0.02% |  5.35e-16 |      
      110 |   0.9967 |  6.345868e+04 |   +0.01% |  8.71e-16 |      
      120 |   0.9968 |  6.354358e+04 |   +0.13% |  1.42e-15 |      
      130 |   0.9968 |  6.379686e+04 |   +0.40% |  2.31e-15 |      
      140 |   0.9967 |  6.444766e+04 |   +1.02% |  3.76e-15 |      
      150 |   0.9965 |  6.596581e+04 |   +2.36% |  6.13e-15 |      
      160 |   0.9963 |  6.875084e+04 |   +4.22% |  9.98e-15 |      
      170 |   0.9951 |  7.342747e+04 |   +6.80% |  1.62e-14 |      
      180 |   0.9942 |  8.203869e+04 |  +11.73% |  2.64e-14 |      
      190 |   0.9923 |  9.793646e+04 |  +19.38% |  4.29e-14 |      
      200 |   0.9882 |  1.233455e+05 |  +25.94% |  6.95e-14 |      
      210 |   0.9811 |  1.599440e+05 |  +29.67% |  1.12e-13 |      
      220 |   0.9706 |  2.068247e+05 |  +29.31% |  1.81e-13 |      
      230 |   0.9591 |  2.565559e+05 |  +24.05% |  2.92e-13 |      
      240 |   0.9441 |  3.099047e+05 |  +20.79% |  4.70e-13 |      
      250 |   0.9250 |  3.711032e+05 |  +19.75% |  7.55e-13 |      
      260 |   0.9011 |  4.391241e+05 |  +18.33% |  1.21e-12 |      
      270 |   0.8727 |  5.132484e+05 |  +16.88% |  1.94e-12 |      
      280 |   0.8399 |  5.926339e+05 |  +15.47% |  3.11e-12 |      
      290 |   0.8085 |  6.744972e+05 |  +13.81% |  4.98e-12 |      
      300 |   0.7731 |  7.567409e+05 |  +12.19% |  7.96e-12 |      
      310 |   0.7407 |  8.339021e+05 |  +10.20% |  1.28e-11 |      
      320 |   0.7031 |  9.115376e+05 |   +9.31% |  2.04e-11 |      
      330 |   0.6623 |  9.793041e+05 |   +7.43% |  3.28e-11 |      
[INFO GPL-0100] Timing-driven iteration 1/2, virtual: false.
[INFO GPL-0101]    Iter: 338, overflow: 0.632, keep resizer changes at: 1, HPWL: 2038877240
Iteration |   Area    | Resized | Buffers | Nets repaired | Remaining
---------------------------------------------------------------------
        0 |     +0.0% |       0 |       0 |             0 |     32650
    final |     +2.5% |     121 |     144 |           131 |         0
---------------------------------------------------------------------
[INFO RSZ-0034] Found 121 slew violations.
[INFO RSZ-0036] Found 29 capacitance violations.
[INFO RSZ-0039] Resized 121 instances.
[INFO RSZ-0038] Inserted 144 buffers in 131 nets.
   Iter   |    Area   | Removed | Inserted |   Pins
          |           | Buffers | Buffers  | Remaining
-------------------------------------------------------
        0 |     +0.0% |       0 |        0 |     32356
     3200 |     +0.0% |       0 |        1 |     29156
     6400 |     +0.0% |       0 |        1 |     25956
     9600 |     +0.0% |       0 |        1 |     22756
    12800 |     +0.0% |       0 |        2 |     19556
    16000 |     +0.0% |       1 |        8 |     16356
    19200 |     +0.1% |       2 |       24 |     13156
    22400 |     -0.0% |      42 |       77 |      9956
    25600 |     -0.2% |      66 |       99 |      6756
    28800 |     -0.5% |     101 |      128 |      3556
    32000 |     -1.0% |     135 |      163 |       356
    final |     -1.0% |     144 |      200 |         0
-------------------------------------------------------
[INFO GPL-0106] Timing-driven: worst slack 2.3582935e-08
[INFO GPL-0107] Timing-driven: repair_design delta area: 10265.631 um^2 (+1.26%)
[INFO GPL-0108] Timing-driven: repair_design, gpl delta gcells: 200 (+0.61%)
[INFO GPL-0109] Timing-driven: repair_design, gcells created: 344, deleted: 144
[INFO GPL-0110] Timing-driven: new target density: 0.5754207
Iteration | Overflow |     HPWL (um) |  HPWL(%) |   Penalty | Group
---------------------------------------------------------------
      340 |   0.6202 |  1.052893e+06 |   +7.51% |  5.25e-11 |      
[INFO GPL-0038] Routability snapshot saved at iter = 349
      348 |   0.5971 |  1.118006e+06 |          |           |      
      350 |   0.5901 |  1.127592e+06 |   +7.09% |  8.41e-11 |      
      360 |   0.5498 |  1.202246e+06 |   +6.62% |  1.35e-10 |      
      370 |   0.4989 |  1.281749e+06 |   +6.61% |  2.16e-10 |      
      380 |   0.4588 |  1.360204e+06 |   +6.12% |  3.46e-10 |      
      390 |   0.4142 |  1.436491e+06 |   +5.61% |  5.54e-10 |      
      400 |   0.3735 |  1.474940e+06 |   +2.68% |  8.94e-10 |      
      410 |   0.3379 |  1.485124e+06 |   +0.69% |  1.42e-09 |      
      420 |   0.3109 |  1.472551e+06 |   -0.85% |  2.10e-09 |      
[INFO GPL-0040] Routability iteration: 1
[WARNING GRT-0281] Net i_clk has a large fanout of 1281 terminals.
[INFO GPL-0041] Total routing overflow: 197.0126
[INFO GPL-0042] Number of overflowed tiles: 1167 (5.12%)
[INFO GPL-0043] Average top 0.5% routing congestion: 1.4613
[INFO GPL-0044] Average top 1.0% routing congestion: 1.3882
[INFO GPL-0045] Average top 2.0% routing congestion: 1.3043
[INFO GPL-0046] Average top 5.0% routing congestion: 1.1726
[INFO GPL-0047] Routability iteration weighted routing congestion: 1.4248
[INFO GPL-0048] Routing congestion (1.4248) lower than previous minimum (1e+30). Updating minimum.
[INFO GPL-0086] Inflated area:               27273.182 um^2 (+3.31%)
[INFO GPL-0052] Placement target density:       0.5754
[INFO GPL-0076] Removing fillers, count: Before: 4179, After: 2983 (-28.62%)
[INFO GPL-0077] Filler area (um^2)     : Before: 95297.297, After: 68007.682 (-28.64%)
[INFO GPL-0078] Removed fillers count: 1196, area removed: 27266.909 um^2. Remaining area to be compensated by modifying density: 6.273 um^2
[INFO GPL-0058] White space area:           1598841.619 um^2 (+0.00%)
[INFO GPL-0059] Movable instances area:     920006.558 um^2 (+0.00%)
[INFO GPL-0060] Total filler area:           68007.682 um^2 (-28.64%)
[INFO GPL-0061] Total non-inflated area:    919990.131 um^2 (-0.00%)
[INFO GPL-0062] Total inflated area:        947263.312 um^2 (-0.00%)
[INFO GPL-0063] New Target Density:             0.5754
[INFO GPL-0087] Routability end iteration: increase inflation and revert back to snapshot.
Iteration | Overflow |     HPWL (um) |  HPWL(%) |   Penalty | Group
---------------------------------------------------------------
      430 |   0.5881 |  1.165236e+06 |  -20.87% |  9.32e-11 |      
      440 |   0.5395 |  1.282964e+06 |  +10.10% |  1.34e-10 |      
      450 |   0.4969 |  1.362243e+06 |   +6.18% |  1.95e-10 |      
      460 |   0.4727 |  1.424127e+06 |   +4.54% |  2.84e-10 |      
      470 |   0.4383 |  1.476494e+06 |   +3.68% |  4.15e-10 |      
      480 |   0.4018 |  1.503304e+06 |   +1.82% |  6.08e-10 |      
      490 |   0.3725 |  1.516006e+06 |   +0.84% |  8.94e-10 |      
      500 |   0.3448 |  1.530114e+06 |   +0.93% |  1.31e-09 |      
      510 |   0.3122 |  1.551276e+06 |   +1.38% |  1.93e-09 |      
[INFO GPL-0040] Routability iteration: 2
[INFO GPL-0041] Total routing overflow: 145.7504
[INFO GPL-0042] Number of overflowed tiles: 1075 (4.71%)
[INFO GPL-0043] Average top 0.5% routing congestion: 1.3614
[INFO GPL-0044] Average top 1.0% routing congestion: 1.3066
[INFO GPL-0045] Average top 2.0% routing congestion: 1.2401
[INFO GPL-0046] Average top 5.0% routing congestion: 1.1275
[INFO GPL-0047] Routability iteration weighted routing congestion: 1.3340
[INFO GPL-0048] Routing congestion (1.3340) lower than previous minimum (1.425). Updating minimum.
[INFO GPL-0086] Inflated area:               18505.629 um^2 (+2.17%)
[INFO GPL-0052] Placement target density:       0.5754
[INFO GPL-0076] Removing fillers, count: Before: 2983, After: 2172 (-27.19%)
[INFO GPL-0077] Filler area (um^2)     : Before: 68007.682, After: 49518.165 (-27.19%)
[INFO GPL-0078] Removed fillers count: 811, area removed: 18489.517 um^2. Remaining area to be compensated by modifying density: 16.112 um^2
[INFO GPL-0058] White space area:           1598841.619 um^2 (+0.00%)
[INFO GPL-0059] Movable instances area:     920006.558 um^2 (+0.00%)
[INFO GPL-0060] Total filler area:           49518.165 um^2 (-27.19%)
[INFO GPL-0061] Total non-inflated area:    920006.244 um^2 (+0.00%)
[INFO GPL-0062] Total inflated area:        938511.874 um^2 (+0.00%)
[INFO GPL-0063] New Target Density:             0.5754
[INFO GPL-0087] Routability end iteration: increase inflation and revert back to snapshot.
Iteration | Overflow |     HPWL (um) |  HPWL(%) |   Penalty | Group
---------------------------------------------------------------
      520 |   0.6003 |  1.160871e+06 |  -25.17% |  8.97e-11 |      
      530 |   0.5411 |  1.323467e+06 |  +14.01% |  1.28e-10 |      
      540 |   0.4956 |  1.420165e+06 |   +7.31% |  1.86e-10 |      
      550 |   0.4751 |  1.486362e+06 |   +4.66% |  2.70e-10 |      
      560 |   0.4418 |  1.536113e+06 |   +3.35% |  3.95e-10 |      
      570 |   0.4049 |  1.558283e+06 |   +1.44% |  5.79e-10 |      
      580 |   0.3751 |  1.564039e+06 |   +0.37% |  8.52e-10 |      
      590 |   0.3459 |  1.580086e+06 |   +1.03% |  1.25e-09 |      
      600 |   0.3177 |  1.610234e+06 |   +1.91% |  1.84e-09 |      
[INFO GPL-0040] Routability iteration: 3
[INFO GPL-0041] Total routing overflow: 123.4474
[INFO GPL-0042] Number of overflowed tiles: 998 (4.38%)
[INFO GPL-0043] Average top 0.5% routing congestion: 1.3097
[INFO GPL-0044] Average top 1.0% routing congestion: 1.2667
[INFO GPL-0045] Average top 2.0% routing congestion: 1.2100
[INFO GPL-0046] Average top 5.0% routing congestion: 1.1070
[INFO GPL-0047] Routability iteration weighted routing congestion: 1.2882
[INFO GPL-0048] Routing congestion (1.2882) lower than previous minimum (1.334). Updating minimum.
[INFO GPL-0086] Inflated area:               14235.576 um^2 (+1.64%)
[INFO GPL-0052] Placement target density:       0.5754
[INFO GPL-0076] Removing fillers, count: Before: 2172, After: 1548 (-28.73%)
[INFO GPL-0077] Filler area (um^2)     : Before: 49518.165, After: 35291.952 (-28.73%)
[INFO GPL-0078] Removed fillers count: 624, area removed: 14226.213 um^2. Remaining area to be compensated by modifying density: 9.363 um^2
[INFO GPL-0058] White space area:           1598841.619 um^2 (+0.00%)
[INFO GPL-0059] Movable instances area:     920006.558 um^2 (+0.00%)
[INFO GPL-0060] Total filler area:           35291.952 um^2 (-28.73%)
[INFO GPL-0061] Total non-inflated area:    920015.606 um^2 (+0.00%)
[INFO GPL-0062] Total inflated area:        934251.182 um^2 (+0.00%)
[INFO GPL-0063] New Target Density:             0.5754
[INFO GPL-0087] Routability end iteration: increase inflation and revert back to snapshot.
Iteration | Overflow |     HPWL (um) |  HPWL(%) |   Penalty | Group
---------------------------------------------------------------
      610 |   0.6118 |  1.142751e+06 |  -29.03% |  8.65e-11 |      
      620 |   0.5446 |  1.352399e+06 |  +18.35% |  1.23e-10 |      
      630 |   0.4948 |  1.465828e+06 |   +8.39% |  1.77e-10 |      
      640 |   0.4748 |  1.537048e+06 |   +4.86% |  2.58e-10 |      
      650 |   0.4465 |  1.582633e+06 |   +2.97% |  3.77e-10 |      
      660 |   0.4091 |  1.603630e+06 |   +1.33% |  5.53e-10 |      
      670 |   0.3775 |  1.604105e+06 |   +0.03% |  8.14e-10 |      
      680 |   0.3483 |  1.619417e+06 |   +0.95% |  1.20e-09 |      
      690 |   0.3209 |  1.656181e+06 |   +2.27% |  1.75e-09 |      
[INFO GPL-0040] Routability iteration: 4
[INFO GPL-0041] Total routing overflow: 105.5614
[INFO GPL-0042] Number of overflowed tiles: 945 (4.14%)
[INFO GPL-0043] Average top 0.5% routing congestion: 1.2826
[INFO GPL-0044] Average top 1.0% routing congestion: 1.2426
[INFO GPL-0045] Average top 2.0% routing congestion: 1.1858
[INFO GPL-0046] Average top 5.0% routing congestion: 1.0905
[INFO GPL-0047] Routability iteration weighted routing congestion: 1.2626
[INFO GPL-0048] Routing congestion (1.2626) lower than previous minimum (1.288). Updating minimum.
[INFO GPL-0086] Inflated area:               10723.880 um^2 (+1.21%)
[INFO GPL-0052] Placement target density:       0.5754
[INFO GPL-0076] Removing fillers, count: Before: 1548, After: 1078 (-30.36%)
[INFO GPL-0077] Filler area (um^2)     : Before: 35291.952, After: 24576.695 (-30.36%)
[INFO GPL-0078] Removed fillers count: 470, area removed: 10715.257 um^2. Remaining area to be compensated by modifying density: 8.623 um^2
[INFO GPL-0058] White space area:           1598841.619 um^2 (+0.00%)
[INFO GPL-0059] Movable instances area:     920006.558 um^2 (+0.00%)
[INFO GPL-0060] Total filler area:           24576.695 um^2 (-30.36%)
[INFO GPL-0061] Total non-inflated area:    920024.229 um^2 (+0.00%)
[INFO GPL-0062] Total inflated area:        930748.109 um^2 (+0.00%)
[INFO GPL-0063] New Target Density:             0.5754
[INFO GPL-0087] Routability end iteration: increase inflation and revert back to snapshot.
Iteration | Overflow |     HPWL (um) |  HPWL(%) |   Penalty | Group
---------------------------------------------------------------
      700 |   0.6214 |  1.124022e+06 |  -32.13% |  8.34e-11 |      
      710 |   0.5489 |  1.369878e+06 |  +21.87% |  1.18e-10 |      
      720 |   0.4957 |  1.496895e+06 |   +9.27% |  1.70e-10 |      
      730 |   0.4768 |  1.573123e+06 |   +5.09% |  2.46e-10 |      
      740 |   0.4508 |  1.619830e+06 |   +2.97% |  3.60e-10 |      
      750 |   0.4137 |  1.637352e+06 |   +1.08% |  5.28e-10 |      
      760 |   0.3811 |  1.635082e+06 |   -0.14% |  7.78e-10 |      
      770 |   0.3508 |  1.649609e+06 |   +0.89% |  1.14e-09 |      
      780 |   0.3258 |  1.690606e+06 |   +2.49% |  1.67e-09 |      
[INFO GPL-0040] Routability iteration: 5
[INFO GPL-0041] Total routing overflow: 103.3418
[INFO GPL-0042] Number of overflowed tiles: 933 (4.09%)
[INFO GPL-0043] Average top 0.5% routing congestion: 1.2724
[INFO GPL-0044] Average top 1.0% routing congestion: 1.2331
[INFO GPL-0045] Average top 2.0% routing congestion: 1.1816
[INFO GPL-0046] Average top 5.0% routing congestion: 1.0881
[INFO GPL-0047] Routability iteration weighted routing congestion: 1.2527
[INFO GPL-0048] Routing congestion (1.2527) lower than previous minimum (1.263). Updating minimum.
[INFO GPL-0086] Inflated area:               10820.083 um^2 (+1.21%)
[INFO GPL-0052] Placement target density:       0.5754
[INFO GPL-0076] Removing fillers, count: Before: 1078, After: 604 (-43.97%)
[INFO GPL-0077] Filler area (um^2)     : Before: 24576.695, After: 13770.245 (-43.97%)
[INFO GPL-0078] Removed fillers count: 474, area removed: 10806.450 um^2. Remaining area to be compensated by modifying density: 13.633 um^2
[INFO GPL-0058] White space area:           1598841.619 um^2 (+0.00%)
[INFO GPL-0059] Movable instances area:     920006.558 um^2 (+0.00%)
[INFO GPL-0060] Total filler area:           13770.245 um^2 (-43.97%)
[INFO GPL-0061] Total non-inflated area:    920037.862 um^2 (+0.00%)
[INFO GPL-0062] Total inflated area:        930857.945 um^2 (+0.00%)
[INFO GPL-0063] New Target Density:             0.5754
[INFO GPL-0087] Routability end iteration: increase inflation and revert back to snapshot.
Iteration | Overflow |     HPWL (um) |  HPWL(%) |   Penalty | Group
---------------------------------------------------------------
      790 |   0.6296 |  1.113688e+06 |  -34.12% |  8.02e-11 |      
      800 |   0.5542 |  1.386011e+06 |  +24.45% |  1.13e-10 |      
      810 |   0.4955 |  1.528458e+06 |  +10.28% |  1.62e-10 |      
      820 |   0.4789 |  1.610605e+06 |   +5.37% |  2.35e-10 |      
      830 |   0.4560 |  1.657838e+06 |   +2.93% |  3.44e-10 |      
      840 |   0.4172 |  1.671191e+06 |   +0.81% |  5.05e-10 |      
      850 |   0.3875 |  1.666918e+06 |   -0.26% |  7.44e-10 |      
      860 |   0.3519 |  1.681778e+06 |   +0.89% |  1.09e-09 |      
      870 |   0.3301 |  1.726131e+06 |   +2.64% |  1.60e-09 |      
      880 |   0.3027 |  1.749231e+06 |   +1.34% |  2.35e-09 |      
[INFO GPL-0040] Routability iteration: 6
[INFO GPL-0041] Total routing overflow: 97.6414
[INFO GPL-0042] Number of overflowed tiles: 855 (3.75%)
[INFO GPL-0043] Average top 0.5% routing congestion: 1.2782
[INFO GPL-0044] Average top 1.0% routing congestion: 1.2334
[INFO GPL-0045] Average top 2.0% routing congestion: 1.1782
[INFO GPL-0046] Average top 5.0% routing congestion: 1.0809
[INFO GPL-0047] Routability iteration weighted routing congestion: 1.2558
[INFO GPL-0049] Routing congestion (1.2558) higher than minimum (1.2527). Consecutive non-improvement count: 1.
[INFO GPL-0086] Inflated area:               10284.695 um^2 (+1.13%)
[INFO GPL-0052] Placement target density:       0.5754
[INFO GPL-0076] Removing fillers, count: Before: 604, After: 153 (-74.67%)
[INFO GPL-0077] Filler area (um^2)     : Before: 13770.245, After: 3488.158 (-74.67%)
[INFO GPL-0078] Removed fillers count: 451, area removed: 10282.087 um^2. Remaining area to be compensated by modifying density: 2.609 um^2
[INFO GPL-0058] White space area:           1598841.619 um^2 (+0.00%)
[INFO GPL-0059] Movable instances area:     920006.558 um^2 (+0.00%)
[INFO GPL-0060] Total filler area:            3488.158 um^2 (-74.67%)
[INFO GPL-0061] Total non-inflated area:    920040.470 um^2 (+0.00%)
[INFO GPL-0062] Total inflated area:        930325.166 um^2 (+0.00%)
[INFO GPL-0063] New Target Density:             0.5754
[INFO GPL-0087] Routability end iteration: increase inflation and revert back to snapshot.
Iteration | Overflow |     HPWL (um) |  HPWL(%) |   Penalty | Group
---------------------------------------------------------------
      890 |   0.5771 |  1.343268e+06 |  -23.21% |  1.02e-10 |      
      900 |   0.5043 |  1.533691e+06 |  +14.18% |  1.44e-10 |      
      910 |   0.4810 |  1.632474e+06 |   +6.44% |  2.09e-10 |      
      920 |   0.4679 |  1.687237e+06 |   +3.35% |  3.05e-10 |      
      930 |   0.4296 |  1.703623e+06 |   +0.97% |  4.47e-10 |      
      940 |   0.3970 |  1.697490e+06 |   -0.36% |  6.59e-10 |      
      950 |   0.3630 |  1.709166e+06 |   +0.69% |  9.69e-10 |      
      960 |   0.3351 |  1.745915e+06 |   +2.15% |  1.42e-09 |      
      970 |   0.3133 |  1.778688e+06 |   +1.88% |  2.08e-09 |      
[INFO GPL-0040] Routability iteration: 7
[INFO GPL-0041] Total routing overflow: 90.4049
[INFO GPL-0042] Number of overflowed tiles: 856 (3.75%)
[INFO GPL-0043] Average top 0.5% routing congestion: 1.2518
[INFO GPL-0044] Average top 1.0% routing congestion: 1.2117
[INFO GPL-0045] Average top 2.0% routing congestion: 1.1641
[INFO GPL-0046] Average top 5.0% routing congestion: 1.0740
[INFO GPL-0047] Routability iteration weighted routing congestion: 1.2318
[INFO GPL-0048] Routing congestion (1.2318) lower than previous minimum (1.253). Updating minimum.
[INFO GPL-0086] Inflated area:               10147.058 um^2 (+1.11%)
[INFO GPL-0052] Placement target density:       0.5754
[INFO GPL-0076] Removing fillers, count: Before: 153, After: 0 (-100.00%)
[INFO GPL-0077] Filler area (um^2)     : Before: 3488.158, After: 0.000 (-100.00%)
[INFO GPL-0078] Removed fillers count: 153, area removed: 3488.158 um^2. Remaining area to be compensated by modifying density: 6658.899 um^2
[INFO GPL-0079] New target density: 0.5796067
[INFO GPL-0058] White space area:           1598841.619 um^2 (+0.00%)
[INFO GPL-0059] Movable instances area:     926699.356 um^2 (+0.73%)
[INFO GPL-0060] Total filler area:               0.000 um^2 (-100.00%)
[INFO GPL-0061] Total non-inflated area:    926699.369 um^2 (+0.72%)
[INFO GPL-0062] Total inflated area:        936846.427 um^2 (+0.72%)
[INFO GPL-0063] New Target Density:             0.5796
[INFO GPL-0087] Routability end iteration: increase inflation and revert back to snapshot.
Iteration | Overflow |     HPWL (um) |  HPWL(%) |   Penalty | Group
---------------------------------------------------------------
      980 |   0.6055 |  1.247423e+06 |  -29.87% |  9.22e-11 |      
      990 |   0.5178 |  1.520143e+06 |  +21.86% |  1.29e-10 |      
     1000 |   0.4801 |  1.640478e+06 |   +7.92% |  1.86e-10 |      
     1010 |   0.4770 |  1.701787e+06 |   +3.74% |  2.71e-10 |      
     1020 |   0.4432 |  1.726786e+06 |   +1.47% |  3.96e-10 |      
     1030 |   0.4032 |  1.720618e+06 |   -0.36% |  5.84e-10 |      
     1040 |   0.3735 |  1.724161e+06 |   +0.21% |  8.60e-10 |      
     1050 |   0.3437 |  1.757773e+06 |   +1.95% |  1.26e-09 |      
     1060 |   0.3195 |  1.799180e+06 |   +2.36% |  1.84e-09 |      
[INFO GPL-0040] Routability iteration: 8
[INFO GPL-0041] Total routing overflow: 89.0569
[INFO GPL-0042] Number of overflowed tiles: 859 (3.77%)
[INFO GPL-0043] Average top 0.5% routing congestion: 1.2559
[INFO GPL-0044] Average top 1.0% routing congestion: 1.2148
[INFO GPL-0045] Average top 2.0% routing congestion: 1.1627
[INFO GPL-0046] Average top 5.0% routing congestion: 1.0722
[INFO GPL-0047] Routability iteration weighted routing congestion: 1.2353
[INFO GPL-0049] Routing congestion (1.2353) higher than minimum (1.2318). Consecutive non-improvement count: 1.
[INFO GPL-0086] Inflated area:                9764.224 um^2 (+1.05%)
[INFO GPL-0052] Placement target density:       0.5796
[INFO GPL-0076] Removing fillers, count: Before: 0, After: 0 (+0.00%)
[INFO GPL-0077] Filler area (um^2)     : Before: 0.000, After: 0.000 (+0.00%)
[INFO GPL-0078] Removed fillers count: 0, area removed: 0.000 um^2. Remaining area to be compensated by modifying density: 9764.224 um^2
[INFO GPL-0079] New target density: 0.58571374
[INFO GPL-0058] White space area:           1598841.619 um^2 (+0.00%)
[INFO GPL-0059] Movable instances area:     936463.565 um^2 (+1.05%)
[INFO GPL-0060] Total filler area:               0.000 um^2 (+0.00%)
[INFO GPL-0061] Total non-inflated area:    936463.593 um^2 (+1.05%)
[INFO GPL-0062] Total inflated area:        946227.817 um^2 (+1.04%)
[INFO GPL-0063] New Target Density:             0.5857
[INFO GPL-0087] Routability end iteration: increase inflation and revert back to snapshot.
Iteration | Overflow |     HPWL (um) |  HPWL(%) |   Penalty | Group
---------------------------------------------------------------
     1070 |   0.6328 |  1.124607e+06 |  -37.49% |  8.34e-11 |      
     1080 |   0.5364 |  1.491870e+06 |  +32.66% |  1.15e-10 |      
     1090 |   0.4862 |  1.636272e+06 |   +9.68% |  1.65e-10 |      
     1100 |   0.4819 |  1.706168e+06 |   +4.27% |  2.41e-10 |      
     1110 |   0.4528 |  1.742000e+06 |   +2.10% |  3.52e-10 |      
     1120 |   0.4149 |  1.738678e+06 |   -0.19% |  5.18e-10 |      
     1130 |   0.3854 |  1.737814e+06 |   -0.05% |  7.64e-10 |      
     1140 |   0.3497 |  1.763423e+06 |   +1.47% |  1.12e-09 |      
     1150 |   0.3270 |  1.807175e+06 |   +2.48% |  1.64e-09 |      
     1160 |   0.3007 |  1.816596e+06 |   +0.52% |  2.41e-09 |      
[INFO GPL-0040] Routability iteration: 9
[INFO GPL-0041] Total routing overflow: 81.2923
[INFO GPL-0042] Number of overflowed tiles: 867 (3.80%)
[INFO GPL-0043] Average top 0.5% routing congestion: 1.2283
[INFO GPL-0044] Average top 1.0% routing congestion: 1.1930
[INFO GPL-0045] Average top 2.0% routing congestion: 1.1486
[INFO GPL-0046] Average top 5.0% routing congestion: 1.0662
[INFO GPL-0047] Routability iteration weighted routing congestion: 1.2107
[INFO GPL-0048] Routing congestion (1.2107) lower than previous minimum (1.232). Updating minimum.
[INFO GPL-0086] Inflated area:                8416.171 um^2 (+0.90%)
[INFO GPL-0052] Placement target density:       0.5857
[INFO GPL-0076] Removing fillers, count: Before: 0, After: 0 (+0.00%)
[INFO GPL-0077] Filler area (um^2)     : Before: 0.000, After: 0.000 (+0.00%)
[INFO GPL-0078] Removed fillers count: 0, area removed: 0.000 um^2. Remaining area to be compensated by modifying density: 8416.171 um^2
[INFO GPL-0079] New target density: 0.59097767
[INFO GPL-0058] White space area:           1598841.619 um^2 (+0.00%)
[INFO GPL-0059] Movable instances area:     944879.763 um^2 (+0.90%)
[INFO GPL-0060] Total filler area:               0.000 um^2 (+0.00%)
[INFO GPL-0061] Total non-inflated area:    944879.765 um^2 (+0.90%)
[INFO GPL-0062] Total inflated area:        953295.936 um^2 (+0.89%)
[INFO GPL-0063] New Target Density:             0.5910
[INFO GPL-0087] Routability end iteration: increase inflation and revert back to snapshot.
Iteration | Overflow |     HPWL (um) |  HPWL(%) |   Penalty | Group
---------------------------------------------------------------
     1170 |   0.5612 |  1.437690e+06 |  -20.86% |  1.04e-10 |      
     1180 |   0.4921 |  1.625060e+06 |  +13.03% |  1.48e-10 |      
     1190 |   0.4797 |  1.710649e+06 |   +5.27% |  2.14e-10 |      
     1200 |   0.4666 |  1.750573e+06 |   +2.33% |  3.13e-10 |      
     1210 |   0.4251 |  1.754069e+06 |   +0.20% |  4.60e-10 |      
     1220 |   0.3911 |  1.751253e+06 |   -0.16% |  6.78e-10 |      
     1230 |   0.3575 |  1.768714e+06 |   +1.00% |  9.97e-10 |      
     1240 |   0.3345 |  1.809780e+06 |   +2.32% |  1.46e-09 |      
     1250 |   0.3096 |  1.831479e+06 |   +1.20% |  2.14e-09 |      
[INFO GPL-0040] Routability iteration: 10
[INFO GPL-0041] Total routing overflow: 94.8695
[INFO GPL-0042] Number of overflowed tiles: 919 (4.03%)
[INFO GPL-0043] Average top 0.5% routing congestion: 1.2404
[INFO GPL-0044] Average top 1.0% routing congestion: 1.2092
[INFO GPL-0045] Average top 2.0% routing congestion: 1.1647
[INFO GPL-0046] Average top 5.0% routing congestion: 1.0795
[INFO GPL-0047] Routability iteration weighted routing congestion: 1.2248
[INFO GPL-0049] Routing congestion (1.2248) higher than minimum (1.2107). Consecutive non-improvement count: 1.
[INFO GPL-0086] Inflated area:               10938.436 um^2 (+1.16%)
[INFO GPL-0052] Placement target density:       0.5910
[INFO GPL-0076] Removing fillers, count: Before: 0, After: 0 (+0.00%)
[INFO GPL-0077] Filler area (um^2)     : Before: 0.000, After: 0.000 (+0.00%)
[INFO GPL-0078] Removed fillers count: 0, area removed: 0.000 um^2. Remaining area to be compensated by modifying density: 10938.436 um^2
[INFO GPL-0079] New target density: 0.59781915
[INFO GPL-0058] White space area:           1598841.619 um^2 (+0.00%)
[INFO GPL-0059] Movable instances area:     955818.181 um^2 (+1.16%)
[INFO GPL-0060] Total filler area:               0.000 um^2 (+0.00%)
[INFO GPL-0061] Total non-inflated area:    955818.200 um^2 (+1.16%)
[INFO GPL-0062] Total inflated area:        966756.636 um^2 (+1.14%)
[INFO GPL-0063] New Target Density:             0.5978
[INFO GPL-0087] Routability end iteration: increase inflation and revert back to snapshot.
Iteration | Overflow |     HPWL (um) |  HPWL(%) |   Penalty | Group
---------------------------------------------------------------
     1260 |   0.5794 |  1.388795e+06 |  -24.17% |  9.73e-11 |      
     1270 |   0.4963 |  1.622906e+06 |  +16.86% |  1.37e-10 |      
     1280 |   0.4822 |  1.718351e+06 |   +5.88% |  1.98e-10 |      
     1290 |   0.4721 |  1.761994e+06 |   +2.54% |  2.89e-10 |      
     1300 |   0.4317 |  1.768826e+06 |   +0.39% |  4.25e-10 |      
     1310 |   0.3973 |  1.767600e+06 |   -0.07% |  6.26e-10 |      
     1320 |   0.3634 |  1.785436e+06 |   +1.01% |  9.20e-10 |      
     1330 |   0.3400 |  1.816664e+06 |   +1.75% |  1.35e-09 |      
     1340 |   0.3151 |  1.848178e+06 |   +1.73% |  1.97e-09 |      
[INFO GPL-0040] Routability iteration: 11
[INFO GPL-0041] Total routing overflow: 89.0227
[INFO GPL-0042] Number of overflowed tiles: 946 (4.15%)
[INFO GPL-0043] Average top 0.5% routing congestion: 1.2200
[INFO GPL-0044] Average top 1.0% routing congestion: 1.1901
[INFO GPL-0045] Average top 2.0% routing congestion: 1.1509
[INFO GPL-0046] Average top 5.0% routing congestion: 1.0754
[INFO GPL-0047] Routability iteration weighted routing congestion: 1.2050
[INFO GPL-0048] Routing congestion (1.2050) lower than previous minimum (1.211). Updating minimum.
[INFO GPL-0086] Inflated area:                9610.169 um^2 (+1.01%)
[INFO GPL-0052] Placement target density:       0.5978
[INFO GPL-0076] Removing fillers, count: Before: 0, After: 0 (+0.00%)
[INFO GPL-0077] Filler area (um^2)     : Before: 0.000, After: 0.000 (+0.00%)
[INFO GPL-0078] Removed fillers count: 0, area removed: 0.000 um^2. Remaining area to be compensated by modifying density: 9610.169 um^2
[INFO GPL-0079] New target density: 0.60382986
[INFO GPL-0058] White space area:           1598841.619 um^2 (+0.00%)
[INFO GPL-0059] Movable instances area:     965428.380 um^2 (+1.01%)
[INFO GPL-0060] Total filler area:               0.000 um^2 (+0.00%)
[INFO GPL-0061] Total non-inflated area:    965428.369 um^2 (+1.01%)
[INFO GPL-0062] Total inflated area:        975038.538 um^2 (+1.00%)
[INFO GPL-0063] New Target Density:             0.6038
[INFO GPL-0087] Routability end iteration: increase inflation and revert back to snapshot.
Iteration | Overflow |     HPWL (um) |  HPWL(%) |   Penalty | Group
---------------------------------------------------------------
     1350 |   0.6156 |  1.240546e+06 |  -32.88% |  8.91e-11 |      
     1360 |   0.5099 |  1.600359e+06 |  +29.00% |  1.22e-10 |      
     1370 |   0.4808 |  1.719140e+06 |   +7.42% |  1.76e-10 |      
     1380 |   0.4780 |  1.771060e+06 |   +3.02% |  2.57e-10 |      
     1390 |   0.4458 |  1.781374e+06 |   +0.58% |  3.78e-10 |      
     1400 |   0.4069 |  1.782460e+06 |   +0.06% |  5.56e-10 |      
     1410 |   0.3741 |  1.796630e+06 |   +0.79% |  8.18e-10 |      
     1420 |   0.3448 |  1.819513e+06 |   +1.27% |  1.20e-09 |      
     1430 |   0.3225 |  1.860010e+06 |   +2.23% |  1.76e-09 |      
[INFO GPL-0040] Routability iteration: 12
[INFO GPL-0041] Total routing overflow: 83.2030
[INFO GPL-0042] Number of overflowed tiles: 913 (4.00%)
[INFO GPL-0043] Average top 0.5% routing congestion: 1.2353
[INFO GPL-0044] Average top 1.0% routing congestion: 1.1951
[INFO GPL-0045] Average top 2.0% routing congestion: 1.1466
[INFO GPL-0046] Average top 5.0% routing congestion: 1.0700
[INFO GPL-0047] Routability iteration weighted routing congestion: 1.2152
[INFO GPL-0049] Routing congestion (1.2152) higher than minimum (1.2050). Consecutive non-improvement count: 1.
[INFO GPL-0086] Inflated area:                9909.989 um^2 (+1.03%)
[INFO GPL-0052] Placement target density:       0.6038
[INFO GPL-0076] Removing fillers, count: Before: 0, After: 0 (+0.00%)
[INFO GPL-0077] Filler area (um^2)     : Before: 0.000, After: 0.000 (+0.00%)
[INFO GPL-0078] Removed fillers count: 0, area removed: 0.000 um^2. Remaining area to be compensated by modifying density: 9909.989 um^2
[INFO GPL-0079] New target density: 0.6100281
[INFO GPL-0058] White space area:           1598841.619 um^2 (+0.00%)
[INFO GPL-0059] Movable instances area:     975338.340 um^2 (+1.03%)
[INFO GPL-0060] Total filler area:               0.000 um^2 (+0.00%)
[INFO GPL-0061] Total non-inflated area:    975338.358 um^2 (+1.03%)
[INFO GPL-0062] Total inflated area:        985248.347 um^2 (+1.02%)
[INFO GPL-0063] New Target Density:             0.6100
[INFO GPL-0087] Routability end iteration: increase inflation and revert back to snapshot.
Iteration | Overflow |     HPWL (um) |  HPWL(%) |   Penalty | Group
---------------------------------------------------------------
     1440 |   0.6405 |  1.111568e+06 |  -40.24% |  8.02e-11 |      
     1450 |   0.5264 |  1.559407e+06 |  +40.29% |  1.10e-10 |      
     1460 |   0.4819 |  1.716685e+06 |  +10.09% |  1.57e-10 |      
     1470 |   0.4809 |  1.779537e+06 |   +3.66% |  2.28e-10 |      
     1480 |   0.4568 |  1.796632e+06 |   +0.96% |  3.35e-10 |      
     1490 |   0.4165 |  1.796731e+06 |   +0.01% |  4.94e-10 |      
     1500 |   0.3840 |  1.806277e+06 |   +0.53% |  7.27e-10 |      
     1510 |   0.3534 |  1.826944e+06 |   +1.14% |  1.07e-09 |      
     1520 |   0.3299 |  1.868735e+06 |   +2.29% |  1.56e-09 |      
     1530 |   0.3031 |  1.875438e+06 |   +0.36% |  2.29e-09 |      
[INFO GPL-0040] Routability iteration: 13
[INFO GPL-0041] Total routing overflow: 83.9778
[INFO GPL-0042] Number of overflowed tiles: 931 (4.08%)
[INFO GPL-0043] Average top 0.5% routing congestion: 1.2211
[INFO GPL-0044] Average top 1.0% routing congestion: 1.1886
[INFO GPL-0045] Average top 2.0% routing congestion: 1.1450
[INFO GPL-0046] Average top 5.0% routing congestion: 1.0706
[INFO GPL-0047] Routability iteration weighted routing congestion: 1.2049
[INFO GPL-0049] Routing congestion (1.2049) higher than minimum (1.2050). Consecutive non-improvement count: 2.
[INFO GPL-0086] Inflated area:                9857.248 um^2 (+1.01%)
[INFO GPL-0052] Placement target density:       0.6100
[INFO GPL-0076] Removing fillers, count: Before: 0, After: 0 (+0.00%)
[INFO GPL-0077] Filler area (um^2)     : Before: 0.000, After: 0.000 (+0.00%)
[INFO GPL-0078] Removed fillers count: 0, area removed: 0.000 um^2. Remaining area to be compensated by modifying density: 9857.248 um^2
[INFO GPL-0079] New target density: 0.61619335
[INFO GPL-0058] White space area:           1598841.619 um^2 (+0.00%)
[INFO GPL-0059] Movable instances area:     985195.610 um^2 (+1.01%)
[INFO GPL-0060] Total filler area:               0.000 um^2 (+0.00%)
[INFO GPL-0061] Total non-inflated area:    985195.605 um^2 (+1.01%)
[INFO GPL-0062] Total inflated area:        995052.853 um^2 (+1.00%)
[INFO GPL-0063] New Target Density:             0.6162
[INFO GPL-0087] Routability end iteration: increase inflation and revert back to snapshot.
Iteration | Overflow |     HPWL (um) |  HPWL(%) |   Penalty | Group
---------------------------------------------------------------
     1540 |   0.5561 |  1.492820e+06 |  -20.40% |  9.92e-11 |      
     1550 |   0.4863 |  1.711474e+06 |  +14.65% |  1.40e-10 |      
     1560 |   0.4846 |  1.787614e+06 |   +4.45% |  2.03e-10 |      
     1570 |   0.4654 |  1.811258e+06 |   +1.32% |  2.98e-10 |      
     1580 |   0.4254 |  1.807556e+06 |   -0.20% |  4.39e-10 |      
     1590 |   0.3932 |  1.814284e+06 |   +0.37% |  6.45e-10 |      
     1600 |   0.3586 |  1.838108e+06 |   +1.31% |  9.47e-10 |      
     1610 |   0.3434 |  1.871638e+06 |   +1.82% |  1.39e-09 |      
     1620 |   0.3118 |  1.892465e+06 |   +1.11% |  2.03e-09 |      
[INFO GPL-0040] Routability iteration: 14
[INFO GPL-0041] Total routing overflow: 77.7274
[INFO GPL-0042] Number of overflowed tiles: 929 (4.07%)
[INFO GPL-0043] Average top 0.5% routing congestion: 1.2165
[INFO GPL-0044] Average top 1.0% routing congestion: 1.1807
[INFO GPL-0045] Average top 2.0% routing congestion: 1.1366
[INFO GPL-0046] Average top 5.0% routing congestion: 1.0657
[INFO GPL-0047] Routability iteration weighted routing congestion: 1.1986
[INFO GPL-0048] Routing congestion (1.1986) lower than previous minimum (1.205). Updating minimum.
[INFO GPL-0086] Inflated area:                8994.699 um^2 (+0.91%)
[INFO GPL-0052] Placement target density:       0.6162
[INFO GPL-0076] Removing fillers, count: Before: 0, After: 0 (+0.00%)
[INFO GPL-0077] Filler area (um^2)     : Before: 0.000, After: 0.000 (+0.00%)
[INFO GPL-0078] Removed fillers count: 0, area removed: 0.000 um^2. Remaining area to be compensated by modifying density: 8994.700 um^2
[INFO GPL-0079] New target density: 0.6218191
[INFO GPL-0058] White space area:           1598841.619 um^2 (+0.00%)
[INFO GPL-0059] Movable instances area:     994190.295 um^2 (+0.91%)
[INFO GPL-0060] Total filler area:               0.000 um^2 (+0.00%)
[INFO GPL-0061] Total non-inflated area:    994190.305 um^2 (+0.91%)
[INFO GPL-0062] Total inflated area:        1003185.005 um^2 (+0.90%)
[INFO GPL-0063] New Target Density:             0.6218
[INFO GPL-0087] Routability end iteration: increase inflation and revert back to snapshot.
Iteration | Overflow |     HPWL (um) |  HPWL(%) |   Penalty | Group
---------------------------------------------------------------
     1630 |   0.5991 |  1.353233e+06 |  -28.49% |  9.10e-11 |      
     1640 |   0.4955 |  1.694006e+06 |  +25.18% |  1.25e-10 |      
     1650 |   0.4838 |  1.792912e+06 |   +5.84% |  1.81e-10 |      
     1660 |   0.4737 |  1.821990e+06 |   +1.62% |  2.65e-10 |      
     1670 |   0.4387 |  1.817301e+06 |   -0.26% |  3.90e-10 |      
     1680 |   0.4025 |  1.823181e+06 |   +0.32% |  5.74e-10 |      
     1690 |   0.3679 |  1.845951e+06 |   +1.25% |  8.42e-10 |      
     1700 |   0.3458 |  1.872663e+06 |   +1.45% |  1.23e-09 |      
     1710 |   0.3181 |  1.905879e+06 |   +1.77% |  1.81e-09 |      
[INFO GPL-0040] Routability iteration: 15
[INFO GPL-0041] Total routing overflow: 83.5830
[INFO GPL-0042] Number of overflowed tiles: 942 (4.13%)
[INFO GPL-0043] Average top 0.5% routing congestion: 1.2206
[INFO GPL-0044] Average top 1.0% routing congestion: 1.1835
[INFO GPL-0045] Average top 2.0% routing congestion: 1.1417
[INFO GPL-0046] Average top 5.0% routing congestion: 1.0710
[INFO GPL-0047] Routability iteration weighted routing congestion: 1.2020
[INFO GPL-0049] Routing congestion (1.2020) higher than minimum (1.1986). Consecutive non-improvement count: 1.
[INFO GPL-0086] Inflated area:               10476.219 um^2 (+1.05%)
[INFO GPL-0052] Placement target density:       0.6218
[INFO GPL-0076] Removing fillers, count: Before: 0, After: 0 (+0.00%)
[INFO GPL-0077] Filler area (um^2)     : Before: 0.000, After: 0.000 (+0.00%)
[INFO GPL-0078] Removed fillers count: 0, area removed: 0.000 um^2. Remaining area to be compensated by modifying density: 10476.219 um^2
[INFO GPL-0079] New target density: 0.6283715
[INFO GPL-0058] White space area:           1598841.619 um^2 (+0.00%)
[INFO GPL-0059] Movable instances area:     1004666.487 um^2 (+1.05%)
[INFO GPL-0060] Total filler area:               0.000 um^2 (+0.00%)
[INFO GPL-0061] Total non-inflated area:    1004666.524 um^2 (+1.05%)
[INFO GPL-0062] Total inflated area:        1015142.743 um^2 (+1.04%)
[INFO GPL-0063] New Target Density:             0.6284
[INFO GPL-0087] Routability end iteration: increase inflation and revert back to snapshot.
Iteration | Overflow |     HPWL (um) |  HPWL(%) |   Penalty | Group
---------------------------------------------------------------
     1720 |   0.6387 |  1.129770e+06 |  -40.72% |  8.34e-11 |      
     1730 |   0.5055 |  1.666504e+06 |  +47.51% |  1.12e-10 |      
     1740 |   0.4818 |  1.797659e+06 |   +7.87% |  1.61e-10 |      
     1750 |   0.4808 |  1.834214e+06 |   +2.03% |  2.35e-10 |      
     1760 |   0.4486 |  1.832664e+06 |   -0.08% |  3.46e-10 |      
     1770 |   0.4121 |  1.836915e+06 |   +0.23% |  5.09e-10 |      
     1780 |   0.3783 |  1.858033e+06 |   +1.15% |  7.48e-10 |      
     1790 |   0.3492 |  1.877549e+06 |   +1.05% |  1.10e-09 |      
     1800 |   0.3249 |  1.916093e+06 |   +2.05% |  1.61e-09 |      
     1810 |   0.3016 |  1.913392e+06 |   -0.14% |  2.36e-09 |      
[INFO GPL-0040] Routability iteration: 16
[INFO GPL-0041] Total routing overflow: 75.7182
[INFO GPL-0042] Number of overflowed tiles: 893 (3.92%)
[INFO GPL-0043] Average top 0.5% routing congestion: 1.2267
[INFO GPL-0044] Average top 1.0% routing congestion: 1.1845
[INFO GPL-0045] Average top 2.0% routing congestion: 1.1370
[INFO GPL-0046] Average top 5.0% routing congestion: 1.0628
[INFO GPL-0047] Routability iteration weighted routing congestion: 1.2056
[INFO GPL-0049] Routing congestion (1.2056) higher than minimum (1.1986). Consecutive non-improvement count: 2.
[INFO GPL-0086] Inflated area:                8840.544 um^2 (+0.88%)
[INFO GPL-0052] Placement target density:       0.6284
[INFO GPL-0076] Removing fillers, count: Before: 0, After: 0 (+0.00%)
[INFO GPL-0077] Filler area (um^2)     : Before: 0.000, After: 0.000 (+0.00%)
[INFO GPL-0078] Removed fillers count: 0, area removed: 0.000 um^2. Remaining area to be compensated by modifying density: 8840.544 um^2
[INFO GPL-0079] New target density: 0.6339008
[INFO GPL-0058] White space area:           1598841.619 um^2 (+0.00%)
[INFO GPL-0059] Movable instances area:     1013507.031 um^2 (+0.88%)
[INFO GPL-0060] Total filler area:               0.000 um^2 (+0.00%)
[INFO GPL-0061] Total non-inflated area:    1013507.069 um^2 (+0.88%)
[INFO GPL-0062] Total inflated area:        1022347.613 um^2 (+0.87%)
[INFO GPL-0063] New Target Density:             0.6339
[INFO GPL-0087] Routability end iteration: increase inflation and revert back to snapshot.
Iteration | Overflow |     HPWL (um) |  HPWL(%) |   Penalty | Group
---------------------------------------------------------------
     1820 |   0.5298 |  1.599606e+06 |  -16.40% |  1.01e-10 |      
     1830 |   0.4814 |  1.796383e+06 |  +12.30% |  1.43e-10 |      
     1840 |   0.4851 |  1.844297e+06 |   +2.67% |  2.09e-10 |      
     1850 |   0.4598 |  1.845439e+06 |   +0.06% |  3.07e-10 |      
     1860 |   0.4223 |  1.843678e+06 |   -0.10% |  4.53e-10 |      
     1870 |   0.3890 |  1.867937e+06 |   +1.32% |  6.64e-10 |      
     1880 |   0.3543 |  1.886921e+06 |   +1.02% |  9.75e-10 |      
     1890 |   0.3362 |  1.915162e+06 |   +1.50% |  1.43e-09 |      
     1900 |   0.3067 |  1.932577e+06 |   +0.91% |  2.10e-09 |      
[INFO GPL-0040] Routability iteration: 17
[INFO GPL-0041] Total routing overflow: 75.2245
[INFO GPL-0042] Number of overflowed tiles: 914 (4.01%)
[INFO GPL-0043] Average top 0.5% routing congestion: 1.1997
[INFO GPL-0044] Average top 1.0% routing congestion: 1.1715
[INFO GPL-0045] Average top 2.0% routing congestion: 1.1318
[INFO GPL-0046] Average top 5.0% routing congestion: 1.0633
[INFO GPL-0047] Routability iteration weighted routing congestion: 1.1856
[INFO GPL-0048] Routing congestion (1.1856) lower than previous minimum (1.199). Updating minimum.
[INFO GPL-0086] Inflated area:                8894.135 um^2 (+0.88%)
[INFO GPL-0052] Placement target density:       0.6339
[INFO GPL-0076] Removing fillers, count: Before: 0, After: 0 (+0.00%)
[INFO GPL-0077] Filler area (um^2)     : Before: 0.000, After: 0.000 (+0.00%)
[INFO GPL-0078] Removed fillers count: 0, area removed: 0.000 um^2. Remaining area to be compensated by modifying density: 8894.135 um^2
[INFO GPL-0079] New target density: 0.63946366
[INFO GPL-0058] White space area:           1598841.619 um^2 (+0.00%)
[INFO GPL-0059] Movable instances area:     1022401.184 um^2 (+0.88%)
[INFO GPL-0060] Total filler area:               0.000 um^2 (+0.00%)
[INFO GPL-0061] Total non-inflated area:    1022401.204 um^2 (+0.88%)
[INFO GPL-0062] Total inflated area:        1031295.339 um^2 (+0.87%)
[INFO GPL-0063] New Target Density:             0.6395
[INFO GPL-0087] Routability end iteration: increase inflation and revert back to snapshot.
Iteration | Overflow |     HPWL (um) |  HPWL(%) |   Penalty | Group
---------------------------------------------------------------
     1910 |   0.5724 |  1.473031e+06 |  -23.78% |  9.25e-11 |      
     1920 |   0.4840 |  1.784570e+06 |  +21.15% |  1.28e-10 |      
     1930 |   0.4852 |  1.852354e+06 |   +3.80% |  1.86e-10 |      
     1940 |   0.4686 |  1.861309e+06 |   +0.48% |  2.73e-10 |      
     1950 |   0.4305 |  1.853867e+06 |   -0.40% |  4.02e-10 |      
     1960 |   0.3997 |  1.869401e+06 |   +0.84% |  5.91e-10 |      
     1970 |   0.3649 |  1.892926e+06 |   +1.26% |  8.67e-10 |      
     1980 |   0.3434 |  1.913366e+06 |   +1.08% |  1.27e-09 |      
     1990 |   0.3138 |  1.939098e+06 |   +1.34% |  1.87e-09 |      
[INFO GPL-0040] Routability iteration: 18
[INFO GPL-0041] Total routing overflow: 75.4854
[INFO GPL-0042] Number of overflowed tiles: 923 (4.05%)
[INFO GPL-0043] Average top 0.5% routing congestion: 1.2033
[INFO GPL-0044] Average top 1.0% routing congestion: 1.1710
[INFO GPL-0045] Average top 2.0% routing congestion: 1.1319
[INFO GPL-0046] Average top 5.0% routing congestion: 1.0636
[INFO GPL-0047] Routability iteration weighted routing congestion: 1.1871
[INFO GPL-0049] Routing congestion (1.1871) higher than minimum (1.1856). Consecutive non-improvement count: 1.
[INFO GPL-0086] Inflated area:                8955.206 um^2 (+0.88%)
[INFO GPL-0052] Placement target density:       0.6395
[INFO GPL-0076] Removing fillers, count: Before: 0, After: 0 (+0.00%)
[INFO GPL-0077] Filler area (um^2)     : Before: 0.000, After: 0.000 (+0.00%)
[INFO GPL-0078] Removed fillers count: 0, area removed: 0.000 um^2. Remaining area to be compensated by modifying density: 8955.206 um^2
[INFO GPL-0079] New target density: 0.6450648
[INFO GPL-0058] White space area:           1598841.619 um^2 (+0.00%)
[INFO GPL-0059] Movable instances area:     1031356.416 um^2 (+0.88%)
[INFO GPL-0060] Total filler area:               0.000 um^2 (+0.00%)
[INFO GPL-0061] Total non-inflated area:    1031356.410 um^2 (+0.88%)
[INFO GPL-0062] Total inflated area:        1040311.616 um^2 (+0.87%)
[INFO GPL-0063] New Target Density:             0.6451
[INFO GPL-0087] Routability end iteration: increase inflation and revert back to snapshot.
Iteration | Overflow |     HPWL (um) |  HPWL(%) |   Penalty | Group
---------------------------------------------------------------
     2000 |   0.6293 |  1.216152e+06 |  -37.28% |  8.63e-11 |      
     2010 |   0.4908 |  1.760064e+06 |  +44.72% |  1.14e-10 |      
     2020 |   0.4820 |  1.865620e+06 |   +6.00% |  1.65e-10 |      
     2030 |   0.4783 |  1.877248e+06 |   +0.62% |  2.42e-10 |      
     2040 |   0.4466 |  1.864254e+06 |   -0.69% |  3.57e-10 |      
     2050 |   0.4075 |  1.878766e+06 |   +0.78% |  5.25e-10 |      
     2060 |   0.3751 |  1.904349e+06 |   +1.36% |  7.70e-10 |      
     2070 |   0.3484 |  1.918908e+06 |   +0.76% |  1.13e-09 |      
     2080 |   0.3241 |  1.953644e+06 |   +1.81% |  1.66e-09 |      
[INFO GPL-0040] Routability iteration: 19
[INFO GPL-0041] Total routing overflow: 77.7183
[INFO GPL-0042] Number of overflowed tiles: 970 (4.25%)
[INFO GPL-0043] Average top 0.5% routing congestion: 1.1962
[INFO GPL-0044] Average top 1.0% routing congestion: 1.1667
[INFO GPL-0045] Average top 2.0% routing congestion: 1.1303
[INFO GPL-0046] Average top 5.0% routing congestion: 1.0662
[INFO GPL-0047] Routability iteration weighted routing congestion: 1.1815
[INFO GPL-0048] Routing congestion (1.1815) lower than previous minimum (1.186). Updating minimum.
[INFO GPL-0086] Inflated area:                9469.322 um^2 (+0.92%)
[INFO GPL-0052] Placement target density:       0.6451
[INFO GPL-0076] Removing fillers, count: Before: 0, After: 0 (+0.00%)
[INFO GPL-0077] Filler area (um^2)     : Before: 0.000, After: 0.000 (+0.00%)
[INFO GPL-0078] Removed fillers count: 0, area removed: 0.000 um^2. Remaining area to be compensated by modifying density: 9469.323 um^2
[INFO GPL-0079] New target density: 0.6509873
[INFO GPL-0058] White space area:           1598841.619 um^2 (+0.00%)
[INFO GPL-0059] Movable instances area:     1040825.647 um^2 (+0.92%)
[INFO GPL-0060] Total filler area:               0.000 um^2 (+0.00%)
[INFO GPL-0061] Total non-inflated area:    1040825.733 um^2 (+0.92%)
[INFO GPL-0062] Total inflated area:        1050295.055 um^2 (+0.91%)
[INFO GPL-0063] New Target Density:             0.6510
[INFO GPL-0087] Routability end iteration: increase inflation and revert back to snapshot.
Iteration | Overflow |     HPWL (um) |  HPWL(%) |   Penalty | Group
---------------------------------------------------------------
     2090 |   0.6463 |  1.109901e+06 |  -43.19% |  8.02e-11 |      
     2100 |   0.4979 |  1.747864e+06 |  +57.48% |  1.06e-10 |      
     2110 |   0.4816 |  1.881463e+06 |   +7.64% |  1.52e-10 |      
     2120 |   0.4827 |  1.894678e+06 |   +0.70% |  2.24e-10 |      
     2130 |   0.4521 |  1.877798e+06 |   -0.89% |  3.29e-10 |      
     2140 |   0.4125 |  1.887296e+06 |   +0.51% |  4.85e-10 |      
     2150 |   0.3809 |  1.920624e+06 |   +1.77% |  7.10e-10 |      
     2160 |   0.3526 |  1.926888e+06 |   +0.33% |  1.04e-09 |      
     2170 |   0.3286 |  1.956162e+06 |   +1.52% |  1.53e-09 |      
     2180 |   0.3053 |  1.959322e+06 |   +0.16% |  2.25e-09 |      
[INFO GPL-0040] Routability iteration: 20
[INFO GPL-0041] Total routing overflow: 76.6776
[INFO GPL-0042] Number of overflowed tiles: 891 (3.91%)
[INFO GPL-0043] Average top 0.5% routing congestion: 1.2090
[INFO GPL-0044] Average top 1.0% routing congestion: 1.1768
[INFO GPL-0045] Average top 2.0% routing congestion: 1.1362
[INFO GPL-0046] Average top 5.0% routing congestion: 1.0634
[INFO GPL-0047] Routability iteration weighted routing congestion: 1.1929
[INFO GPL-0049] Routing congestion (1.1929) higher than minimum (1.1815). Consecutive non-improvement count: 1.
[INFO GPL-0086] Inflated area:                9298.011 um^2 (+0.89%)
[INFO GPL-0052] Placement target density:       0.6510
[INFO GPL-0076] Removing fillers, count: Before: 0, After: 0 (+0.00%)
[INFO GPL-0077] Filler area (um^2)     : Before: 0.000, After: 0.000 (+0.00%)
[INFO GPL-0078] Removed fillers count: 0, area removed: 0.000 um^2. Remaining area to be compensated by modifying density: 9298.011 um^2
[INFO GPL-0079] New target density: 0.65680283
[INFO GPL-0058] White space area:           1598841.619 um^2 (+0.00%)
[INFO GPL-0059] Movable instances area:     1050123.764 um^2 (+0.89%)
[INFO GPL-0060] Total filler area:               0.000 um^2 (+0.00%)
[INFO GPL-0061] Total non-inflated area:    1050123.744 um^2 (+0.89%)
[INFO GPL-0062] Total inflated area:        1059421.754 um^2 (+0.89%)
[INFO GPL-0063] New Target Density:             0.6568
[INFO GPL-0087] Routability end iteration: increase inflation and revert back to snapshot.
Iteration | Overflow |     HPWL (um) |  HPWL(%) |   Penalty | Group
---------------------------------------------------------------
     2190 |   0.5395 |  1.613630e+06 |  -17.64% |  9.38e-11 |      
     2200 |   0.4733 |  1.882022e+06 |  +16.63% |  1.31e-10 |      
     2210 |   0.4878 |  1.914806e+06 |   +1.74% |  1.91e-10 |      
     2220 |   0.4646 |  1.896893e+06 |   -0.94% |  2.81e-10 |      
     2230 |   0.4261 |  1.891218e+06 |   -0.30% |  4.14e-10 |      
     2240 |   0.3950 |  1.925811e+06 |   +1.83% |  6.07e-10 |      
     2250 |   0.3608 |  1.944969e+06 |   +0.99% |  8.90e-10 |      
     2260 |   0.3427 |  1.958258e+06 |   +0.68% |  1.31e-09 |      
     2270 |   0.3134 |  1.981692e+06 |   +1.20% |  1.92e-09 |      
[INFO GPL-0040] Routability iteration: 21
[INFO GPL-0041] Total routing overflow: 74.2757
[INFO GPL-0042] Number of overflowed tiles: 916 (4.02%)
[INFO GPL-0043] Average top 0.5% routing congestion: 1.2063
[INFO GPL-0044] Average top 1.0% routing congestion: 1.1726
[INFO GPL-0045] Average top 2.0% routing congestion: 1.1323
[INFO GPL-0046] Average top 5.0% routing congestion: 1.0626
[INFO GPL-0047] Routability iteration weighted routing congestion: 1.1894
[INFO GPL-0049] Routing congestion (1.1894) higher than minimum (1.1815). Consecutive non-improvement count: 2.
[INFO GPL-0086] Inflated area:                9594.904 um^2 (+0.91%)
[INFO GPL-0052] Placement target density:       0.6568
[INFO GPL-0076] Removing fillers, count: Before: 0, After: 0 (+0.00%)
[INFO GPL-0077] Filler area (um^2)     : Before: 0.000, After: 0.000 (+0.00%)
[INFO GPL-0078] Removed fillers count: 0, area removed: 0.000 um^2. Remaining area to be compensated by modifying density: 9594.904 um^2
[INFO GPL-0079] New target density: 0.66280395
[INFO GPL-0058] White space area:           1598841.619 um^2 (+0.00%)
[INFO GPL-0059] Movable instances area:     1059718.562 um^2 (+0.91%)
[INFO GPL-0060] Total filler area:               0.000 um^2 (+0.00%)
[INFO GPL-0061] Total non-inflated area:    1059718.648 um^2 (+0.91%)
[INFO GPL-0062] Total inflated area:        1069313.552 um^2 (+0.91%)
[INFO GPL-0063] New Target Density:             0.6628
[INFO GPL-0087] Routability end iteration: increase inflation and revert back to snapshot.
Iteration | Overflow |     HPWL (um) |  HPWL(%) |   Penalty | Group
---------------------------------------------------------------
     2280 |   0.6019 |  1.387415e+06 |  -29.99% |  8.81e-11 |      
     2290 |   0.4783 |  1.871767e+06 |  +34.91% |  1.17e-10 |      
     2300 |   0.4836 |  1.939959e+06 |   +3.64% |  1.69e-10 |      
     2310 |   0.4756 |  1.917193e+06 |   -1.17% |  2.49e-10 |      
     2320 |   0.4391 |  1.900975e+06 |   -0.85% |  3.67e-10 |      
     2330 |   0.4022 |  1.928224e+06 |   +1.43% |  5.39e-10 |      
     2340 |   0.3711 |  1.957892e+06 |   +1.54% |  7.89e-10 |      
     2350 |   0.3460 |  1.967944e+06 |   +0.51% |  1.16e-09 |      
     2360 |   0.3209 |  1.998535e+06 |   +1.55% |  1.70e-09 |      
[INFO GPL-0040] Routability iteration: 22
[INFO GPL-0041] Total routing overflow: 72.2471
[INFO GPL-0042] Number of overflowed tiles: 905 (3.97%)
[INFO GPL-0043] Average top 0.5% routing congestion: 1.1987
[INFO GPL-0044] Average top 1.0% routing congestion: 1.1679
[INFO GPL-0045] Average top 2.0% routing congestion: 1.1276
[INFO GPL-0046] Average top 5.0% routing congestion: 1.0604
[INFO GPL-0047] Routability iteration weighted routing congestion: 1.1833
[INFO GPL-0049] Routing congestion (1.1833) higher than minimum (1.1815). Consecutive non-improvement count: 3.
[INFO GPL-0086] Inflated area:                9811.876 um^2 (+0.93%)
[INFO GPL-0052] Placement target density:       0.6628
[INFO GPL-0076] Removing fillers, count: Before: 0, After: 0 (+0.00%)
[INFO GPL-0077] Filler area (um^2)     : Before: 0.000, After: 0.000 (+0.00%)
[INFO GPL-0078] Removed fillers count: 0, area removed: 0.000 um^2. Remaining area to be compensated by modifying density: 9811.876 um^2
[INFO GPL-0079] New target density: 0.66894084
[INFO GPL-0054] No improvement in routing congestion for 3 consecutive iterations (limit is 3).
[INFO GPL-0055] Reverting inflation values and target density from the iteration with minimum observed routing congestion.
[INFO GPL-0056] Minimum observed routing congestion: 1.1815
[INFO GPL-0057] Target density at minimum routing congestion: 0.6451
[INFO GPL-0080] Restoring 0 previously removed fillers.
[INFO GPL-0089] Routability finished. Reverting to minimal observed routing congestion, could not reach target.
Iteration | Overflow |     HPWL (um) |  HPWL(%) |   Penalty | Group
---------------------------------------------------------------
     2370 |   0.6282 |  1.110203e+06 |  -44.45% |  8.02e-11 |      
     2380 |   0.4971 |  1.685265e+06 |  +51.80% |  1.07e-10 |      
     2390 |   0.4765 |  1.835748e+06 |   +8.93% |  1.54e-10 |      
     2400 |   0.4735 |  1.867186e+06 |   +1.71% |  2.25e-10 |      
     2410 |   0.4435 |  1.861882e+06 |   -0.28% |  3.31e-10 |      
     2420 |   0.4085 |  1.866977e+06 |   +0.27% |  4.87e-10 |      
     2430 |   0.3728 |  1.897853e+06 |   +1.65% |  7.14e-10 |      
     2440 |   0.3451 |  1.911498e+06 |   +0.72% |  1.05e-09 |      
     2450 |   0.3226 |  1.940337e+06 |   +1.51% |  1.54e-09 |      
     2460 |   0.2966 |  1.951855e+06 |   +0.59% |  2.26e-09 |      
     2470 |   0.2765 |  1.934726e+06 |   -0.88% |  3.33e-09 |      
     2480 |   0.2541 |  1.932616e+06 |   -0.11% |  4.90e-09 |      
     2490 |   0.2278 |  1.936919e+06 |   +0.22% |  7.21e-09 |      
     2500 |   0.2107 |  1.926342e+06 |   -0.55% |  1.06e-08 |      
[INFO GPL-0100] Timing-driven iteration 2/2, virtual: false.
[INFO GPL-0101]    Iter: 2508, overflow: 0.194, keep resizer changes at: 1, HPWL: 3838399312
Iteration |   Area    | Resized | Buffers | Nets repaired | Remaining
---------------------------------------------------------------------
        0 |     +0.0% |       0 |       0 |             0 |     32850
    final |     +1.3% |      63 |      87 |            87 |         0
---------------------------------------------------------------------
[INFO RSZ-0034] Found 67 slew violations.
[INFO RSZ-0036] Found 26 capacitance violations.
[INFO RSZ-0039] Resized 63 instances.
[INFO RSZ-0038] Inserted 87 buffers in 87 nets.
   Iter   |    Area   | Removed | Inserted |   Pins
          |           | Buffers | Buffers  | Remaining
-------------------------------------------------------
        0 |     +0.0% |       0 |        0 |     32356
     3200 |     +0.0% |       1 |        2 |     29156
     6400 |     +0.0% |       1 |        2 |     25956
     9600 |     +0.0% |       1 |        2 |     22756
    12800 |     +0.0% |       3 |        7 |     19556
    16000 |     +0.1% |      10 |       22 |     16356
    19200 |     +0.1% |      28 |       56 |     13156
    22400 |     +0.1% |     105 |      164 |      9956
    25600 |     +0.0% |     142 |      211 |      6756
    28800 |     +0.1% |     195 |      314 |      3556
    32000 |     +1.6% |     249 |      700 |       356
    final |     +1.7% |     287 |      747 |         0
-------------------------------------------------------
[INFO GPL-0106] Timing-driven: worst slack 2.453054e-08
[INFO GPL-0107] Timing-driven: repair_design delta area: 20660.797 um^2 (+1.95%)
[INFO GPL-0108] Timing-driven: repair_design, gpl delta gcells: 547 (+1.67%)
[INFO GPL-0109] Timing-driven: repair_design, gcells created: 834, deleted: 287
[INFO GPL-0110] Timing-driven: new target density: 0.67572635
Iteration | Overflow |     HPWL (um) |  HPWL(%) |   Penalty | Group
---------------------------------------------------------------
     2510 |   0.1775 |  1.993303e+06 |   +3.48% |  1.55e-08 |      
     2520 |   0.1625 |  1.973322e+06 |   -1.00% |  2.27e-08 |      
     2530 |   0.1401 |  1.961095e+06 |   -0.62% |  3.35e-08 |      
     2540 |   0.1233 |  1.953260e+06 |   -0.40% |  4.94e-08 |      
     2550 |   0.1072 |  1.947822e+06 |   -0.28% |  7.27e-08 |      
     2554 |   0.0999 |  1.946334e+06 |          |  8.82e-08 |      
---------------------------------------------------------------
[INFO GPL-1001] Global placement finished at iteration 2554
[INFO GPL-1017] Routability mode iteration count: 2088
[INFO GPL-1005] Routability final weighted congestion: 1.1905
[INFO GPL-1002] Placed Cell Area            1052017.2072
[INFO GPL-1003] Available Free Area         1598841.6192
[INFO GPL-1004] Minimum Feasible Density        0.5100 (cell_area / free_area)
[INFO GPL-1006]   Suggested Target Densities:
[INFO GPL-1007]     - For 90% usage of free space: 0.7311
[INFO GPL-1008]     - For 80% usage of free space: 0.8225
[INFO GPL-1011] Original area (um^2): 814443.64
[INFO GPL-1012] Total routability artificial inflation: 206647.14 (+25.37%)
[INFO GPL-1013] Total timing-driven delta area: 30926.43 (+3.80%)
[INFO GPL-1014] Final placement area: 1052017.21 (+29.17%)
Took 45 seconds: global_placement -density 0.5689999914169311 -pad_left 0 -pad_right 0 -routability_driven -timing_driven -force_center_initial_place -min_phi_coef 0.95 -max_phi_coef 1.05
estimate_parasitics -placement
Report metrics stage 3, global place...

==========================================================================
global place report_design_area
--------------------------------------------------------------------------
Design area 773253 um^2 48% utilization.
write_db ./results/gf180/integration_final/base/3_3_place_gp.odb
Elapsed time: 0:53.14[h:]min:sec. CPU time: user 715.51 sys 53.07 (1446%). Peak memory: 579980KB.
Log                       Ext     Elapsed/s Peak Memory/MB sha1sum result [0:20)
3_3_place_gp              .odb           53            566 32ff64b463a00417c429
