OpenROAD 26Q3-771-g7cfb2105c9 
Features included (+) or not (-): +GPU +GUI +Python
This program is licensed under the BSD-3 license. See the LICENSE file for details.
Components of this program may be licensed under more restrictive licenses which must be honored.
[INFO ORD-0030] Using 28 thread(s).
read_liberty /mnt/c/Users/balir/ChipathonTest/OpenROAD-flow-scripts/flow/platforms/gf180/lib/gf180mcu_fd_sc_mcu9t5v0__ff_n40C_5v50.lib.gz
read_db ./results/gf180/integration_final/base/3_4_place_resized.odb
read_sdc ./results/gf180/integration_final/base/2_floorplan.sdc
source /mnt/c/Users/balir/ChipathonTest/OpenROAD-flow-scripts/flow/platforms/gf180/setRC.tcl
detailed_placement
[INFO DPL-0006] Core area: 1607410.43 um^2
[INFO DPL-0007] Movable instances area: 761850.43 um^2
[INFO DPL-0008] Fixed instances area within core: 11402.50 um^2
[INFO DPL-0009] Utilization: 48.1%
[INFO DPL-0005] Diamond search max displacement: +/- 500 sites horizontally, +/- 100 rows vertically.
[INFO DPL-1102] Legalizing using negotiation legalizer.
[INFO DPL-1103] Negotiation base search window: +/-20 sites horizontally, +/-5 rows vertically 
	Automatic search window extension enabled.
	Search window extendable up to the max displacement cap of +/-500 sites, +/-100 rows near walls.
[INFO DPL-1104] NegotiationLegalizer DRC penalty: 5.
[INFO DPL-0392] Negotiation cell height distribution (1 unique row-count(s)):
[INFO DPL-0393]   height 1 row(s): 35414 cells
          |      Total |  Illegal |  Illegal
Iteration | Violations |    Cells |    Sites
---------------------------------------------
        0 |       1004 |       226 |       778
        1 |         22 |         2 |        20
        2 |          0 |         0 |         0
Negotiation phase 1 converged at iteration 2.
[INFO DPL-0500] Runtime: 0.40s
Placement Analysis
---------------------------------
total displacement     210841.5 u
average displacement        6.0 u
max displacement           39.4 u
original HPWL         1946548.9 u
legalized HPWL        2177051.7 u
delta HPWL                   12 %

improve_placement -max_displacement "5 1"
Detailed placement improvement.
[INFO DPL-0401] Setting random seed to 1.
[INFO DPL-0402] Setting maximum displacement 5 1 to 50400 10080 units.
[INFO DPL-0320] Collected 2024 fixed cells.
[INFO DPL-0318] Collected 33394 single height cells.
[INFO DPL-0321] Collected 0 wide cells.
[INFO DPL-0322] Image (2240, 10080) - (2543520, 2540160)
[INFO DPL-0310] Assigned 33394 cells into segments.  Movement in X-direction is 0.000000, movement in Y-direction is 0.000000.
[INFO DPL-0313] Found 0 cells in wrong regions.
[INFO DPL-0315] Found 0 row alignment problems.
[INFO DPL-0314] Found 0 site alignment problems.
[INFO DPL-0311] Found 0 overlaps between adjacent cells.
[INFO DPL-0312] Found 0 edge spacing violations and 0 padding violations.
[INFO DPL-0303] Running algorithm for independent set matching.
[INFO DPL-0300] Set matching objective is wirelength.
[INFO DPL-0301] Pass   1 of matching; objective is 4.354140e+09.
[INFO DPL-0302] End of matching; objective is 4.349330e+09, improvement is 0.11 percent.
[INFO DPL-0303] Running algorithm for global swaps.
[INFO DPL-0306] Pass   1 of global swaps; hpwl is 4.259125e+09.
[INFO DPL-0306] Pass   2 of global swaps; hpwl is 4.241609e+09.
[INFO DPL-0307] End of global swaps; objective is 4.241609e+09, improvement is 2.48 percent.
[INFO DPL-0303] Running algorithm for vertical swaps.
[INFO DPL-0308] Pass   1 of vertical swaps; hpwl is 4.216291e+09.
[INFO DPL-0309] End of vertical swaps; objective is 4.216291e+09, improvement is 0.60 percent.
[INFO DPL-0303] Running algorithm for reordering.
[INFO DPL-0304] Pass   1 of reordering; objective is 4.211137e+09.
[INFO DPL-0305] End of reordering; objective is 4.211137e+09, improvement is 0.12 percent.
[INFO DPL-0303] Running algorithm for random improvement.
[INFO DPL-0324] Random improver is using random generator.
[INFO DPL-0325] Random improver is using hpwl objective.
[INFO DPL-0326] Random improver cost string is (a).
[INFO DPL-0332] End of pass, Generator random called 667880 times.
[INFO DPL-0335] Generator random, Cumulative attempts 667880, swaps 86926, moves 206575 since last reset.
[INFO DPL-0333] End of pass, Objective hpwl, Initial cost 4.173485e+09, Scratch cost 4.107115e+09, Incremental cost 4.107115e+09, Mismatch? N
[INFO DPL-0338] End of pass, Total cost is 4.107115e+09.
[INFO DPL-0327] Pass   1 of random improver; improvement in cost is 1.59 percent.
[INFO DPL-0332] End of pass, Generator random called 667880 times.
[INFO DPL-0335] Generator random, Cumulative attempts 1335760, swaps 170269, moves 412045 since last reset.
[INFO DPL-0333] End of pass, Objective hpwl, Initial cost 4.107115e+09, Scratch cost 4.087246e+09, Incremental cost 4.087246e+09, Mismatch? N
[INFO DPL-0338] End of pass, Total cost is 4.087246e+09.
[INFO DPL-0327] Pass   2 of random improver; improvement in cost is 0.48 percent.
[INFO DPL-0328] End of random improver; improvement is 2.066354 percent.
[INFO DPL-0380] Cell flipping.
[INFO DPL-0382] Changed 0 cell orientations for row compatibility.
[INFO DPL-0383] Performed 9492 cell flips.
[INFO DPL-0384] End of flipping; objective is 4.093057e+09, improvement is 0.77 percent.
[INFO DPL-0313] Found 0 cells in wrong regions.
[INFO DPL-0315] Found 0 row alignment problems.
[INFO DPL-0314] Found 0 site alignment problems.
[INFO DPL-0311] Found 0 overlaps between adjacent cells.
[INFO DPL-0312] Found 0 edge spacing violations and 0 padding violations.
Detailed Improvement Results
------------------------------------------
Original HPWL          2177051.7 u (  915528.7,  1261523.0)
Final HPWL             2046933.1 u (  898931.8,  1148001.4)
Delta HPWL                  -6.0 % (      -1.8,       -9.0)

Took 6 seconds: improve_placement -max_displacement "5 1"
optimize_mirroring
[INFO DPL-0020] Mirrored 2716 instances
[INFO DPL-0021] HPWL before          2046933.1 u
[INFO DPL-0022] HPWL after           2046325.6 u
[INFO DPL-0023] HPWL delta               -0.0 %
[INFO FLW-0012] Placement violations .
estimate_parasitics -placement
Report metrics stage 3, detailed place...

==========================================================================
detailed place report_design_area
--------------------------------------------------------------------------
Design area 773253 um^2 48% utilization.
write_db ./results/gf180/integration_final/base/3_5_place_dp.odb
write_sdc -no_timestamp ./results/gf180/integration_final/base/3_place.sdc
Elapsed time: 0:17.73[h:]min:sec. CPU time: user 16.06 sys 9.13 (142%). Peak memory: 375296KB.
Log                       Ext     Elapsed/s Peak Memory/MB sha1sum result [0:20)
3_5_place_dp              .odb           17            366 58af04c4b42722b8351c
