OpenROAD 26Q3-771-g7cfb2105c9 
Features included (+) or not (-): +GPU +GUI +Python
This program is licensed under the BSD-3 license. See the LICENSE file for details.
Components of this program may be licensed under more restrictive licenses which must be honored.
[INFO ORD-0030] Using 28 thread(s).
read_liberty /mnt/c/Users/balir/ChipathonTest/OpenROAD-flow-scripts/flow/platforms/gf180/lib/gf180mcu_fd_sc_mcu9t5v0__ff_n40C_5v50.lib.gz
read_db ./results/gf180/integration_final/base/3_place.odb
read_sdc ./results/gf180/integration_final/base/3_place.sdc
source /mnt/c/Users/balir/ChipathonTest/OpenROAD-flow-scripts/flow/platforms/gf180/setRC.tcl
clock_tree_synthesis -sink_clustering_enable -repair_clock_nets
[INFO CTS-0050] Root buffer is gf180mcu_fd_sc_mcu9t5v0__clkbuf_20.
[INFO CTS-0051] Sink buffer is gf180mcu_fd_sc_mcu9t5v0__clkbuf_20.
[INFO CTS-0052] The following clock buffers will be used for CTS:
                    gf180mcu_fd_sc_mcu9t5v0__clkbuf_20
[INFO CTS-0049] Characterization buffer is gf180mcu_fd_sc_mcu9t5v0__clkbuf_20.
[INFO CTS-0007] Net "i_clk" found for clock "core_clock".
[INFO CTS-0010]  Clock net "i_clk" has 1280 sinks.
[INFO CTS-0008] TritonCTS found 1 clock nets.
[INFO CTS-0097] Characterization used 1 buffer(s) types.
[INFO CTS-0201] 0 blockages from hard placement blockages and placed macros will be used.
[INFO CTS-0027] Generating H-Tree topology for net i_clk.
[INFO CTS-0028]  Total number of sinks: 1280.
[INFO CTS-0090]  Sinks will be clustered based on buffer max cap.
[INFO CTS-0030]  Number of static layers: 0.
[INFO CTS-0020]  Wire segment unit: 50400  dbu (25 um).
[INFO CTS-0206] Best clustering solution was found from max clustering size of 35 and max clustering diameter of 548.
[INFO CTS-0019]  Total number of sinks after clustering: 54.
[INFO CTS-0024]  Normalized sink region: [(0.654762, 2.07551), (49.4689, 48.1668)].
[INFO CTS-0025]     Width:  48.8141.
[INFO CTS-0026]     Height: 46.0913.
 Level 1
    Direction: Horizontal
    Sinks per sub-region: 27
    Sub-region size: 24.4070 X 46.0913
[INFO CTS-0034]     Segment length (rounded): 12.
 Level 2
    Direction: Vertical
    Sinks per sub-region: 14
    Sub-region size: 24.4070 X 23.0456
[INFO CTS-0034]     Segment length (rounded): 12.
[INFO CTS-0038]  Stop criterion found. Sink region hpwl is smaller than max wirelength (160112.454 um) and max number of sinks is 15.
[INFO CTS-0035]  Number of sinks covered: 54.
[INFO CTS-0018]     Created 59 clock buffers.
[INFO CTS-0012]     Minimum number of buffers in the clock path: 3.
[INFO CTS-0013]     Maximum number of buffers in the clock path: 3.
[INFO CTS-0015]     Created 59 clock nets.
[INFO CTS-0016]     Fanout distribution for the current clock = 10:1, 12:2, 13:2, 14:2, 16:4, 17:2, 19:4, 20:4, 21:2, 22:2, 23:4, 24:2, 25:4, 26:5, 27:5, 28:1, 29:1, 30:7, 31:1, 33:1, 35:2..
[INFO CTS-0017]     Max level of the clock tree: 2.
[INFO CTS-0098] Clock net "i_clk"
[INFO CTS-0099]  Sinks 1332
[INFO CTS-0100]  Leaf buffers 54
[INFO CTS-0101]  Average sink wire length 2066.13 um
[INFO CTS-0102]  Path depth 2 - 3
[INFO CTS-0207]  Dummy loads inserted 52
[INFO CTS-0500] Runtime: 1.75s
estimate_parasitics -placement
detailed_placement
[INFO DPL-0006] Core area: 1607410.43 um^2
[INFO DPL-0007] Movable instances area: 776323.70 um^2
[INFO DPL-0008] Fixed instances area within core: 11402.50 um^2
[INFO DPL-0009] Utilization: 49.0%
[INFO DPL-0005] Diamond search max displacement: +/- 500 sites horizontally, +/- 100 rows vertically.
[INFO DPL-1102] Legalizing using negotiation legalizer.
[INFO DPL-1103] Negotiation base search window: +/-20 sites horizontally, +/-5 rows vertically 
	Automatic search window extension enabled.
	Search window extendable up to the max displacement cap of +/-500 sites, +/-100 rows near walls.
[INFO DPL-1104] NegotiationLegalizer DRC penalty: 5.
[INFO DPL-0392] Negotiation cell height distribution (1 unique row-count(s)):
[INFO DPL-0393]   height 1 row(s): 35525 cells
          |      Total |  Illegal |  Illegal
Iteration | Violations |    Cells |    Sites
---------------------------------------------
        0 |        108 |        26 |        82
        1 |          0 |         0 |         0
Negotiation phase 1 converged at iteration 1.
[INFO DPL-0500] Runtime: 0.21s
Placement Analysis
---------------------------------
total displacement      47513.5 u
average displacement        1.3 u
max displacement           33.1 u
original HPWL         2065532.6 u
legalized HPWL        2084865.3 u
delta HPWL                    1 %

estimate_parasitics -placement
repair_timing -setup_margin 0 -hold_margin 0 -repair_tns 100 -verbose
[INFO RSZ-0100] Repair move sequence: UnbufferMove SizeUpMove SwapPinsMove BufferMove CloneMove SplitLoadMove 
[INFO RSZ-0098] No setup violations found
[INFO RSZ-0505] Runtime: 0.82s
[INFO RSZ-0033] No hold violations found.
[INFO RSZ-0506] Runtime: 0.11s
Repair timing output passed lec test
detailed_placement
[INFO DPL-0006] Core area: 1607410.43 um^2
[INFO DPL-0007] Movable instances area: 776323.70 um^2
[INFO DPL-0008] Fixed instances area within core: 11402.50 um^2
[INFO DPL-0009] Utilization: 49.0%
[INFO DPL-0005] Diamond search max displacement: +/- 500 sites horizontally, +/- 100 rows vertically.
[INFO DPL-1102] Legalizing using negotiation legalizer.
[INFO DPL-1103] Negotiation base search window: +/-20 sites horizontally, +/-5 rows vertically 
	Automatic search window extension enabled.
	Search window extendable up to the max displacement cap of +/-500 sites, +/-100 rows near walls.
[INFO DPL-1104] NegotiationLegalizer DRC penalty: 5.
[INFO DPL-0392] Negotiation cell height distribution (1 unique row-count(s)):
[INFO DPL-0393]   height 1 row(s): 35525 cells
[INFO DPL-0500] Runtime: 0.12s
Placement Analysis
---------------------------------
total displacement          0.0 u
average displacement        0.0 u
max displacement            0.0 u
original HPWL         2084865.3 u
legalized HPWL        2084865.3 u
delta HPWL                    0 %

Report metrics stage 4, cts final...

==========================================================================
cts final report_design_area
--------------------------------------------------------------------------
Design area 787726 um^2 49% utilization.
write_db ./results/gf180/integration_final/base/4_1_cts.odb
write_sdc -no_timestamp ./results/gf180/integration_final/base/4_cts.sdc
Elapsed time: 0:21.16[h:]min:sec. CPU time: user 22.25 sys 17.82 (189%). Peak memory: 412652KB.
Log                       Ext     Elapsed/s Peak Memory/MB sha1sum result [0:20)
4_1_cts                   .odb           21            402 7c7dbf94b20f564b7156
