OpenROAD 26Q3-771-g7cfb2105c9 
Features included (+) or not (-): +GPU +GUI +Python
This program is licensed under the BSD-3 license. See the LICENSE file for details.
Components of this program may be licensed under more restrictive licenses which must be honored.
[INFO ORD-0030] Using 28 thread(s).
read_liberty /mnt/c/Users/balir/ChipathonTest/OpenROAD-flow-scripts/flow/platforms/gf180/lib/gf180mcu_fd_sc_mcu9t5v0__ff_n40C_5v50.lib.gz
read_db ./results/gf180/integration_final/base/5_1_grt.odb
read_sdc ./results/gf180/integration_final/base/5_1_grt.sdc
source /mnt/c/Users/balir/ChipathonTest/OpenROAD-flow-scripts/flow/platforms/gf180/setRC.tcl
[WARNING STA-0450] virtual clock vclk_core_clock can not be propagated.
detailed_route -output_drc ./reports/gf180/integration_final/base/5_route_drc.rpt -output_maze ./results/gf180/integration_final/base/maze.log -disable_via_gen -droute_end_iter 64 -verbose 1 -drc_report_iter_step 5
[INFO DRT-0149] Reading tech and libs.
[WARNING DRT-0349] LEF58_ENCLOSURE with no CUTCLASS is not supported. Skipping for layer Via1
[WARNING DRT-0349] LEF58_ENCLOSURE with no CUTCLASS is not supported. Skipping for layer Via1
[WARNING DRT-0349] LEF58_ENCLOSURE with no CUTCLASS is not supported. Skipping for layer Via2
[WARNING DRT-0349] LEF58_ENCLOSURE with no CUTCLASS is not supported. Skipping for layer Via2
[WARNING DRT-0349] LEF58_ENCLOSURE with no CUTCLASS is not supported. Skipping for layer Via3
[WARNING DRT-0349] LEF58_ENCLOSURE with no CUTCLASS is not supported. Skipping for layer Via3
[WARNING DRT-0349] LEF58_ENCLOSURE with no CUTCLASS is not supported. Skipping for layer Via4
[WARNING DRT-0349] LEF58_ENCLOSURE with no CUTCLASS is not supported. Skipping for layer Via4

Units:                2000
Number of layers:     11
Number of macros:     229
Number of vias:       64
Number of viarulegen: 18

[INFO DRT-0150] Reading design.
[WARNING DRT-0120] Large net net145 has 317 pins which may impact routing performance. Consider optimization.
[WARNING DRT-0120] Large net integration_inst.quant_ip_reset has 161 pins which may impact routing performance. Consider optimization.
[WARNING DRT-0120] Large net net648 has 111 pins which may impact routing performance. Consider optimization.
[WARNING DRT-0120] Large net net956 has 294 pins which may impact routing performance. Consider optimization.
[WARNING DRT-0120] Large net net957 has 223 pins which may impact routing performance. Consider optimization.
[WARNING DRT-0120] Large net net1310 has 110 pins which may impact routing performance. Consider optimization.
[WARNING DRT-0120] Large net net1325 has 328 pins which may impact routing performance. Consider optimization.
[WARNING DRT-0120] Large net net953 has 104 pins which may impact routing performance. Consider optimization.
[WARNING DRT-0120] Large net net820 has 290 pins which may impact routing performance. Consider optimization.
[WARNING DRT-0120] Large net net863 has 101 pins which may impact routing performance. Consider optimization.

Design:                   integration_final
Die area:                 ( 0 0 ) ( 2545660 2545660 )
Number of track patterns: 10
Number of DEF vias:       0
Number of components:     35536
Number of terminals:      6
Number of snets:          2
Number of nets:           33458

[INFO DRT-0167] List of default vias:
  Layer Via2
    default via: Via2_VH
  Layer Via3
    default via: Via3_HV
  Layer Via4
    default via: Via4_1_VH
[INFO DRT-0162] Library cell analysis.
[INFO DRT-0163] Instance analysis.
[INFO DRT-0164] Number of unique instances = 152.
[INFO DRT-0168] Init region query.
[INFO DRT-0024]   Complete Poly2.
[INFO DRT-0024]   Complete CON.
[INFO DRT-0024]   Complete Metal1.
[INFO DRT-0024]   Complete Via1.
[INFO DRT-0024]   Complete Metal2.
[INFO DRT-0024]   Complete Via2.
[INFO DRT-0024]   Complete Metal3.
[INFO DRT-0024]   Complete Via3.
[INFO DRT-0024]   Complete Metal4.
[INFO DRT-0024]   Complete Via4.
[INFO DRT-0024]   Complete Metal5.
[INFO DRT-0033] Poly2 shape region query size = 0.
[INFO DRT-0033] CON shape region query size = 0.
[INFO DRT-0033] Metal1 shape region query size = 526998.
[INFO DRT-0033] Via1 shape region query size = 70560.
[INFO DRT-0033] Metal2 shape region query size = 261072.
[INFO DRT-0033] Via2 shape region query size = 246960.
[INFO DRT-0033] Metal3 shape region query size = 493923.
[INFO DRT-0033] Via3 shape region query size = 246960.
[INFO DRT-0033] Metal4 shape region query size = 247801.
[INFO DRT-0033] Via4 shape region query size = 12544.
[INFO DRT-0033] Metal5 shape region query size = 840.
[INFO DRT-0165] Start pin access.
[INFO DRT-0078]   Complete 799 pins.
[INFO DRT-0079]   Complete 100 unique inst patterns.
[INFO DRT-0081]   Complete 148 unique inst patterns.
[INFO DRT-0082]   Complete 10000 groups.
[INFO DRT-0082]   Complete 20000 groups.
[INFO DRT-0084]   Complete 21062 groups.
#scanned instances     = 35536
#unique  instances     = 152
#stdCellGenAp          = 4631
#stdCellValidPlanarAp  = 0
#stdCellValidViaAp     = 3364
#stdCellPinNoAp        = 0
#stdCellPinCnt         = 116252
#instTermValidViaApCnt = 0
#macroGenAp            = 0
#macroValidPlanarAp    = 0
#macroValidViaAp       = 0
#macroNoAp             = 0
[INFO DRT-0166] Complete pin access.
[INFO DRT-0267] cpu time = 00:01:54, elapsed time = 00:00:04, memory = 573.54 (MB), peak = 572.47 (MB)
[INFO DRT-0156] guideIn read 100000 guides.
[INFO DRT-0156] guideIn read 200000 guides.

[INFO DRT-0157] Number of guides:     295782

[INFO DRT-0169] Post process guides.
[INFO DRT-0176] GCELLGRID X 0 DO 151 STEP 16800 ;
[INFO DRT-0177] GCELLGRID Y 0 DO 151 STEP 16800 ;
[INFO DRT-0026]   Complete 100000 origin guides.
[INFO DRT-0026]   Complete 200000 origin guides.
[INFO DRT-0028]   Complete Poly2.
[INFO DRT-0028]   Complete CON.
[INFO DRT-0028]   Complete Metal1.
[INFO DRT-0028]   Complete Via1.
[INFO DRT-0028]   Complete Metal2.
[INFO DRT-0028]   Complete Via2.
[INFO DRT-0028]   Complete Metal3.
[INFO DRT-0028]   Complete Via3.
[INFO DRT-0028]   Complete Metal4.
[INFO DRT-0028]   Complete Via4.
[INFO DRT-0028]   Complete Metal5.
[INFO DRT-0178] Init guide query.
[INFO DRT-0035]   Complete Poly2 (guide).
[INFO DRT-0035]   Complete CON (guide).
[INFO DRT-0035]   Complete Metal1 (guide).
[INFO DRT-0035]   Complete Via1 (guide).
[INFO DRT-0035]   Complete Metal2 (guide).
[INFO DRT-0035]   Complete Via2 (guide).
[INFO DRT-0035]   Complete Metal3 (guide).
[INFO DRT-0035]   Complete Via3 (guide).
[INFO DRT-0035]   Complete Metal4 (guide).
[INFO DRT-0035]   Complete Via4 (guide).
[INFO DRT-0035]   Complete Metal5 (guide).
[INFO DRT-0036] Poly2 guide region query size = 0.
[INFO DRT-0036] CON guide region query size = 0.
[INFO DRT-0036] Metal1 guide region query size = 100074.
[INFO DRT-0036] Via1 guide region query size = 0.
[INFO DRT-0036] Metal2 guide region query size = 90393.
[INFO DRT-0036] Via2 guide region query size = 0.
[INFO DRT-0036] Metal3 guide region query size = 46462.
[INFO DRT-0036] Via3 guide region query size = 0.
[INFO DRT-0036] Metal4 guide region query size = 4837.
[INFO DRT-0036] Via4 guide region query size = 0.
[INFO DRT-0036] Metal5 guide region query size = 1755.
[INFO DRT-0179] Init gr pin query.
[INFO DRT-0267] cpu time = 00:00:01, elapsed time = 00:00:00, memory = 675.55 (MB), peak = 671.32 (MB)
[INFO DRT-0245] skipped writing guide updates to database.
[INFO DRT-0181] Start track assignment.
[INFO DRT-0184] Done with 95230 vertical wires in 4 frboxes and 148291 horizontal wires in 4 frboxes.
[INFO DRT-0186] Done with 26786 vertical wires in 4 frboxes and 23487 horizontal wires in 4 frboxes.
[INFO DRT-0182] Complete track assignment.
[INFO DRT-0267] cpu time = 00:00:11, elapsed time = 00:00:04, memory = 1270.39 (MB), peak = 1266.63 (MB)
[INFO DRT-0187] Start routing data preparation.
[INFO DRT-0267] cpu time = 00:00:00, elapsed time = 00:00:00, memory = 1270.39 (MB), peak = 1266.63 (MB)
[INFO DRT-0194] Start detail routing.
[INFO DRT-0195] Start 0th optimization iteration.
    Completing 10% with 0 violations.
    elapsed time = 00:00:21, memory = 2121.48 (MB).
    Completing 20% with 0 violations.
    elapsed time = 00:00:40, memory = 2290.49 (MB).
    Completing 30% with 6788 violations.
    elapsed time = 00:01:00, memory = 2429.79 (MB).
    Completing 40% with 6788 violations.
    elapsed time = 00:01:21, memory = 2478.60 (MB).
    Completing 50% with 6788 violations.
    elapsed time = 00:01:38, memory = 2467.14 (MB).
    Completing 60% with 13430 violations.
    elapsed time = 00:02:03, memory = 2645.73 (MB).
    Completing 70% with 13430 violations.
    elapsed time = 00:02:25, memory = 2608.38 (MB).
    Completing 80% with 20280 violations.
    elapsed time = 00:02:44, memory = 2764.61 (MB).
    Completing 90% with 20280 violations.
    elapsed time = 00:03:07, memory = 2765.46 (MB).
    Completing 100% with 27448 violations.
    elapsed time = 00:03:23, memory = 2680.64 (MB).
[INFO DRT-0199]   Number of violations = 32933.
Viol/Layer      Metal1   Via1 Metal2   Via2 Metal3   Via3 Metal4 Metal5
Cut Spacing          0     14      0      1      0      0      0      0
Metal Spacing        2      0   6671      0     74      0     12      0
NS Metal             0      0     20      0      0      0      0      0
Recheck             23      0   2996      0   1878      0    539     49
Short                0     14  17974     82   2412     32    127     13
[INFO DRT-0267] cpu time = 01:25:20, elapsed time = 00:03:24, memory = 2900.27 (MB), peak = 2897.92 (MB)
Total wire length = 2808453 um.
Total wire length on LAYER Metal1 = 0 um.
Total wire length on LAYER Metal2 = 1139308 um.
Total wire length on LAYER Metal3 = 1030838 um.
Total wire length on LAYER Metal4 = 418486 um.
Total wire length on LAYER Metal5 = 219819 um.
Total number of vias = 262623.
Up-via summary (total 262623):

-----------------
  Poly2         0
 Metal1    116781
 Metal2    127531
 Metal3     14953
 Metal4      3358
-----------------
       262623


[INFO DRT-0195] Start 1st optimization iteration.
    Completing 10% with 32933 violations.
    elapsed time = 00:00:18, memory = 2957.72 (MB).
    Completing 20% with 32933 violations.
    elapsed time = 00:00:43, memory = 2949.75 (MB).
    Completing 30% with 28342 violations.
    elapsed time = 00:01:01, memory = 2964.51 (MB).
    Completing 40% with 28342 violations.
    elapsed time = 00:01:23, memory = 2949.49 (MB).
    Completing 50% with 28342 violations.
    elapsed time = 00:01:40, memory = 2952.67 (MB).
    Completing 60% with 23853 violations.
    elapsed time = 00:02:03, memory = 2960.70 (MB).
    Completing 70% with 23853 violations.
    elapsed time = 00:02:24, memory = 2977.01 (MB).
    Completing 80% with 18967 violations.
    elapsed time = 00:02:43, memory = 2998.38 (MB).
    Completing 90% with 18967 violations.
    elapsed time = 00:03:05, memory = 3032.86 (MB).
    Completing 100% with 14043 violations.
    elapsed time = 00:03:24, memory = 2990.75 (MB).
[INFO DRT-0199]   Number of violations = 14043.
Viol/Layer        Via1 Metal2   Via2 Metal3 Metal4 Metal5
Cut Spacing         18      0      1      0      0      0
Metal Spacing        0   3923      0     37      4      0
NS Metal             0     45      0      0      0      0
Short                0   8985      0    952     74      4
[INFO DRT-0267] cpu time = 01:25:06, elapsed time = 00:03:25, memory = 2990.75 (MB), peak = 3036.76 (MB)
Total wire length = 2795399 um.
Total wire length on LAYER Metal1 = 0 um.
Total wire length on LAYER Metal2 = 1116011 um.
Total wire length on LAYER Metal3 = 1026836 um.
Total wire length on LAYER Metal4 = 432917 um.
Total wire length on LAYER Metal5 = 219633 um.
Total number of vias = 262409.
Up-via summary (total 262409):

-----------------
  Poly2         0
 Metal1    116785
 Metal2    125573
 Metal3     16739
 Metal4      3312
-----------------
       262409


[INFO DRT-0195] Start 2nd optimization iteration.
    Completing 10% with 14043 violations.
    elapsed time = 00:00:14, memory = 3031.71 (MB).
    Completing 20% with 14043 violations.
    elapsed time = 00:00:36, memory = 3049.19 (MB).
    Completing 30% with 14015 violations.
    elapsed time = 00:00:50, memory = 2971.65 (MB).
    Completing 40% with 14015 violations.
    elapsed time = 00:01:15, memory = 3066.45 (MB).
    Completing 50% with 14015 violations.
    elapsed time = 00:01:31, memory = 2971.43 (MB).
    Completing 60% with 13619 violations.
    elapsed time = 00:01:55, memory = 3066.28 (MB).
    Completing 70% with 13619 violations.
    elapsed time = 00:02:13, memory = 2996.36 (MB).
    Completing 80% with 13300 violations.
    elapsed time = 00:02:36, memory = 2999.25 (MB).
    Completing 90% with 13300 violations.
    elapsed time = 00:02:56, memory = 3023.21 (MB).
    Completing 100% with 12898 violations.
    elapsed time = 00:03:15, memory = 3015.70 (MB).
[INFO DRT-0199]   Number of violations = 12898.
Viol/Layer        Via1 Metal2 Metal3 Metal4 Metal5
Cut Spacing         13      0      0      0      0
Metal Spacing        0   3862     36      3      0
NS Metal             0     54      0      0      0
Short                0   8014    868     45      3
[INFO DRT-0267] cpu time = 01:19:48, elapsed time = 00:03:16, memory = 3015.70 (MB), peak = 3075.68 (MB)
Total wire length = 2791456 um.
Total wire length on LAYER Metal1 = 0 um.
Total wire length on LAYER Metal2 = 1114144 um.
Total wire length on LAYER Metal3 = 1025904 um.
Total wire length on LAYER Metal4 = 431997 um.
Total wire length on LAYER Metal5 = 219410 um.
Total number of vias = 261229.
Up-via summary (total 261229):

-----------------
  Poly2         0
 Metal1    116752
 Metal2    124925
 Metal3     16277
 Metal4      3275
-----------------
       261229


[INFO DRT-0195] Start 3rd optimization iteration.
    Completing 10% with 12898 violations.
    elapsed time = 00:00:37, memory = 3305.10 (MB).
    Completing 20% with 12898 violations.
    elapsed time = 00:01:01, memory = 3236.06 (MB).
    Completing 30% with 9642 violations.
    elapsed time = 00:01:49, memory = 3233.43 (MB).
    Completing 40% with 9642 violations.
    elapsed time = 00:02:10, memory = 3298.60 (MB).
    Completing 50% with 9642 violations.
    elapsed time = 00:02:43, memory = 2993.09 (MB).
    Completing 60% with 6594 violations.
    elapsed time = 00:03:11, memory = 3327.12 (MB).
    Completing 70% with 6594 violations.
    elapsed time = 00:03:34, memory = 3332.29 (MB).
    Completing 80% with 3485 violations.
    elapsed time = 00:04:09, memory = 3353.98 (MB).
    Completing 90% with 3485 violations.
    elapsed time = 00:04:36, memory = 3411.10 (MB).
    Completing 100% with 571 violations.
    elapsed time = 00:05:18, memory = 2996.02 (MB).
[INFO DRT-0199]   Number of violations = 571.
Viol/Layer        Via1 Metal2   Via2 Metal3 Metal4
Cut Spacing          1      0      1      0      0
Metal Spacing        0    186      0     18      1
NS Metal             0     11      0      0      0
Short                0    275      0     71      7
[INFO DRT-0267] cpu time = 01:44:55, elapsed time = 00:05:19, memory = 3007.90 (MB), peak = 3458.38 (MB)
Total wire length = 2791776 um.
Total wire length on LAYER Metal1 = 0 um.
Total wire length on LAYER Metal2 = 991445 um.
Total wire length on LAYER Metal3 = 1019876 um.
Total wire length on LAYER Metal4 = 548966 um.
Total wire length on LAYER Metal5 = 231488 um.
Total number of vias = 271273.
Up-via summary (total 271273):

-----------------
  Poly2         0
 Metal1    116739
 Metal2    124915
 Metal3     25550
 Metal4      4069
-----------------
       271273


[INFO DRT-0195] Start 4th optimization iteration.
    Completing 10% with 571 violations.
    elapsed time = 00:00:00, memory = 3007.90 (MB).
    Completing 20% with 571 violations.
    elapsed time = 00:00:00, memory = 3007.90 (MB).
    Completing 30% with 388 violations.
    elapsed time = 00:00:42, memory = 3007.90 (MB).
    Completing 40% with 388 violations.
    elapsed time = 00:00:42, memory = 3007.90 (MB).
    Completing 50% with 388 violations.
    elapsed time = 00:00:49, memory = 3027.09 (MB).
    Completing 60% with 192 violations.
    elapsed time = 00:00:49, memory = 3008.65 (MB).
    Completing 70% with 192 violations.
    elapsed time = 00:00:49, memory = 3008.65 (MB).
    Completing 80% with 92 violations.
    elapsed time = 00:00:55, memory = 3008.65 (MB).
    Completing 90% with 92 violations.
    elapsed time = 00:00:55, memory = 3008.65 (MB).
    Completing 100% with 33 violations.
    elapsed time = 00:01:01, memory = 3008.65 (MB).
[INFO DRT-0199]   Number of violations = 33.
Viol/Layer      Metal2 Metal3
Metal Spacing       16      2
Short               12      3
[INFO DRT-0267] cpu time = 00:03:11, elapsed time = 00:01:01, memory = 3008.65 (MB), peak = 3458.38 (MB)
Total wire length = 2791791 um.
Total wire length on LAYER Metal1 = 0 um.
Total wire length on LAYER Metal2 = 989655 um.
Total wire length on LAYER Metal3 = 1019547 um.
Total wire length on LAYER Metal4 = 550635 um.
Total wire length on LAYER Metal5 = 231952 um.
Total number of vias = 271361.
Up-via summary (total 271361):

-----------------
  Poly2         0
 Metal1    116734
 Metal2    124840
 Metal3     25684
 Metal4      4103
-----------------
       271361


[INFO DRT-0195] Start 5th guides tiles iteration.
    Completing 10% with 33 violations.
    elapsed time = 00:00:00, memory = 3060.37 (MB).
    Completing 20% with 33 violations.
    elapsed time = 00:00:00, memory = 3060.37 (MB).
    Completing 30% with 33 violations.
    elapsed time = 00:00:01, memory = 3060.37 (MB).
    Completing 50% with 33 violations.
    elapsed time = 00:00:01, memory = 3008.72 (MB).
    Completing 60% with 27 violations.
    elapsed time = 00:00:01, memory = 3008.72 (MB).
    Completing 70% with 27 violations.
    elapsed time = 00:00:01, memory = 3008.72 (MB).
    Completing 80% with 27 violations.
    elapsed time = 00:00:02, memory = 3008.72 (MB).
    Completing 100% with 27 violations.
    elapsed time = 00:00:03, memory = 3008.72 (MB).
[INFO DRT-0199]   Number of violations = 27.
Viol/Layer      Metal2 Metal3
Metal Spacing       11      2
Short               12      2
[INFO DRT-0267] cpu time = 00:00:08, elapsed time = 00:00:04, memory = 3008.86 (MB), peak = 3458.38 (MB)
Total wire length = 2791784 um.
Total wire length on LAYER Metal1 = 0 um.
Total wire length on LAYER Metal2 = 989653 um.
Total wire length on LAYER Metal3 = 1019543 um.
Total wire length on LAYER Metal4 = 550635 um.
Total wire length on LAYER Metal5 = 231952 um.
Total number of vias = 271361.
Up-via summary (total 271361):

-----------------
  Poly2         0
 Metal1    116734
 Metal2    124840
 Metal3     25684
 Metal4      4103
-----------------
       271361


[INFO DRT-0195] Start 6th guides tiles iteration.
    Completing 10% with 27 violations.
    elapsed time = 00:00:00, memory = 3060.50 (MB).
    Completing 30% with 27 violations.
    elapsed time = 00:00:01, memory = 3060.50 (MB).
    Completing 50% with 27 violations.
    elapsed time = 00:00:01, memory = 3008.86 (MB).
    Completing 60% with 27 violations.
    elapsed time = 00:00:01, memory = 3008.86 (MB).
    Completing 80% with 27 violations.
    elapsed time = 00:00:02, memory = 3008.86 (MB).
    Completing 100% with 27 violations.
    elapsed time = 00:00:03, memory = 3008.86 (MB).
[INFO DRT-0199]   Number of violations = 27.
Viol/Layer      Metal2 Metal3
Metal Spacing       11      2
Short               12      2
[INFO DRT-0267] cpu time = 00:00:07, elapsed time = 00:00:03, memory = 3008.86 (MB), peak = 3458.38 (MB)
Total wire length = 2791784 um.
Total wire length on LAYER Metal1 = 0 um.
Total wire length on LAYER Metal2 = 989653 um.
Total wire length on LAYER Metal3 = 1019543 um.
Total wire length on LAYER Metal4 = 550635 um.
Total wire length on LAYER Metal5 = 231952 um.
Total number of vias = 271361.
Up-via summary (total 271361):

-----------------
  Poly2         0
 Metal1    116734
 Metal2    124840
 Metal3     25684
 Metal4      4103
-----------------
       271361


[INFO DRT-0195] Start 7th stubborn tiles iteration.
    Completing 10% with 27 violations.
    elapsed time = 00:00:03, memory = 3353.05 (MB).
    Completing 20% with 27 violations.
    elapsed time = 00:00:07, memory = 3465.06 (MB).
    Completing 30% with 27 violations.
    elapsed time = 00:00:12, memory = 3474.21 (MB).
    Completing 40% with 27 violations.
    elapsed time = 00:00:19, memory = 3495.67 (MB).
    Completing 50% with 27 violations.
    elapsed time = 00:00:43, memory = 3658.18 (MB).
    Completing 60% with 27 violations.
    elapsed time = 00:00:51, memory = 3666.72 (MB).
    Completing 70% with 27 violations.
    elapsed time = 00:00:57, memory = 3734.09 (MB).
    Completing 80% with 27 violations.
    elapsed time = 00:01:03, memory = 3738.81 (MB).
    Completing 90% with 27 violations.
    elapsed time = 00:01:17, memory = 3684.23 (MB).
    Completing 100% with 0 violations.
    elapsed time = 00:02:12, memory = 3188.86 (MB).
[INFO DRT-0199]   Number of violations = 0.
[INFO DRT-0267] cpu time = 00:40:31, elapsed time = 00:02:12, memory = 3200.73 (MB), peak = 3744.80 (MB)
Total wire length = 2791787 um.
Total wire length on LAYER Metal1 = 0 um.
Total wire length on LAYER Metal2 = 989544 um.
Total wire length on LAYER Metal3 = 1019571 um.
Total wire length on LAYER Metal4 = 550718 um.
Total wire length on LAYER Metal5 = 231952 um.
Total number of vias = 271375.
Up-via summary (total 271375):

-----------------
  Poly2         0
 Metal1    116734
 Metal2    124847
 Metal3     25691
 Metal4      4103
-----------------
       271375


[INFO DRT-0198] Complete detail routing.
Total wire length = 2791787 um.
Total wire length on LAYER Metal1 = 0 um.
Total wire length on LAYER Metal2 = 989544 um.
Total wire length on LAYER Metal3 = 1019571 um.
Total wire length on LAYER Metal4 = 550718 um.
Total wire length on LAYER Metal5 = 231952 um.
Total number of vias = 271375.
Up-via summary (total 271375):

-----------------
  Poly2         0
 Metal1    116734
 Metal2    124847
 Metal3     25691
 Metal4      4103
-----------------
       271375


[INFO DRT-0267] cpu time = 06:39:10, elapsed time = 00:18:48, memory = 3200.75 (MB), peak = 3744.80 (MB)

[INFO DRT-0180] Post processing.
[INFO DRT-0501] Runtime: 1138.01s
Took 1138 seconds: detailed_route -output_drc ./reports/gf180/integration_final/base/5_route_drc.rpt -output_maze ./results/gf180/integration_final/base/maze.log -disable_via_gen -droute_end_iter 64 -verbose 1 -drc_report_iter_step 5
[INFO GRT-0012] Found 2 antenna violations.
[INFO DPL-0006] Core area: 1607410.43 um^2
[INFO DPL-0007] Movable instances area: 0.00 um^2
[INFO DPL-0008] Fixed instances area within core: 787983.03 um^2
[INFO DPL-0009] Utilization: 49.0%
[INFO DPL-0005] Diamond search max displacement: +/- 500 sites horizontally, +/- 100 rows vertically.
[INFO DPL-1102] Legalizing using negotiation legalizer.
[INFO DPL-1103] Negotiation base search window: +/-20 sites horizontally, +/-5 rows vertically 
	Automatic search window extension enabled.
	Search window extendable up to the max displacement cap of +/-500 sites, +/-100 rows near walls.
[INFO DPL-1104] NegotiationLegalizer DRC penalty: 5.
[INFO DPL-0392] Negotiation cell height distribution (1 unique row-count(s)):
[INFO DPL-0393]   height 1 row(s): 35538 cells
[INFO DPL-0500] Runtime: 0.10s
[INFO GRT-0015] Inserted 2 diodes.
[WARNING DRT-0120] Large net net145 has 317 pins which may impact routing performance. Consider optimization.
[WARNING DRT-0120] Large net integration_inst.quant_ip_reset has 161 pins which may impact routing performance. Consider optimization.
[WARNING DRT-0120] Large net net648 has 111 pins which may impact routing performance. Consider optimization.
[WARNING DRT-0120] Large net net956 has 294 pins which may impact routing performance. Consider optimization.
[WARNING DRT-0120] Large net net957 has 223 pins which may impact routing performance. Consider optimization.
[WARNING DRT-0120] Large net net1310 has 110 pins which may impact routing performance. Consider optimization.
[WARNING DRT-0120] Large net net1325 has 328 pins which may impact routing performance. Consider optimization.
[WARNING DRT-0120] Large net net953 has 104 pins which may impact routing performance. Consider optimization.
[WARNING DRT-0120] Large net net820 has 290 pins which may impact routing performance. Consider optimization.
[WARNING DRT-0120] Large net net863 has 101 pins which may impact routing performance. Consider optimization.
[INFO DRT-0024]   Complete Poly2.
[INFO DRT-0024]   Complete CON.
[INFO DRT-0024]   Complete Metal1.
[INFO DRT-0024]   Complete Via1.
[INFO DRT-0024]   Complete Metal2.
[INFO DRT-0024]   Complete Via2.
[INFO DRT-0024]   Complete Metal3.
[INFO DRT-0024]   Complete Via3.
[INFO DRT-0024]   Complete Metal4.
[INFO DRT-0024]   Complete Via4.
[INFO DRT-0024]   Complete Metal5.
[INFO DRT-0165] Start pin access.
[INFO DRT-0078]   Complete 799 pins.
[INFO DRT-0079]   Complete 100 unique inst patterns.
[INFO DRT-0081]   Complete 148 unique inst patterns.
[INFO DRT-0082]   Complete 10000 groups.
[INFO DRT-0082]   Complete 20000 groups.
[INFO DRT-0084]   Complete 21064 groups.
#scanned instances     = 35538
#unique  instances     = 152
#stdCellGenAp          = 4631
#stdCellValidPlanarAp  = 0
#stdCellValidViaAp     = 3364
#stdCellPinNoAp        = 0
#stdCellPinCnt         = 116252
#instTermValidViaApCnt = 0
#macroGenAp            = 0
#macroValidPlanarAp    = 0
#macroValidViaAp       = 0
#macroNoAp             = 0
[INFO DRT-0166] Complete pin access.
[INFO DRT-0267] cpu time = 00:02:07, elapsed time = 00:00:04, memory = 2922.82 (MB), peak = 3744.80 (MB)
[INFO DRT-0156] guideIn read 100000 guides.
[INFO DRT-0156] guideIn read 200000 guides.

[INFO DRT-0157] Number of guides:     295780

[INFO DRT-0169] Post process guides.
[INFO DRT-0176] GCELLGRID X 0 DO 151 STEP 16800 ;
[INFO DRT-0177] GCELLGRID Y 0 DO 151 STEP 16800 ;
[INFO DRT-0026]   Complete 100000 origin guides.
[INFO DRT-0026]   Complete 200000 origin guides.
[INFO DRT-0028]   Complete Poly2.
[INFO DRT-0028]   Complete CON.
[INFO DRT-0028]   Complete Metal1.
[INFO DRT-0028]   Complete Via1.
[INFO DRT-0028]   Complete Metal2.
[INFO DRT-0028]   Complete Via2.
[INFO DRT-0028]   Complete Metal3.
[INFO DRT-0028]   Complete Via3.
[INFO DRT-0028]   Complete Metal4.
[INFO DRT-0028]   Complete Via4.
[INFO DRT-0028]   Complete Metal5.
[INFO DRT-0178] Init guide query.
[INFO DRT-0035]   Complete Poly2 (guide).
[INFO DRT-0035]   Complete CON (guide).
[INFO DRT-0035]   Complete Metal1 (guide).
[INFO DRT-0035]   Complete Via1 (guide).
[INFO DRT-0035]   Complete Metal2 (guide).
[INFO DRT-0035]   Complete Via2 (guide).
[INFO DRT-0035]   Complete Metal3 (guide).
[INFO DRT-0035]   Complete Via3 (guide).
[INFO DRT-0035]   Complete Metal4 (guide).
[INFO DRT-0035]   Complete Via4 (guide).
[INFO DRT-0035]   Complete Metal5 (guide).
[INFO DRT-0036] Poly2 guide region query size = 0.
[INFO DRT-0036] CON guide region query size = 0.
[INFO DRT-0036] Metal1 guide region query size = 100075.
[INFO DRT-0036] Via1 guide region query size = 0.
[INFO DRT-0036] Metal2 guide region query size = 90394.
[INFO DRT-0036] Via2 guide region query size = 0.
[INFO DRT-0036] Metal3 guide region query size = 46461.
[INFO DRT-0036] Via3 guide region query size = 0.
[INFO DRT-0036] Metal4 guide region query size = 4832.
[INFO DRT-0036] Via4 guide region query size = 0.
[INFO DRT-0036] Metal5 guide region query size = 1752.
[INFO DRT-0179] Init gr pin query.
[INFO DRT-0267] cpu time = 00:00:01, elapsed time = 00:00:00, memory = 2922.82 (MB), peak = 3744.80 (MB)
[INFO DRT-0245] skipped writing guide updates to database.
[INFO DRT-0181] Start track assignment.
[INFO DRT-0184] Done with 95226 vertical wires in 4 frboxes and 148288 horizontal wires in 4 frboxes.
[INFO DRT-0186] Done with 26896 vertical wires in 4 frboxes and 23454 horizontal wires in 4 frboxes.
[INFO DRT-0182] Complete track assignment.
[INFO DRT-0267] cpu time = 00:00:12, elapsed time = 00:00:04, memory = 3049.74 (MB), peak = 3744.80 (MB)
[INFO DRT-0187] Start routing data preparation.
[INFO DRT-0267] cpu time = 00:00:00, elapsed time = 00:00:00, memory = 3049.74 (MB), peak = 3744.80 (MB)
[INFO DRT-0194] Start detail routing.
[INFO DRT-0195] Start 0th optimization iteration.
    Completing 10% with 0 violations.
    elapsed time = 00:00:00, memory = 3086.41 (MB).
    Completing 20% with 0 violations.
    elapsed time = 00:00:00, memory = 3086.41 (MB).
    Completing 30% with 5 violations.
    elapsed time = 00:00:01, memory = 3112.38 (MB).
    Completing 40% with 5 violations.
    elapsed time = 00:00:02, memory = 3132.34 (MB).
    Completing 50% with 5 violations.
    elapsed time = 00:00:02, memory = 3070.95 (MB).
    Completing 60% with 8 violations.
    elapsed time = 00:00:03, memory = 3133.53 (MB).
    Completing 70% with 8 violations.
    elapsed time = 00:00:03, memory = 3070.11 (MB).
    Completing 80% with 37 violations.
    elapsed time = 00:00:04, memory = 3111.43 (MB).
    Completing 90% with 37 violations.
    elapsed time = 00:00:04, memory = 3069.00 (MB).
    Completing 100% with 60 violations.
    elapsed time = 00:00:05, memory = 3069.00 (MB).
[INFO DRT-0199]   Number of violations = 85.
Viol/Layer      Metal2 Metal3 Metal4 Metal5
Metal Spacing        8      3      2      0
Recheck             14      4      6      1
Short               14     11     21      1
[INFO DRT-0267] cpu time = 00:01:58, elapsed time = 00:00:05, memory = 3231.00 (MB), peak = 3744.80 (MB)
Total wire length = 2791869 um.
Total wire length on LAYER Metal1 = 0 um.
Total wire length on LAYER Metal2 = 989635 um.
Total wire length on LAYER Metal3 = 1019819 um.
Total wire length on LAYER Metal4 = 550707 um.
Total wire length on LAYER Metal5 = 231706 um.
Total number of vias = 271397.
Up-via summary (total 271397):

-----------------
  Poly2         0
 Metal1    116736
 Metal2    124857
 Metal3     25708
 Metal4      4096
-----------------
       271397


[INFO DRT-0195] Start 1st optimization iteration.
    Completing 10% with 85 violations.
    elapsed time = 00:00:00, memory = 3231.00 (MB).
    Completing 20% with 85 violations.
    elapsed time = 00:00:00, memory = 3231.00 (MB).
    Completing 30% with 80 violations.
    elapsed time = 00:00:01, memory = 3231.00 (MB).
    Completing 40% with 80 violations.
    elapsed time = 00:00:01, memory = 3231.00 (MB).
    Completing 50% with 80 violations.
    elapsed time = 00:00:02, memory = 3231.00 (MB).
    Completing 60% with 78 violations.
    elapsed time = 00:00:03, memory = 3114.50 (MB).
    Completing 70% with 78 violations.
    elapsed time = 00:00:03, memory = 3114.50 (MB).
    Completing 80% with 41 violations.
    elapsed time = 00:00:04, memory = 3094.62 (MB).
    Completing 90% with 41 violations.
    elapsed time = 00:00:04, memory = 3094.62 (MB).
    Completing 100% with 7 violations.
    elapsed time = 00:00:05, memory = 3094.62 (MB).
[INFO DRT-0199]   Number of violations = 7.
Viol/Layer      Metal2 Metal3
Short                4      3
[INFO DRT-0267] cpu time = 00:01:56, elapsed time = 00:00:05, memory = 3230.98 (MB), peak = 3744.80 (MB)
Total wire length = 2791847 um.
Total wire length on LAYER Metal1 = 0 um.
Total wire length on LAYER Metal2 = 989628 um.
Total wire length on LAYER Metal3 = 1019818 um.
Total wire length on LAYER Metal4 = 550687 um.
Total wire length on LAYER Metal5 = 231713 um.
Total number of vias = 271400.
Up-via summary (total 271400):

-----------------
  Poly2         0
 Metal1    116736
 Metal2    124856
 Metal3     25710
 Metal4      4098
-----------------
       271400


[INFO DRT-0195] Start 2nd optimization iteration.
    Completing 10% with 7 violations.
    elapsed time = 00:00:00, memory = 3230.98 (MB).
    Completing 20% with 7 violations.
    elapsed time = 00:00:00, memory = 3230.98 (MB).
    Completing 30% with 4 violations.
    elapsed time = 00:00:00, memory = 3230.98 (MB).
    Completing 40% with 4 violations.
    elapsed time = 00:00:00, memory = 3230.98 (MB).
    Completing 50% with 4 violations.
    elapsed time = 00:00:00, memory = 3230.98 (MB).
    Completing 60% with 4 violations.
    elapsed time = 00:00:00, memory = 3230.98 (MB).
    Completing 70% with 4 violations.
    elapsed time = 00:00:00, memory = 3230.98 (MB).
    Completing 80% with 4 violations.
    elapsed time = 00:00:00, memory = 3230.98 (MB).
    Completing 90% with 4 violations.
    elapsed time = 00:00:00, memory = 3230.98 (MB).
    Completing 100% with 4 violations.
    elapsed time = 00:00:00, memory = 3230.98 (MB).
[INFO DRT-0199]   Number of violations = 4.
Viol/Layer      Metal2
Short                4
[INFO DRT-0267] cpu time = 00:00:02, elapsed time = 00:00:00, memory = 3175.97 (MB), peak = 3744.80 (MB)
Total wire length = 2791842 um.
Total wire length on LAYER Metal1 = 0 um.
Total wire length on LAYER Metal2 = 989634 um.
Total wire length on LAYER Metal3 = 1019805 um.
Total wire length on LAYER Metal4 = 550689 um.
Total wire length on LAYER Metal5 = 231713 um.
Total number of vias = 271395.
Up-via summary (total 271395):

-----------------
  Poly2         0
 Metal1    116736
 Metal2    124856
 Metal3     25705
 Metal4      4098
-----------------
       271395


[INFO DRT-0195] Start 3rd guides tiles iteration.
    Completing 20% with 4 violations.
    elapsed time = 00:00:00, memory = 3246.62 (MB).
    Completing 50% with 4 violations.
    elapsed time = 00:00:00, memory = 3175.97 (MB).
    Completing 70% with 0 violations.
    elapsed time = 00:00:00, memory = 3175.97 (MB).
    Completing 100% with 0 violations.
    elapsed time = 00:00:00, memory = 3175.97 (MB).
[INFO DRT-0199]   Number of violations = 0.
[INFO DRT-0267] cpu time = 00:00:01, elapsed time = 00:00:00, memory = 3230.94 (MB), peak = 3744.80 (MB)
Total wire length = 2791825 um.
Total wire length on LAYER Metal1 = 0 um.
Total wire length on LAYER Metal2 = 989535 um.
Total wire length on LAYER Metal3 = 1019797 um.
Total wire length on LAYER Metal4 = 550787 um.
Total wire length on LAYER Metal5 = 231705 um.
Total number of vias = 271375.
Up-via summary (total 271375):

-----------------
  Poly2         0
 Metal1    116736
 Metal2    124852
 Metal3     25690
 Metal4      4097
-----------------
       271375


[INFO DRT-0198] Complete detail routing.
Total wire length = 2791825 um.
Total wire length on LAYER Metal1 = 0 um.
Total wire length on LAYER Metal2 = 989535 um.
Total wire length on LAYER Metal3 = 1019797 um.
Total wire length on LAYER Metal4 = 550787 um.
Total wire length on LAYER Metal5 = 231705 um.
Total number of vias = 271375.
Up-via summary (total 271375):

-----------------
  Poly2         0
 Metal1    116736
 Metal2    124852
 Metal3     25690
 Metal4      4097
-----------------
       271375


[INFO DRT-0267] cpu time = 00:03:59, elapsed time = 00:00:12, memory = 3230.99 (MB), peak = 3744.80 (MB)

[INFO DRT-0180] Post processing.
[INFO DRT-0501] Runtime: 23.42s
[INFO ANT-0002] Found 0 net violations.
[INFO ANT-0001] Found 0 pin violations.
[INFO ANT-0002] Found 0 net violations.
[INFO ANT-0001] Found 0 pin violations.
Design area 787983 um^2 49% utilization.
write_db ./results/gf180/integration_final/base/5_2_route.odb
Took 5 seconds: write_db ./results/gf180/integration_final/base/5_2_route.odb
Elapsed time: 19:38.66[h:]min:sec. CPU time: user 24581.62 sys 11.59 (2086%). Peak memory: 3834680KB.
Log                       Ext     Elapsed/s Peak Memory/MB sha1sum result [0:20)
5_2_route                 .odb         1178           3744 d708ff61c9ca343c3d2d
