OpenROAD 26Q3-771-g7cfb2105c9 
Features included (+) or not (-): +GPU +GUI +Python
This program is licensed under the BSD-3 license. See the LICENSE file for details.
Components of this program may be licensed under more restrictive licenses which must be honored.
[INFO ORD-0030] Using 28 thread(s).
read_liberty /mnt/c/Users/balir/ChipathonTest/OpenROAD-flow-scripts/flow/platforms/gf180/lib/gf180mcu_fd_sc_mcu9t5v0__ff_n40C_5v50.lib.gz
read_db ./results/gf180/integration_final/base/6_1_fill.odb
read_sdc ./results/gf180/integration_final/base/6_1_fill.sdc
source /mnt/c/Users/balir/ChipathonTest/OpenROAD-flow-scripts/flow/platforms/gf180/setRC.tcl
[WARNING STA-0450] virtual clock vclk_core_clock can not be propagated.
write_db ./results/gf180/integration_final/base/6_final.odb
Took 5 seconds: write_db ./results/gf180/integration_final/base/6_final.odb
write_sdc -no_timestamp ./results/gf180/integration_final/base/6_final.sdc
Deleted 0 routing obstructions
[INFO RCX-0431] Defined process_corner X with ext_model_index 0
[INFO RCX-0029] Defined extraction corner X
[WARNING RCX-0514] The ext_model_file option is deprecated. Use set_extraction_rules_file command instead.
[INFO RCX-0435] Reading extraction model file /mnt/c/Users/balir/ChipathonTest/OpenROAD-flow-scripts/flow/platforms/gf180/openROAD/rcx/gf180mcu_1p5m_1tm_9k_sp_smim_OPTB_bst.rules ...
[INFO RCX-0436] RC segment generation integration_final (max_merge_res 50.0) ...
[INFO RCX-0040] Final 137939 rc segments
[INFO RCX-0439] Coupling Cap extraction integration_final ...
[INFO RCX-0440] Coupling threshhold is 0.1000 fF, coupling capacitance less than 0.1000 fF will be grounded.
[INFO RCX-0442] 23% of 410084 wires extracted
[INFO RCX-0442] 52% of 410084 wires extracted
[INFO RCX-0442] 72% of 410084 wires extracted
[INFO RCX-0442] 100% of 410084 wires extracted
[INFO RCX-0045] Extract 33458 nets, 171397 rsegs, 171397 caps, 478868 ccs
[INFO RCX-0443] 33458 nets finished
[INFO PSM-0040] All shapes on net VDD are connected.
########## IR report #################
Net              : VDD
Corner           : default
Total power      : 6.86e-02 W
Supply voltage   : 5.50e+00 V
Worstcase voltage: 5.50e+00 V
Average voltage  : 5.50e+00 V
Average IR drop  : 1.26e-05 V
Worstcase IR drop: 1.13e-04 V
Percentage drop  : 0.00 %
######################################
[INFO PSM-0040] All shapes on net VSS are connected.
########## IR report #################
Net              : VSS
Corner           : default
Total power      : 6.86e-02 W
Supply voltage   : 0.00e+00 V
Worstcase voltage: 1.03e-04 V
Average voltage  : 1.27e-05 V
Average IR drop  : 1.27e-05 V
Worstcase IR drop: 1.03e-04 V
Percentage drop  : 0.00 %
######################################
Cell type report:                       Count       Area
  Endcap cell                             502    2833.69
  Fill cell                             44836  819427.39
  Tap cell                               1518    8568.81
  Antenna cell                             11      62.09
  Tie cell                                145    1636.99
  Clock buffer                             75   12362.11
  Timing Repair Buffer                    752   30227.90
  Inverter                               3628   41280.42
  Clock inverter                           36    2111.16
  Sequential cell                        1280  115289.40
  Multi-Input combinational cell        27591  573610.46
  Total                                 80374 1607410.43
Report metrics stage 6, finish...

==========================================================================
finish report_design_area
--------------------------------------------------------------------------
Design area 787983 um^2 49% utilization.
[WARNING GUI-0066] Heat map "IR Drop" has not been populated with data.
[WARNING GUI-0066] Heat map "Routing Congestion" has not been populated with data.
Elapsed time: 0:55.45[h:]min:sec. CPU time: user 39.54 sys 19.42 (106%). Peak memory: 1041948KB.
Log                       Ext     Elapsed/s Peak Memory/MB sha1sum result [0:20)
6_report                                 55           1017                  N/A
