Reading timing models for corner max_ss_125C_3v00…
Reading timing library for the 'max_ss_125C_3v00' corner at '/foss/pdks/gf180mcuD/libs.ref/gf180mcu_fd_sc_mcu7t5v0/lib/gf180mcu_fd_sc_mcu7t5v0__ss_125C_3v00.lib'…
Reading timing models for corner min_ff_n40C_3v60…
Reading timing library for the 'min_ff_n40C_3v60' corner at '/foss/pdks/gf180mcuD/libs.ref/gf180mcu_fd_sc_mcu7t5v0/lib/gf180mcu_fd_sc_mcu7t5v0__ff_n40C_3v60.lib'…
Reading timing models for corner nom_tt_025C_3v30…
Reading timing library for the 'nom_tt_025C_3v30' corner at '/foss/pdks/gf180mcuD/libs.ref/gf180mcu_fd_sc_mcu7t5v0/lib/gf180mcu_fd_sc_mcu7t5v0__tt_025C_3v30.lib'…
Reading OpenROAD database at '/foss/designs/integration_final/runs/RUN_2026-08-30_15-35-49/39-openroad-globalrouting/A37_A.odb'…
Reading design constraints file at '/foss/designs/integration_final/constraints_core.sdc'…
[INFO] No information on clock propagation in input SDC file-- propagating all clocks.
[INFO] Setting signal min routing layer to: Metal2 and clock min routing layer to Metal2. 
[INFO] Setting signal max routing layer to: Metal5 and clock max routing layer to Metal3. 
+ global_route -congestion_iterations 50 -verbose -allow_congestion
[INFO GRT-0020] Min routing layer: Metal2
[INFO GRT-0021] Max routing layer: Metal5
[INFO GRT-0022] Global adjustment: 30%
[INFO GRT-0023] Grid origin: (0, 0)
[INFO GRT-0088] Layer Metal1  Track-Pitch = 0.5600  line-2-Via Pitch: 0.4750
[INFO GRT-0088] Layer Metal2  Track-Pitch = 0.5600  line-2-Via Pitch: 0.5600
[INFO GRT-0088] Layer Metal3  Track-Pitch = 0.5600  line-2-Via Pitch: 0.5600
[INFO GRT-0088] Layer Metal4  Track-Pitch = 0.5600  line-2-Via Pitch: 0.5600
[INFO GRT-0088] Layer Metal5  Track-Pitch = 0.9000  line-2-Via Pitch: 0.8200
[INFO GRT-0003] Macros: 0
[INFO GRT-0004] Blockages: 0
[INFO GRT-0019] Found 113 clock nets.
[INFO GRT-0001] Minimum degree: 2
[INFO GRT-0002] Maximum degree: 32

[INFO GRT-0053] Routing resources analysis:
          Routing      Original      Derated      Resource
Layer     Direction    Resources     Resources    Reduction (%)
---------------------------------------------------------------
Metal1     Horizontal          0             0          0.00%
Metal2     Vertical       229878        152369          33.72%
Metal3     Horizontal     249830        165736          33.66%
Metal4     Vertical       232956        155075          33.43%
Metal5     Horizontal     143599         95975          33.16%
---------------------------------------------------------------

[INFO GRT-0101] Running extra iterations to remove overflow.
[INFO GRT-0102] Start extra iteration 1/50
[INFO GRT-0102] Start extra iteration 2/50
[INFO GRT-0102] Start extra iteration 3/50
[INFO GRT-0197] Via related to pin nodes: 134971
[INFO GRT-0198] Via related Steiner nodes: 2956
[INFO GRT-0199] Via filling finished.
[INFO GRT-0111] Final number of vias: 170989
[INFO GRT-0112] Final usage 3D: 661699

[INFO GRT-0096] Final congestion report:
Layer         Resource        Demand        Usage (%)    Max H / Max V / Total Overflow
---------------------------------------------------------------------------------------
Metal1               0             0            0.00%             0 /  0 /  0
Metal2          152369         64350           42.23%             0 /  0 /  0
Metal3          165736         64395           38.85%             0 /  0 /  0
Metal4          155075         13028            8.40%             0 /  0 /  0
Metal5           95975          6959            7.25%             0 /  0 /  0
---------------------------------------------------------------------------------------
Total           569155        148732           26.13%             0 /  0 /  0

[INFO GRT-0018] Total wirelength: 1768863 um
[INFO GRT-0014] Routed nets: 23088
[INFO GRT-0303] Global routing runtime = 00:00:04
+ repair_design -verbose -max_wire_length 180 -slew_margin 35 -cap_margin 35
[WARNING RSZ-0065] max wire length less than 14633u increases wire delays.
Iteration |   Area    | Resized | Buffers | Nets repaired | Remaining
---------------------------------------------------------------------
        0 |     +0.0% |       0 |       0 |             0 |     23179
     1000 |     +0.0% |       2 |       8 |             8 |     22179
     2000 |     +0.1% |       5 |      10 |            10 |     21179
     3000 |     +0.1% |       7 |      12 |            12 |     20179
     4000 |     +0.1% |      11 |      14 |            14 |     19179
     5000 |     +0.2% |      15 |      20 |            20 |     18179
     6000 |     +0.3% |      27 |      32 |            32 |     17179
     7000 |     +0.3% |      30 |      41 |            41 |     16179
     8000 |     +0.4% |      32 |      49 |            49 |     15179
     9000 |     +0.5% |      35 |      70 |            70 |     14179
    10000 |     +0.6% |      40 |      94 |            94 |     13179
    11000 |     +0.7% |      43 |     124 |           124 |     12179
    12000 |     +0.8% |      44 |     143 |           143 |     11179
    13000 |     +0.9% |      46 |     157 |           157 |     10179
    14000 |     +1.0% |      48 |     187 |           187 |      9179
    15000 |     +1.1% |      50 |     204 |           204 |      8179
    16000 |     +1.3% |      51 |     251 |           251 |      7179
    17000 |     +1.4% |      56 |     286 |           286 |      6179
    18000 |     +1.6% |      66 |     324 |           324 |      5179
    19000 |     +2.0% |      68 |     401 |           400 |      4179
    20000 |     +2.3% |      70 |     506 |           505 |      3179
    21000 |     +2.8% |      75 |     626 |           625 |      2179
    22000 |     +2.8% |      78 |     643 |           642 |      1179
    23000 |     +2.9% |      88 |     649 |           647 |       179
    final |     +2.9% |      88 |     654 |           652 |         0
---------------------------------------------------------------------
[INFO RSZ-0034] Found 88 slew violations.
[INFO RSZ-0037] Found 652 long wires.
[INFO RSZ-0039] Resized 88 instances.
[INFO RSZ-0038] Inserted 654 buffers in 652 nets.
+ detailed_placement -max_displacement  500 100 
Placement Analysis
---------------------------------
total displacement       5321.7 u
average displacement        0.2 u
max displacement           20.2 u
original HPWL         1164095.3 u
legalized HPWL        1184502.5 u
delta HPWL                    2 %

[INFO DPL-0020] Mirrored 8744 instances
[INFO DPL-0021] HPWL before          1184502.5 u
[INFO DPL-0022] HPWL after           1166050.0 u
[INFO DPL-0023] HPWL delta               -1.6 %
+ global_route -congestion_iterations 50 -verbose -allow_congestion
[INFO GRT-0020] Min routing layer: Metal2
[INFO GRT-0021] Max routing layer: Metal5
[INFO GRT-0022] Global adjustment: 30%
[INFO GRT-0023] Grid origin: (0, 0)
[INFO GRT-0088] Layer Metal1  Track-Pitch = 0.5600  line-2-Via Pitch: 0.4750
[INFO GRT-0088] Layer Metal2  Track-Pitch = 0.5600  line-2-Via Pitch: 0.5600
[INFO GRT-0088] Layer Metal3  Track-Pitch = 0.5600  line-2-Via Pitch: 0.5600
[INFO GRT-0088] Layer Metal4  Track-Pitch = 0.5600  line-2-Via Pitch: 0.5600
[INFO GRT-0088] Layer Metal5  Track-Pitch = 0.9000  line-2-Via Pitch: 0.8200
[INFO GRT-0003] Macros: 0
[INFO GRT-0004] Blockages: 0
[INFO GRT-0019] Found 113 clock nets.
[INFO GRT-0001] Minimum degree: 2
[INFO GRT-0002] Maximum degree: 32

[INFO GRT-0053] Routing resources analysis:
          Routing      Original      Derated      Resource
Layer     Direction    Resources     Resources    Reduction (%)
---------------------------------------------------------------
Metal1     Horizontal          0             0          0.00%
Metal2     Vertical       229878        152369          33.72%
Metal3     Horizontal     249830        165736          33.66%
Metal4     Vertical       232956        155075          33.43%
Metal5     Horizontal     143599         95975          33.16%
---------------------------------------------------------------

[INFO GRT-0101] Running extra iterations to remove overflow.
[INFO GRT-0102] Start extra iteration 1/50
[INFO GRT-0102] Start extra iteration 2/50
[INFO GRT-0102] Start extra iteration 3/50
[WARNING EST-0026] Missing route to pin _36337_/D in net _00000_.
[WARNING EST-0026] Missing route to pin _29693_/ZN in net _00000_.
[WARNING EST-0026] Missing route to pin _36337_/D in net _00000_.
[WARNING EST-0026] Missing route to pin _29693_/ZN in net _00000_.
[WARNING EST-0026] Missing route to pin _36337_/D in net _00000_.
[WARNING EST-0026] Missing route to pin _29693_/ZN in net _00000_.
[WARNING EST-0026] Missing route to pin _36338_/D in net _00001_.
[WARNING EST-0026] Missing route to pin _29689_/ZN in net _00001_.
[WARNING EST-0026] Missing route to pin _36338_/D in net _00001_.
[WARNING EST-0026] Missing route to pin _29689_/ZN in net _00001_.
[WARNING EST-0026] Missing route to pin _36338_/D in net _00001_.
[WARNING EST-0026] Missing route to pin _29689_/ZN in net _00001_.
[WARNING EST-0026] Missing route to pin _36340_/D in net _00003_.
[WARNING EST-0026] Missing route to pin _29686_/ZN in net _00003_.
[WARNING EST-0026] Missing route to pin _36340_/D in net _00003_.
[WARNING EST-0026] Missing route to pin _29686_/ZN in net _00003_.
[WARNING EST-0026] Missing route to pin _36340_/D in net _00003_.
[WARNING EST-0026] Missing route to pin _29686_/ZN in net _00003_.
[WARNING EST-0026] Missing route to pin _36341_/D in net _00004_.
[WARNING EST-0026] Missing route to pin _29683_/ZN in net _00004_.
[WARNING EST-0026] Missing route to pin _36341_/D in net _00004_.
[WARNING EST-0026] Missing route to pin _29683_/ZN in net _00004_.
[WARNING EST-0026] Missing route to pin _36341_/D in net _00004_.
[WARNING EST-0026] Missing route to pin _29683_/ZN in net _00004_.
[WARNING EST-0026] Missing route to pin _36342_/D in net _00005_.
[WARNING EST-0026] Missing route to pin _29679_/ZN in net _00005_.
[WARNING EST-0026] Missing route to pin _36342_/D in net _00005_.
[WARNING EST-0026] Missing route to pin _29679_/ZN in net _00005_.
[WARNING EST-0026] Missing route to pin _36342_/D in net _00005_.
[WARNING EST-0026] Missing route to pin _29679_/ZN in net _00005_.
[WARNING EST-0026] Missing route to pin _36500_/D in net _00006_.
[WARNING EST-0026] Missing route to pin _30222_/ZN in net _00006_.
[WARNING EST-0026] Missing route to pin _36500_/D in net _00006_.
[WARNING EST-0026] Missing route to pin _30222_/ZN in net _00006_.
[WARNING EST-0026] Missing route to pin _36500_/D in net _00006_.
[WARNING EST-0026] Missing route to pin _30222_/ZN in net _00006_.
[WARNING EST-0026] Missing route to pin _36510_/D in net _00007_.
[WARNING EST-0026] Missing route to pin _30287_/ZN in net _00007_.
[WARNING EST-0026] Missing route to pin _36510_/D in net _00007_.
[WARNING EST-0026] Missing route to pin _30287_/ZN in net _00007_.
[WARNING EST-0026] Missing route to pin _36510_/D in net _00007_.
[WARNING EST-0026] Missing route to pin _30287_/ZN in net _00007_.
[WARNING EST-0026] Missing route to pin _36511_/D in net _00008_.
[WARNING EST-0026] Missing route to pin _30293_/ZN in net _00008_.
[WARNING EST-0026] Missing route to pin _36511_/D in net _00008_.
[WARNING EST-0026] Missing route to pin _30293_/ZN in net _00008_.
[WARNING EST-0026] Missing route to pin _36511_/D in net _00008_.
[WARNING EST-0026] Missing route to pin _30293_/ZN in net _00008_.
[WARNING EST-0026] Missing route to pin _36512_/D in net _00009_.
[WARNING EST-0026] Missing route to pin _30302_/ZN in net _00009_.
[WARNING EST-0026] Missing route to pin _36512_/D in net _00009_.
[WARNING EST-0026] Missing route to pin _30302_/ZN in net _00009_.
[WARNING EST-0026] Missing route to pin _36512_/D in net _00009_.
[WARNING EST-0026] Missing route to pin _30302_/ZN in net _00009_.
[WARNING EST-0026] Missing route to pin _36513_/D in net _00010_.
[WARNING EST-0026] Missing route to pin _30309_/ZN in net _00010_.
[WARNING EST-0026] Missing route to pin _36513_/D in net _00010_.
[WARNING EST-0026] Missing route to pin _30309_/ZN in net _00010_.
[WARNING EST-0026] Missing route to pin _36513_/D in net _00010_.
[WARNING EST-0026] Missing route to pin _30309_/ZN in net _00010_.
[WARNING EST-0026] Missing route to pin _36514_/D in net _00011_.
[WARNING EST-0026] Missing route to pin _30315_/ZN in net _00011_.
[WARNING EST-0026] Missing route to pin _36514_/D in net _00011_.
[WARNING EST-0026] Missing route to pin _30315_/ZN in net _00011_.
[WARNING EST-0026] Missing route to pin _36514_/D in net _00011_.
[WARNING EST-0026] Missing route to pin _30315_/ZN in net _00011_.
[WARNING EST-0026] Missing route to pin _36515_/D in net _00012_.
[WARNING EST-0026] Missing route to pin _30320_/ZN in net _00012_.
[WARNING EST-0026] Missing route to pin _36515_/D in net _00012_.
[WARNING EST-0026] Missing route to pin _30320_/ZN in net _00012_.
[WARNING EST-0026] Missing route to pin _36515_/D in net _00012_.
[WARNING EST-0026] Missing route to pin _30320_/ZN in net _00012_.
[WARNING EST-0026] Missing route to pin _36516_/D in net _00013_.
[WARNING EST-0026] Missing route to pin _30333_/ZN in net _00013_.
[WARNING EST-0026] Missing route to pin _36516_/D in net _00013_.
[WARNING EST-0026] Missing route to pin _30333_/ZN in net _00013_.
[WARNING EST-0026] Missing route to pin _36516_/D in net _00013_.
[WARNING EST-0026] Missing route to pin _30333_/ZN in net _00013_.
[WARNING EST-0026] Missing route to pin _36517_/D in net _00014_.
[WARNING EST-0026] Missing route to pin _30339_/ZN in net _00014_.
[WARNING EST-0026] Missing route to pin _36517_/D in net _00014_.
[WARNING EST-0026] Missing route to pin _30339_/ZN in net _00014_.
[WARNING EST-0026] Missing route to pin _36517_/D in net _00014_.
[WARNING EST-0026] Missing route to pin _30339_/ZN in net _00014_.
[WARNING EST-0026] Missing route to pin _36518_/D in net _00015_.
[WARNING EST-0026] Missing route to pin _30346_/ZN in net _00015_.
[WARNING EST-0026] Missing route to pin _36518_/D in net _00015_.
[WARNING EST-0026] Missing route to pin _30346_/ZN in net _00015_.
[WARNING EST-0026] Missing route to pin _36518_/D in net _00015_.
[WARNING EST-0026] Missing route to pin _30346_/ZN in net _00015_.
[WARNING EST-0026] Missing route to pin _36519_/D in net _00016_.
[WARNING EST-0026] Missing route to pin _30350_/Z in net _00016_.
[WARNING EST-0026] Missing route to pin _36519_/D in net _00016_.
[WARNING EST-0026] Missing route to pin _30350_/Z in net _00016_.
[WARNING EST-0026] Missing route to pin _36519_/D in net _00016_.
[WARNING EST-0026] Missing route to pin _30350_/Z in net _00016_.
[WARNING EST-0026] Missing route to pin _36501_/D in net _00017_.
[WARNING EST-0026] Missing route to pin _30228_/ZN in net _00017_.
[WARNING EST-0026] Missing route to pin _36501_/D in net _00017_.
[WARNING EST-0026] Missing route to pin _30228_/ZN in net _00017_.
[WARNING EST-0026] Missing route to pin _36501_/D in net _00017_.
[WARNING EST-0026] Missing route to pin _30228_/ZN in net _00017_.
[WARNING EST-0026] Missing route to pin _36520_/D in net _00018_.
[WARNING EST-0026] Missing route to pin _30361_/ZN in net _00018_.
[WARNING EST-0026] Missing route to pin _36520_/D in net _00018_.
[WARNING EST-0026] Missing route to pin _30361_/ZN in net _00018_.
[WARNING EST-0026] Missing route to pin _36520_/D in net _00018_.
[WARNING EST-0026] Missing route to pin _30361_/ZN in net _00018_.
[WARNING EST-0026] Missing route to pin _36521_/D in net _00019_.
[WARNING EST-0026] Missing route to pin _30368_/ZN in net _00019_.
[WARNING EST-0026] Missing route to pin _36521_/D in net _00019_.
[WARNING EST-0026] Missing route to pin _30368_/ZN in net _00019_.
[WARNING EST-0026] Missing route to pin _36521_/D in net _00019_.
[WARNING EST-0026] Missing route to pin _30368_/ZN in net _00019_.
[WARNING EST-0026] Missing route to pin _36522_/D in net _00020_.
[WARNING EST-0026] Missing route to pin _30375_/ZN in net _00020_.
[WARNING EST-0026] Missing route to pin _36522_/D in net _00020_.
[WARNING EST-0026] Missing route to pin _30375_/ZN in net _00020_.
[WARNING EST-0026] Missing route to pin _36522_/D in net _00020_.
[WARNING EST-0026] Missing route to pin _30375_/ZN in net _00020_.
[WARNING EST-0026] Missing route to pin _36523_/D in net _00021_.
[WARNING EST-0026] Missing route to pin _30380_/ZN in net _00021_.
[WARNING EST-0026] Missing route to pin _36523_/D in net _00021_.
[WARNING EST-0026] Missing route to pin _30380_/ZN in net _00021_.
[WARNING EST-0026] Missing route to pin _36523_/D in net _00021_.
[WARNING EST-0026] Missing route to pin _30380_/ZN in net _00021_.
[WARNING EST-0026] Missing route to pin _36524_/D in net _00022_.
[WARNING EST-0026] Missing route to pin _30393_/ZN in net _00022_.
[WARNING EST-0026] Missing route to pin _36524_/D in net _00022_.
[WARNING EST-0026] Missing route to pin _30393_/ZN in net _00022_.
[WARNING EST-0026] Missing route to pin _36524_/D in net _00022_.
[WARNING EST-0026] Missing route to pin _30393_/ZN in net _00022_.
[WARNING EST-0026] Missing route to pin _36525_/D in net _00023_.
[WARNING EST-0026] Missing route to pin _30398_/ZN in net _00023_.
[WARNING EST-0026] Missing route to pin _36525_/D in net _00023_.
[WARNING EST-0026] Missing route to pin _30398_/ZN in net _00023_.
[WARNING EST-0026] Missing route to pin _36525_/D in net _00023_.
[WARNING EST-0026] Missing route to pin _30398_/ZN in net _00023_.
[WARNING EST-0026] Missing route to pin _36526_/D in net _00024_.
[WARNING EST-0026] Missing route to pin _30405_/ZN in net _00024_.
[WARNING EST-0026] Missing route to pin _36526_/D in net _00024_.
[WARNING EST-0026] Missing route to pin _30405_/ZN in net _00024_.
[WARNING EST-0026] Missing route to pin _36526_/D in net _00024_.
[WARNING EST-0026] Missing route to pin _30405_/ZN in net _00024_.
[WARNING EST-0026] Missing route to pin _36527_/D in net _00025_.
[WARNING EST-0026] Missing route to pin _30410_/ZN in net _00025_.
[WARNING EST-0026] Missing route to pin _36527_/D in net _00025_.
[WARNING EST-0026] Missing route to pin _30410_/ZN in net _00025_.
[WARNING EST-0026] Missing route to pin _36527_/D in net _00025_.
[WARNING EST-0026] Missing route to pin _30410_/ZN in net _00025_.
[WARNING EST-0026] Missing route to pin _36528_/D in net _00026_.
[WARNING EST-0026] Missing route to pin _30421_/Z in net _00026_.
[WARNING EST-0026] Missing route to pin _36528_/D in net _00026_.
[WARNING EST-0026] Missing route to pin _30421_/Z in net _00026_.
[WARNING EST-0026] Missing route to pin _36528_/D in net _00026_.
[WARNING EST-0026] Missing route to pin _30421_/Z in net _00026_.
[WARNING EST-0026] Missing route to pin _36502_/D in net _00028_.
[WARNING EST-0026] Missing route to pin _30234_/Z in net _00028_.
[WARNING EST-0026] Missing route to pin _36502_/D in net _00028_.
[WARNING EST-0026] Missing route to pin _30234_/Z in net _00028_.
[WARNING EST-0026] Missing route to pin _36502_/D in net _00028_.
[WARNING EST-0026] Missing route to pin _30234_/Z in net _00028_.
[WARNING EST-0026] Missing route to pin _36530_/D in net _00029_.
[WARNING EST-0026] Missing route to pin _30435_/ZN in net _00029_.
[WARNING EST-0026] Missing route to pin _36530_/D in net _00029_.
[WARNING EST-0026] Missing route to pin _30435_/ZN in net _00029_.
[WARNING EST-0026] Missing route to pin _36530_/D in net _00029_.
[WARNING EST-0026] Missing route to pin _30435_/ZN in net _00029_.
[WARNING EST-0026] Missing route to pin _36531_/D in net _00030_.
[WARNING EST-0026] Missing route to pin _30440_/ZN in net _00030_.
[WARNING EST-0026] Missing route to pin _36531_/D in net _00030_.
[WARNING EST-0026] Missing route to pin _30440_/ZN in net _00030_.
[WARNING EST-0026] Missing route to pin _36531_/D in net _00030_.
[WARNING EST-0026] Missing route to pin _30440_/ZN in net _00030_.
[WARNING EST-0026] Missing route to pin _36532_/D in net _00031_.
[WARNING EST-0026] Missing route to pin _30451_/ZN in net _00031_.
[WARNING EST-0026] Missing route to pin _36532_/D in net _00031_.
[WARNING EST-0026] Missing route to pin _30451_/ZN in net _00031_.
[WARNING EST-0026] Missing route to pin _36532_/D in net _00031_.
[WARNING EST-0026] Missing route to pin _30451_/ZN in net _00031_.
[WARNING EST-0026] Missing route to pin _36533_/D in net _00032_.
[WARNING EST-0026] Missing route to pin _30455_/Z in net _00032_.
[WARNING EST-0026] Missing route to pin _36533_/D in net _00032_.
[WARNING EST-0026] Missing route to pin _30455_/Z in net _00032_.
[WARNING EST-0026] Missing route to pin _36533_/D in net _00032_.
[WARNING EST-0026] Missing route to pin _30455_/Z in net _00032_.
[WARNING EST-0026] Missing route to pin _36534_/D in net _00033_.
[WARNING EST-0026] Missing route to pin _30463_/ZN in net _00033_.
[WARNING EST-0026] Missing route to pin _36534_/D in net _00033_.
[WARNING EST-0026] Missing route to pin _30463_/ZN in net _00033_.
[WARNING EST-0026] Missing route to pin _36534_/D in net _00033_.
[WARNING EST-0026] Missing route to pin _30463_/ZN in net _00033_.
[WARNING EST-0026] Missing route to pin _36535_/D in net _00034_.
[WARNING EST-0026] Missing route to pin _30468_/ZN in net _00034_.
[WARNING EST-0026] Missing route to pin _36535_/D in net _00034_.
[WARNING EST-0026] Missing route to pin _30468_/ZN in net _00034_.
[WARNING EST-0026] Missing route to pin _36535_/D in net _00034_.
[WARNING EST-0026] Missing route to pin _30468_/ZN in net _00034_.
[WARNING EST-0026] Missing route to pin _36536_/D in net _00035_.
[WARNING EST-0026] Missing route to pin _30477_/Z in net _00035_.
[WARNING EST-0026] Missing route to pin _36536_/D in net _00035_.
[WARNING EST-0026] Missing route to pin _30477_/Z in net _00035_.
[WARNING EST-0026] Missing route to pin _36536_/D in net _00035_.
[WARNING EST-0026] Missing route to pin _30477_/Z in net _00035_.
[WARNING EST-0026] Missing route to pin _36538_/D in net _00037_.
[WARNING EST-0026] Missing route to pin _30487_/Z in net _00037_.
[WARNING EST-0026] Missing route to pin _36538_/D in net _00037_.
[WARNING EST-0026] Missing route to pin _30487_/Z in net _00037_.
[WARNING EST-0026] Missing route to pin _36538_/D in net _00037_.
[WARNING EST-0026] Missing route to pin _30487_/Z in net _00037_.
[WARNING EST-0026] Missing route to pin _36539_/D in net _00038_.
[WARNING EST-0026] Missing route to pin _30492_/ZN in net _00038_.
[WARNING EST-0026] Missing route to pin _36539_/D in net _00038_.
[WARNING EST-0026] Missing route to pin _30492_/ZN in net _00038_.
[WARNING EST-0026] Missing route to pin _36539_/D in net _00038_.
[WARNING EST-0026] Missing route to pin _30492_/ZN in net _00038_.
[WARNING EST-0026] Missing route to pin _36503_/D in net _00039_.
[WARNING EST-0026] Missing route to pin _30240_/ZN in net _00039_.
[WARNING EST-0026] Missing route to pin _36503_/D in net _00039_.
[WARNING EST-0026] Missing route to pin _30240_/ZN in net _00039_.
[WARNING EST-0026] Missing route to pin _36503_/D in net _00039_.
[WARNING EST-0026] Missing route to pin _30240_/ZN in net _00039_.
[WARNING EST-0026] Missing route to pin _36542_/D in net _00042_.
[WARNING EST-0026] Missing route to pin _30516_/ZN in net _00042_.
[WARNING EST-0026] Missing route to pin _36542_/D in net _00042_.
[WARNING EST-0026] Missing route to pin _30516_/ZN in net _00042_.
[WARNING EST-0026] Missing route to pin _36542_/D in net _00042_.
[WARNING EST-0026] Missing route to pin _30516_/ZN in net _00042_.
[WARNING EST-0026] Missing route to pin _36543_/D in net _00043_.
[WARNING EST-0026] Missing route to pin _30521_/Z in net _00043_.
[WARNING EST-0026] Missing route to pin _36543_/D in net _00043_.
[WARNING EST-0026] Missing route to pin _30521_/Z in net _00043_.
[WARNING EST-0026] Missing route to pin _36543_/D in net _00043_.
[WARNING EST-0026] Missing route to pin _30521_/Z in net _00043_.
[WARNING EST-0026] Missing route to pin _36545_/D in net _00045_.
[WARNING EST-0026] Missing route to pin _30531_/Z in net _00045_.
[WARNING EST-0026] Missing route to pin _36545_/D in net _00045_.
[WARNING EST-0026] Missing route to pin _30531_/Z in net _00045_.
[WARNING EST-0026] Missing route to pin _36545_/D in net _00045_.
[WARNING EST-0026] Missing route to pin _30531_/Z in net _00045_.
[WARNING EST-0026] Missing route to pin _36546_/D in net _00046_.
[WARNING EST-0026] Missing route to pin _30536_/ZN in net _00046_.
[WARNING EST-0026] Missing route to pin _36546_/D in net _00046_.
[WARNING EST-0026] Missing route to pin _30536_/ZN in net _00046_.
[WARNING EST-0026] Missing route to pin _36546_/D in net _00046_.
[WARNING EST-0026] Missing route to pin _30536_/ZN in net _00046_.
[WARNING EST-0026] Missing route to pin _36547_/D in net _00047_.
[WARNING EST-0026] Missing route to pin _30539_/ZN in net _00047_.
[WARNING EST-0026] Missing route to pin _36547_/D in net _00047_.
[WARNING EST-0026] Missing route to pin _30539_/ZN in net _00047_.
[WARNING EST-0026] Missing route to pin _36547_/D in net _00047_.
[WARNING EST-0026] Missing route to pin _30539_/ZN in net _00047_.
[WARNING EST-0026] Missing route to pin _36504_/D in net _00048_.
[WARNING EST-0026] Missing route to pin _30246_/ZN in net _00048_.
[WARNING EST-0026] Missing route to pin _36504_/D in net _00048_.
[WARNING EST-0026] Missing route to pin _30246_/ZN in net _00048_.
[WARNING EST-0026] Missing route to pin _36504_/D in net _00048_.
[WARNING EST-0026] Missing route to pin _30246_/ZN in net _00048_.
[WARNING EST-0026] Missing route to pin _36505_/D in net _00049_.
[WARNING EST-0026] Missing route to pin _30252_/ZN in net _00049_.
[WARNING EST-0026] Missing route to pin _36505_/D in net _00049_.
[WARNING EST-0026] Missing route to pin _30252_/ZN in net _00049_.
[WARNING EST-0026] Missing route to pin _36505_/D in net _00049_.
[WARNING EST-0026] Missing route to pin _30252_/ZN in net _00049_.
[WARNING EST-0026] Missing route to pin _36506_/D in net _00050_.
[WARNING EST-0026] Missing route to pin _30258_/ZN in net _00050_.
[WARNING EST-0026] Missing route to pin _36506_/D in net _00050_.
[WARNING EST-0026] Missing route to pin _30258_/ZN in net _00050_.
[WARNING EST-0026] Missing route to pin _36506_/D in net _00050_.
[WARNING EST-0026] Missing route to pin _30258_/ZN in net _00050_.
[WARNING EST-0026] Missing route to pin _36507_/D in net _00051_.
[WARNING EST-0026] Missing route to pin _30264_/ZN in net _00051_.
[WARNING EST-0026] Missing route to pin _36507_/D in net _00051_.
[WARNING EST-0026] Missing route to pin _30264_/ZN in net _00051_.
[WARNING EST-0026] Missing route to pin _36507_/D in net _00051_.
[WARNING EST-0026] Missing route to pin _30264_/ZN in net _00051_.
[WARNING EST-0026] Missing route to pin _36508_/D in net _00052_.
[WARNING EST-0026] Missing route to pin _30272_/ZN in net _00052_.
[WARNING EST-0026] Missing route to pin _36508_/D in net _00052_.
[WARNING EST-0026] Missing route to pin _30272_/ZN in net _00052_.
[WARNING EST-0026] Missing route to pin _36508_/D in net _00052_.
[WARNING EST-0026] Missing route to pin _30272_/ZN in net _00052_.
[WARNING EST-0026] Missing route to pin _36509_/D in net _00053_.
[WARNING EST-0026] Missing route to pin _30277_/ZN in net _00053_.
[WARNING EST-0026] Missing route to pin _36509_/D in net _00053_.
[WARNING EST-0026] Missing route to pin _30277_/ZN in net _00053_.
[WARNING EST-0026] Missing route to pin _36509_/D in net _00053_.
[WARNING EST-0026] Missing route to pin _30277_/ZN in net _00053_.
[WARNING EST-0026] Missing route to pin _36564_/D in net _00054_.
[WARNING EST-0026] Missing route to pin _29730_/A2 in net _00054_.
[WARNING EST-0026] Missing route to pin _29726_/Z in net _00054_.
[WARNING EST-0026] Missing route to pin _36564_/D in net _00054_.
[WARNING EST-0026] Missing route to pin _29730_/A2 in net _00054_.
[WARNING EST-0026] Missing route to pin _29726_/Z in net _00054_.
[WARNING EST-0026] Missing route to pin _36564_/D in net _00054_.
[WARNING EST-0026] Missing route to pin _29730_/A2 in net _00054_.
[WARNING EST-0026] Missing route to pin _29726_/Z in net _00054_.
[WARNING EST-0026] Missing route to pin _36401_/D in net _00055_.
[WARNING EST-0026] Missing route to pin _30060_/ZN in net _00055_.
[WARNING EST-0026] Missing route to pin _36401_/D in net _00055_.
[WARNING EST-0026] Missing route to pin _30060_/ZN in net _00055_.
[WARNING EST-0026] Missing route to pin _36401_/D in net _00055_.
[WARNING EST-0026] Missing route to pin _30060_/ZN in net _00055_.
[WARNING EST-0026] Missing route to pin _36411_/D in net _00056_.
[WARNING EST-0026] Missing route to pin _30119_/ZN in net _00056_.
[WARNING EST-0026] Missing route to pin _36411_/D in net _00056_.
[WARNING EST-0026] Missing route to pin _30119_/ZN in net _00056_.
[WARNING EST-0026] Missing route to pin _36411_/D in net _00056_.
[WARNING EST-0026] Missing route to pin _30119_/ZN in net _00056_.
[WARNING EST-0026] Missing route to pin _36412_/D in net _00057_.
[WARNING EST-0026] Missing route to pin _30126_/ZN in net _00057_.
[WARNING EST-0026] Missing route to pin _36412_/D in net _00057_.
[WARNING EST-0026] Missing route to pin _30126_/ZN in net _00057_.
[WARNING EST-0026] Missing route to pin _36412_/D in net _00057_.
[WARNING EST-0026] Missing route to pin _30126_/ZN in net _00057_.
[WARNING EST-0026] Missing route to pin _36413_/D in net _00058_.
[WARNING EST-0026] Missing route to pin _30132_/ZN in net _00058_.
[WARNING EST-0026] Missing route to pin _36413_/D in net _00058_.
[WARNING EST-0026] Missing route to pin _30132_/ZN in net _00058_.
[WARNING EST-0026] Missing route to pin _36413_/D in net _00058_.
[WARNING EST-0026] Missing route to pin _30132_/ZN in net _00058_.
[WARNING EST-0026] Missing route to pin _36415_/D in net _00060_.
[WARNING EST-0026] Missing route to pin _30143_/ZN in net _00060_.
[WARNING EST-0026] Missing route to pin _36415_/D in net _00060_.
[WARNING EST-0026] Missing route to pin _30143_/ZN in net _00060_.
[WARNING EST-0026] Missing route to pin _36415_/D in net _00060_.
[WARNING EST-0026] Missing route to pin _30143_/ZN in net _00060_.
[WARNING EST-0026] Missing route to pin _36416_/D in net _00061_.
[WARNING EST-0026] Missing route to pin _30149_/ZN in net _00061_.
[WARNING EST-0026] Missing route to pin _36416_/D in net _00061_.
[WARNING EST-0026] Missing route to pin _30149_/ZN in net _00061_.
[WARNING EST-0026] Missing route to pin _36416_/D in net _00061_.
[WARNING EST-0026] Missing route to pin _30149_/ZN in net _00061_.
[WARNING EST-0026] Missing route to pin _36417_/D in net _00062_.
[WARNING EST-0026] Missing route to pin _30154_/ZN in net _00062_.
[WARNING EST-0026] Missing route to pin _36417_/D in net _00062_.
[WARNING EST-0026] Missing route to pin _30154_/ZN in net _00062_.
[WARNING EST-0026] Missing route to pin _36417_/D in net _00062_.
[WARNING EST-0026] Missing route to pin _30154_/ZN in net _00062_.
[WARNING EST-0026] Missing route to pin _36418_/D in net _00063_.
[WARNING EST-0026] Missing route to pin _30157_/ZN in net _00063_.
[WARNING EST-0026] Missing route to pin _36418_/D in net _00063_.
[WARNING EST-0026] Missing route to pin _30157_/ZN in net _00063_.
[WARNING EST-0026] Missing route to pin _36418_/D in net _00063_.
[WARNING EST-0026] Missing route to pin _30157_/ZN in net _00063_.
[WARNING EST-0026] Missing route to pin _36419_/D in net _00064_.
[WARNING EST-0026] Missing route to pin _30164_/ZN in net _00064_.
[WARNING EST-0026] Missing route to pin _36419_/D in net _00064_.
[WARNING EST-0026] Missing route to pin _30164_/ZN in net _00064_.
[WARNING EST-0026] Missing route to pin _36419_/D in net _00064_.
[WARNING EST-0026] Missing route to pin _30164_/ZN in net _00064_.
[WARNING EST-0026] Missing route to pin _36402_/D in net _00066_.
[WARNING EST-0026] Missing route to pin _30065_/ZN in net _00066_.
[WARNING EST-0026] Missing route to pin _36402_/D in net _00066_.
[WARNING EST-0026] Missing route to pin _30065_/ZN in net _00066_.
[WARNING EST-0026] Missing route to pin _36402_/D in net _00066_.
[WARNING EST-0026] Missing route to pin _30065_/ZN in net _00066_.
[WARNING EST-0026] Missing route to pin _36423_/D in net _00069_.
[WARNING EST-0026] Missing route to pin _30181_/ZN in net _00069_.
[WARNING EST-0026] Missing route to pin _36423_/D in net _00069_.
[WARNING EST-0026] Missing route to pin _30181_/ZN in net _00069_.
[WARNING EST-0026] Missing route to pin _36423_/D in net _00069_.
[WARNING EST-0026] Missing route to pin _30181_/ZN in net _00069_.
[WARNING EST-0026] Missing route to pin _36425_/D in net _00071_.
[WARNING EST-0026] Missing route to pin _30189_/ZN in net _00071_.
[WARNING EST-0026] Missing route to pin _36425_/D in net _00071_.
[WARNING EST-0026] Missing route to pin _30189_/ZN in net _00071_.
[WARNING EST-0026] Missing route to pin _36425_/D in net _00071_.
[WARNING EST-0026] Missing route to pin _30189_/ZN in net _00071_.
[WARNING EST-0026] Missing route to pin _36426_/D in net _00072_.
[WARNING EST-0026] Missing route to pin _30193_/ZN in net _00072_.
[WARNING EST-0026] Missing route to pin _36426_/D in net _00072_.
[WARNING EST-0026] Missing route to pin _30193_/ZN in net _00072_.
[WARNING EST-0026] Missing route to pin _36426_/D in net _00072_.
[WARNING EST-0026] Missing route to pin _30193_/ZN in net _00072_.
[WARNING EST-0026] Missing route to pin _36427_/D in net _00073_.
[WARNING EST-0026] Missing route to pin _30197_/ZN in net _00073_.
[WARNING EST-0026] Missing route to pin _36427_/D in net _00073_.
[WARNING EST-0026] Missing route to pin _30197_/ZN in net _00073_.
[WARNING EST-0026] Missing route to pin _36427_/D in net _00073_.
[WARNING EST-0026] Missing route to pin _30197_/ZN in net _00073_.
[WARNING EST-0026] Missing route to pin _36428_/D in net _00074_.
[WARNING EST-0026] Missing route to pin _30202_/ZN in net _00074_.
[WARNING EST-0026] Missing route to pin _36428_/D in net _00074_.
[WARNING EST-0026] Missing route to pin _30202_/ZN in net _00074_.
[WARNING EST-0026] Missing route to pin _36428_/D in net _00074_.
[WARNING EST-0026] Missing route to pin _30202_/ZN in net _00074_.
[WARNING EST-0026] Missing route to pin _36429_/D in net _00075_.
[WARNING EST-0026] Missing route to pin _30207_/ZN in net _00075_.
[WARNING EST-0026] Missing route to pin _36429_/D in net _00075_.
[WARNING EST-0026] Missing route to pin _30207_/ZN in net _00075_.
[WARNING EST-0026] Missing route to pin _36429_/D in net _00075_.
[WARNING EST-0026] Missing route to pin _30207_/ZN in net _00075_.
[WARNING EST-0026] Missing route to pin _36430_/D in net _00076_.
[WARNING EST-0026] Missing route to pin _30211_/ZN in net _00076_.
[WARNING EST-0026] Missing route to pin _36430_/D in net _00076_.
[WARNING EST-0026] Missing route to pin _30211_/ZN in net _00076_.
[WARNING EST-0026] Missing route to pin _36430_/D in net _00076_.
[WARNING EST-0026] Missing route to pin _30211_/ZN in net _00076_.
[WARNING EST-0026] Missing route to pin _36403_/D in net _00077_.
[WARNING EST-0026] Missing route to pin _30072_/ZN in net _00077_.
[WARNING EST-0026] Missing route to pin _36403_/D in net _00077_.
[WARNING EST-0026] Missing route to pin _30072_/ZN in net _00077_.
[WARNING EST-0026] Missing route to pin _36403_/D in net _00077_.
[WARNING EST-0026] Missing route to pin _30072_/ZN in net _00077_.
[WARNING EST-0026] Missing route to pin _36431_/D in net _00078_.
[WARNING EST-0026] Missing route to pin _30215_/ZN in net _00078_.
[WARNING EST-0026] Missing route to pin _36431_/D in net _00078_.
[WARNING EST-0026] Missing route to pin _30215_/ZN in net _00078_.
[WARNING EST-0026] Missing route to pin _36431_/D in net _00078_.
[WARNING EST-0026] Missing route to pin _30215_/ZN in net _00078_.
[WARNING EST-0026] Missing route to pin wire13/I in net _00080_.
[WARNING EST-0026] Missing route to pin _36433_/D in net _00080_.
[WARNING EST-0026] Missing route to pin _30217_/Z in net _00080_.
[WARNING EST-0026] Missing route to pin wire13/I in net _00080_.
[WARNING EST-0026] Missing route to pin _36433_/D in net _00080_.
[WARNING EST-0026] Missing route to pin _30217_/Z in net _00080_.
[WARNING EST-0026] Missing route to pin wire13/I in net _00080_.
[WARNING EST-0026] Missing route to pin _36433_/D in net _00080_.
[WARNING EST-0026] Missing route to pin _30217_/Z in net _00080_.
[WARNING EST-0026] Missing route to pin _36434_/D in net _00081_.
[WARNING EST-0026] Missing route to pin _34881_/Z in net _00081_.
[WARNING EST-0026] Missing route to pin _36434_/D in net _00081_.
[WARNING EST-0026] Missing route to pin _34881_/Z in net _00081_.
[WARNING EST-0026] Missing route to pin _36434_/D in net _00081_.
[WARNING EST-0026] Missing route to pin _34881_/Z in net _00081_.
[WARNING EST-0026] Missing route to pin _36435_/D in net _00082_.
[WARNING EST-0026] Missing route to pin _34882_/Z in net _00082_.
[WARNING EST-0026] Missing route to pin _36435_/D in net _00082_.
[WARNING EST-0026] Missing route to pin _34882_/Z in net _00082_.
[WARNING EST-0026] Missing route to pin _36435_/D in net _00082_.
[WARNING EST-0026] Missing route to pin _34882_/Z in net _00082_.
[WARNING EST-0026] Missing route to pin _36437_/D in net _00084_.
[WARNING EST-0026] Missing route to pin _34884_/Z in net _00084_.
[WARNING EST-0026] Missing route to pin _36437_/D in net _00084_.
[WARNING EST-0026] Missing route to pin _34884_/Z in net _00084_.
[WARNING EST-0026] Missing route to pin _36437_/D in net _00084_.
[WARNING EST-0026] Missing route to pin _34884_/Z in net _00084_.
[WARNING EST-0026] Missing route to pin _36438_/D in net _00085_.
[WARNING EST-0026] Missing route to pin _34885_/Z in net _00085_.
[WARNING EST-0026] Missing route to pin _36438_/D in net _00085_.
[WARNING EST-0026] Missing route to pin _34885_/Z in net _00085_.
[WARNING EST-0026] Missing route to pin _36438_/D in net _00085_.
[WARNING EST-0026] Missing route to pin _34885_/Z in net _00085_.
[WARNING EST-0026] Missing route to pin _36440_/D in net _00087_.
[WARNING EST-0026] Missing route to pin _34887_/Z in net _00087_.
[WARNING EST-0026] Missing route to pin _36440_/D in net _00087_.
[WARNING EST-0026] Missing route to pin _34887_/Z in net _00087_.
[WARNING EST-0026] Missing route to pin _36440_/D in net _00087_.
[WARNING EST-0026] Missing route to pin _34887_/Z in net _00087_.
[WARNING EST-0026] Missing route to pin _36404_/D in net _00088_.
[WARNING EST-0026] Missing route to pin _30078_/ZN in net _00088_.
[WARNING EST-0026] Missing route to pin _36404_/D in net _00088_.
[WARNING EST-0026] Missing route to pin _30078_/ZN in net _00088_.
[WARNING EST-0026] Missing route to pin _36404_/D in net _00088_.
[WARNING EST-0026] Missing route to pin _30078_/ZN in net _00088_.
[WARNING EST-0026] Missing route to pin _36442_/D in net _00090_.
[WARNING EST-0026] Missing route to pin _34889_/Z in net _00090_.
[WARNING EST-0026] Missing route to pin _36442_/D in net _00090_.
[WARNING EST-0026] Missing route to pin _34889_/Z in net _00090_.
[WARNING EST-0026] Missing route to pin _36442_/D in net _00090_.
[WARNING EST-0026] Missing route to pin _34889_/Z in net _00090_.
[WARNING EST-0026] Missing route to pin _36444_/D in net _00092_.
[WARNING EST-0026] Missing route to pin _34891_/Z in net _00092_.
[WARNING EST-0026] Missing route to pin _36444_/D in net _00092_.
[WARNING EST-0026] Missing route to pin _34891_/Z in net _00092_.
[WARNING EST-0026] Missing route to pin _36444_/D in net _00092_.
[WARNING EST-0026] Missing route to pin _34891_/Z in net _00092_.
[WARNING EST-0026] Missing route to pin _36447_/D in net _00095_.
[WARNING EST-0026] Missing route to pin _34894_/Z in net _00095_.
[WARNING EST-0026] Missing route to pin _36447_/D in net _00095_.
[WARNING EST-0026] Missing route to pin _34894_/Z in net _00095_.
[WARNING EST-0026] Missing route to pin _36447_/D in net _00095_.
[WARNING EST-0026] Missing route to pin _34894_/Z in net _00095_.
[WARNING EST-0026] Missing route to pin _36448_/D in net _00096_.
[WARNING EST-0026] Missing route to pin _30220_/ZN in net _00096_.
[WARNING EST-0026] Missing route to pin _36448_/D in net _00096_.
[WARNING EST-0026] Missing route to pin _30220_/ZN in net _00096_.
[WARNING EST-0026] Missing route to pin _36448_/D in net _00096_.
[WARNING EST-0026] Missing route to pin _30220_/ZN in net _00096_.
[WARNING EST-0026] Missing route to pin _36406_/D in net _00098_.
[WARNING EST-0026] Missing route to pin _30090_/ZN in net _00098_.
[WARNING EST-0026] Missing route to pin _36406_/D in net _00098_.
[WARNING EST-0026] Missing route to pin _30090_/ZN in net _00098_.
[WARNING EST-0026] Missing route to pin _36406_/D in net _00098_.
[WARNING EST-0026] Missing route to pin _30090_/ZN in net _00098_.
[WARNING EST-0026] Missing route to pin _36407_/D in net _00099_.
[WARNING EST-0026] Missing route to pin _30095_/ZN in net _00099_.
[WARNING EST-0026] Missing route to pin _36407_/D in net _00099_.
[WARNING EST-0026] Missing route to pin _30095_/ZN in net _00099_.
[WARNING EST-0026] Missing route to pin _36407_/D in net _00099_.
[WARNING EST-0026] Missing route to pin _30095_/ZN in net _00099_.
[WARNING EST-0026] Missing route to pin _36408_/D in net _00100_.
[WARNING EST-0026] Missing route to pin _30101_/ZN in net _00100_.
[WARNING EST-0026] Missing route to pin _36408_/D in net _00100_.
[WARNING EST-0026] Missing route to pin _30101_/ZN in net _00100_.
[WARNING EST-0026] Missing route to pin _36408_/D in net _00100_.
[WARNING EST-0026] Missing route to pin _30101_/ZN in net _00100_.
[WARNING EST-0026] Missing route to pin _36409_/D in net _00101_.
[WARNING EST-0026] Missing route to pin _30107_/ZN in net _00101_.
[WARNING EST-0026] Missing route to pin _36409_/D in net _00101_.
[WARNING EST-0026] Missing route to pin _30107_/ZN in net _00101_.
[WARNING EST-0026] Missing route to pin _36409_/D in net _00101_.
[WARNING EST-0026] Missing route to pin _30107_/ZN in net _00101_.
[WARNING EST-0026] Missing route to pin _36410_/D in net _00102_.
[WARNING EST-0026] Missing route to pin _30114_/ZN in net _00102_.
[WARNING EST-0026] Missing route to pin _36410_/D in net _00102_.
[WARNING EST-0026] Missing route to pin _30114_/ZN in net _00102_.
[WARNING EST-0026] Missing route to pin _36410_/D in net _00102_.
[WARNING EST-0026] Missing route to pin _30114_/ZN in net _00102_.
[WARNING EST-0026] Missing route to pin _36347_/D in net _00103_.
[WARNING EST-0026] Missing route to pin _34795_/A2 in net _00103_.
[WARNING EST-0026] Missing route to pin _34794_/A2 in net _00103_.
[WARNING EST-0026] Missing route to pin _34793_/A2 in net _00103_.
[WARNING EST-0026] Missing route to pin _34792_/A2 in net _00103_.
[WARNING EST-0026] Missing route to pin _34790_/A2 in net _00103_.
[WARNING EST-0026] Missing route to pin _34789_/A2 in net _00103_.
[WARNING EST-0026] Missing route to pin _34788_/A2 in net _00103_.
[WARNING EST-0026] Missing route to pin _34787_/A2 in net _00103_.
[WARNING EST-0026] Missing route to pin _34785_/A2 in net _00103_.
[WARNING EST-0026] Missing route to pin _34784_/A2 in net _00103_.
[WARNING EST-0026] Missing route to pin _29699_/ZN in net _00103_.
[WARNING EST-0026] Missing route to pin _36347_/D in net _00103_.
[WARNING EST-0026] Missing route to pin _34795_/A2 in net _00103_.
[WARNING EST-0026] Missing route to pin _34794_/A2 in net _00103_.
[WARNING EST-0026] Missing route to pin _34793_/A2 in net _00103_.
[WARNING EST-0026] Missing route to pin _34792_/A2 in net _00103_.
[WARNING EST-0026] Missing route to pin _34790_/A2 in net _00103_.
[WARNING EST-0026] Missing route to pin _34789_/A2 in net _00103_.
[WARNING EST-0026] Missing route to pin _34788_/A2 in net _00103_.
[WARNING EST-0026] Missing route to pin _34787_/A2 in net _00103_.
[WARNING EST-0026] Missing route to pin _34785_/A2 in net _00103_.
[WARNING EST-0026] Missing route to pin _34784_/A2 in net _00103_.
[WARNING EST-0026] Missing route to pin _29699_/ZN in net _00103_.
[WARNING EST-0026] Missing route to pin _36347_/D in net _00103_.
[WARNING EST-0026] Missing route to pin _34795_/A2 in net _00103_.
[WARNING EST-0026] Missing route to pin _34794_/A2 in net _00103_.
[WARNING EST-0026] Missing route to pin _34793_/A2 in net _00103_.
[WARNING EST-0026] Missing route to pin _34792_/A2 in net _00103_.
[WARNING EST-0026] Missing route to pin _34790_/A2 in net _00103_.
[WARNING EST-0026] Missing route to pin _34789_/A2 in net _00103_.
[WARNING EST-0026] Missing route to pin _34788_/A2 in net _00103_.
[WARNING EST-0026] Missing route to pin _34787_/A2 in net _00103_.
[WARNING EST-0026] Missing route to pin _34785_/A2 in net _00103_.
[WARNING EST-0026] Missing route to pin _34784_/A2 in net _00103_.
[WARNING EST-0026] Missing route to pin _29699_/ZN in net _00103_.
[WARNING EST-0026] Missing route to pin wire1714/I in net _00104_.
[WARNING EST-0026] Missing route to pin _29727_/ZN in net _00104_.
[WARNING EST-0026] Missing route to pin wire1714/I in net _00104_.
[WARNING EST-0026] Missing route to pin _29727_/ZN in net _00104_.
[WARNING EST-0026] Missing route to pin wire1714/I in net _00104_.
[WARNING EST-0026] Missing route to pin _29727_/ZN in net _00104_.
[WARNING EST-0026] Missing route to pin _36452_/D in net _00105_.
[WARNING EST-0026] Missing route to pin _26605_/A2 in net _00105_.
[WARNING EST-0026] Missing route to pin _26493_/Z in net _00105_.
[WARNING EST-0026] Missing route to pin _36452_/D in net _00105_.
[WARNING EST-0026] Missing route to pin _26605_/A2 in net _00105_.
[WARNING EST-0026] Missing route to pin _26493_/Z in net _00105_.
[WARNING EST-0026] Missing route to pin _36452_/D in net _00105_.
[WARNING EST-0026] Missing route to pin _26605_/A2 in net _00105_.
[WARNING EST-0026] Missing route to pin _26493_/Z in net _00105_.
[WARNING EST-0026] Missing route to pin _36453_/D in net _00106_.
[WARNING EST-0026] Missing route to pin _29669_/ZN in net _00106_.
[WARNING EST-0026] Missing route to pin _36453_/D in net _00106_.
[WARNING EST-0026] Missing route to pin _29669_/ZN in net _00106_.
[WARNING EST-0026] Missing route to pin _36453_/D in net _00106_.
[WARNING EST-0026] Missing route to pin _29669_/ZN in net _00106_.
[WARNING EST-0026] Missing route to pin _36454_/D in net _00107_.
[WARNING EST-0026] Missing route to pin _29667_/Z in net _00107_.
[WARNING EST-0026] Missing route to pin _36454_/D in net _00107_.
[WARNING EST-0026] Missing route to pin _29667_/Z in net _00107_.
[WARNING EST-0026] Missing route to pin _36454_/D in net _00107_.
[WARNING EST-0026] Missing route to pin _29667_/Z in net _00107_.
[WARNING EST-0026] Missing route to pin _36455_/D in net _00108_.
[WARNING EST-0026] Missing route to pin _29666_/Z in net _00108_.
[WARNING EST-0026] Missing route to pin _36455_/D in net _00108_.
[WARNING EST-0026] Missing route to pin _29666_/Z in net _00108_.
[WARNING EST-0026] Missing route to pin _36455_/D in net _00108_.
[WARNING EST-0026] Missing route to pin _29666_/Z in net _00108_.
[WARNING EST-0026] Missing route to pin _36456_/D in net _00109_.
[WARNING EST-0026] Missing route to pin _29670_/Z in net _00109_.
[WARNING EST-0026] Missing route to pin _36456_/D in net _00109_.
[WARNING EST-0026] Missing route to pin _29670_/Z in net _00109_.
[WARNING EST-0026] Missing route to pin _36456_/D in net _00109_.
[WARNING EST-0026] Missing route to pin _29670_/Z in net _00109_.
[WARNING EST-0026] Missing route to pin _36462_/D in net _00110_.
[WARNING EST-0026] Missing route to pin _26882_/Z in net _00110_.
[WARNING EST-0026] Missing route to pin _36462_/D in net _00110_.
[WARNING EST-0026] Missing route to pin _26882_/Z in net _00110_.
[WARNING EST-0026] Missing route to pin _36462_/D in net _00110_.
[WARNING EST-0026] Missing route to pin _26882_/Z in net _00110_.
[WARNING EST-0026] Missing route to pin wire125/I in net _00111_.
[WARNING EST-0026] Missing route to pin _26951_/ZN in net _00111_.
[WARNING EST-0026] Missing route to pin wire125/I in net _00111_.
[WARNING EST-0026] Missing route to pin _26951_/ZN in net _00111_.
[WARNING EST-0026] Missing route to pin wire125/I in net _00111_.
[WARNING EST-0026] Missing route to pin _26951_/ZN in net _00111_.
[WARNING EST-0026] Missing route to pin wire115/I in net _00112_.
[WARNING EST-0026] Missing route to pin _27027_/ZN in net _00112_.
[WARNING EST-0026] Missing route to pin wire115/I in net _00112_.
[WARNING EST-0026] Missing route to pin _27027_/ZN in net _00112_.
[WARNING EST-0026] Missing route to pin wire115/I in net _00112_.
[WARNING EST-0026] Missing route to pin _27027_/ZN in net _00112_.
[WARNING EST-0026] Missing route to pin wire114/I in net _00113_.
[WARNING EST-0026] Missing route to pin _27104_/Z in net _00113_.
[WARNING EST-0026] Missing route to pin wire114/I in net _00113_.
[WARNING EST-0026] Missing route to pin _27104_/Z in net _00113_.
[WARNING EST-0026] Missing route to pin wire114/I in net _00113_.
[WARNING EST-0026] Missing route to pin _27104_/Z in net _00113_.
[WARNING EST-0026] Missing route to pin wire102/I in net _00114_.
[WARNING EST-0026] Missing route to pin _27189_/Z in net _00114_.
[WARNING EST-0026] Missing route to pin wire102/I in net _00114_.
[WARNING EST-0026] Missing route to pin _27189_/Z in net _00114_.
[WARNING EST-0026] Missing route to pin wire102/I in net _00114_.
[WARNING EST-0026] Missing route to pin _27189_/Z in net _00114_.
[WARNING EST-0026] Missing route to pin wire94/I in net _00115_.
[WARNING EST-0026] Missing route to pin _27282_/Z in net _00115_.
[WARNING EST-0026] Missing route to pin wire94/I in net _00115_.
[WARNING EST-0026] Missing route to pin _27282_/Z in net _00115_.
[WARNING EST-0026] Missing route to pin wire94/I in net _00115_.
[WARNING EST-0026] Missing route to pin _27282_/Z in net _00115_.
[WARNING EST-0026] Missing route to pin wire92/I in net _00116_.
[WARNING EST-0026] Missing route to pin _27381_/Z in net _00116_.
[WARNING EST-0026] Missing route to pin wire92/I in net _00116_.
[WARNING EST-0026] Missing route to pin _27381_/Z in net _00116_.
[WARNING EST-0026] Missing route to pin wire92/I in net _00116_.
[WARNING EST-0026] Missing route to pin _27381_/Z in net _00116_.
[WARNING EST-0026] Missing route to pin wire87/I in net _00117_.
[WARNING EST-0026] Missing route to pin _27482_/Z in net _00117_.
[WARNING EST-0026] Missing route to pin wire87/I in net _00117_.
[WARNING EST-0026] Missing route to pin _27482_/Z in net _00117_.
[WARNING EST-0026] Missing route to pin wire87/I in net _00117_.
[WARNING EST-0026] Missing route to pin _27482_/Z in net _00117_.
[WARNING EST-0026] Missing route to pin wire90/I in net _00118_.
[WARNING EST-0026] Missing route to pin _27588_/Z in net _00118_.
[WARNING EST-0026] Missing route to pin wire90/I in net _00118_.
[WARNING EST-0026] Missing route to pin _27588_/Z in net _00118_.
[WARNING EST-0026] Missing route to pin wire90/I in net _00118_.
[WARNING EST-0026] Missing route to pin _27588_/Z in net _00118_.
[WARNING EST-0026] Missing route to pin wire86/I in net _00119_.
[WARNING EST-0026] Missing route to pin _27698_/ZN in net _00119_.
[WARNING EST-0026] Missing route to pin wire86/I in net _00119_.
[WARNING EST-0026] Missing route to pin _27698_/ZN in net _00119_.
[WARNING EST-0026] Missing route to pin wire86/I in net _00119_.
[WARNING EST-0026] Missing route to pin _27698_/ZN in net _00119_.
[WARNING EST-0026] Missing route to pin wire81/I in net _00120_.
[WARNING EST-0026] Missing route to pin _27819_/Z in net _00120_.
[WARNING EST-0026] Missing route to pin wire81/I in net _00120_.
[WARNING EST-0026] Missing route to pin _27819_/Z in net _00120_.
[WARNING EST-0026] Missing route to pin wire81/I in net _00120_.
[WARNING EST-0026] Missing route to pin _27819_/Z in net _00120_.
[WARNING EST-0026] Missing route to pin wire79/I in net _00121_.
[WARNING EST-0026] Missing route to pin _27942_/Z in net _00121_.
[WARNING EST-0026] Missing route to pin wire79/I in net _00121_.
[WARNING EST-0026] Missing route to pin _27942_/Z in net _00121_.
[WARNING EST-0026] Missing route to pin wire79/I in net _00121_.
[WARNING EST-0026] Missing route to pin _27942_/Z in net _00121_.
[WARNING EST-0026] Missing route to pin wire4046/I in net _00122_.
[WARNING EST-0026] Missing route to pin _28077_/Z in net _00122_.
[WARNING EST-0026] Missing route to pin wire4046/I in net _00122_.
[WARNING EST-0026] Missing route to pin _28077_/Z in net _00122_.
[WARNING EST-0026] Missing route to pin wire4046/I in net _00122_.
[WARNING EST-0026] Missing route to pin _28077_/Z in net _00122_.
[WARNING EST-0026] Missing route to pin wire4045/I in net _00123_.
[WARNING EST-0026] Missing route to pin _28198_/ZN in net _00123_.
[WARNING EST-0026] Missing route to pin wire4045/I in net _00123_.
[WARNING EST-0026] Missing route to pin _28198_/ZN in net _00123_.
[WARNING EST-0026] Missing route to pin wire4045/I in net _00123_.
[WARNING EST-0026] Missing route to pin _28198_/ZN in net _00123_.
[WARNING EST-0026] Missing route to pin _36476_/D in net _00124_.
[WARNING EST-0026] Missing route to pin _28316_/ZN in net _00124_.
[WARNING EST-0026] Missing route to pin _36476_/D in net _00124_.
[WARNING EST-0026] Missing route to pin _28316_/ZN in net _00124_.
[WARNING EST-0026] Missing route to pin _36476_/D in net _00124_.
[WARNING EST-0026] Missing route to pin _28316_/ZN in net _00124_.
[WARNING EST-0026] Missing route to pin _36477_/D in net _00125_.
[WARNING EST-0026] Missing route to pin _28427_/Z in net _00125_.
[WARNING EST-0026] Missing route to pin _36477_/D in net _00125_.
[WARNING EST-0026] Missing route to pin _28427_/Z in net _00125_.
[WARNING EST-0026] Missing route to pin _36477_/D in net _00125_.
[WARNING EST-0026] Missing route to pin _28427_/Z in net _00125_.
[WARNING EST-0026] Missing route to pin _36478_/D in net _00126_.
[WARNING EST-0026] Missing route to pin _28537_/Z in net _00126_.
[WARNING EST-0026] Missing route to pin _36478_/D in net _00126_.
[WARNING EST-0026] Missing route to pin _28537_/Z in net _00126_.
[WARNING EST-0026] Missing route to pin _36478_/D in net _00126_.
[WARNING EST-0026] Missing route to pin _28537_/Z in net _00126_.
[WARNING EST-0026] Missing route to pin _36479_/D in net _00127_.
[WARNING EST-0026] Missing route to pin _28641_/ZN in net _00127_.
[WARNING EST-0026] Missing route to pin _36479_/D in net _00127_.
[WARNING EST-0026] Missing route to pin _28641_/ZN in net _00127_.
[WARNING EST-0026] Missing route to pin _36479_/D in net _00127_.
[WARNING EST-0026] Missing route to pin _28641_/ZN in net _00127_.
[WARNING EST-0026] Missing route to pin _36481_/D in net _00129_.
[WARNING EST-0026] Missing route to pin _28841_/ZN in net _00129_.
[WARNING EST-0026] Missing route to pin _36481_/D in net _00129_.
[WARNING EST-0026] Missing route to pin _28841_/ZN in net _00129_.
[WARNING EST-0026] Missing route to pin _36481_/D in net _00129_.
[WARNING EST-0026] Missing route to pin _28841_/ZN in net _00129_.
[WARNING EST-0026] Missing route to pin _36482_/D in net _00130_.
[WARNING EST-0026] Missing route to pin _28925_/ZN in net _00130_.
[WARNING EST-0026] Missing route to pin _36482_/D in net _00130_.
[WARNING EST-0026] Missing route to pin _28925_/ZN in net _00130_.
[WARNING EST-0026] Missing route to pin _36482_/D in net _00130_.
[WARNING EST-0026] Missing route to pin _28925_/ZN in net _00130_.
[WARNING EST-0026] Missing route to pin _36485_/D in net _00133_.
[WARNING EST-0026] Missing route to pin _29167_/Z in net _00133_.
[WARNING EST-0026] Missing route to pin _36485_/D in net _00133_.
[WARNING EST-0026] Missing route to pin _29167_/Z in net _00133_.
[WARNING EST-0026] Missing route to pin _36485_/D in net _00133_.
[WARNING EST-0026] Missing route to pin _29167_/Z in net _00133_.
[WARNING EST-0026] Missing route to pin _36487_/D in net _00135_.
[WARNING EST-0026] Missing route to pin _29303_/ZN in net _00135_.
[WARNING EST-0026] Missing route to pin _36487_/D in net _00135_.
[WARNING EST-0026] Missing route to pin _29303_/ZN in net _00135_.
[WARNING EST-0026] Missing route to pin _36487_/D in net _00135_.
[WARNING EST-0026] Missing route to pin _29303_/ZN in net _00135_.
[WARNING EST-0026] Missing route to pin _36488_/D in net _00136_.
[WARNING EST-0026] Missing route to pin _29364_/Z in net _00136_.
[WARNING EST-0026] Missing route to pin _36488_/D in net _00136_.
[WARNING EST-0026] Missing route to pin _29364_/Z in net _00136_.
[WARNING EST-0026] Missing route to pin _36488_/D in net _00136_.
[WARNING EST-0026] Missing route to pin _29364_/Z in net _00136_.
[WARNING EST-0026] Missing route to pin _36489_/D in net _00137_.
[WARNING EST-0026] Missing route to pin _29417_/Z in net _00137_.
[WARNING EST-0026] Missing route to pin _36489_/D in net _00137_.
[WARNING EST-0026] Missing route to pin _29417_/Z in net _00137_.
[WARNING EST-0026] Missing route to pin _36489_/D in net _00137_.
[WARNING EST-0026] Missing route to pin _29417_/Z in net _00137_.
[WARNING EST-0026] Missing route to pin _36490_/D in net _00138_.
[WARNING EST-0026] Missing route to pin _29469_/Z in net _00138_.
[WARNING EST-0026] Missing route to pin _36490_/D in net _00138_.
[WARNING EST-0026] Missing route to pin _29469_/Z in net _00138_.
[WARNING EST-0026] Missing route to pin _36490_/D in net _00138_.
[WARNING EST-0026] Missing route to pin _29469_/Z in net _00138_.
[WARNING EST-0026] Missing route to pin _36491_/D in net _00139_.
[WARNING EST-0026] Missing route to pin _29509_/Z in net _00139_.
[WARNING EST-0026] Missing route to pin _36491_/D in net _00139_.
[WARNING EST-0026] Missing route to pin _29509_/Z in net _00139_.
[WARNING EST-0026] Missing route to pin _36491_/D in net _00139_.
[WARNING EST-0026] Missing route to pin _29509_/Z in net _00139_.
[WARNING EST-0026] Missing route to pin _36492_/D in net _00140_.
[WARNING EST-0026] Missing route to pin _29550_/Z in net _00140_.
[WARNING EST-0026] Missing route to pin _36492_/D in net _00140_.
[WARNING EST-0026] Missing route to pin _29550_/Z in net _00140_.
[WARNING EST-0026] Missing route to pin _36492_/D in net _00140_.
[WARNING EST-0026] Missing route to pin _29550_/Z in net _00140_.
[WARNING EST-0026] Missing route to pin _36493_/D in net _00141_.
[WARNING EST-0026] Missing route to pin _29582_/Z in net _00141_.
[WARNING EST-0026] Missing route to pin _36493_/D in net _00141_.
[WARNING EST-0026] Missing route to pin _29582_/Z in net _00141_.
[WARNING EST-0026] Missing route to pin _36493_/D in net _00141_.
[WARNING EST-0026] Missing route to pin _29582_/Z in net _00141_.
[WARNING EST-0026] Missing route to pin _36494_/D in net _00142_.
[WARNING EST-0026] Missing route to pin _29614_/Z in net _00142_.
[WARNING EST-0026] Missing route to pin _36494_/D in net _00142_.
[WARNING EST-0026] Missing route to pin _29614_/Z in net _00142_.
[WARNING EST-0026] Missing route to pin _36494_/D in net _00142_.
[WARNING EST-0026] Missing route to pin _29614_/Z in net _00142_.
[WARNING EST-0026] Missing route to pin _36495_/D in net _00143_.
[WARNING EST-0026] Missing route to pin _29639_/ZN in net _00143_.
[WARNING EST-0026] Missing route to pin _36495_/D in net _00143_.
[WARNING EST-0026] Missing route to pin _29639_/ZN in net _00143_.
[WARNING EST-0026] Missing route to pin _36495_/D in net _00143_.
[WARNING EST-0026] Missing route to pin _29639_/ZN in net _00143_.
[WARNING EST-0026] Missing route to pin _36496_/D in net _00144_.
[WARNING EST-0026] Missing route to pin _29657_/ZN in net _00144_.
[WARNING EST-0026] Missing route to pin _36496_/D in net _00144_.
[WARNING EST-0026] Missing route to pin _29657_/ZN in net _00144_.
[WARNING EST-0026] Missing route to pin _36496_/D in net _00144_.
[WARNING EST-0026] Missing route to pin _29657_/ZN in net _00144_.
[WARNING EST-0026] Missing route to pin _36497_/D in net _00145_.
[WARNING EST-0026] Missing route to pin _29663_/Z in net _00145_.
[WARNING EST-0026] Missing route to pin _36497_/D in net _00145_.
[WARNING EST-0026] Missing route to pin _29663_/Z in net _00145_.
[WARNING EST-0026] Missing route to pin _36497_/D in net _00145_.
[WARNING EST-0026] Missing route to pin _29663_/Z in net _00145_.
[WARNING EST-0026] Missing route to pin _36498_/D in net _00146_.
[WARNING EST-0026] Missing route to pin _29665_/Z in net _00146_.
[WARNING EST-0026] Missing route to pin _36498_/D in net _00146_.
[WARNING EST-0026] Missing route to pin _29665_/Z in net _00146_.
[WARNING EST-0026] Missing route to pin _36498_/D in net _00146_.
[WARNING EST-0026] Missing route to pin _29665_/Z in net _00146_.
[WARNING EST-0026] Missing route to pin _36499_/D in net _00147_.
[WARNING EST-0026] Missing route to pin _29664_/Z in net _00147_.
[WARNING EST-0026] Missing route to pin _36499_/D in net _00147_.
[WARNING EST-0026] Missing route to pin _29664_/Z in net _00147_.
[WARNING EST-0026] Missing route to pin _36499_/D in net _00147_.
[WARNING EST-0026] Missing route to pin _29664_/Z in net _00147_.
[WARNING EST-0026] Missing route to pin _36457_/D in net _00148_.
[WARNING EST-0026] Missing route to pin _26614_/ZN in net _00148_.
[WARNING EST-0026] Missing route to pin _36457_/D in net _00148_.
[WARNING EST-0026] Missing route to pin _26614_/ZN in net _00148_.
[WARNING EST-0026] Missing route to pin _36457_/D in net _00148_.
[WARNING EST-0026] Missing route to pin _26614_/ZN in net _00148_.
[WARNING EST-0026] Missing route to pin _36458_/D in net _00149_.
[WARNING EST-0026] Missing route to pin _26656_/Z in net _00149_.
[WARNING EST-0026] Missing route to pin _36458_/D in net _00149_.
[WARNING EST-0026] Missing route to pin _26656_/Z in net _00149_.
[WARNING EST-0026] Missing route to pin _36458_/D in net _00149_.
[WARNING EST-0026] Missing route to pin _26656_/Z in net _00149_.
[WARNING EST-0026] Missing route to pin _36459_/D in net _00150_.
[WARNING EST-0026] Missing route to pin _26708_/Z in net _00150_.
[WARNING EST-0026] Missing route to pin _36459_/D in net _00150_.
[WARNING EST-0026] Missing route to pin _26708_/Z in net _00150_.
[WARNING EST-0026] Missing route to pin _36459_/D in net _00150_.
[WARNING EST-0026] Missing route to pin _26708_/Z in net _00150_.
[WARNING EST-0026] Missing route to pin wire131/I in net _00151_.
[WARNING EST-0026] Missing route to pin _26760_/Z in net _00151_.
[WARNING EST-0026] Missing route to pin wire131/I in net _00151_.
[WARNING EST-0026] Missing route to pin _26760_/Z in net _00151_.
[WARNING EST-0026] Missing route to pin wire131/I in net _00151_.
[WARNING EST-0026] Missing route to pin _26760_/Z in net _00151_.
[WARNING EST-0026] Missing route to pin wire129/I in net _00152_.
[WARNING EST-0026] Missing route to pin _26820_/Z in net _00152_.
[WARNING EST-0026] Missing route to pin wire129/I in net _00152_.
[WARNING EST-0026] Missing route to pin _26820_/Z in net _00152_.
[WARNING EST-0026] Missing route to pin wire129/I in net _00152_.
[WARNING EST-0026] Missing route to pin _26820_/Z in net _00152_.
[WARNING EST-0026] Missing route to pin max_length1494/I in net _00153_.
[WARNING EST-0026] Missing route to pin wire1492/I in net _00153_.
[WARNING EST-0026] Missing route to pin _17912_/ZN in net _00153_.
[WARNING EST-0026] Missing route to pin max_length1494/I in net _00153_.
[WARNING EST-0026] Missing route to pin wire1492/I in net _00153_.
[WARNING EST-0026] Missing route to pin _17912_/ZN in net _00153_.
[WARNING EST-0026] Missing route to pin max_length1494/I in net _00153_.
[WARNING EST-0026] Missing route to pin wire1492/I in net _00153_.
[WARNING EST-0026] Missing route to pin _17912_/ZN in net _00153_.
[WARNING EST-0026] Missing route to pin _36378_/RN in net _00154_.
[WARNING EST-0026] Missing route to pin _34895_/ZN in net _00154_.
[WARNING EST-0026] Missing route to pin _36378_/RN in net _00154_.
[WARNING EST-0026] Missing route to pin _34895_/ZN in net _00154_.
[WARNING EST-0026] Missing route to pin _36378_/RN in net _00154_.
[WARNING EST-0026] Missing route to pin _34895_/ZN in net _00154_.
[WARNING EST-0026] Missing route to pin _35394_/RN in net _00155_.
[WARNING EST-0026] Missing route to pin _34896_/ZN in net _00155_.
[WARNING EST-0026] Missing route to pin _35394_/RN in net _00155_.
[WARNING EST-0026] Missing route to pin _34896_/ZN in net _00155_.
[WARNING EST-0026] Missing route to pin _35394_/RN in net _00155_.
[WARNING EST-0026] Missing route to pin _34896_/ZN in net _00155_.
[WARNING EST-0026] Missing route to pin _35397_/RN in net _00158_.
[WARNING EST-0026] Missing route to pin _34899_/ZN in net _00158_.
[WARNING EST-0026] Missing route to pin _35397_/RN in net _00158_.
[WARNING EST-0026] Missing route to pin _34899_/ZN in net _00158_.
[WARNING EST-0026] Missing route to pin _35397_/RN in net _00158_.
[WARNING EST-0026] Missing route to pin _34899_/ZN in net _00158_.
[WARNING EST-0026] Missing route to pin _35400_/RN in net _00161_.
[WARNING EST-0026] Missing route to pin _34902_/ZN in net _00161_.
[WARNING EST-0026] Missing route to pin _35400_/RN in net _00161_.
[WARNING EST-0026] Missing route to pin _34902_/ZN in net _00161_.
[WARNING EST-0026] Missing route to pin _35400_/RN in net _00161_.
[WARNING EST-0026] Missing route to pin _34902_/ZN in net _00161_.
[WARNING EST-0026] Missing route to pin _35401_/RN in net _00162_.
[WARNING EST-0026] Missing route to pin _34903_/ZN in net _00162_.
[WARNING EST-0026] Missing route to pin _35401_/RN in net _00162_.
[WARNING EST-0026] Missing route to pin _34903_/ZN in net _00162_.
[WARNING EST-0026] Missing route to pin _35401_/RN in net _00162_.
[WARNING EST-0026] Missing route to pin _34903_/ZN in net _00162_.
[WARNING EST-0026] Missing route to pin _35404_/RN in net _00165_.
[WARNING EST-0026] Missing route to pin _34906_/ZN in net _00165_.
[WARNING EST-0026] Missing route to pin _35404_/RN in net _00165_.
[WARNING EST-0026] Missing route to pin _34906_/ZN in net _00165_.
[WARNING EST-0026] Missing route to pin _35404_/RN in net _00165_.
[WARNING EST-0026] Missing route to pin _34906_/ZN in net _00165_.
[WARNING EST-0026] Missing route to pin _35405_/RN in net _00166_.
[WARNING EST-0026] Missing route to pin _34907_/ZN in net _00166_.
[WARNING EST-0026] Missing route to pin _35405_/RN in net _00166_.
[WARNING EST-0026] Missing route to pin _34907_/ZN in net _00166_.
[WARNING EST-0026] Missing route to pin _35405_/RN in net _00166_.
[WARNING EST-0026] Missing route to pin _34907_/ZN in net _00166_.
[WARNING EST-0026] Missing route to pin _35406_/RN in net _00167_.
[WARNING EST-0026] Missing route to pin _34908_/ZN in net _00167_.
[WARNING EST-0026] Missing route to pin _35406_/RN in net _00167_.
[WARNING EST-0026] Missing route to pin _34908_/ZN in net _00167_.
[WARNING EST-0026] Missing route to pin _35406_/RN in net _00167_.
[WARNING EST-0026] Missing route to pin _34908_/ZN in net _00167_.
[WARNING EST-0026] Missing route to pin _35407_/RN in net _00168_.
[WARNING EST-0026] Missing route to pin _34909_/ZN in net _00168_.
[WARNING EST-0026] Missing route to pin _35407_/RN in net _00168_.
[WARNING EST-0026] Missing route to pin _34909_/ZN in net _00168_.
[WARNING EST-0026] Missing route to pin _35407_/RN in net _00168_.
[WARNING EST-0026] Missing route to pin _34909_/ZN in net _00168_.
[WARNING EST-0026] Missing route to pin _35408_/RN in net _00169_.
[WARNING EST-0026] Missing route to pin _34910_/ZN in net _00169_.
[WARNING EST-0026] Missing route to pin _35408_/RN in net _00169_.
[WARNING EST-0026] Missing route to pin _34910_/ZN in net _00169_.
[WARNING EST-0026] Missing route to pin _35408_/RN in net _00169_.
[WARNING EST-0026] Missing route to pin _34910_/ZN in net _00169_.
[WARNING EST-0026] Missing route to pin _35412_/RN in net _00173_.
[WARNING EST-0026] Missing route to pin _34914_/ZN in net _00173_.
[WARNING EST-0026] Missing route to pin _35412_/RN in net _00173_.
[WARNING EST-0026] Missing route to pin _34914_/ZN in net _00173_.
[WARNING EST-0026] Missing route to pin _35412_/RN in net _00173_.
[WARNING EST-0026] Missing route to pin _34914_/ZN in net _00173_.
[WARNING EST-0026] Missing route to pin _35413_/RN in net _00174_.
[WARNING EST-0026] Missing route to pin _34915_/ZN in net _00174_.
[WARNING EST-0026] Missing route to pin _35413_/RN in net _00174_.
[WARNING EST-0026] Missing route to pin _34915_/ZN in net _00174_.
[WARNING EST-0026] Missing route to pin _35413_/RN in net _00174_.
[WARNING EST-0026] Missing route to pin _34915_/ZN in net _00174_.
[WARNING EST-0026] Missing route to pin _35415_/RN in net _00176_.
[WARNING EST-0026] Missing route to pin _34917_/ZN in net _00176_.
[WARNING EST-0026] Missing route to pin _35415_/RN in net _00176_.
[WARNING EST-0026] Missing route to pin _34917_/ZN in net _00176_.
[WARNING EST-0026] Missing route to pin _35415_/RN in net _00176_.
[WARNING EST-0026] Missing route to pin _34917_/ZN in net _00176_.
[WARNING EST-0026] Missing route to pin _35417_/RN in net _00178_.
[WARNING EST-0026] Missing route to pin _34919_/ZN in net _00178_.
[WARNING EST-0026] Missing route to pin _35417_/RN in net _00178_.
[WARNING EST-0026] Missing route to pin _34919_/ZN in net _00178_.
[WARNING EST-0026] Missing route to pin _35417_/RN in net _00178_.
[WARNING EST-0026] Missing route to pin _34919_/ZN in net _00178_.
[WARNING EST-0026] Missing route to pin _35418_/RN in net _00179_.
[WARNING EST-0026] Missing route to pin _34920_/ZN in net _00179_.
[WARNING EST-0026] Missing route to pin _35418_/RN in net _00179_.
[WARNING EST-0026] Missing route to pin _34920_/ZN in net _00179_.
[WARNING EST-0026] Missing route to pin _35418_/RN in net _00179_.
[WARNING EST-0026] Missing route to pin _34920_/ZN in net _00179_.
[WARNING EST-0026] Missing route to pin _35419_/RN in net _00180_.
[WARNING EST-0026] Missing route to pin _34921_/ZN in net _00180_.
[WARNING EST-0026] Missing route to pin _35419_/RN in net _00180_.
[WARNING EST-0026] Missing route to pin _34921_/ZN in net _00180_.
[WARNING EST-0026] Missing route to pin _35419_/RN in net _00180_.
[WARNING EST-0026] Missing route to pin _34921_/ZN in net _00180_.
[WARNING EST-0026] Missing route to pin _35420_/RN in net _00181_.
[WARNING EST-0026] Missing route to pin _34922_/ZN in net _00181_.
[WARNING EST-0026] Missing route to pin _35420_/RN in net _00181_.
[WARNING EST-0026] Missing route to pin _34922_/ZN in net _00181_.
[WARNING EST-0026] Missing route to pin _35420_/RN in net _00181_.
[WARNING EST-0026] Missing route to pin _34922_/ZN in net _00181_.
[WARNING EST-0026] Missing route to pin _35421_/RN in net _00182_.
[WARNING EST-0026] Missing route to pin _34923_/ZN in net _00182_.
[WARNING EST-0026] Missing route to pin _35421_/RN in net _00182_.
[WARNING EST-0026] Missing route to pin _34923_/ZN in net _00182_.
[WARNING EST-0026] Missing route to pin _35421_/RN in net _00182_.
[WARNING EST-0026] Missing route to pin _34923_/ZN in net _00182_.
[WARNING EST-0026] Missing route to pin _35422_/RN in net _00183_.
[WARNING EST-0026] Missing route to pin _34924_/ZN in net _00183_.
[WARNING EST-0026] Missing route to pin _35422_/RN in net _00183_.
[WARNING EST-0026] Missing route to pin _34924_/ZN in net _00183_.
[WARNING EST-0026] Missing route to pin _35422_/RN in net _00183_.
[WARNING EST-0026] Missing route to pin _34924_/ZN in net _00183_.
[WARNING EST-0026] Missing route to pin _35427_/RN in net _00188_.
[WARNING EST-0026] Missing route to pin _34929_/ZN in net _00188_.
[WARNING EST-0026] Missing route to pin _35427_/RN in net _00188_.
[WARNING EST-0026] Missing route to pin _34929_/ZN in net _00188_.
[WARNING EST-0026] Missing route to pin _35427_/RN in net _00188_.
[WARNING EST-0026] Missing route to pin _34929_/ZN in net _00188_.
[WARNING EST-0026] Missing route to pin _35428_/RN in net _00189_.
[WARNING EST-0026] Missing route to pin _34930_/ZN in net _00189_.
[WARNING EST-0026] Missing route to pin _35428_/RN in net _00189_.
[WARNING EST-0026] Missing route to pin _34930_/ZN in net _00189_.
[WARNING EST-0026] Missing route to pin _35428_/RN in net _00189_.
[WARNING EST-0026] Missing route to pin _34930_/ZN in net _00189_.
[WARNING EST-0026] Missing route to pin _35429_/RN in net _00190_.
[WARNING EST-0026] Missing route to pin _34931_/ZN in net _00190_.
[WARNING EST-0026] Missing route to pin _35429_/RN in net _00190_.
[WARNING EST-0026] Missing route to pin _34931_/ZN in net _00190_.
[WARNING EST-0026] Missing route to pin _35429_/RN in net _00190_.
[WARNING EST-0026] Missing route to pin _34931_/ZN in net _00190_.
[WARNING EST-0026] Missing route to pin _35430_/RN in net _00191_.
[WARNING EST-0026] Missing route to pin _34932_/ZN in net _00191_.
[WARNING EST-0026] Missing route to pin _35430_/RN in net _00191_.
[WARNING EST-0026] Missing route to pin _34932_/ZN in net _00191_.
[WARNING EST-0026] Missing route to pin _35430_/RN in net _00191_.
[WARNING EST-0026] Missing route to pin _34932_/ZN in net _00191_.
[WARNING EST-0026] Missing route to pin _35431_/RN in net _00192_.
[WARNING EST-0026] Missing route to pin _34933_/ZN in net _00192_.
[WARNING EST-0026] Missing route to pin _35431_/RN in net _00192_.
[WARNING EST-0026] Missing route to pin _34933_/ZN in net _00192_.
[WARNING EST-0026] Missing route to pin _35431_/RN in net _00192_.
[WARNING EST-0026] Missing route to pin _34933_/ZN in net _00192_.
[WARNING EST-0026] Missing route to pin _35433_/RN in net _00194_.
[WARNING EST-0026] Missing route to pin _34935_/ZN in net _00194_.
[WARNING EST-0026] Missing route to pin _35433_/RN in net _00194_.
[WARNING EST-0026] Missing route to pin _34935_/ZN in net _00194_.
[WARNING EST-0026] Missing route to pin _35433_/RN in net _00194_.
[WARNING EST-0026] Missing route to pin _34935_/ZN in net _00194_.
[WARNING EST-0026] Missing route to pin _35435_/RN in net _00196_.
[WARNING EST-0026] Missing route to pin _34937_/ZN in net _00196_.
[WARNING EST-0026] Missing route to pin _35435_/RN in net _00196_.
[WARNING EST-0026] Missing route to pin _34937_/ZN in net _00196_.
[WARNING EST-0026] Missing route to pin _35435_/RN in net _00196_.
[WARNING EST-0026] Missing route to pin _34937_/ZN in net _00196_.
[WARNING EST-0026] Missing route to pin _35436_/RN in net _00197_.
[WARNING EST-0026] Missing route to pin _34938_/ZN in net _00197_.
[WARNING EST-0026] Missing route to pin _35436_/RN in net _00197_.
[WARNING EST-0026] Missing route to pin _34938_/ZN in net _00197_.
[WARNING EST-0026] Missing route to pin _35436_/RN in net _00197_.
[WARNING EST-0026] Missing route to pin _34938_/ZN in net _00197_.
[WARNING EST-0026] Missing route to pin _35439_/RN in net _00200_.
[WARNING EST-0026] Missing route to pin _34941_/ZN in net _00200_.
[WARNING EST-0026] Missing route to pin _35439_/RN in net _00200_.
[WARNING EST-0026] Missing route to pin _34941_/ZN in net _00200_.
[WARNING EST-0026] Missing route to pin _35439_/RN in net _00200_.
[WARNING EST-0026] Missing route to pin _34941_/ZN in net _00200_.
[WARNING EST-0026] Missing route to pin _35440_/RN in net _00201_.
[WARNING EST-0026] Missing route to pin _34942_/ZN in net _00201_.
[WARNING EST-0026] Missing route to pin _35440_/RN in net _00201_.
[WARNING EST-0026] Missing route to pin _34942_/ZN in net _00201_.
[WARNING EST-0026] message limit (1000) reached. This message will no longer print.
[INFO GRT-0197] Via related to pin nodes: 137578
[INFO GRT-0198] Via related Steiner nodes: 3022
[INFO GRT-0199] Via filling finished.
[INFO GRT-0111] Final number of vias: 174183
[INFO GRT-0112] Final usage 3D: 671826

[INFO GRT-0096] Final congestion report:
Layer         Resource        Demand        Usage (%)    Max H / Max V / Total Overflow
---------------------------------------------------------------------------------------
Metal1               0             0            0.00%             0 /  0 /  0
Metal2          152369         64419           42.28%             0 /  0 /  0
Metal3          165736         64423           38.87%             0 /  0 /  0
Metal4          155075         13218            8.52%             0 /  0 /  0
Metal5           95975          7217            7.52%             0 /  0 /  0
---------------------------------------------------------------------------------------
Total           569155        149277           26.23%             0 /  0 /  0

[INFO GRT-0018] Total wirelength: 1781052 um
[INFO GRT-0014] Routed nets: 23742
[INFO GRT-0303] Global routing runtime = 00:00:02
Setting global connections for newly added cells…
[INFO] Setting global connections...
[INFO ODB-0403] 2616 connections made, 0 conflicts skipped.
Updating metrics…
Cell type report:                       Count       Area
  Endcap cell                             534    2344.47
  Tap cell                               7132   31312.33
  Tie cell                                 13     114.15
  Clock buffer                            147    8139.80
  Timing Repair Buffer                   4684   87074.80
  Inverter                               1078    9711.56
  Clock inverter                           56    1202.97
  Sequential cell                        1291   96896.13
  Multi-Input combinational cell        16560  320648.47
  Total                                 31495  557444.70
Writing OpenROAD database to '/foss/designs/integration_final/runs/RUN_2026-08-30_15-35-49/41-openroad-repairdesignpostgrt/A37_A.odb'…
Writing netlist to '/foss/designs/integration_final/runs/RUN_2026-08-30_15-35-49/41-openroad-repairdesignpostgrt/A37_A.nl.v'…
Writing powered netlist to '/foss/designs/integration_final/runs/RUN_2026-08-30_15-35-49/41-openroad-repairdesignpostgrt/A37_A.pnl.v'…
Writing layout to '/foss/designs/integration_final/runs/RUN_2026-08-30_15-35-49/41-openroad-repairdesignpostgrt/A37_A.def'…
Writing timing constraints to '/foss/designs/integration_final/runs/RUN_2026-08-30_15-35-49/41-openroad-repairdesignpostgrt/A37_A.sdc'…
